Archive member included to satisfy reference by file (symbol)

/home/fdsa/sdk/gcc-arm-none-eabi-10-2020-q4-major/bin/../lib/gcc/arm-none-eabi/10.2.1/../../../../arm-none-eabi/lib/thumb/v7e-m+fp/hard/libc_nano.a(lib_a-assert.o)
                              CMakeFiles/button_press_log.dir/home/fdsa/Desktop/Tirocinio/2021_03_17/to_python_2021_03_16/middleware/multicore/open-amp/porting/env/freertos/rpmsg_porting.c.obj (__assert_func)
/home/fdsa/sdk/gcc-arm-none-eabi-10-2020-q4-major/bin/../lib/gcc/arm-none-eabi/10.2.1/../../../../arm-none-eabi/lib/thumb/v7e-m+fp/hard/libc_nano.a(lib_a-exit.o)
                              /home/fdsa/sdk/gcc-arm-none-eabi-10-2020-q4-major/bin/../lib/gcc/arm-none-eabi/10.2.1/../../../../arm-none-eabi/lib/thumb/v7e-m+fp/hard/crt0.o (exit)
/home/fdsa/sdk/gcc-arm-none-eabi-10-2020-q4-major/bin/../lib/gcc/arm-none-eabi/10.2.1/../../../../arm-none-eabi/lib/thumb/v7e-m+fp/hard/libc_nano.a(lib_a-fprintf.o)
                              /home/fdsa/sdk/gcc-arm-none-eabi-10-2020-q4-major/bin/../lib/gcc/arm-none-eabi/10.2.1/../../../../arm-none-eabi/lib/thumb/v7e-m+fp/hard/libc_nano.a(lib_a-assert.o) (fiprintf)
/home/fdsa/sdk/gcc-arm-none-eabi-10-2020-q4-major/bin/../lib/gcc/arm-none-eabi/10.2.1/../../../../arm-none-eabi/lib/thumb/v7e-m+fp/hard/libc_nano.a(lib_a-impure.o)
                              /home/fdsa/sdk/gcc-arm-none-eabi-10-2020-q4-major/bin/../lib/gcc/arm-none-eabi/10.2.1/../../../../arm-none-eabi/lib/thumb/v7e-m+fp/hard/libc_nano.a(lib_a-exit.o) (_global_impure_ptr)
/home/fdsa/sdk/gcc-arm-none-eabi-10-2020-q4-major/bin/../lib/gcc/arm-none-eabi/10.2.1/../../../../arm-none-eabi/lib/thumb/v7e-m+fp/hard/libc_nano.a(lib_a-init.o)
                              /home/fdsa/sdk/gcc-arm-none-eabi-10-2020-q4-major/bin/../lib/gcc/arm-none-eabi/10.2.1/../../../../arm-none-eabi/lib/thumb/v7e-m+fp/hard/crt0.o (__libc_init_array)
/home/fdsa/sdk/gcc-arm-none-eabi-10-2020-q4-major/bin/../lib/gcc/arm-none-eabi/10.2.1/../../../../arm-none-eabi/lib/thumb/v7e-m+fp/hard/libc_nano.a(lib_a-memcpy-stub.o)
                              CMakeFiles/button_press_log.dir/home/fdsa/Desktop/Tirocinio/2021_03_17/to_python_2021_03_16/middleware/multicore/open-amp/porting/env/freertos/rpmsg_porting.c.obj (memcpy)
/home/fdsa/sdk/gcc-arm-none-eabi-10-2020-q4-major/bin/../lib/gcc/arm-none-eabi/10.2.1/../../../../arm-none-eabi/lib/thumb/v7e-m+fp/hard/libc_nano.a(lib_a-memset.o)
                              /home/fdsa/sdk/gcc-arm-none-eabi-10-2020-q4-major/bin/../lib/gcc/arm-none-eabi/10.2.1/../../../../arm-none-eabi/lib/thumb/v7e-m+fp/hard/crt0.o (memset)
/home/fdsa/sdk/gcc-arm-none-eabi-10-2020-q4-major/bin/../lib/gcc/arm-none-eabi/10.2.1/../../../../arm-none-eabi/lib/thumb/v7e-m+fp/hard/libc_nano.a(lib_a-nano-vfprintf.o)
                              /home/fdsa/sdk/gcc-arm-none-eabi-10-2020-q4-major/bin/../lib/gcc/arm-none-eabi/10.2.1/../../../../arm-none-eabi/lib/thumb/v7e-m+fp/hard/libc_nano.a(lib_a-fprintf.o) (_vfprintf_r)
/home/fdsa/sdk/gcc-arm-none-eabi-10-2020-q4-major/bin/../lib/gcc/arm-none-eabi/10.2.1/../../../../arm-none-eabi/lib/thumb/v7e-m+fp/hard/libc_nano.a(lib_a-nano-vfprintf_i.o)
                              /home/fdsa/sdk/gcc-arm-none-eabi-10-2020-q4-major/bin/../lib/gcc/arm-none-eabi/10.2.1/../../../../arm-none-eabi/lib/thumb/v7e-m+fp/hard/libc_nano.a(lib_a-nano-vfprintf.o) (_printf_i)
/home/fdsa/sdk/gcc-arm-none-eabi-10-2020-q4-major/bin/../lib/gcc/arm-none-eabi/10.2.1/../../../../arm-none-eabi/lib/thumb/v7e-m+fp/hard/libc_nano.a(lib_a-snprintf.o)
                              CMakeFiles/button_press_log.dir/home/fdsa/Desktop/Tirocinio/2021_03_17/to_python_2021_03_16/examples/imx7_colibri_m4/demo_apps/rpmsg/gpio_freertos/main.c.obj (snprintf)
/home/fdsa/sdk/gcc-arm-none-eabi-10-2020-q4-major/bin/../lib/gcc/arm-none-eabi/10.2.1/../../../../arm-none-eabi/lib/thumb/v7e-m+fp/hard/libc_nano.a(lib_a-strcmp.o)
                              CMakeFiles/button_press_log.dir/home/fdsa/Desktop/Tirocinio/2021_03_17/to_python_2021_03_16/middleware/multicore/open-amp/porting/env/freertos/rpmsg_porting.c.obj (strcmp)
/home/fdsa/sdk/gcc-arm-none-eabi-10-2020-q4-major/bin/../lib/gcc/arm-none-eabi/10.2.1/../../../../arm-none-eabi/lib/thumb/v7e-m+fp/hard/libc_nano.a(lib_a-strlen.o)
                              CMakeFiles/button_press_log.dir/home/fdsa/Desktop/Tirocinio/2021_03_17/to_python_2021_03_16/platform/utilities/src/print_scan.c.obj (strlen)
/home/fdsa/sdk/gcc-arm-none-eabi-10-2020-q4-major/bin/../lib/gcc/arm-none-eabi/10.2.1/../../../../arm-none-eabi/lib/thumb/v7e-m+fp/hard/libc_nano.a(lib_a-strncmp.o)
                              CMakeFiles/button_press_log.dir/home/fdsa/Desktop/Tirocinio/2021_03_17/to_python_2021_03_16/middleware/multicore/open-amp/porting/env/freertos/rpmsg_porting.c.obj (strncmp)
/home/fdsa/sdk/gcc-arm-none-eabi-10-2020-q4-major/bin/../lib/gcc/arm-none-eabi/10.2.1/../../../../arm-none-eabi/lib/thumb/v7e-m+fp/hard/libc_nano.a(lib_a-strncpy.o)
[...]
Memory Configuration

Name             Origin             Length             Attributes
m_interrupts     0x0000000000000000 0x0000000000000240 xr
m_text           0x0000000000910000 0x0000000000010000 xr
m_data           0x0000000020220000 0x0000000000020000 rw
*default*        0x0000000000000000 0xffffffffffffffff

Linker script and memory map

LOAD /home/fdsa/sdk/gcc-arm-none-eabi-10-2020-q4-major/bin/../lib/gcc/arm-none-eabi/10.2.1/thumb/v7e-m+fp/hard/crti.o
LOAD /home/fdsa/sdk/gcc-arm-none-eabi-10-2020-q4-major/bin/../lib/gcc/arm-none-eabi/10.2.1/thumb/v7e-m+fp/hard/crtbegin.o
LOAD /home/fdsa/sdk/gcc-arm-none-eabi-10-2020-q4-major/bin/../lib/gcc/arm-none-eabi/10.2.1/../../../../arm-none-eabi/lib/thumb/v7e-m+fp/hard/crt0.o
                0x0000000000000400                __stack_size__ = 0x400
                0x0000000000000200                __heap_size__ = 0x200
LOAD CMakeFiles/button_press_log.dir/home/fdsa/Desktop/Tirocinio/2021_03_17/to_python_2021_03_16/middleware/multicore/open-amp/common/hil/hil.c.obj
LOAD CMakeFiles/button_press_log.dir/home/fdsa/Desktop/Tirocinio/2021_03_17/to_python_2021_03_16/middleware/multicore/open-amp/common/llist/llist.c.obj
LOAD CMakeFiles/button_press_log.dir/home/fdsa/Desktop/Tirocinio/2021_03_17/to_python_2021_03_16/middleware/multicore/open-amp/common/shm/sh_mem.c.obj
LOAD CMakeFiles/button_press_log.dir/home/fdsa/Desktop/Tirocinio/2021_03_17/to_python_2021_03_16/middleware/multicore/open-amp/porting/config/config.c.obj
LOAD CMakeFiles/button_press_log.dir/home/fdsa/Desktop/Tirocinio/2021_03_17/to_python_2021_03_16/middleware/multicore/open-amp/porting/env/freertos/rpmsg_porting.c.obj
LOAD CMakeFiles/button_press_log.dir/home/fdsa/Desktop/Tirocinio/2021_03_17/to_python_2021_03_16/middleware/multicore/open-amp/porting/imx7d_m4/platform.c.obj
LOAD CMakeFiles/button_press_log.dir/home/fdsa/Desktop/Tirocinio/2021_03_17/to_python_2021_03_16/middleware/multicore/open-amp/porting/imx7d_m4/platform_info.c.obj
LOAD CMakeFiles/button_press_log.dir/home/fdsa/Desktop/Tirocinio/2021_03_17/to_python_2021_03_16/middleware/multicore/open-amp/rpmsg/remote_device.c.obj
LOAD CMakeFiles/button_press_log.dir/home/fdsa/Desktop/Tirocinio/2021_03_17/to_python_2021_03_16/middleware/multicore/open-amp/rpmsg/rpmsg.c.obj
LOAD CMakeFiles/button_press_log.dir/home/fdsa/Desktop/Tirocinio/2021_03_17/to_python_2021_03_16/middleware/multicore/open-amp/rpmsg/rpmsg_core.c.obj
LOAD CMakeFiles/button_press_log.dir/home/fdsa/Desktop/Tirocinio/2021_03_17/to_python_2021_03_16/middleware/multicore/open-amp/rpmsg/rpmsg_ext.c.obj
LOAD CMakeFiles/button_press_log.dir/home/fdsa/Desktop/Tirocinio/2021_03_17/to_python_2021_03_16/middleware/multicore/open-amp/rpmsg/rpmsg_rtos.c.obj
LOAD CMakeFiles/button_press_log.dir/home/fdsa/Desktop/Tirocinio/2021_03_17/to_python_2021_03_16/middleware/multicore/open-amp/virtio/virtio.c.obj
LOAD CMakeFiles/button_press_log.dir/home/fdsa/Desktop/Tirocinio/2021_03_17/to_python_2021_03_16/middleware/multicore/open-amp/virtio/virtqueue.c.obj
LOAD CMakeFiles/button_press_log.dir/home/fdsa/Desktop/Tirocinio/2021_03_17/to_python_2021_03_16/platform/devices/MCIMX7D/startup/gcc/startup_MCIMX7D_M4.S.obj
LOAD CMakeFiles/button_press_log.dir/home/fdsa/Desktop/Tirocinio/2021_03_17/to_python_2021_03_16/platform/devices/MCIMX7D/startup/system_MCIMX7D_M4.c.obj
LOAD CMakeFiles/button_press_log.dir/home/fdsa/Desktop/Tirocinio/2021_03_17/to_python_2021_03_16/platform/drivers/src/ccm_analog_imx7d.c.obj
LOAD CMakeFiles/button_press_log.dir/home/fdsa/Desktop/Tirocinio/2021_03_17/to_python_2021_03_16/platform/drivers/src/ccm_imx7d.c.obj
LOAD CMakeFiles/button_press_log.dir/home/fdsa/Desktop/Tirocinio/2021_03_17/to_python_2021_03_16/platform/drivers/src/gpio_imx.c.obj
LOAD CMakeFiles/button_press_log.dir/home/fdsa/Desktop/Tirocinio/2021_03_17/to_python_2021_03_16/platform/drivers/src/lmem.c.obj
LOAD CMakeFiles/button_press_log.dir/home/fdsa/Desktop/Tirocinio/2021_03_17/to_python_2021_03_16/platform/drivers/src/mu_imx.c.obj
LOAD CMakeFiles/button_press_log.dir/home/fdsa/Desktop/Tirocinio/2021_03_17/to_python_2021_03_16/platform/drivers/src/rdc.c.obj
LOAD CMakeFiles/button_press_log.dir/home/fdsa/Desktop/Tirocinio/2021_03_17/to_python_2021_03_16/platform/drivers/src/rdc_semaphore.c.obj
LOAD CMakeFiles/button_press_log.dir/home/fdsa/Desktop/Tirocinio/2021_03_17/to_python_2021_03_16/platform/drivers/src/uart_imx.c.obj
LOAD CMakeFiles/button_press_log.dir/home/fdsa/Desktop/Tirocinio/2021_03_17/to_python_2021_03_16/platform/drivers/src/wdog_imx.c.obj
LOAD CMakeFiles/button_press_log.dir/home/fdsa/Desktop/Tirocinio/2021_03_17/to_python_2021_03_16/platform/utilities/src/debug_console_imx.c.obj
LOAD CMakeFiles/button_press_log.dir/home/fdsa/Desktop/Tirocinio/2021_03_17/to_python_2021_03_16/platform/utilities/src/print_scan.c.obj
LOAD CMakeFiles/button_press_log.dir/home/fdsa/Desktop/Tirocinio/2021_03_17/to_python_2021_03_16/rtos/FreeRTOS/Source/croutine.c.obj
LOAD CMakeFiles/button_press_log.dir/home/fdsa/Desktop/Tirocinio/2021_03_17/to_python_2021_03_16/rtos/FreeRTOS/Source/event_groups.c.obj
LOAD CMakeFiles/button_press_log.dir/home/fdsa/Desktop/Tirocinio/2021_03_17/to_python_2021_03_16/rtos/FreeRTOS/Source/list.c.obj
LOAD CMakeFiles/button_press_log.dir/home/fdsa/Desktop/Tirocinio/2021_03_17/to_python_2021_03_16/rtos/FreeRTOS/Source/portable/GCC/ARM_CM4F/port.c.obj
LOAD CMakeFiles/button_press_log.dir/home/fdsa/Desktop/Tirocinio/2021_03_17/to_python_2021_03_16/rtos/FreeRTOS/Source/portable/MemMang/heap_2.c.obj
LOAD CMakeFiles/button_press_log.dir/home/fdsa/Desktop/Tirocinio/2021_03_17/to_python_2021_03_16/rtos/FreeRTOS/Source/queue.c.obj
LOAD CMakeFiles/button_press_log.dir/home/fdsa/Desktop/Tirocinio/2021_03_17/to_python_2021_03_16/rtos/FreeRTOS/Source/tasks.c.obj
LOAD CMakeFiles/button_press_log.dir/home/fdsa/Desktop/Tirocinio/2021_03_17/to_python_2021_03_16/rtos/FreeRTOS/Source/timers.c.obj
LOAD CMakeFiles/button_press_log.dir/home/fdsa/Desktop/Tirocinio/2021_03_17/to_python_2021_03_16/examples/imx7_colibri_m4/board.c.obj
LOAD CMakeFiles/button_press_log.dir/home/fdsa/Desktop/Tirocinio/2021_03_17/to_python_2021_03_16/examples/imx7_colibri_m4/clock_freq.c.obj
LOAD CMakeFiles/button_press_log.dir/home/fdsa/Desktop/Tirocinio/2021_03_17/to_python_2021_03_16/examples/imx7_colibri_m4/gpio_pins.c.obj
LOAD CMakeFiles/button_press_log.dir/home/fdsa/Desktop/Tirocinio/2021_03_17/to_python_2021_03_16/examples/imx7_colibri_m4/pin_mux.c.obj
LOAD CMakeFiles/button_press_log.dir/home/fdsa/Desktop/Tirocinio/2021_03_17/to_python_2021_03_16/examples/imx7_colibri_m4/demo_apps/rpmsg/gpio_freertos/gpio_ctrl.c.obj
LOAD CMakeFiles/button_press_log.dir/home/fdsa/Desktop/Tirocinio/2021_03_17/to_python_2021_03_16/examples/imx7_colibri_m4/demo_apps/rpmsg/gpio_freertos/hardware_init.c.obj
LOAD CMakeFiles/button_press_log.dir/home/fdsa/Desktop/Tirocinio/2021_03_17/to_python_2021_03_16/examples/imx7_colibri_m4/demo_apps/rpmsg/gpio_freertos/main.c.obj
START GROUP
LOAD /home/fdsa/sdk/gcc-arm-none-eabi-10-2020-q4-major/bin/../lib/gcc/arm-none-eabi/10.2.1/../../../../arm-none-eabi/lib/thumb/v7e-m+fp/hard/libm.a
LOAD /home/fdsa/sdk/gcc-arm-none-eabi-10-2020-q4-major/bin/../lib/gcc/arm-none-eabi/10.2.1/../../../../arm-none-eabi/lib/thumb/v7e-m+fp/hard/libc_nano.a
LOAD /home/fdsa/sdk/gcc-arm-none-eabi-10-2020-q4-major/bin/../lib/gcc/arm-none-eabi/10.2.1/thumb/v7e-m+fp/hard/libgcc.a
LOAD /home/fdsa/sdk/gcc-arm-none-eabi-10-2020-q4-major/bin/../lib/gcc/arm-none-eabi/10.2.1/../../../../arm-none-eabi/lib/thumb/v7e-m+fp/hard/libnosys.a
END GROUP
START GROUP
LOAD /home/fdsa/sdk/gcc-arm-none-eabi-10-2020-q4-major/bin/../lib/gcc/arm-none-eabi/10.2.1/thumb/v7e-m+fp/hard/libgcc.a
LOAD /home/fdsa/sdk/gcc-arm-none-eabi-10-2020-q4-major/bin/../lib/gcc/arm-none-eabi/10.2.1/../../../../arm-none-eabi/lib/thumb/v7e-m+fp/hard/libc_nano.a
END GROUP
START GROUP
LOAD /home/fdsa/sdk/gcc-arm-none-eabi-10-2020-q4-major/bin/../lib/gcc/arm-none-eabi/10.2.1/thumb/v7e-m+fp/hard/libgcc.a
LOAD /home/fdsa/sdk/gcc-arm-none-eabi-10-2020-q4-major/bin/../lib/gcc/arm-none-eabi/10.2.1/../../../../arm-none-eabi/lib/thumb/v7e-m+fp/hard/libc_nano.a
LOAD /home/fdsa/sdk/gcc-arm-none-eabi-10-2020-q4-major/bin/../lib/gcc/arm-none-eabi/10.2.1/../../../../arm-none-eabi/lib/thumb/v7e-m+fp/hard/libnosys.a
END GROUP
START GROUP
LOAD /home/fdsa/sdk/gcc-arm-none-eabi-10-2020-q4-major/bin/../lib/gcc/arm-none-eabi/10.2.1/thumb/v7e-m+fp/hard/libgcc.a
LOAD /home/fdsa/sdk/gcc-arm-none-eabi-10-2020-q4-major/bin/../lib/gcc/arm-none-eabi/10.2.1/../../../../arm-none-eabi/lib/thumb/v7e-m+fp/hard/libc_nano.a
LOAD /home/fdsa/sdk/gcc-arm-none-eabi-10-2020-q4-major/bin/../lib/gcc/arm-none-eabi/10.2.1/../../../../arm-none-eabi/lib/thumb/v7e-m+fp/hard/libnosys.a
END GROUP
LOAD /home/fdsa/sdk/gcc-arm-none-eabi-10-2020-q4-major/bin/../lib/gcc/arm-none-eabi/10.2.1/thumb/v7e-m+fp/hard/crtend.o
LOAD /home/fdsa/sdk/gcc-arm-none-eabi-10-2020-q4-major/bin/../lib/gcc/arm-none-eabi/10.2.1/thumb/v7e-m+fp/hard/crtn.o
                0x000000001fff8000                TCML_code = 0x1fff8000
                0x0000000020000000                TCMU_system = 0x20000000
                0x0000000000000000                OCRAM_S_code = 0x0
                0x0000000000180000                OCRAM_S_system = 0x180000
                0x0000000000900000                OCRAM_code = 0x900000
                0x0000000020200000                OCRAM_system = 0x20200000
                0x0000000000920000                OCRAM_EPDC_code = 0x920000
                0x0000000020220000                OCRAM_EPDC_system = 0x20220000
                0x0000000010000000                DDR_code = 0x10000000
                0x0000000080000000                DDR_system = 0x80000000
                0x0000000000000200                HEAP_SIZE = DEFINED (__heap_size__)?__heap_size__:0x400
                0x0000000000000400                STACK_SIZE = DEFINED (__stack_size__)?__stack_size__:0x400
                0x0000000000000000                __FLASH_START = ORIGIN (m_interrupts)
                0x0000000000920000                __FLASH_END = (ORIGIN (m_text) + LENGTH (m_text))

.interrupts     0x0000000000000000      0x240
                0x0000000000000000                __VECTOR_TABLE = .
                0x0000000000000000                . = ALIGN (0x4)
 *(.isr_vector)
 .isr_vector    0x0000000000000000      0x240 CMakeFiles/button_press_log.dir/home/fdsa/Desktop/Tirocinio/2021_03_17/to_python_2021_03_16/platform/devices/MCIMX7D/startup/gcc/startup_MCIMX7D_M4.S.obj
                0x0000000000000000                __isr_vector
                0x0000000000000240                . = ALIGN (0x4)

.text           0x0000000000910000     0x5e08
                0x0000000000910000                . = ALIGN (0x4)
 *(.text)
 .text          0x0000000000910000       0x40 /home/fdsa/sdk/gcc-arm-none-eabi-10-2020-q4-major/bin/../lib/gcc/arm-none-eabi/10.2.1/thumb/v7e-m+fp/hard/crtbegin.o
 .text          0x0000000000910040       0x7c /home/fdsa/sdk/gcc-arm-none-eabi-10-2020-q4-major/bin/../lib/gcc/arm-none-eabi/10.2.1/../../../../arm-none-eabi/lib/thumb/v7e-m+fp/hard/crt0.o
                0x0000000000910040                _stack_init
                0x0000000000910048                _mainCRTStartup
                0x0000000000910048                _start
 .text          0x00000000009100bc       0x24 CMakeFiles/button_press_log.dir/home/fdsa/Desktop/Tirocinio/2021_03_17/to_python_2021_03_16/platform/devices/MCIMX7D/startup/gcc/startup_MCIMX7D_M4.S.obj
                0x00000000009100bc                Reset_Handler
                0x00000000009100dc                ENET2_MAC0_TRANS1_Handler
                0x00000000009100dc                SAI3_Handler
                0x00000000009100dc                DebugMon_Handler
                0x00000000009100dc                USB_OH3_OTG2_1_Handler
                0x00000000009100dc                GPIO3_INT31_16_Handler
                0x00000000009100dc                eCSPI4_Handler
                0x00000000009100dc                SIM2_Handler
                0x00000000009100dc                FLEXCAN1_Handler
                0x00000000009100dc                UART3_Handler
                0x00000000009100dc                UART2_Handler
                0x00000000009100dc                GPIO1_INT3_Handler
                0x00000000009100dc                HardFault_Handler
                0x00000000009100dc                SNVS_SECURITY_Handler
                0x00000000009100dc                SEMA4_HS_M4_Handler
                0x00000000009100dc                GPIO6_INT31_16_Handler
                0x00000000009100dc                SRC_Handler
                0x00000000009100dc                GPT2_Handler
                0x00000000009100dc                CCM2_Handler
                0x00000000009100dc                I2C1_Handler
                0x00000000009100dc                CPU_CTI_Handler
                0x00000000009100dc                NMI_Handler
                0x00000000009100dc                SAI1_Handler
                0x00000000009100dc                ENET2_MAC0_IRQ_Handler
                0x00000000009100dc                KPP_Handler
                0x00000000009100dc                USB_OTG1_Handler
                0x00000000009100dc                MIPI_CSI_Handler
                0x00000000009100dc                WDOG4_Handler
                0x00000000009100dc                Reserved9_Handler
                0x00000000009100dc                QSPI_Handler
                0x00000000009100dc                CAAM_QUEUE_Handler
                0x00000000009100dc                GPIO2_INT15_0_Handler
                0x00000000009100dc                PCIE_CTRL4_Handler
                0x00000000009100dc                uSDHC2_Handler
                0x00000000009100dc                GPIO1_INT6_Handler
                0x00000000009100dc                PCIE_CTRL_REQUEST_Handler
                0x00000000009100dc                SCTR1_Handler
                0x00000000009100dc                RDC_Handler
                0x00000000009100dc                EPDC_Handler
                0x00000000009100dc                CCM1_Handler
                0x00000000009100dc                UsageFault_Handler
                0x00000000009100dc                ADC1_Handler
                0x00000000009100dc                GPIO1_INT0_Handler
                0x00000000009100dc                Analog_brown_out_Handler
                0x00000000009100dc                PXP2_Handler
                0x00000000009100dc                SEMA4_HS_A7_Handler
                0x00000000009100dc                RTIC_Handler
                0x00000000009100dc                DefaultISR
                0x00000000009100dc                GPIO6_INT15_0_Handler
                0x00000000009100dc                SCTR2_Handler
                0x00000000009100dc                WDOG3_Handler
                0x00000000009100dc                USB_OH2_OTG_Handler
                0x00000000009100dc                SAI2_Handler
                0x00000000009100dc                GPIO3_INT15_0_Handler
                0x00000000009100dc                FTM2_Handler
                0x00000000009100dc                eCSPI1_Handler
                0x00000000009100dc                GPC_Handler
                0x00000000009100dc                GPIO1_INT15_0_Handler
                0x00000000009100dc                UART1_Handler
                0x00000000009100dc                ENET1_MAC0_TRANS2_Handler
                0x00000000009100dc                eCSPI3_Handler
                0x00000000009100dc                BCH_Handler
                0x00000000009100dc                CAAM_ERROR_Handler
                0x00000000009100dc                Analog_TempSensor_Handler
                0x00000000009100dc                PXP1_Handler
                0x00000000009100dc                SNVS_Handler
                0x00000000009100dc                GPT4_Handler
                0x00000000009100dc                ENET2_MAC0_TRANS2_Handler
                0x00000000009100dc                GPMI_Handler
                0x00000000009100dc                I2C4_Handler
                0x00000000009100dc                CCM_SRC_GPC_Handler
                0x00000000009100dc                CPU_Handler
                0x00000000009100dc                UART4_Handler
                0x00000000009100dc                GPIO1_INT1_Handler
                0x00000000009100dc                uSDHC3_Handler
                0x00000000009100dc                EIM_Handler
                0x00000000009100dc                PWM1_Handler
                0x00000000009100dc                ENET2_1588_TIMER_IRQ_Handler
                0x00000000009100dc                UART6_Handler
                0x00000000009100dc                GPIO1_INT4_Handler
                0x00000000009100dc                GPIO1_INT31_16_Handler
                0x00000000009100dc                APBHDMA_Handler
                0x00000000009100dc                uSDHC1_Handler
                0x00000000009100dc                DBGMON_Handler
                0x00000000009100dc                UART7_Handler
                0x00000000009100dc                SDMA_Handler
                0x00000000009100dc                GPT1_Handler
                0x00000000009100dc                PWM3_Handler
                0x00000000009100dc                PCIE_CTRL2_Handler
                0x00000000009100dc                MemManage_Handler
                0x00000000009100dc                GPIO5_INT31_16_Handler
                0x00000000009100dc                TZASC1_Handler
                0x00000000009100dc                I2C2_Handler
                0x00000000009100dc                DAP_Handler
                0x00000000009100dc                GPIO4_INT15_0_Handler
                0x00000000009100dc                CSI_Handler
                0x00000000009100dc                eCSPI2_Handler
                0x00000000009100dc                ENET1_1588_TIMER_Handler
                0x00000000009100dc                WDOG2_Handler
                0x00000000009100dc                FLEXCAN2_Handler
                0x00000000009100dc                PCIE_CTRL1_Handler
                0x00000000009100dc                PCIE_CTRL3_Handler
                0x00000000009100dc                GPIO1_INT5_Handler
                0x00000000009100dc                CAAM_WRAPPER2_Handler
                0x00000000009100dc                SNVS_CONSOLIDATED_Handler
                0x00000000009100dc                CAAM_WRAPPER1_Handler
                0x00000000009100dc                GPIO4_INT31_16_Handler
                0x00000000009100dc                GPIO1_INT2_Handler
                0x00000000009100dc                LCDIF_Handler
                0x00000000009100dc                UART5_Handler
                0x00000000009100dc                PERFMON1_Handler
                0x00000000009100dc                GPIO1_INT7_Handler
                0x00000000009100dc                I2C3_Handler
                0x00000000009100dc                CSU_Handler
                0x00000000009100dc                MIPI_DSI_Handler
                0x00000000009100dc                PWM2_Handler
                0x00000000009100dc                GPR_Handler
                0x00000000009100dc                SIM1_Handler
                0x00000000009100dc                USB_OTG2_Handler
                0x00000000009100dc                ENET1_MAC0_TRANS1_Handler
                0x00000000009100dc                BusFault_Handler
                0x00000000009100dc                USB_OH3_OTG2_2_Handler
                0x00000000009100dc                ENET1_MAC0_Handler
                0x00000000009100dc                PERFMON2_Handler
                0x00000000009100dc                GPIO7_INT31_16_Handler
                0x00000000009100dc                PWM4_Handler
                0x00000000009100dc                GPIO2_INT31_16_Handler
                0x00000000009100dc                FTM1_Handler
                0x00000000009100dc                GPIO7_INT15_0_Handler
                0x00000000009100dc                WDOG1_Handler
                0x00000000009100dc                MU_A7_Handler
                0x00000000009100dc                ADC2_Handler
                0x00000000009100dc                TPR_Handler
 .text          0x00000000009100e0       0x10 /home/fdsa/sdk/gcc-arm-none-eabi-10-2020-q4-major/bin/../lib/gcc/arm-none-eabi/10.2.1/../../../../arm-none-eabi/lib/thumb/v7e-m+fp/hard/libc_nano.a(lib_a-strlen.o)
                0x00000000009100e0                strlen
 .text          0x00000000009100f0       0xa0 /home/fdsa/sdk/gcc-arm-none-eabi-10-2020-q4-major/bin/../lib/gcc/arm-none-eabi/10.2.1/../../../../arm-none-eabi/lib/thumb/v7e-m+fp/hard/libc_nano.a(lib_a-memchr.o)
                0x00000000009100f0                memchr
 *(.text*)
 .text.hil_create_proc
                0x0000000000910190       0x5c CMakeFiles/button_press_log.dir/home/fdsa/Desktop/Tirocinio/2021_03_17/to_python_2021_03_16/middleware/multicore/open-amp/common/hil/hil.c.obj
                0x0000000000910190                hil_create_proc
 .text.hil_isr  0x00000000009101ec        0x6 CMakeFiles/button_press_log.dir/home/fdsa/Desktop/Tirocinio/2021_03_17/to_python_2021_03_16/middleware/multicore/open-amp/common/hil/hil.c.obj
                0x00000000009101ec                hil_isr
 .text.hil_get_chnl_info
                0x00000000009101f2        0x8 CMakeFiles/button_press_log.dir/home/fdsa/Desktop/Tirocinio/2021_03_17/to_python_2021_03_16/middleware/multicore/open-amp/common/hil/hil.c.obj
                0x00000000009101f2                hil_get_chnl_info
 .text.hil_get_vring_info
                0x00000000009101fa        0x8 CMakeFiles/button_press_log.dir/home/fdsa/Desktop/Tirocinio/2021_03_17/to_python_2021_03_16/middleware/multicore/open-amp/common/hil/hil.c.obj
                0x00000000009101fa                hil_get_vring_info
 .text.hil_get_shm_info
                0x0000000000910202        0x4 CMakeFiles/button_press_log.dir/home/fdsa/Desktop/Tirocinio/2021_03_17/to_python_2021_03_16/middleware/multicore/open-amp/common/hil/hil.c.obj
                0x0000000000910202                hil_get_shm_info
 .text.hil_enable_vring_notifications
                0x0000000000910206       0x20 CMakeFiles/button_press_log.dir/home/fdsa/Desktop/Tirocinio/2021_03_17/to_python_2021_03_16/middleware/multicore/open-amp/common/hil/hil.c.obj
                0x0000000000910206                hil_enable_vring_notifications
 .text.hil_vring_notify
                0x0000000000910226       0x1a CMakeFiles/button_press_log.dir/home/fdsa/Desktop/Tirocinio/2021_03_17/to_python_2021_03_16/middleware/multicore/open-amp/common/hil/hil.c.obj
                0x0000000000910226                hil_vring_notify
 .text.hil_get_status
                0x0000000000910240        0x4 CMakeFiles/button_press_log.dir/home/fdsa/Desktop/Tirocinio/2021_03_17/to_python_2021_03_16/middleware/multicore/open-amp/common/hil/hil.c.obj
                0x0000000000910240                hil_get_status
 .text.hil_set_status
                0x0000000000910244        0x4 CMakeFiles/button_press_log.dir/home/fdsa/Desktop/Tirocinio/2021_03_17/to_python_2021_03_16/middleware/multicore/open-amp/common/hil/hil.c.obj
                0x0000000000910244                hil_set_status
 .text.add_to_list
                0x0000000000910248       0x1e CMakeFiles/button_press_log.dir/home/fdsa/Desktop/Tirocinio/2021_03_17/to_python_2021_03_16/middleware/multicore/open-amp/common/llist/llist.c.obj
                0x0000000000910248                add_to_list
 .text.remove_from_list
                0x0000000000910266       0x1c CMakeFiles/button_press_log.dir/home/fdsa/Desktop/Tirocinio/2021_03_17/to_python_2021_03_16/middleware/multicore/open-amp/common/llist/llist.c.obj
                0x0000000000910266                remove_from_list
 .text.sh_mem_create_pool
                0x0000000000910282       0x84 CMakeFiles/button_press_log.dir/home/fdsa/Desktop/Tirocinio/2021_03_17/to_python_2021_03_16/middleware/multicore/open-amp/common/shm/sh_mem.c.obj
                0x0000000000910282                sh_mem_create_pool
 .text.sh_mem_free_buffer
                0x0000000000910306       0x56 CMakeFiles/button_press_log.dir/home/fdsa/Desktop/Tirocinio/2021_03_17/to_python_2021_03_16/middleware/multicore/open-amp/common/shm/sh_mem.c.obj
                0x0000000000910306                sh_mem_free_buffer
 .text.sh_mem_delete_pool
                0x000000000091035c       0x18 CMakeFiles/button_press_log.dir/home/fdsa/Desktop/Tirocinio/2021_03_17/to_python_2021_03_16/middleware/multicore/open-amp/common/shm/sh_mem.c.obj
                0x000000000091035c                sh_mem_delete_pool
 .text.get_first_zero_bit
                0x0000000000910374       0x44 CMakeFiles/button_press_log.dir/home/fdsa/Desktop/Tirocinio/2021_03_17/to_python_2021_03_16/middleware/multicore/open-amp/common/shm/sh_mem.c.obj
                0x0000000000910374                get_first_zero_bit
 .text.sh_mem_get_buffer
                0x00000000009103b8       0x6e CMakeFiles/button_press_log.dir/home/fdsa/Desktop/Tirocinio/2021_03_17/to_python_2021_03_16/middleware/multicore/open-amp/common/shm/sh_mem.c.obj
                0x00000000009103b8                sh_mem_get_buffer
 *fill*         0x0000000000910426        0x2 
 .text.env_init
                0x0000000000910428       0x48 CMakeFiles/button_press_log.dir/home/fdsa/Desktop/Tirocinio/2021_03_17/to_python_2021_03_16/middleware/multicore/open-amp/porting/env/freertos/rpmsg_porting.c.obj
                0x0000000000910428                env_init
 .text.env_deinit
                0x0000000000910470       0x44 CMakeFiles/button_press_log.dir/home/fdsa/Desktop/Tirocinio/2021_03_17/to_python_2021_03_16/middleware/multicore/open-amp/porting/env/freertos/rpmsg_porting.c.obj
                0x0000000000910470                env_deinit
 .text.env_allocate_memory
                0x00000000009104b4        0x4 CMakeFiles/button_press_log.dir/home/fdsa/Desktop/Tirocinio/2021_03_17/to_python_2021_03_16/middleware/multicore/open-amp/porting/env/freertos/rpmsg_porting.c.obj
                0x00000000009104b4                env_allocate_memory
 .text.env_free_memory
                0x00000000009104b8        0x4 CMakeFiles/button_press_log.dir/home/fdsa/Desktop/Tirocinio/2021_03_17/to_python_2021_03_16/middleware/multicore/open-amp/porting/env/freertos/rpmsg_porting.c.obj
                0x00000000009104b8                env_free_memory
 .text.env_memset
                0x00000000009104bc        0x4 CMakeFiles/button_press_log.dir/home/fdsa/Desktop/Tirocinio/2021_03_17/to_python_2021_03_16/middleware/multicore/open-amp/porting/env/freertos/rpmsg_porting.c.obj
                0x00000000009104bc                env_memset
 .text.env_memcpy
                0x00000000009104c0        0x4 CMakeFiles/button_press_log.dir/home/fdsa/Desktop/Tirocinio/2021_03_17/to_python_2021_03_16/middleware/multicore/open-amp/porting/env/freertos/rpmsg_porting.c.obj
                0x00000000009104c0                env_memcpy
 .text.env_strncpy
                0x00000000009104c4        0x4 CMakeFiles/button_press_log.dir/home/fdsa/Desktop/Tirocinio/2021_03_17/to_python_2021_03_16/middleware/multicore/open-amp/porting/env/freertos/rpmsg_porting.c.obj
                0x00000000009104c4                env_strncpy
 .text.env_strncmp
                0x00000000009104c8        0x4 CMakeFiles/button_press_log.dir/home/fdsa/Desktop/Tirocinio/2021_03_17/to_python_2021_03_16/middleware/multicore/open-amp/porting/env/freertos/rpmsg_porting.c.obj
                0x00000000009104c8                env_strncmp
 .text.env_mb   0x00000000009104cc        0x2 CMakeFiles/button_press_log.dir/home/fdsa/Desktop/Tirocinio/2021_03_17/to_python_2021_03_16/middleware/multicore/open-amp/porting/env/freertos/rpmsg_porting.c.obj
                0x00000000009104cc                env_mb
 .text.env_rmb  0x00000000009104ce        0x2 CMakeFiles/button_press_log.dir/home/fdsa/Desktop/Tirocinio/2021_03_17/to_python_2021_03_16/middleware/multicore/open-amp/porting/env/freertos/rpmsg_porting.c.obj
                0x00000000009104ce                env_rmb
 .text.env_wmb  0x00000000009104d0        0x2 CMakeFiles/button_press_log.dir/home/fdsa/Desktop/Tirocinio/2021_03_17/to_python_2021_03_16/middleware/multicore/open-amp/porting/env/freertos/rpmsg_porting.c.obj
                0x00000000009104d0                env_wmb
 .text.env_map_vatopa
                0x00000000009104d2        0x4 CMakeFiles/button_press_log.dir/home/fdsa/Desktop/Tirocinio/2021_03_17/to_python_2021_03_16/middleware/multicore/open-amp/porting/env/freertos/rpmsg_porting.c.obj
                0x00000000009104d2                env_map_vatopa
 .text.env_map_patova
                0x00000000009104d6        0x4 CMakeFiles/button_press_log.dir/home/fdsa/Desktop/Tirocinio/2021_03_17/to_python_2021_03_16/middleware/multicore/open-amp/porting/env/freertos/rpmsg_porting.c.obj
                0x00000000009104d6                env_map_patova
 .text.env_create_mutex
                0x00000000009104da       0x16 CMakeFiles/button_press_log.dir/home/fdsa/Desktop/Tirocinio/2021_03_17/to_python_2021_03_16/middleware/multicore/open-amp/porting/env/freertos/rpmsg_porting.c.obj
                0x00000000009104da                env_create_mutex
 .text.env_delete_mutex
                0x00000000009104f0        0x4 CMakeFiles/button_press_log.dir/home/fdsa/Desktop/Tirocinio/2021_03_17/to_python_2021_03_16/middleware/multicore/open-amp/porting/env/freertos/rpmsg_porting.c.obj
                0x00000000009104f0                env_delete_mutex
 .text.env_lock_mutex
                0x00000000009104f4       0x22 CMakeFiles/button_press_log.dir/home/fdsa/Desktop/Tirocinio/2021_03_17/to_python_2021_03_16/middleware/multicore/open-amp/porting/env/freertos/rpmsg_porting.c.obj
                0x00000000009104f4                env_lock_mutex
 .text.env_unlock_mutex
                0x0000000000910516       0x22 CMakeFiles/button_press_log.dir/home/fdsa/Desktop/Tirocinio/2021_03_17/to_python_2021_03_16/middleware/multicore/open-amp/porting/env/freertos/rpmsg_porting.c.obj
                0x0000000000910516                env_unlock_mutex
 .text.env_create_sync_lock
                0x0000000000910538        0x4 CMakeFiles/button_press_log.dir/home/fdsa/Desktop/Tirocinio/2021_03_17/to_python_2021_03_16/middleware/multicore/open-amp/porting/env/freertos/rpmsg_porting.c.obj
                0x0000000000910538                env_create_sync_lock
 .text.env_delete_sync_lock
                0x000000000091053c        0x8 CMakeFiles/button_press_log.dir/home/fdsa/Desktop/Tirocinio/2021_03_17/to_python_2021_03_16/middleware/multicore/open-amp/porting/env/freertos/rpmsg_porting.c.obj
                0x000000000091053c                env_delete_sync_lock
 .text.env_acquire_sync_lock
                0x0000000000910544       0x44 CMakeFiles/button_press_log.dir/home/fdsa/Desktop/Tirocinio/2021_03_17/to_python_2021_03_16/middleware/multicore/open-amp/porting/env/freertos/rpmsg_porting.c.obj
                0x0000000000910544                env_acquire_sync_lock
 .text.env_release_sync_lock
                0x0000000000910588       0x40 CMakeFiles/button_press_log.dir/home/fdsa/Desktop/Tirocinio/2021_03_17/to_python_2021_03_16/middleware/multicore/open-amp/porting/env/freertos/rpmsg_porting.c.obj
                0x0000000000910588                env_release_sync_lock
 .text.env_sleep_msec
                0x00000000009105c8        0x4 CMakeFiles/button_press_log.dir/home/fdsa/Desktop/Tirocinio/2021_03_17/to_python_2021_03_16/middleware/multicore/open-amp/porting/env/freertos/rpmsg_porting.c.obj
                0x00000000009105c8                env_sleep_msec
 .text.env_register_isr
                0x00000000009105cc       0x34 CMakeFiles/button_press_log.dir/home/fdsa/Desktop/Tirocinio/2021_03_17/to_python_2021_03_16/middleware/multicore/open-amp/porting/env/freertos/rpmsg_porting.c.obj
                0x00000000009105cc                env_register_isr
 .text.env_enable_interrupt
                0x0000000000910600       0x40 CMakeFiles/button_press_log.dir/home/fdsa/Desktop/Tirocinio/2021_03_17/to_python_2021_03_16/middleware/multicore/open-amp/porting/env/freertos/rpmsg_porting.c.obj
                0x0000000000910600                env_enable_interrupt
 .text.env_map_memory
                0x0000000000910640       0x10 CMakeFiles/button_press_log.dir/home/fdsa/Desktop/Tirocinio/2021_03_17/to_python_2021_03_16/middleware/multicore/open-amp/porting/env/freertos/rpmsg_porting.c.obj
                0x0000000000910640                env_map_memory
 .text.env_isr  0x0000000000910650       0x5c CMakeFiles/button_press_log.dir/home/fdsa/Desktop/Tirocinio/2021_03_17/to_python_2021_03_16/middleware/multicore/open-amp/porting/env/freertos/rpmsg_porting.c.obj
                0x0000000000910650                env_isr
 .text.env_create_queue
                0x00000000009106ac       0x1a CMakeFiles/button_press_log.dir/home/fdsa/Desktop/Tirocinio/2021_03_17/to_python_2021_03_16/middleware/multicore/open-amp/porting/env/freertos/rpmsg_porting.c.obj
                0x00000000009106ac                env_create_queue
 .text.env_put_queue
                0x00000000009106c6       0x50 CMakeFiles/button_press_log.dir/home/fdsa/Desktop/Tirocinio/2021_03_17/to_python_2021_03_16/middleware/multicore/open-amp/porting/env/freertos/rpmsg_porting.c.obj
                0x00000000009106c6                env_put_queue
 *fill*         0x0000000000910716        0x2 
 .text._shutdown_cpu
                0x0000000000910718       0x1c CMakeFiles/button_press_log.dir/home/fdsa/Desktop/Tirocinio/2021_03_17/to_python_2021_03_16/middleware/multicore/open-amp/porting/imx7d_m4/platform.c.obj
 .text._boot_cpu
                0x0000000000910734       0x1c CMakeFiles/button_press_log.dir/home/fdsa/Desktop/Tirocinio/2021_03_17/to_python_2021_03_16/middleware/multicore/open-amp/porting/imx7d_m4/platform.c.obj
 .text._notify  0x0000000000910750       0x10 CMakeFiles/button_press_log.dir/home/fdsa/Desktop/Tirocinio/2021_03_17/to_python_2021_03_16/middleware/multicore/open-amp/porting/imx7d_m4/platform.c.obj
 .text._enable_interrupt
                0x0000000000910760       0x28 CMakeFiles/button_press_log.dir/home/fdsa/Desktop/Tirocinio/2021_03_17/to_python_2021_03_16/middleware/multicore/open-amp/porting/imx7d_m4/platform.c.obj
 .text.platform_isr
                0x0000000000910788        0x6 CMakeFiles/button_press_log.dir/home/fdsa/Desktop/Tirocinio/2021_03_17/to_python_2021_03_16/middleware/multicore/open-amp/porting/imx7d_m4/platform.c.obj
                0x0000000000910788                platform_isr
 *fill*         0x000000000091078e        0x2 
 .text.rpmsg_handler
                0x0000000000910790       0x20 CMakeFiles/button_press_log.dir/home/fdsa/Desktop/Tirocinio/2021_03_17/to_python_2021_03_16/middleware/multicore/open-amp/porting/imx7d_m4/platform.c.obj
                0x0000000000910790                rpmsg_handler
 .text.platform_in_isr
                0x00000000009107b0       0x14 CMakeFiles/button_press_log.dir/home/fdsa/Desktop/Tirocinio/2021_03_17/to_python_2021_03_16/middleware/multicore/open-amp/porting/imx7d_m4/platform.c.obj
                0x00000000009107b0                platform_in_isr
 .text.platform_interrupt_enable
                0x00000000009107c4       0x54 CMakeFiles/button_press_log.dir/home/fdsa/Desktop/Tirocinio/2021_03_17/to_python_2021_03_16/middleware/multicore/open-amp/porting/imx7d_m4/platform.c.obj
                0x00000000009107c4                platform_interrupt_enable
 .text.platform_interrupt_disable
                0x0000000000910818       0x58 CMakeFiles/button_press_log.dir/home/fdsa/Desktop/Tirocinio/2021_03_17/to_python_2021_03_16/middleware/multicore/open-amp/porting/imx7d_m4/platform.c.obj
                0x0000000000910818                platform_interrupt_disable
 .text.platform_interrupt_enable_all
                0x0000000000910870       0x3c CMakeFiles/button_press_log.dir/home/fdsa/Desktop/Tirocinio/2021_03_17/to_python_2021_03_16/middleware/multicore/open-amp/porting/imx7d_m4/platform.c.obj
                0x0000000000910870                platform_interrupt_enable_all
 .text.platform_interrupt_disable_all
                0x00000000009108ac       0x34 CMakeFiles/button_press_log.dir/home/fdsa/Desktop/Tirocinio/2021_03_17/to_python_2021_03_16/middleware/multicore/open-amp/porting/imx7d_m4/platform.c.obj
                0x00000000009108ac                platform_interrupt_disable_all
 .text.platform_map_mem_region
                0x00000000009108e0        0x2 CMakeFiles/button_press_log.dir/home/fdsa/Desktop/Tirocinio/2021_03_17/to_python_2021_03_16/middleware/multicore/open-amp/porting/imx7d_m4/platform.c.obj
                0x00000000009108e0                platform_map_mem_region
 .text.platform_vatopa
                0x00000000009108e2        0x2 CMakeFiles/button_press_log.dir/home/fdsa/Desktop/Tirocinio/2021_03_17/to_python_2021_03_16/middleware/multicore/open-amp/porting/imx7d_m4/platform.c.obj
                0x00000000009108e2                platform_vatopa
 .text.platform_patova
                0x00000000009108e4        0x2 CMakeFiles/button_press_log.dir/home/fdsa/Desktop/Tirocinio/2021_03_17/to_python_2021_03_16/middleware/multicore/open-amp/porting/imx7d_m4/platform.c.obj
                0x00000000009108e4                platform_patova
 .text.platform_init
                0x00000000009108e6        0x4 CMakeFiles/button_press_log.dir/home/fdsa/Desktop/Tirocinio/2021_03_17/to_python_2021_03_16/middleware/multicore/open-amp/porting/imx7d_m4/platform.c.obj
                0x00000000009108e6                platform_init
 .text.platform_deinit
                0x00000000009108ea        0x4 CMakeFiles/button_press_log.dir/home/fdsa/Desktop/Tirocinio/2021_03_17/to_python_2021_03_16/middleware/multicore/open-amp/porting/imx7d_m4/platform.c.obj
                0x00000000009108ea                platform_deinit
 *fill*         0x00000000009108ee        0x2 
 .text.platform_get_processor_info
                0x00000000009108f0       0x34 CMakeFiles/button_press_log.dir/home/fdsa/Desktop/Tirocinio/2021_03_17/to_python_2021_03_16/middleware/multicore/open-amp/porting/imx7d_m4/platform_info.c.obj
                0x00000000009108f0                platform_get_processor_info
 .text.rpmsg_rdev_get_status
                0x0000000000910924        0x4 CMakeFiles/button_press_log.dir/home/fdsa/Desktop/Tirocinio/2021_03_17/to_python_2021_03_16/middleware/multicore/open-amp/rpmsg/remote_device.c.obj
                0x0000000000910924                rpmsg_rdev_get_status
 .text.rpmsg_rdev_set_status
                0x0000000000910928        0x2 CMakeFiles/button_press_log.dir/home/fdsa/Desktop/Tirocinio/2021_03_17/to_python_2021_03_16/middleware/multicore/open-amp/rpmsg/remote_device.c.obj
                0x0000000000910928                rpmsg_rdev_set_status
 .text.rpmsg_rdev_get_feature
                0x000000000091092a        0x4 CMakeFiles/button_press_log.dir/home/fdsa/Desktop/Tirocinio/2021_03_17/to_python_2021_03_16/middleware/multicore/open-amp/rpmsg/remote_device.c.obj
                0x000000000091092a                rpmsg_rdev_get_feature
 .text.rpmsg_rdev_set_feature
                0x000000000091092e        0x8 CMakeFiles/button_press_log.dir/home/fdsa/Desktop/Tirocinio/2021_03_17/to_python_2021_03_16/middleware/multicore/open-amp/rpmsg/remote_device.c.obj
                0x000000000091092e                rpmsg_rdev_set_feature
 .text.rpmsg_rdev_negotiate_feature
                0x0000000000910936        0x4 CMakeFiles/button_press_log.dir/home/fdsa/Desktop/Tirocinio/2021_03_17/to_python_2021_03_16/middleware/multicore/open-amp/rpmsg/remote_device.c.obj
                0x0000000000910936                rpmsg_rdev_negotiate_feature
 .text.rpmsg_rdev_read_config
                0x000000000091093a        0x2 CMakeFiles/button_press_log.dir/home/fdsa/Desktop/Tirocinio/2021_03_17/to_python_2021_03_16/middleware/multicore/open-amp/rpmsg/remote_device.c.obj
                0x000000000091093a                rpmsg_rdev_read_config
 .text.rpmsg_rdev_reset
                0x000000000091093c        0x2 CMakeFiles/button_press_log.dir/home/fdsa/Desktop/Tirocinio/2021_03_17/to_python_2021_03_16/middleware/multicore/open-amp/rpmsg/remote_device.c.obj
                0x000000000091093c                rpmsg_rdev_reset
 *fill*         0x000000000091093e        0x2 
 .text.rpmsg_rdev_create_virtqueues
                0x0000000000910940      0x108 CMakeFiles/button_press_log.dir/home/fdsa/Desktop/Tirocinio/2021_03_17/to_python_2021_03_16/middleware/multicore/open-amp/rpmsg/remote_device.c.obj
                0x0000000000910940                rpmsg_rdev_create_virtqueues
 .text.rpmsg_rdev_write_config
                0x0000000000910a48        0x2 CMakeFiles/button_press_log.dir/home/fdsa/Desktop/Tirocinio/2021_03_17/to_python_2021_03_16/middleware/multicore/open-amp/rpmsg/remote_device.c.obj
                0x0000000000910a48                rpmsg_rdev_write_config
 *fill*         0x0000000000910a4a        0x2 
 .text.rpmsg_rdev_init
                0x0000000000910a4c       0xdc CMakeFiles/button_press_log.dir/home/fdsa/Desktop/Tirocinio/2021_03_17/to_python_2021_03_16/middleware/multicore/open-amp/rpmsg/remote_device.c.obj
                0x0000000000910a4c                rpmsg_rdev_init
 .text.rpmsg_rdev_get_chnl_node_from_id
                0x0000000000910b28       0x2a CMakeFiles/button_press_log.dir/home/fdsa/Desktop/Tirocinio/2021_03_17/to_python_2021_03_16/middleware/multicore/open-amp/rpmsg/remote_device.c.obj
                0x0000000000910b28                rpmsg_rdev_get_chnl_node_from_id
 .text.rpmsg_rdev_get_endpoint_from_addr
                0x0000000000910b52       0x26 CMakeFiles/button_press_log.dir/home/fdsa/Desktop/Tirocinio/2021_03_17/to_python_2021_03_16/middleware/multicore/open-amp/rpmsg/remote_device.c.obj
                0x0000000000910b52                rpmsg_rdev_get_endpoint_from_addr
 .text.rpmsg_rdev_deinit
                0x0000000000910b78       0x74 CMakeFiles/button_press_log.dir/home/fdsa/Desktop/Tirocinio/2021_03_17/to_python_2021_03_16/middleware/multicore/open-amp/rpmsg/remote_device.c.obj
                0x0000000000910b78                rpmsg_rdev_deinit
 .text.rpmsg_rdev_notify
                0x0000000000910bec       0x28 CMakeFiles/button_press_log.dir/home/fdsa/Desktop/Tirocinio/2021_03_17/to_python_2021_03_16/middleware/multicore/open-amp/rpmsg/remote_device.c.obj
                0x0000000000910bec                rpmsg_rdev_notify
 .text.rpmsg_deinit
                0x0000000000910c14       0x12 CMakeFiles/button_press_log.dir/home/fdsa/Desktop/Tirocinio/2021_03_17/to_python_2021_03_16/middleware/multicore/open-amp/rpmsg/rpmsg.c.obj
                0x0000000000910c14                rpmsg_deinit
 .text.rpmsg_init
                0x0000000000910c26       0x42 CMakeFiles/button_press_log.dir/home/fdsa/Desktop/Tirocinio/2021_03_17/to_python_2021_03_16/middleware/multicore/open-amp/rpmsg/rpmsg.c.obj
                0x0000000000910c26                rpmsg_init
 .text.rpmsg_send_offchannel_raw
                0x0000000000910c68      0x12c CMakeFiles/button_press_log.dir/home/fdsa/Desktop/Tirocinio/2021_03_17/to_python_2021_03_16/middleware/multicore/open-amp/rpmsg/rpmsg.c.obj
                0x0000000000910c68                rpmsg_send_offchannel_raw
 .text.rpmsg_create_ept
                0x0000000000910d94       0x18 CMakeFiles/button_press_log.dir/home/fdsa/Desktop/Tirocinio/2021_03_17/to_python_2021_03_16/middleware/multicore/open-amp/rpmsg/rpmsg.c.obj
                0x0000000000910d94                rpmsg_create_ept
 .text.rpmsg_destroy_ept
                0x0000000000910dac        0xe CMakeFiles/button_press_log.dir/home/fdsa/Desktop/Tirocinio/2021_03_17/to_python_2021_03_16/middleware/multicore/open-amp/rpmsg/rpmsg.c.obj
                0x0000000000910dac                rpmsg_destroy_ept
 .text._rpmsg_create_channel
                0x0000000000910dba       0x60 CMakeFiles/button_press_log.dir/home/fdsa/Desktop/Tirocinio/2021_03_17/to_python_2021_03_16/middleware/multicore/open-amp/rpmsg/rpmsg_core.c.obj
                0x0000000000910dba                _rpmsg_create_channel
 .text._rpmsg_delete_channel
                0x0000000000910e1a       0x3e CMakeFiles/button_press_log.dir/home/fdsa/Desktop/Tirocinio/2021_03_17/to_python_2021_03_16/middleware/multicore/open-amp/rpmsg/rpmsg_core.c.obj
                0x0000000000910e1a                _rpmsg_delete_channel
 .text.rpmsg_ns_callback
                0x0000000000910e58       0x82 CMakeFiles/button_press_log.dir/home/fdsa/Desktop/Tirocinio/2021_03_17/to_python_2021_03_16/middleware/multicore/open-amp/rpmsg/rpmsg_core.c.obj
                0x0000000000910e58                rpmsg_ns_callback
 .text.rpmsg_enqueue_buffer
                0x0000000000910eda       0x30 CMakeFiles/button_press_log.dir/home/fdsa/Desktop/Tirocinio/2021_03_17/to_python_2021_03_16/middleware/multicore/open-amp/rpmsg/rpmsg_core.c.obj
                0x0000000000910eda                rpmsg_enqueue_buffer
 .text.rpmsg_return_buffer
                0x0000000000910f0a       0x30 CMakeFiles/button_press_log.dir/home/fdsa/Desktop/Tirocinio/2021_03_17/to_python_2021_03_16/middleware/multicore/open-amp/rpmsg/rpmsg_core.c.obj
                0x0000000000910f0a                rpmsg_return_buffer
 .text.rpmsg_get_tx_buffer
                0x0000000000910f3a       0x32 CMakeFiles/button_press_log.dir/home/fdsa/Desktop/Tirocinio/2021_03_17/to_python_2021_03_16/middleware/multicore/open-amp/rpmsg/rpmsg_core.c.obj
                0x0000000000910f3a                rpmsg_get_tx_buffer
 .text.rpmsg_send_ns_message
                0x0000000000910f6c       0x60 CMakeFiles/button_press_log.dir/home/fdsa/Desktop/Tirocinio/2021_03_17/to_python_2021_03_16/middleware/multicore/open-amp/rpmsg/rpmsg_core.c.obj
                0x0000000000910f6c                rpmsg_send_ns_message
 .text.rpmsg_tx_callback
                0x0000000000910fcc       0x2c CMakeFiles/button_press_log.dir/home/fdsa/Desktop/Tirocinio/2021_03_17/to_python_2021_03_16/middleware/multicore/open-amp/rpmsg/rpmsg_core.c.obj
 .text.rpmsg_get_rx_buffer
                0x0000000000910ff8       0x22 CMakeFiles/button_press_log.dir/home/fdsa/Desktop/Tirocinio/2021_03_17/to_python_2021_03_16/middleware/multicore/open-amp/rpmsg/rpmsg_core.c.obj
                0x0000000000910ff8                rpmsg_get_rx_buffer
 .text.rpmsg_rx_callback
                0x000000000091101a       0xdc CMakeFiles/button_press_log.dir/home/fdsa/Desktop/Tirocinio/2021_03_17/to_python_2021_03_16/middleware/multicore/open-amp/rpmsg/rpmsg_core.c.obj
 .text.rpmsg_free_buffer
                0x00000000009110f6       0x10 CMakeFiles/button_press_log.dir/home/fdsa/Desktop/Tirocinio/2021_03_17/to_python_2021_03_16/middleware/multicore/open-amp/rpmsg/rpmsg_core.c.obj
                0x00000000009110f6                rpmsg_free_buffer
 .text.rpmsg_get_address
                0x0000000000911106       0x38 CMakeFiles/button_press_log.dir/home/fdsa/Desktop/Tirocinio/2021_03_17/to_python_2021_03_16/middleware/multicore/open-amp/rpmsg/rpmsg_core.c.obj
                0x0000000000911106                rpmsg_get_address
 .text.rpmsg_release_address
                0x000000000091113e       0x3e CMakeFiles/button_press_log.dir/home/fdsa/Desktop/Tirocinio/2021_03_17/to_python_2021_03_16/middleware/multicore/open-amp/rpmsg/rpmsg_core.c.obj
                0x000000000091113e                rpmsg_release_address
 .text._destroy_endpoint
                0x000000000091117c       0x42 CMakeFiles/button_press_log.dir/home/fdsa/Desktop/Tirocinio/2021_03_17/to_python_2021_03_16/middleware/multicore/open-amp/rpmsg/rpmsg_core.c.obj
                0x000000000091117c                _destroy_endpoint
 .text.rpmsg_is_address_set
                0x00000000009111be       0x34 CMakeFiles/button_press_log.dir/home/fdsa/Desktop/Tirocinio/2021_03_17/to_python_2021_03_16/middleware/multicore/open-amp/rpmsg/rpmsg_core.c.obj
                0x00000000009111be                rpmsg_is_address_set
 .text.rpmsg_set_address
                0x00000000009111f2       0x3c CMakeFiles/button_press_log.dir/home/fdsa/Desktop/Tirocinio/2021_03_17/to_python_2021_03_16/middleware/multicore/open-amp/rpmsg/rpmsg_core.c.obj
                0x00000000009111f2                rpmsg_set_address
 .text._create_endpoint
                0x000000000091122e       0x98 CMakeFiles/button_press_log.dir/home/fdsa/Desktop/Tirocinio/2021_03_17/to_python_2021_03_16/middleware/multicore/open-amp/rpmsg/rpmsg_core.c.obj
                0x000000000091122e                _create_endpoint
 *fill*         0x00000000009112c6        0x2 
 .text.rpmsg_start_ipc
                0x00000000009112c8       0xa4 CMakeFiles/button_press_log.dir/home/fdsa/Desktop/Tirocinio/2021_03_17/to_python_2021_03_16/middleware/multicore/open-amp/rpmsg/rpmsg_core.c.obj
                0x00000000009112c8                rpmsg_start_ipc
 .text.rpmsg_hold_rx_buffer
                0x000000000091136c       0x12 CMakeFiles/button_press_log.dir/home/fdsa/Desktop/Tirocinio/2021_03_17/to_python_2021_03_16/middleware/multicore/open-amp/rpmsg/rpmsg_ext.c.obj
                0x000000000091136c                rpmsg_hold_rx_buffer
 .text.rpmsg_alloc_tx_buffer
                0x000000000091137e       0x74 CMakeFiles/button_press_log.dir/home/fdsa/Desktop/Tirocinio/2021_03_17/to_python_2021_03_16/middleware/multicore/open-amp/rpmsg/rpmsg_ext.c.obj
                0x000000000091137e                rpmsg_alloc_tx_buffer
 *fill*         0x00000000009113f2        0x2 
 .text.rpmsg_read_rtos_cb
                0x00000000009113f4       0x54 CMakeFiles/button_press_log.dir/home/fdsa/Desktop/Tirocinio/2021_03_17/to_python_2021_03_16/middleware/multicore/open-amp/rpmsg/rpmsg_rtos.c.obj
 .text.rpmsg_channel_deleted_rtos
                0x0000000000911448       0x28 CMakeFiles/button_press_log.dir/home/fdsa/Desktop/Tirocinio/2021_03_17/to_python_2021_03_16/middleware/multicore/open-amp/rpmsg/rpmsg_rtos.c.obj
 .text.rpmsg_channel_created_rtos
                0x0000000000911470       0x50 CMakeFiles/button_press_log.dir/home/fdsa/Desktop/Tirocinio/2021_03_17/to_python_2021_03_16/middleware/multicore/open-amp/rpmsg/rpmsg_rtos.c.obj
 .text.rpmsg_rtos_init
                0x00000000009114c0       0xc4 CMakeFiles/button_press_log.dir/home/fdsa/Desktop/Tirocinio/2021_03_17/to_python_2021_03_16/middleware/multicore/open-amp/rpmsg/rpmsg_rtos.c.obj
                0x00000000009114c0                rpmsg_rtos_init
 .text.rpmsg_rtos_alloc_tx_buffer
                0x0000000000911584       0x16 CMakeFiles/button_press_log.dir/home/fdsa/Desktop/Tirocinio/2021_03_17/to_python_2021_03_16/middleware/multicore/open-amp/rpmsg/rpmsg_rtos.c.obj
                0x0000000000911584                rpmsg_rtos_alloc_tx_buffer
 *fill*         0x000000000091159a        0x2 
 .text.rpmsg_rtos_send
                0x000000000091159c       0x30 CMakeFiles/button_press_log.dir/home/fdsa/Desktop/Tirocinio/2021_03_17/to_python_2021_03_16/middleware/multicore/open-amp/rpmsg/rpmsg_rtos.c.obj
                0x000000000091159c                rpmsg_rtos_send
 .text.vq_ring_update_avail
                0x00000000009115cc       0x2c CMakeFiles/button_press_log.dir/home/fdsa/Desktop/Tirocinio/2021_03_17/to_python_2021_03_16/middleware/multicore/open-amp/virtio/virtqueue.c.obj
 .text.virtqueue_add_buffer
                0x00000000009115f8       0x9a CMakeFiles/button_press_log.dir/home/fdsa/Desktop/Tirocinio/2021_03_17/to_python_2021_03_16/middleware/multicore/open-amp/virtio/virtqueue.c.obj
                0x00000000009115f8                virtqueue_add_buffer
 .text.virtqueue_get_buffer
                0x0000000000911692       0x8c CMakeFiles/button_press_log.dir/home/fdsa/Desktop/Tirocinio/2021_03_17/to_python_2021_03_16/middleware/multicore/open-amp/virtio/virtqueue.c.obj
                0x0000000000911692                virtqueue_get_buffer
 .text.virtqueue_free
                0x000000000091171e       0x12 CMakeFiles/button_press_log.dir/home/fdsa/Desktop/Tirocinio/2021_03_17/to_python_2021_03_16/middleware/multicore/open-amp/virtio/virtqueue.c.obj
                0x000000000091171e                virtqueue_free
 .text.virtqueue_get_available_buffer
                0x0000000000911730       0x4a CMakeFiles/button_press_log.dir/home/fdsa/Desktop/Tirocinio/2021_03_17/to_python_2021_03_16/middleware/multicore/open-amp/virtio/virtqueue.c.obj
                0x0000000000911730                virtqueue_get_available_buffer
 *fill*         0x000000000091177a        0x2 
 .text.virtqueue_add_consumed_buffer
                0x000000000091177c       0x34 CMakeFiles/button_press_log.dir/home/fdsa/Desktop/Tirocinio/2021_03_17/to_python_2021_03_16/middleware/multicore/open-amp/virtio/virtqueue.c.obj
                0x000000000091177c                virtqueue_add_consumed_buffer
 .text.virtqueue_disable_cb
                0x00000000009117b0       0x26 CMakeFiles/button_press_log.dir/home/fdsa/Desktop/Tirocinio/2021_03_17/to_python_2021_03_16/middleware/multicore/open-amp/virtio/virtqueue.c.obj
                0x00000000009117b0                virtqueue_disable_cb
 *fill*         0x00000000009117d6        0x2 
 .text.virtqueue_create
                0x00000000009117d8       0xc0 CMakeFiles/button_press_log.dir/home/fdsa/Desktop/Tirocinio/2021_03_17/to_python_2021_03_16/middleware/multicore/open-amp/virtio/virtqueue.c.obj
                0x00000000009117d8                virtqueue_create
 .text.virtqueue_kick
                0x0000000000911898       0x44 CMakeFiles/button_press_log.dir/home/fdsa/Desktop/Tirocinio/2021_03_17/to_python_2021_03_16/middleware/multicore/open-amp/virtio/virtqueue.c.obj
                0x0000000000911898                virtqueue_kick
 .text.virtqueue_notification
                0x00000000009118dc        0x8 CMakeFiles/button_press_log.dir/home/fdsa/Desktop/Tirocinio/2021_03_17/to_python_2021_03_16/middleware/multicore/open-amp/virtio/virtqueue.c.obj
                0x00000000009118dc                virtqueue_notification
 .text.SystemInit
                0x00000000009118e4      0x108 CMakeFiles/button_press_log.dir/home/fdsa/Desktop/Tirocinio/2021_03_17/to_python_2021_03_16/platform/devices/MCIMX7D/startup/system_MCIMX7D_M4.c.obj
                0x00000000009118e4                SystemInit
 .text.CCM_ANALOG_GetSysPllFreq
                0x00000000009119ec       0x30 CMakeFiles/button_press_log.dir/home/fdsa/Desktop/Tirocinio/2021_03_17/to_python_2021_03_16/platform/drivers/src/ccm_analog_imx7d.c.obj
                0x00000000009119ec                CCM_ANALOG_GetSysPllFreq
 .text.CCM_GetRootDivider
                0x0000000000911a1c       0x30 CMakeFiles/button_press_log.dir/home/fdsa/Desktop/Tirocinio/2021_03_17/to_python_2021_03_16/platform/drivers/src/ccm_imx7d.c.obj
                0x0000000000911a1c                CCM_GetRootDivider
 .text.CCM_UpdateRoot
                0x0000000000911a4c       0x4c CMakeFiles/button_press_log.dir/home/fdsa/Desktop/Tirocinio/2021_03_17/to_python_2021_03_16/platform/drivers/src/ccm_imx7d.c.obj
                0x0000000000911a4c                CCM_UpdateRoot
 .text.GPIO_Init
                0x0000000000911a98       0x84 CMakeFiles/button_press_log.dir/home/fdsa/Desktop/Tirocinio/2021_03_17/to_python_2021_03_16/platform/drivers/src/gpio_imx.c.obj
                0x0000000000911a98                GPIO_Init
 .text.GPIO_WritePinOutput
                0x0000000000911b1c       0x34 CMakeFiles/button_press_log.dir/home/fdsa/Desktop/Tirocinio/2021_03_17/to_python_2021_03_16/platform/drivers/src/gpio_imx.c.obj
                0x0000000000911b1c                GPIO_WritePinOutput
 .text.GPIO_SetPinIntMode
                0x0000000000911b50       0x34 CMakeFiles/button_press_log.dir/home/fdsa/Desktop/Tirocinio/2021_03_17/to_python_2021_03_16/platform/drivers/src/gpio_imx.c.obj
                0x0000000000911b50                GPIO_SetPinIntMode
 .text.MU_SendMsg
                0x0000000000911b84       0x30 CMakeFiles/button_press_log.dir/home/fdsa/Desktop/Tirocinio/2021_03_17/to_python_2021_03_16/platform/drivers/src/mu_imx.c.obj
                0x0000000000911b84                MU_SendMsg
 .text.MU_TryReceiveMsg
                0x0000000000911bb4       0x3c CMakeFiles/button_press_log.dir/home/fdsa/Desktop/Tirocinio/2021_03_17/to_python_2021_03_16/platform/drivers/src/mu_imx.c.obj
                0x0000000000911bb4                MU_TryReceiveMsg
 .text.RDC_SEMAPHORE_Lock
                0x0000000000911bf0       0x28 CMakeFiles/button_press_log.dir/home/fdsa/Desktop/Tirocinio/2021_03_17/to_python_2021_03_16/platform/drivers/src/rdc_semaphore.c.obj
                0x0000000000911bf0                RDC_SEMAPHORE_Lock
 .text.RDC_SEMAPHORE_Unlock
                0x0000000000911c18       0x18 CMakeFiles/button_press_log.dir/home/fdsa/Desktop/Tirocinio/2021_03_17/to_python_2021_03_16/platform/drivers/src/rdc_semaphore.c.obj
                0x0000000000911c18                RDC_SEMAPHORE_Unlock
 .text.UART_Deinit
                0x0000000000911c30       0x5e CMakeFiles/button_press_log.dir/home/fdsa/Desktop/Tirocinio/2021_03_17/to_python_2021_03_16/platform/drivers/src/uart_imx.c.obj
                0x0000000000911c30                UART_Deinit
 *fill*         0x0000000000911c8e        0x2 
 .text.UART_SetBaudRate
                0x0000000000911c90       0xc0 CMakeFiles/button_press_log.dir/home/fdsa/Desktop/Tirocinio/2021_03_17/to_python_2021_03_16/platform/drivers/src/uart_imx.c.obj
                0x0000000000911c90                UART_SetBaudRate
 .text.UART_Init
                0x0000000000911d50       0x60 CMakeFiles/button_press_log.dir/home/fdsa/Desktop/Tirocinio/2021_03_17/to_python_2021_03_16/platform/drivers/src/uart_imx.c.obj
                0x0000000000911d50                UART_Init
 .text.UART_GetStatusFlag
                0x0000000000911db0        0xe CMakeFiles/button_press_log.dir/home/fdsa/Desktop/Tirocinio/2021_03_17/to_python_2021_03_16/platform/drivers/src/uart_imx.c.obj
                0x0000000000911db0                UART_GetStatusFlag
 *fill*         0x0000000000911dbe        0x2 
 .text.UART_SetModemMode
                0x0000000000911dc0       0x3c CMakeFiles/button_press_log.dir/home/fdsa/Desktop/Tirocinio/2021_03_17/to_python_2021_03_16/platform/drivers/src/uart_imx.c.obj
                0x0000000000911dc0                UART_SetModemMode
 .text.debug_putc
                0x0000000000911dfc       0x28 CMakeFiles/button_press_log.dir/home/fdsa/Desktop/Tirocinio/2021_03_17/to_python_2021_03_16/platform/utilities/src/debug_console_imx.c.obj
 .text.UART_ReceiveDataPolling
                0x0000000000911e24       0x24 CMakeFiles/button_press_log.dir/home/fdsa/Desktop/Tirocinio/2021_03_17/to_python_2021_03_16/platform/utilities/src/debug_console_imx.c.obj
 .text.UART_SendDataPolling
                0x0000000000911e48       0x40 CMakeFiles/button_press_log.dir/home/fdsa/Desktop/Tirocinio/2021_03_17/to_python_2021_03_16/platform/utilities/src/debug_console_imx.c.obj
 .text.DbgConsole_Init
                0x0000000000911e88       0x5c CMakeFiles/button_press_log.dir/home/fdsa/Desktop/Tirocinio/2021_03_17/to_python_2021_03_16/platform/utilities/src/debug_console_imx.c.obj
                0x0000000000911e88                DbgConsole_Init
 .text._write   0x0000000000911ee4       0x28 CMakeFiles/button_press_log.dir/home/fdsa/Desktop/Tirocinio/2021_03_17/to_python_2021_03_16/platform/utilities/src/debug_console_imx.c.obj
                0x0000000000911ee4                _write
 .text._read    0x0000000000911f0c       0x20 CMakeFiles/button_press_log.dir/home/fdsa/Desktop/Tirocinio/2021_03_17/to_python_2021_03_16/platform/utilities/src/debug_console_imx.c.obj
                0x0000000000911f0c                _read
 .text.debug_printf
                0x0000000000911f2c       0x38 CMakeFiles/button_press_log.dir/home/fdsa/Desktop/Tirocinio/2021_03_17/to_python_2021_03_16/platform/utilities/src/debug_console_imx.c.obj
                0x0000000000911f2c                debug_printf
 .text.mknumstr
                0x0000000000911f64       0x7c CMakeFiles/button_press_log.dir/home/fdsa/Desktop/Tirocinio/2021_03_17/to_python_2021_03_16/platform/utilities/src/print_scan.c.obj
 .text.fput_pad.constprop.0
                0x0000000000911fe0       0x26 CMakeFiles/button_press_log.dir/home/fdsa/Desktop/Tirocinio/2021_03_17/to_python_2021_03_16/platform/utilities/src/print_scan.c.obj
 *fill*         0x0000000000912006        0x2 
 .text._doprint
                0x0000000000912008      0x40c CMakeFiles/button_press_log.dir/home/fdsa/Desktop/Tirocinio/2021_03_17/to_python_2021_03_16/platform/utilities/src/print_scan.c.obj
                0x0000000000912008                _doprint
 .text.vListInitialise
                0x0000000000912414       0x16 CMakeFiles/button_press_log.dir/home/fdsa/Desktop/Tirocinio/2021_03_17/to_python_2021_03_16/rtos/FreeRTOS/Source/list.c.obj
                0x0000000000912414                vListInitialise
 .text.vListInitialiseItem
                0x000000000091242a        0x6 CMakeFiles/button_press_log.dir/home/fdsa/Desktop/Tirocinio/2021_03_17/to_python_2021_03_16/rtos/FreeRTOS/Source/list.c.obj
                0x000000000091242a                vListInitialiseItem
 .text.vListInsertEnd
                0x0000000000912430       0x18 CMakeFiles/button_press_log.dir/home/fdsa/Desktop/Tirocinio/2021_03_17/to_python_2021_03_16/rtos/FreeRTOS/Source/list.c.obj
                0x0000000000912430                vListInsertEnd
 .text.vListInsert
                0x0000000000912448       0x2e CMakeFiles/button_press_log.dir/home/fdsa/Desktop/Tirocinio/2021_03_17/to_python_2021_03_16/rtos/FreeRTOS/Source/list.c.obj
                0x0000000000912448                vListInsert
 .text.uxListRemove
                0x0000000000912476       0x1e CMakeFiles/button_press_log.dir/home/fdsa/Desktop/Tirocinio/2021_03_17/to_python_2021_03_16/rtos/FreeRTOS/Source/list.c.obj
                0x0000000000912476                uxListRemove
 .text.prvTaskExitError
                0x0000000000912494       0x30 CMakeFiles/button_press_log.dir/home/fdsa/Desktop/Tirocinio/2021_03_17/to_python_2021_03_16/rtos/FreeRTOS/Source/portable/GCC/ARM_CM4F/port.c.obj
 .text.prvPortStartFirstTask
                0x00000000009124c4       0x20 CMakeFiles/button_press_log.dir/home/fdsa/Desktop/Tirocinio/2021_03_17/to_python_2021_03_16/rtos/FreeRTOS/Source/portable/GCC/ARM_CM4F/port.c.obj
 .text.vPortEnableVFP
                0x00000000009124e4       0x14 CMakeFiles/button_press_log.dir/home/fdsa/Desktop/Tirocinio/2021_03_17/to_python_2021_03_16/rtos/FreeRTOS/Source/portable/GCC/ARM_CM4F/port.c.obj
 .text.pxPortInitialiseStack
                0x00000000009124f8       0x24 CMakeFiles/button_press_log.dir/home/fdsa/Desktop/Tirocinio/2021_03_17/to_python_2021_03_16/rtos/FreeRTOS/Source/portable/GCC/ARM_CM4F/port.c.obj
                0x00000000009124f8                pxPortInitialiseStack
 .text.SVC_Handler
                0x000000000091251c       0x20 CMakeFiles/button_press_log.dir/home/fdsa/Desktop/Tirocinio/2021_03_17/to_python_2021_03_16/rtos/FreeRTOS/Source/portable/GCC/ARM_CM4F/port.c.obj
                0x000000000091251c                SVC_Handler
 .text.vPortEnterCritical
                0x000000000091253c       0x40 CMakeFiles/button_press_log.dir/home/fdsa/Desktop/Tirocinio/2021_03_17/to_python_2021_03_16/rtos/FreeRTOS/Source/portable/GCC/ARM_CM4F/port.c.obj
                0x000000000091253c                vPortEnterCritical
 .text.vPortExitCritical
                0x000000000091257c       0x28 CMakeFiles/button_press_log.dir/home/fdsa/Desktop/Tirocinio/2021_03_17/to_python_2021_03_16/rtos/FreeRTOS/Source/portable/GCC/ARM_CM4F/port.c.obj
                0x000000000091257c                vPortExitCritical
 .text.PendSV_Handler
                0x00000000009125a4       0x60 CMakeFiles/button_press_log.dir/home/fdsa/Desktop/Tirocinio/2021_03_17/to_python_2021_03_16/rtos/FreeRTOS/Source/portable/GCC/ARM_CM4F/port.c.obj
                0x00000000009125a4                PendSV_Handler
 .text.SysTick_Handler
                0x0000000000912604       0x30 CMakeFiles/button_press_log.dir/home/fdsa/Desktop/Tirocinio/2021_03_17/to_python_2021_03_16/rtos/FreeRTOS/Source/portable/GCC/ARM_CM4F/port.c.obj
                0x0000000000912604                SysTick_Handler
 .text.vPortSetupTimerInterrupt
                0x0000000000912634       0x14 CMakeFiles/button_press_log.dir/home/fdsa/Desktop/Tirocinio/2021_03_17/to_python_2021_03_16/rtos/FreeRTOS/Source/portable/GCC/ARM_CM4F/port.c.obj
                0x0000000000912634                vPortSetupTimerInterrupt
 .text.xPortStartScheduler
                0x0000000000912648       0xf0 CMakeFiles/button_press_log.dir/home/fdsa/Desktop/Tirocinio/2021_03_17/to_python_2021_03_16/rtos/FreeRTOS/Source/portable/GCC/ARM_CM4F/port.c.obj
                0x0000000000912648                xPortStartScheduler
 .text.vPortValidateInterruptPriority
                0x0000000000912738       0x5c CMakeFiles/button_press_log.dir/home/fdsa/Desktop/Tirocinio/2021_03_17/to_python_2021_03_16/rtos/FreeRTOS/Source/portable/GCC/ARM_CM4F/port.c.obj
                0x0000000000912738                vPortValidateInterruptPriority
 .text.pvPortMalloc
                0x0000000000912794       0xb0 CMakeFiles/button_press_log.dir/home/fdsa/Desktop/Tirocinio/2021_03_17/to_python_2021_03_16/rtos/FreeRTOS/Source/portable/MemMang/heap_2.c.obj
                0x0000000000912794                pvPortMalloc
 .text.vPortFree
                0x0000000000912844       0x40 CMakeFiles/button_press_log.dir/home/fdsa/Desktop/Tirocinio/2021_03_17/to_python_2021_03_16/rtos/FreeRTOS/Source/portable/MemMang/heap_2.c.obj
                0x0000000000912844                vPortFree
 .text.prvCopyDataToQueue
                0x0000000000912884       0x5c CMakeFiles/button_press_log.dir/home/fdsa/Desktop/Tirocinio/2021_03_17/to_python_2021_03_16/rtos/FreeRTOS/Source/queue.c.obj
 .text.prvCopyDataFromQueue
                0x00000000009128e0       0x2c CMakeFiles/button_press_log.dir/home/fdsa/Desktop/Tirocinio/2021_03_17/to_python_2021_03_16/rtos/FreeRTOS/Source/queue.c.obj
 .text.prvUnlockQueue
                0x000000000091290c       0x6c CMakeFiles/button_press_log.dir/home/fdsa/Desktop/Tirocinio/2021_03_17/to_python_2021_03_16/rtos/FreeRTOS/Source/queue.c.obj
 .text.xQueueGenericReset
                0x0000000000912978       0x7e CMakeFiles/button_press_log.dir/home/fdsa/Desktop/Tirocinio/2021_03_17/to_python_2021_03_16/rtos/FreeRTOS/Source/queue.c.obj
                0x0000000000912978                xQueueGenericReset
 .text.xQueueGenericCreate
                0x00000000009129f6       0x5c CMakeFiles/button_press_log.dir/home/fdsa/Desktop/Tirocinio/2021_03_17/to_python_2021_03_16/rtos/FreeRTOS/Source/queue.c.obj
                0x00000000009129f6                xQueueGenericCreate
 .text.xQueueCreateCountingSemaphore
                0x0000000000912a52       0x4e CMakeFiles/button_press_log.dir/home/fdsa/Desktop/Tirocinio/2021_03_17/to_python_2021_03_16/rtos/FreeRTOS/Source/queue.c.obj
                0x0000000000912a52                xQueueCreateCountingSemaphore
 .text.xQueueGenericSend
                0x0000000000912aa0      0x156 CMakeFiles/button_press_log.dir/home/fdsa/Desktop/Tirocinio/2021_03_17/to_python_2021_03_16/rtos/FreeRTOS/Source/queue.c.obj
                0x0000000000912aa0                xQueueGenericSend
 .text.xQueueGenericSendFromISR
                0x0000000000912bf6       0xb8 CMakeFiles/button_press_log.dir/home/fdsa/Desktop/Tirocinio/2021_03_17/to_python_2021_03_16/rtos/FreeRTOS/Source/queue.c.obj
                0x0000000000912bf6                xQueueGenericSendFromISR
 .text.xQueueGiveFromISR
                0x0000000000912cae       0xa4 CMakeFiles/button_press_log.dir/home/fdsa/Desktop/Tirocinio/2021_03_17/to_python_2021_03_16/rtos/FreeRTOS/Source/queue.c.obj
                0x0000000000912cae                xQueueGiveFromISR
 .text.xQueueGenericReceive
                0x0000000000912d52      0x14c CMakeFiles/button_press_log.dir/home/fdsa/Desktop/Tirocinio/2021_03_17/to_python_2021_03_16/rtos/FreeRTOS/Source/queue.c.obj
                0x0000000000912d52                xQueueGenericReceive
 .text.xQueueReceiveFromISR
                0x0000000000912e9e       0x8e CMakeFiles/button_press_log.dir/home/fdsa/Desktop/Tirocinio/2021_03_17/to_python_2021_03_16/rtos/FreeRTOS/Source/queue.c.obj
                0x0000000000912e9e                xQueueReceiveFromISR
 .text.vQueueUnregisterQueue
                0x0000000000912f2c       0x24 CMakeFiles/button_press_log.dir/home/fdsa/Desktop/Tirocinio/2021_03_17/to_python_2021_03_16/rtos/FreeRTOS/Source/queue.c.obj
                0x0000000000912f2c                vQueueUnregisterQueue
 .text.vQueueDelete
                0x0000000000912f50       0x22 CMakeFiles/button_press_log.dir/home/fdsa/Desktop/Tirocinio/2021_03_17/to_python_2021_03_16/rtos/FreeRTOS/Source/queue.c.obj
                0x0000000000912f50                vQueueDelete
 .text.prvIdleTask
                0x0000000000912f72        0x2 CMakeFiles/button_press_log.dir/home/fdsa/Desktop/Tirocinio/2021_03_17/to_python_2021_03_16/rtos/FreeRTOS/Source/tasks.c.obj
 .text.prvResetNextTaskUnblockTime
                0x0000000000912f74       0x24 CMakeFiles/button_press_log.dir/home/fdsa/Desktop/Tirocinio/2021_03_17/to_python_2021_03_16/rtos/FreeRTOS/Source/tasks.c.obj
 .text.prvAddCurrentTaskToDelayedList
                0x0000000000912f98       0x50 CMakeFiles/button_press_log.dir/home/fdsa/Desktop/Tirocinio/2021_03_17/to_python_2021_03_16/rtos/FreeRTOS/Source/tasks.c.obj
 .text.xTaskGenericCreate
                0x0000000000912fe8      0x1cc CMakeFiles/button_press_log.dir/home/fdsa/Desktop/Tirocinio/2021_03_17/to_python_2021_03_16/rtos/FreeRTOS/Source/tasks.c.obj
                0x0000000000912fe8                xTaskGenericCreate
 .text.vTaskStartScheduler
                0x00000000009131b4       0x74 CMakeFiles/button_press_log.dir/home/fdsa/Desktop/Tirocinio/2021_03_17/to_python_2021_03_16/rtos/FreeRTOS/Source/tasks.c.obj
                0x00000000009131b4                vTaskStartScheduler
 .text.vTaskSuspendAll
                0x0000000000913228       0x10 CMakeFiles/button_press_log.dir/home/fdsa/Desktop/Tirocinio/2021_03_17/to_python_2021_03_16/rtos/FreeRTOS/Source/tasks.c.obj
                0x0000000000913228                vTaskSuspendAll
 .text.xTaskGetTickCount
                0x0000000000913238        0xc CMakeFiles/button_press_log.dir/home/fdsa/Desktop/Tirocinio/2021_03_17/to_python_2021_03_16/rtos/FreeRTOS/Source/tasks.c.obj
                0x0000000000913238                xTaskGetTickCount
 .text.xTaskIncrementTick
                0x0000000000913244      0x130 CMakeFiles/button_press_log.dir/home/fdsa/Desktop/Tirocinio/2021_03_17/to_python_2021_03_16/rtos/FreeRTOS/Source/tasks.c.obj
                0x0000000000913244                xTaskIncrementTick
 .text.xTaskResumeAll
                0x0000000000913374       0xec CMakeFiles/button_press_log.dir/home/fdsa/Desktop/Tirocinio/2021_03_17/to_python_2021_03_16/rtos/FreeRTOS/Source/tasks.c.obj
                0x0000000000913374                xTaskResumeAll
 .text.vTaskDelay
                0x0000000000913460       0x7c CMakeFiles/button_press_log.dir/home/fdsa/Desktop/Tirocinio/2021_03_17/to_python_2021_03_16/rtos/FreeRTOS/Source/tasks.c.obj
                0x0000000000913460                vTaskDelay
 .text.vTaskSwitchContext
                0x00000000009134dc       0x74 CMakeFiles/button_press_log.dir/home/fdsa/Desktop/Tirocinio/2021_03_17/to_python_2021_03_16/rtos/FreeRTOS/Source/tasks.c.obj
                0x00000000009134dc                vTaskSwitchContext
 .text.vTaskPlaceOnEventList
                0x0000000000913550       0x70 CMakeFiles/button_press_log.dir/home/fdsa/Desktop/Tirocinio/2021_03_17/to_python_2021_03_16/rtos/FreeRTOS/Source/tasks.c.obj
                0x0000000000913550                vTaskPlaceOnEventList
 .text.xTaskRemoveFromEventList
                0x00000000009135c0       0x88 CMakeFiles/button_press_log.dir/home/fdsa/Desktop/Tirocinio/2021_03_17/to_python_2021_03_16/rtos/FreeRTOS/Source/tasks.c.obj
                0x00000000009135c0                xTaskRemoveFromEventList
 .text.vTaskSetTimeOutState
                0x0000000000913648       0x2c CMakeFiles/button_press_log.dir/home/fdsa/Desktop/Tirocinio/2021_03_17/to_python_2021_03_16/rtos/FreeRTOS/Source/tasks.c.obj
                0x0000000000913648                vTaskSetTimeOutState
 .text.xTaskCheckForTimeOut
                0x0000000000913674       0x74 CMakeFiles/button_press_log.dir/home/fdsa/Desktop/Tirocinio/2021_03_17/to_python_2021_03_16/rtos/FreeRTOS/Source/tasks.c.obj
                0x0000000000913674                xTaskCheckForTimeOut
 .text.vTaskMissedYield
                0x00000000009136e8        0xc CMakeFiles/button_press_log.dir/home/fdsa/Desktop/Tirocinio/2021_03_17/to_python_2021_03_16/rtos/FreeRTOS/Source/tasks.c.obj
                0x00000000009136e8                vTaskMissedYield
 .text.BOARD_ClockInit
                0x00000000009136f4       0x7c CMakeFiles/button_press_log.dir/home/fdsa/Desktop/Tirocinio/2021_03_17/to_python_2021_03_16/examples/imx7_colibri_m4/board.c.obj
                0x00000000009136f4                BOARD_ClockInit
 .text.dbg_uart_init
                0x0000000000913770       0x60 CMakeFiles/button_press_log.dir/home/fdsa/Desktop/Tirocinio/2021_03_17/to_python_2021_03_16/examples/imx7_colibri_m4/board.c.obj
                0x0000000000913770                dbg_uart_init
 .text.BOARD_RdcInit
                0x00000000009137d0       0x10 CMakeFiles/button_press_log.dir/home/fdsa/Desktop/Tirocinio/2021_03_17/to_python_2021_03_16/examples/imx7_colibri_m4/board.c.obj
                0x00000000009137d0                BOARD_RdcInit
 .text.get_uart_clock_freq
                0x00000000009137e0       0xcc CMakeFiles/button_press_log.dir/home/fdsa/Desktop/Tirocinio/2021_03_17/to_python_2021_03_16/examples/imx7_colibri_m4/clock_freq.c.obj
                0x00000000009137e0                get_uart_clock_freq
 .text.configure_gpio_pin
                0x00000000009138ac       0x2c CMakeFiles/button_press_log.dir/home/fdsa/Desktop/Tirocinio/2021_03_17/to_python_2021_03_16/examples/imx7_colibri_m4/gpio_pins.c.obj
                0x00000000009138ac                configure_gpio_pin
 .text.configure_uart_pins
                0x00000000009138d8       0x2c CMakeFiles/button_press_log.dir/home/fdsa/Desktop/Tirocinio/2021_03_17/to_python_2021_03_16/examples/imx7_colibri_m4/pin_mux.c.obj
                0x00000000009138d8                configure_uart_pins
 .text.GPIO_ClearStatusFlag.part.0
                0x0000000000913904       0x1c CMakeFiles/button_press_log.dir/home/fdsa/Desktop/Tirocinio/2021_03_17/to_python_2021_03_16/examples/imx7_colibri_m4/demo_apps/rpmsg/gpio_freertos/gpio_ctrl.c.obj
 .text.GPIO_Ctrl_Init
                0x0000000000913920       0xbc CMakeFiles/button_press_log.dir/home/fdsa/Desktop/Tirocinio/2021_03_17/to_python_2021_03_16/examples/imx7_colibri_m4/demo_apps/rpmsg/gpio_freertos/gpio_ctrl.c.obj
                0x0000000000913920                GPIO_Ctrl_Init
 .text.GPIO_Ctrl_Led_Set
                0x00000000009139dc        0xa CMakeFiles/button_press_log.dir/home/fdsa/Desktop/Tirocinio/2021_03_17/to_python_2021_03_16/examples/imx7_colibri_m4/demo_apps/rpmsg/gpio_freertos/gpio_ctrl.c.obj
                0x00000000009139dc                GPIO_Ctrl_Led_Set
 *fill*         0x00000000009139e6        0x2 
 .text.GPIO_Ctrl_WaitKeyPressed
                0x00000000009139e8       0x8c CMakeFiles/button_press_log.dir/home/fdsa/Desktop/Tirocinio/2021_03_17/to_python_2021_03_16/examples/imx7_colibri_m4/demo_apps/rpmsg/gpio_freertos/gpio_ctrl.c.obj
                0x00000000009139e8                GPIO_Ctrl_WaitKeyPressed
 .text.GPIO5_INT15_0_Handler
                0x0000000000913a74       0x6c CMakeFiles/button_press_log.dir/home/fdsa/Desktop/Tirocinio/2021_03_17/to_python_2021_03_16/examples/imx7_colibri_m4/demo_apps/rpmsg/gpio_freertos/gpio_ctrl.c.obj
                0x0000000000913a74                GPIO5_INT15_0_Handler
 .text.hardware_init
                0x0000000000913ae0       0x94 CMakeFiles/button_press_log.dir/home/fdsa/Desktop/Tirocinio/2021_03_17/to_python_2021_03_16/examples/imx7_colibri_m4/demo_apps/rpmsg/gpio_freertos/hardware_init.c.obj
                0x0000000000913ae0                hardware_init
 .text.SwitchTask
                0x0000000000913b74       0x7c CMakeFiles/button_press_log.dir/home/fdsa/Desktop/Tirocinio/2021_03_17/to_python_2021_03_16/examples/imx7_colibri_m4/demo_apps/rpmsg/gpio_freertos/main.c.obj
                0x0000000000913b74                SwitchTask
 .text.GPT3_Handler
                0x0000000000913bf0       0x4c CMakeFiles/button_press_log.dir/home/fdsa/Desktop/Tirocinio/2021_03_17/to_python_2021_03_16/examples/imx7_colibri_m4/demo_apps/rpmsg/gpio_freertos/main.c.obj
                0x0000000000913bf0                GPT3_Handler
 .text.RGB_Set  0x0000000000913c3c       0x30 CMakeFiles/button_press_log.dir/home/fdsa/Desktop/Tirocinio/2021_03_17/to_python_2021_03_16/examples/imx7_colibri_m4/demo_apps/rpmsg/gpio_freertos/main.c.obj
                0x0000000000913c3c                RGB_Set
 .text.send_to_linux
                0x0000000000913c6c       0x58 CMakeFiles/button_press_log.dir/home/fdsa/Desktop/Tirocinio/2021_03_17/to_python_2021_03_16/examples/imx7_colibri_m4/demo_apps/rpmsg/gpio_freertos/main.c.obj
                0x0000000000913c6c                send_to_linux
 .text.ToggleTask
                0x0000000000913cc4       0xcc CMakeFiles/button_press_log.dir/home/fdsa/Desktop/Tirocinio/2021_03_17/to_python_2021_03_16/examples/imx7_colibri_m4/demo_apps/rpmsg/gpio_freertos/main.c.obj
                0x0000000000913cc4                ToggleTask
 .text.MU_M4_Handler
                0x0000000000913d90        0x4 CMakeFiles/button_press_log.dir/home/fdsa/Desktop/Tirocinio/2021_03_17/to_python_2021_03_16/examples/imx7_colibri_m4/demo_apps/rpmsg/gpio_freertos/main.c.obj
                0x0000000000913d90                MU_M4_Handler
 .text.startup.main
                0x0000000000913d94       0x78 CMakeFiles/button_press_log.dir/home/fdsa/Desktop/Tirocinio/2021_03_17/to_python_2021_03_16/examples/imx7_colibri_m4/demo_apps/rpmsg/gpio_freertos/main.c.obj
                0x0000000000913d94                main
 .text.__assert_func
                0x0000000000913e0c       0x3c /home/fdsa/sdk/gcc-arm-none-eabi-10-2020-q4-major/bin/../lib/gcc/arm-none-eabi/10.2.1/../../../../arm-none-eabi/lib/thumb/v7e-m+fp/hard/libc_nano.a(lib_a-assert.o)
                0x0000000000913e0c                __assert_func
 .text.exit     0x0000000000913e48       0x28 /home/fdsa/sdk/gcc-arm-none-eabi-10-2020-q4-major/bin/../lib/gcc/arm-none-eabi/10.2.1/../../../../arm-none-eabi/lib/thumb/v7e-m+fp/hard/libc_nano.a(lib_a-exit.o)
                0x0000000000913e48                exit
 .text.fprintf  0x0000000000913e70       0x24 /home/fdsa/sdk/gcc-arm-none-eabi-10-2020-q4-major/bin/../lib/gcc/arm-none-eabi/10.2.1/../../../../arm-none-eabi/lib/thumb/v7e-m+fp/hard/libc_nano.a(lib_a-fprintf.o)
                0x0000000000913e70                fprintf
                0x0000000000913e70                fiprintf
 .text.__libc_init_array
                0x0000000000913e94       0x48 /home/fdsa/sdk/gcc-arm-none-eabi-10-2020-q4-major/bin/../lib/gcc/arm-none-eabi/10.2.1/../../../../arm-none-eabi/lib/thumb/v7e-m+fp/hard/libc_nano.a(lib_a-init.o)
                0x0000000000913e94                __libc_init_array
 .text.memcpy   0x0000000000913edc       0x1c /home/fdsa/sdk/gcc-arm-none-eabi-10-2020-q4-major/bin/../lib/gcc/arm-none-eabi/10.2.1/../../../../arm-none-eabi/lib/thumb/v7e-m+fp/hard/libc_nano.a(lib_a-memcpy-stub.o)
                0x0000000000913edc                memcpy
 .text.memset   0x0000000000913ef8       0x10 /home/fdsa/sdk/gcc-arm-none-eabi-10-2020-q4-major/bin/../lib/gcc/arm-none-eabi/10.2.1/../../../../arm-none-eabi/lib/thumb/v7e-m+fp/hard/libc_nano.a(lib_a-memset.o)
                0x0000000000913ef8                memset
 .text.__sfputc_r
                0x0000000000913f08       0x2e /home/fdsa/sdk/gcc-arm-none-eabi-10-2020-q4-major/bin/../lib/gcc/arm-none-eabi/10.2.1/../../../../arm-none-eabi/lib/thumb/v7e-m+fp/hard/libc_nano.a(lib_a-nano-vfprintf.o)
 .text.__sfputs_r
                0x0000000000913f36       0x24 /home/fdsa/sdk/gcc-arm-none-eabi-10-2020-q4-major/bin/../lib/gcc/arm-none-eabi/10.2.1/../../../../arm-none-eabi/lib/thumb/v7e-m+fp/hard/libc_nano.a(lib_a-nano-vfprintf.o)
                0x0000000000913f36                __sfputs_r
 *fill*         0x0000000000913f5a        0x2 
 .text._vfprintf_r
                0x0000000000913f5c      0x260 /home/fdsa/sdk/gcc-arm-none-eabi-10-2020-q4-major/bin/../lib/gcc/arm-none-eabi/10.2.1/../../../../arm-none-eabi/lib/thumb/v7e-m+fp/hard/libc_nano.a(lib_a-nano-vfprintf.o)
                0x0000000000913f5c                _vfiprintf_r
                0x0000000000913f5c                _vfprintf_r
 .text._printf_common
                0x00000000009141bc       0xda /home/fdsa/sdk/gcc-arm-none-eabi-10-2020-q4-major/bin/../lib/gcc/arm-none-eabi/10.2.1/../../../../arm-none-eabi/lib/thumb/v7e-m+fp/hard/libc_nano.a(lib_a-nano-vfprintf_i.o)
                0x00000000009141bc                _printf_common
 *fill*         0x0000000000914296        0x2 
 .text._printf_i
                0x0000000000914298      0x24c /home/fdsa/sdk/gcc-arm-none-eabi-10-2020-q4-major/bin/../lib/gcc/arm-none-eabi/10.2.1/../../../../arm-none-eabi/lib/thumb/v7e-m+fp/hard/libc_nano.a(lib_a-nano-vfprintf_i.o)
                0x0000000000914298                _printf_i
 .text.snprintf
                0x00000000009144e4       0x68 /home/fdsa/sdk/gcc-arm-none-eabi-10-2020-q4-major/bin/../lib/gcc/arm-none-eabi/10.2.1/../../../../arm-none-eabi/lib/thumb/v7e-m+fp/hard/libc_nano.a(lib_a-snprintf.o)
                0x00000000009144e4                snprintf
                0x00000000009144e4                sniprintf
 .text.strncmp  0x000000000091454c       0x28 /home/fdsa/sdk/gcc-arm-none-eabi-10-2020-q4-major/bin/../lib/gcc/arm-none-eabi/10.2.1/../../../../arm-none-eabi/lib/thumb/v7e-m+fp/hard/libc_nano.a(lib_a-strncmp.o)
                0x000000000091454c                strncmp
 .text.strncpy  0x0000000000914574       0x26 /home/fdsa/sdk/gcc-arm-none-eabi-10-2020-q4-major/bin/../lib/gcc/arm-none-eabi/10.2.1/../../../../arm-none-eabi/lib/thumb/v7e-m+fp/hard/libc_nano.a(lib_a-strncpy.o)
                0x0000000000914574                strncpy
 *fill*         0x000000000091459a        0x2 
 .text.__swbuf_r
                0x000000000091459c       0xa4 /home/fdsa/sdk/gcc-arm-none-eabi-10-2020-q4-major/bin/../lib/gcc/arm-none-eabi/10.2.1/../../../../arm-none-eabi/lib/thumb/v7e-m+fp/hard/libc_nano.a(lib_a-wbuf.o)
                0x000000000091459c                __swbuf_r
 .text.__swsetup_r
                0x0000000000914640       0xdc /home/fdsa/sdk/gcc-arm-none-eabi-10-2020-q4-major/bin/../lib/gcc/arm-none-eabi/10.2.1/../../../../arm-none-eabi/lib/thumb/v7e-m+fp/hard/libc_nano.a(lib_a-wsetup.o)
                0x0000000000914640                __swsetup_r
 .text.abort    0x000000000091471c        0xe /home/fdsa/sdk/gcc-arm-none-eabi-10-2020-q4-major/bin/../lib/gcc/arm-none-eabi/10.2.1/../../../../arm-none-eabi/lib/thumb/v7e-m+fp/hard/libc_nano.a(lib_a-abort.o)
                0x000000000091471c                abort
 *fill*         0x000000000091472a        0x2 
 .text.__sflush_r
                0x000000000091472c      0x10c /home/fdsa/sdk/gcc-arm-none-eabi-10-2020-q4-major/bin/../lib/gcc/arm-none-eabi/10.2.1/../../../../arm-none-eabi/lib/thumb/v7e-m+fp/hard/libc_nano.a(lib_a-fflush.o)
                0x000000000091472c                __sflush_r
 .text._fflush_r
                0x0000000000914838       0x78 /home/fdsa/sdk/gcc-arm-none-eabi-10-2020-q4-major/bin/../lib/gcc/arm-none-eabi/10.2.1/../../../../arm-none-eabi/lib/thumb/v7e-m+fp/hard/libc_nano.a(lib_a-fflush.o)
                0x0000000000914838                _fflush_r
 .text.std      0x00000000009148b0       0x48 /home/fdsa/sdk/gcc-arm-none-eabi-10-2020-q4-major/bin/../lib/gcc/arm-none-eabi/10.2.1/../../../../arm-none-eabi/lib/thumb/v7e-m+fp/hard/libc_nano.a(lib_a-findfp.o)
 .text._cleanup_r
                0x00000000009148f8        0xc /home/fdsa/sdk/gcc-arm-none-eabi-10-2020-q4-major/bin/../lib/gcc/arm-none-eabi/10.2.1/../../../../arm-none-eabi/lib/thumb/v7e-m+fp/hard/libc_nano.a(lib_a-findfp.o)
                0x00000000009148f8                _cleanup_r
 .text.__sfmoreglue
                0x0000000000914904       0x2c /home/fdsa/sdk/gcc-arm-none-eabi-10-2020-q4-major/bin/../lib/gcc/arm-none-eabi/10.2.1/../../../../arm-none-eabi/lib/thumb/v7e-m+fp/hard/libc_nano.a(lib_a-findfp.o)
                0x0000000000914904                __sfmoreglue
 .text.__sfp_lock_acquire
                0x0000000000914930        0xc /home/fdsa/sdk/gcc-arm-none-eabi-10-2020-q4-major/bin/../lib/gcc/arm-none-eabi/10.2.1/../../../../arm-none-eabi/lib/thumb/v7e-m+fp/hard/libc_nano.a(lib_a-findfp.o)
                0x0000000000914930                __sfp_lock_acquire
 .text.__sfp_lock_release
                0x000000000091493c        0xc /home/fdsa/sdk/gcc-arm-none-eabi-10-2020-q4-major/bin/../lib/gcc/arm-none-eabi/10.2.1/../../../../arm-none-eabi/lib/thumb/v7e-m+fp/hard/libc_nano.a(lib_a-findfp.o)
                0x000000000091493c                __sfp_lock_release
 .text.__sinit_lock_acquire
                0x0000000000914948        0xc /home/fdsa/sdk/gcc-arm-none-eabi-10-2020-q4-major/bin/../lib/gcc/arm-none-eabi/10.2.1/../../../../arm-none-eabi/lib/thumb/v7e-m+fp/hard/libc_nano.a(lib_a-findfp.o)
                0x0000000000914948                __sinit_lock_acquire
 .text.__sinit_lock_release
                0x0000000000914954        0xc /home/fdsa/sdk/gcc-arm-none-eabi-10-2020-q4-major/bin/../lib/gcc/arm-none-eabi/10.2.1/../../../../arm-none-eabi/lib/thumb/v7e-m+fp/hard/libc_nano.a(lib_a-findfp.o)
                0x0000000000914954                __sinit_lock_release
 .text.__sinit  0x0000000000914960       0x70 /home/fdsa/sdk/gcc-arm-none-eabi-10-2020-q4-major/bin/../lib/gcc/arm-none-eabi/10.2.1/../../../../arm-none-eabi/lib/thumb/v7e-m+fp/hard/libc_nano.a(lib_a-findfp.o)
                0x0000000000914960                __sinit
 .text.__sfp    0x00000000009149d0       0x8c /home/fdsa/sdk/gcc-arm-none-eabi-10-2020-q4-major/bin/../lib/gcc/arm-none-eabi/10.2.1/../../../../arm-none-eabi/lib/thumb/v7e-m+fp/hard/libc_nano.a(lib_a-findfp.o)
                0x00000000009149d0                __sfp
 .text._fwalk_reent
                0x0000000000914a5c       0x3e /home/fdsa/sdk/gcc-arm-none-eabi-10-2020-q4-major/bin/../lib/gcc/arm-none-eabi/10.2.1/../../../../arm-none-eabi/lib/thumb/v7e-m+fp/hard/libc_nano.a(lib_a-fwalk.o)
                0x0000000000914a5c                _fwalk_reent
 .text.__retarget_lock_init_recursive
                0x0000000000914a9a        0x2 /home/fdsa/sdk/gcc-arm-none-eabi-10-2020-q4-major/bin/../lib/gcc/arm-none-eabi/10.2.1/../../../../arm-none-eabi/lib/thumb/v7e-m+fp/hard/libc_nano.a(lib_a-lock.o)
                0x0000000000914a9a                __retarget_lock_init_recursive
 .text.__retarget_lock_acquire_recursive
                0x0000000000914a9c        0x2 /home/fdsa/sdk/gcc-arm-none-eabi-10-2020-q4-major/bin/../lib/gcc/arm-none-eabi/10.2.1/../../../../arm-none-eabi/lib/thumb/v7e-m+fp/hard/libc_nano.a(lib_a-lock.o)
                0x0000000000914a9c                __retarget_lock_acquire_recursive
 .text.__retarget_lock_release_recursive
                0x0000000000914a9e        0x2 /home/fdsa/sdk/gcc-arm-none-eabi-10-2020-q4-major/bin/../lib/gcc/arm-none-eabi/10.2.1/../../../../arm-none-eabi/lib/thumb/v7e-m+fp/hard/libc_nano.a(lib_a-lock.o)
                0x0000000000914a9e                __retarget_lock_release_recursive
 .text.__swhatbuf_r
                0x0000000000914aa0       0x4a /home/fdsa/sdk/gcc-arm-none-eabi-10-2020-q4-major/bin/../lib/gcc/arm-none-eabi/10.2.1/../../../../arm-none-eabi/lib/thumb/v7e-m+fp/hard/libc_nano.a(lib_a-makebuf.o)
                0x0000000000914aa0                __swhatbuf_r
 *fill*         0x0000000000914aea        0x2 
 .text.__smakebuf_r
                0x0000000000914aec       0x80 /home/fdsa/sdk/gcc-arm-none-eabi-10-2020-q4-major/bin/../lib/gcc/arm-none-eabi/10.2.1/../../../../arm-none-eabi/lib/thumb/v7e-m+fp/hard/libc_nano.a(lib_a-makebuf.o)
                0x0000000000914aec                __smakebuf_r
 .text.memmove  0x0000000000914b6c       0x34 /home/fdsa/sdk/gcc-arm-none-eabi-10-2020-q4-major/bin/../lib/gcc/arm-none-eabi/10.2.1/../../../../arm-none-eabi/lib/thumb/v7e-m+fp/hard/libc_nano.a(lib_a-memmove.o)
                0x0000000000914b6c                memmove
 .text._free_r  0x0000000000914ba0       0x98 /home/fdsa/sdk/gcc-arm-none-eabi-10-2020-q4-major/bin/../lib/gcc/arm-none-eabi/10.2.1/../../../../arm-none-eabi/lib/thumb/v7e-m+fp/hard/libc_nano.a(lib_a-nano-freer.o)
                0x0000000000914ba0                _free_r
 .text._malloc_r
                0x0000000000914c38       0xb4 /home/fdsa/sdk/gcc-arm-none-eabi-10-2020-q4-major/bin/../lib/gcc/arm-none-eabi/10.2.1/../../../../arm-none-eabi/lib/thumb/v7e-m+fp/hard/libc_nano.a(lib_a-nano-mallocr.o)
                0x0000000000914c38                _malloc_r
 .text._realloc_r
                0x0000000000914cec       0x4c /home/fdsa/sdk/gcc-arm-none-eabi-10-2020-q4-major/bin/../lib/gcc/arm-none-eabi/10.2.1/../../../../arm-none-eabi/lib/thumb/v7e-m+fp/hard/libc_nano.a(lib_a-nano-reallocr.o)
                0x0000000000914cec                _realloc_r
 .text.__ssputs_r
                0x0000000000914d38       0xb6 /home/fdsa/sdk/gcc-arm-none-eabi-10-2020-q4-major/bin/../lib/gcc/arm-none-eabi/10.2.1/../../../../arm-none-eabi/lib/thumb/v7e-m+fp/hard/libc_nano.a(lib_a-nano-svfprintf.o)
                0x0000000000914d38                __ssputs_r
 *fill*         0x0000000000914dee        0x2 
 .text._svfprintf_r
                0x0000000000914df0      0x200 /home/fdsa/sdk/gcc-arm-none-eabi-10-2020-q4-major/bin/../lib/gcc/arm-none-eabi/10.2.1/../../../../arm-none-eabi/lib/thumb/v7e-m+fp/hard/libc_nano.a(lib_a-nano-svfprintf.o)
                0x0000000000914df0                _svfprintf_r
                0x0000000000914df0                _svfiprintf_r
 .text._sbrk_r  0x0000000000914ff0       0x20 /home/fdsa/sdk/gcc-arm-none-eabi-10-2020-q4-major/bin/../lib/gcc/arm-none-eabi/10.2.1/../../../../arm-none-eabi/lib/thumb/v7e-m+fp/hard/libc_nano.a(lib_a-sbrkr.o)
                0x0000000000914ff0                _sbrk_r
 .text._raise_r
                0x0000000000915010       0x50 /home/fdsa/sdk/gcc-arm-none-eabi-10-2020-q4-major/bin/../lib/gcc/arm-none-eabi/10.2.1/../../../../arm-none-eabi/lib/thumb/v7e-m+fp/hard/libc_nano.a(lib_a-signal.o)
                0x0000000000915010                _raise_r
 .text.raise    0x0000000000915060       0x10 /home/fdsa/sdk/gcc-arm-none-eabi-10-2020-q4-major/bin/../lib/gcc/arm-none-eabi/10.2.1/../../../../arm-none-eabi/lib/thumb/v7e-m+fp/hard/libc_nano.a(lib_a-signal.o)
                0x0000000000915060                raise
 .text._kill_r  0x0000000000915070       0x24 /home/fdsa/sdk/gcc-arm-none-eabi-10-2020-q4-major/bin/../lib/gcc/arm-none-eabi/10.2.1/../../../../arm-none-eabi/lib/thumb/v7e-m+fp/hard/libc_nano.a(lib_a-signalr.o)
                0x0000000000915070                _kill_r
 .text._getpid_r
                0x0000000000915094        0x4 /home/fdsa/sdk/gcc-arm-none-eabi-10-2020-q4-major/bin/../lib/gcc/arm-none-eabi/10.2.1/../../../../arm-none-eabi/lib/thumb/v7e-m+fp/hard/libc_nano.a(lib_a-signalr.o)
                0x0000000000915094                _getpid_r
 .text.__sread  0x0000000000915098       0x22 /home/fdsa/sdk/gcc-arm-none-eabi-10-2020-q4-major/bin/../lib/gcc/arm-none-eabi/10.2.1/../../../../arm-none-eabi/lib/thumb/v7e-m+fp/hard/libc_nano.a(lib_a-stdio.o)
                0x0000000000915098                __sread
 .text.__swrite
                0x00000000009150ba       0x38 /home/fdsa/sdk/gcc-arm-none-eabi-10-2020-q4-major/bin/../lib/gcc/arm-none-eabi/10.2.1/../../../../arm-none-eabi/lib/thumb/v7e-m+fp/hard/libc_nano.a(lib_a-stdio.o)
                0x00000000009150ba                __swrite
 .text.__sseek  0x00000000009150f2       0x24 /home/fdsa/sdk/gcc-arm-none-eabi-10-2020-q4-major/bin/../lib/gcc/arm-none-eabi/10.2.1/../../../../arm-none-eabi/lib/thumb/v7e-m+fp/hard/libc_nano.a(lib_a-stdio.o)
                0x00000000009150f2                __sseek
 .text.__sclose
                0x0000000000915116        0x8 /home/fdsa/sdk/gcc-arm-none-eabi-10-2020-q4-major/bin/../lib/gcc/arm-none-eabi/10.2.1/../../../../arm-none-eabi/lib/thumb/v7e-m+fp/hard/libc_nano.a(lib_a-stdio.o)
                0x0000000000915116                __sclose
 *fill*         0x000000000091511e        0x2 
 .text._write_r
                0x0000000000915120       0x24 /home/fdsa/sdk/gcc-arm-none-eabi-10-2020-q4-major/bin/../lib/gcc/arm-none-eabi/10.2.1/../../../../arm-none-eabi/lib/thumb/v7e-m+fp/hard/libc_nano.a(lib_a-writer.o)
                0x0000000000915120                _write_r
 .text._close_r
                0x0000000000915144       0x20 /home/fdsa/sdk/gcc-arm-none-eabi-10-2020-q4-major/bin/../lib/gcc/arm-none-eabi/10.2.1/../../../../arm-none-eabi/lib/thumb/v7e-m+fp/hard/libc_nano.a(lib_a-closer.o)
                0x0000000000915144                _close_r
 .text._fstat_r
                0x0000000000915164       0x24 /home/fdsa/sdk/gcc-arm-none-eabi-10-2020-q4-major/bin/../lib/gcc/arm-none-eabi/10.2.1/../../../../arm-none-eabi/lib/thumb/v7e-m+fp/hard/libc_nano.a(lib_a-fstatr.o)
                0x0000000000915164                _fstat_r
 .text._isatty_r
                0x0000000000915188       0x20 /home/fdsa/sdk/gcc-arm-none-eabi-10-2020-q4-major/bin/../lib/gcc/arm-none-eabi/10.2.1/../../../../arm-none-eabi/lib/thumb/v7e-m+fp/hard/libc_nano.a(lib_a-isattyr.o)
                0x0000000000915188                _isatty_r
 .text._lseek_r
                0x00000000009151a8       0x24 /home/fdsa/sdk/gcc-arm-none-eabi-10-2020-q4-major/bin/../lib/gcc/arm-none-eabi/10.2.1/../../../../arm-none-eabi/lib/thumb/v7e-m+fp/hard/libc_nano.a(lib_a-lseekr.o)
                0x00000000009151a8                _lseek_r
 .text.__malloc_lock