17:59:01 **** Incremental Build of configuration Debug for project test_gpio_giovanni ****
make all 
Building file: ../sources/platform/utilities/src/debug_console_imx.c
Invoking: GNU Arm Cross C Compiler
arm-none-eabi-gcc -mcpu=cortex-m4 -mthumb -mfloat-abi=hard -mfpu=fpv4-sp-d16 -Os -fmessage-length=0 -fsigned-char -ffunction-sections -fdata-sections -ffreestanding -fno-builtin  -g3 -DCPU_MCIMX7D_M4 -DARM_MATH_CM4 -D__DEBUG -I"/home/fdsa/eclipse-workspace/test_gpio_giovanni/sources" -I"/home/fdsa/eclipse-workspace/test_gpio_giovanni/sources/examples/imx7_colibri_m4" -I/home/fdsa/eclipse-workspace/test_gpio_giovanni/sources/platform/CMSIS/Include -I"/home/fdsa/eclipse-workspace/test_gpio_giovanni/sources/platform/devices" -I"/home/fdsa/eclipse-workspace/test_gpio_giovanni/sources/platform/devices/MCIMX7D/startup" -I"/home/fdsa/eclipse-workspace/test_gpio_giovanni/sources/platform/devices/MCIMX7D/include" -I"/home/fdsa/eclipse-workspace/test_gpio_giovanni/sources/platform/utilities/inc" -I"/home/fdsa/eclipse-workspace/test_gpio_giovanni/sources/platform/drivers/inc" -std=gnu11 -MMD -MP -MF"sources/platform/utilities/src/debug_console_imx.d" -MT"sources/platform/utilities/src/debug_console_imx.o" -c -o "sources/platform/utilities/src/debug_console_imx.o" "../sources/platform/utilities/src/debug_console_imx.c"
Finished building: ../sources/platform/utilities/src/debug_console_imx.c
 
Building file: ../sources/platform/drivers/src/adc_imx7d.c
Invoking: GNU Arm Cross C Compiler
arm-none-eabi-gcc -mcpu=cortex-m4 -mthumb -mfloat-abi=hard -mfpu=fpv4-sp-d16 -Os -fmessage-length=0 -fsigned-char -ffunction-sections -fdata-sections -ffreestanding -fno-builtin  -g3 -DCPU_MCIMX7D_M4 -DARM_MATH_CM4 -D__DEBUG -I"/home/fdsa/eclipse-workspace/test_gpio_giovanni/sources" -I"/home/fdsa/eclipse-workspace/test_gpio_giovanni/sources/examples/imx7_colibri_m4" -I/home/fdsa/eclipse-workspace/test_gpio_giovanni/sources/platform/CMSIS/Include -I"/home/fdsa/eclipse-workspace/test_gpio_giovanni/sources/platform/devices" -I"/home/fdsa/eclipse-workspace/test_gpio_giovanni/sources/platform/devices/MCIMX7D/startup" -I"/home/fdsa/eclipse-workspace/test_gpio_giovanni/sources/platform/devices/MCIMX7D/include" -I"/home/fdsa/eclipse-workspace/test_gpio_giovanni/sources/platform/utilities/inc" -I"/home/fdsa/eclipse-workspace/test_gpio_giovanni/sources/platform/drivers/inc" -std=gnu11 -MMD -MP -MF"sources/platform/drivers/src/adc_imx7d.d" -MT"sources/platform/drivers/src/adc_imx7d.o" -c -o "sources/platform/drivers/src/adc_imx7d.o" "../sources/platform/drivers/src/adc_imx7d.c"
Finished building: ../sources/platform/drivers/src/adc_imx7d.c
 
Building file: ../sources/platform/drivers/src/ccm_analog_imx7d.c
Invoking: GNU Arm Cross C Compiler
arm-none-eabi-gcc -mcpu=cortex-m4 -mthumb -mfloat-abi=hard -mfpu=fpv4-sp-d16 -Os -fmessage-length=0 -fsigned-char -ffunction-sections -fdata-sections -ffreestanding -fno-builtin  -g3 -DCPU_MCIMX7D_M4 -DARM_MATH_CM4 -D__DEBUG -I"/home/fdsa/eclipse-workspace/test_gpio_giovanni/sources" -I"/home/fdsa/eclipse-workspace/test_gpio_giovanni/sources/examples/imx7_colibri_m4" -I/home/fdsa/eclipse-workspace/test_gpio_giovanni/sources/platform/CMSIS/Include -I"/home/fdsa/eclipse-workspace/test_gpio_giovanni/sources/platform/devices" -I"/home/fdsa/eclipse-workspace/test_gpio_giovanni/sources/platform/devices/MCIMX7D/startup" -I"/home/fdsa/eclipse-workspace/test_gpio_giovanni/sources/platform/devices/MCIMX7D/include" -I"/home/fdsa/eclipse-workspace/test_gpio_giovanni/sources/platform/utilities/inc" -I"/home/fdsa/eclipse-workspace/test_gpio_giovanni/sources/platform/drivers/inc" -std=gnu11 -MMD -MP -MF"sources/platform/drivers/src/ccm_analog_imx7d.d" -MT"sources/platform/drivers/src/ccm_analog_imx7d.o" -c -o "sources/platform/drivers/src/ccm_analog_imx7d.o" "../sources/platform/drivers/src/ccm_analog_imx7d.c"
Finished building: ../sources/platform/drivers/src/ccm_analog_imx7d.c
 
Building file: ../sources/platform/drivers/src/ccm_imx7d.c
Invoking: GNU Arm Cross C Compiler
arm-none-eabi-gcc -mcpu=cortex-m4 -mthumb -mfloat-abi=hard -mfpu=fpv4-sp-d16 -Os -fmessage-length=0 -fsigned-char -ffunction-sections -fdata-sections -ffreestanding -fno-builtin  -g3 -DCPU_MCIMX7D_M4 -DARM_MATH_CM4 -D__DEBUG -I"/home/fdsa/eclipse-workspace/test_gpio_giovanni/sources" -I"/home/fdsa/eclipse-workspace/test_gpio_giovanni/sources/examples/imx7_colibri_m4" -I/home/fdsa/eclipse-workspace/test_gpio_giovanni/sources/platform/CMSIS/Include -I"/home/fdsa/eclipse-workspace/test_gpio_giovanni/sources/platform/devices" -I"/home/fdsa/eclipse-workspace/test_gpio_giovanni/sources/platform/devices/MCIMX7D/startup" -I"/home/fdsa/eclipse-workspace/test_gpio_giovanni/sources/platform/devices/MCIMX7D/include" -I"/home/fdsa/eclipse-workspace/test_gpio_giovanni/sources/platform/utilities/inc" -I"/home/fdsa/eclipse-workspace/test_gpio_giovanni/sources/platform/drivers/inc" -std=gnu11 -MMD -MP -MF"sources/platform/drivers/src/ccm_imx7d.d" -MT"sources/platform/drivers/src/ccm_imx7d.o" -c -o "sources/platform/drivers/src/ccm_imx7d.o" "../sources/platform/drivers/src/ccm_imx7d.c"
Finished building: ../sources/platform/drivers/src/ccm_imx7d.c
 
Building file: ../sources/platform/drivers/src/ecspi.c
Invoking: GNU Arm Cross C Compiler
arm-none-eabi-gcc -mcpu=cortex-m4 -mthumb -mfloat-abi=hard -mfpu=fpv4-sp-d16 -Os -fmessage-length=0 -fsigned-char -ffunction-sections -fdata-sections -ffreestanding -fno-builtin  -g3 -DCPU_MCIMX7D_M4 -DARM_MATH_CM4 -D__DEBUG -I"/home/fdsa/eclipse-workspace/test_gpio_giovanni/sources" -I"/home/fdsa/eclipse-workspace/test_gpio_giovanni/sources/examples/imx7_colibri_m4" -I/home/fdsa/eclipse-workspace/test_gpio_giovanni/sources/platform/CMSIS/Include -I"/home/fdsa/eclipse-workspace/test_gpio_giovanni/sources/platform/devices" -I"/home/fdsa/eclipse-workspace/test_gpio_giovanni/sources/platform/devices/MCIMX7D/startup" -I"/home/fdsa/eclipse-workspace/test_gpio_giovanni/sources/platform/devices/MCIMX7D/include" -I"/home/fdsa/eclipse-workspace/test_gpio_giovanni/sources/platform/utilities/inc" -I"/home/fdsa/eclipse-workspace/test_gpio_giovanni/sources/platform/drivers/inc" -std=gnu11 -MMD -MP -MF"sources/platform/drivers/src/ecspi.d" -MT"sources/platform/drivers/src/ecspi.o" -c -o "sources/platform/drivers/src/ecspi.o" "../sources/platform/drivers/src/ecspi.c"
Finished building: ../sources/platform/drivers/src/ecspi.c
 
Building file: ../sources/platform/drivers/src/flexcan.c
Invoking: GNU Arm Cross C Compiler
arm-none-eabi-gcc -mcpu=cortex-m4 -mthumb -mfloat-abi=hard -mfpu=fpv4-sp-d16 -Os -fmessage-length=0 -fsigned-char -ffunction-sections -fdata-sections -ffreestanding -fno-builtin  -g3 -DCPU_MCIMX7D_M4 -DARM_MATH_CM4 -D__DEBUG -I"/home/fdsa/eclipse-workspace/test_gpio_giovanni/sources" -I"/home/fdsa/eclipse-workspace/test_gpio_giovanni/sources/examples/imx7_colibri_m4" -I/home/fdsa/eclipse-workspace/test_gpio_giovanni/sources/platform/CMSIS/Include -I"/home/fdsa/eclipse-workspace/test_gpio_giovanni/sources/platform/devices" -I"/home/fdsa/eclipse-workspace/test_gpio_giovanni/sources/platform/devices/MCIMX7D/startup" -I"/home/fdsa/eclipse-workspace/test_gpio_giovanni/sources/platform/devices/MCIMX7D/include" -I"/home/fdsa/eclipse-workspace/test_gpio_giovanni/sources/platform/utilities/inc" -I"/home/fdsa/eclipse-workspace/test_gpio_giovanni/sources/platform/drivers/inc" -std=gnu11 -MMD -MP -MF"sources/platform/drivers/src/flexcan.d" -MT"sources/platform/drivers/src/flexcan.o" -c -o "sources/platform/drivers/src/flexcan.o" "../sources/platform/drivers/src/flexcan.c"
Finished building: ../sources/platform/drivers/src/flexcan.c
 
Building file: ../sources/platform/drivers/src/gpio_imx.c
Invoking: GNU Arm Cross C Compiler
arm-none-eabi-gcc -mcpu=cortex-m4 -mthumb -mfloat-abi=hard -mfpu=fpv4-sp-d16 -Os -fmessage-length=0 -fsigned-char -ffunction-sections -fdata-sections -ffreestanding -fno-builtin  -g3 -DCPU_MCIMX7D_M4 -DARM_MATH_CM4 -D__DEBUG -I"/home/fdsa/eclipse-workspace/test_gpio_giovanni/sources" -I"/home/fdsa/eclipse-workspace/test_gpio_giovanni/sources/examples/imx7_colibri_m4" -I/home/fdsa/eclipse-workspace/test_gpio_giovanni/sources/platform/CMSIS/Include -I"/home/fdsa/eclipse-workspace/test_gpio_giovanni/sources/platform/devices" -I"/home/fdsa/eclipse-workspace/test_gpio_giovanni/sources/platform/devices/MCIMX7D/startup" -I"/home/fdsa/eclipse-workspace/test_gpio_giovanni/sources/platform/devices/MCIMX7D/include" -I"/home/fdsa/eclipse-workspace/test_gpio_giovanni/sources/platform/utilities/inc" -I"/home/fdsa/eclipse-workspace/test_gpio_giovanni/sources/platform/drivers/inc" -std=gnu11 -MMD -MP -MF"sources/platform/drivers/src/gpio_imx.d" -MT"sources/platform/drivers/src/gpio_imx.o" -c -o "sources/platform/drivers/src/gpio_imx.o" "../sources/platform/drivers/src/gpio_imx.c"
Finished building: ../sources/platform/drivers/src/gpio_imx.c
 
Building file: ../sources/platform/drivers/src/gpt.c
Invoking: GNU Arm Cross C Compiler
arm-none-eabi-gcc -mcpu=cortex-m4 -mthumb -mfloat-abi=hard -mfpu=fpv4-sp-d16 -Os -fmessage-length=0 -fsigned-char -ffunction-sections -fdata-sections -ffreestanding -fno-builtin  -g3 -DCPU_MCIMX7D_M4 -DARM_MATH_CM4 -D__DEBUG -I"/home/fdsa/eclipse-workspace/test_gpio_giovanni/sources" -I"/home/fdsa/eclipse-workspace/test_gpio_giovanni/sources/examples/imx7_colibri_m4" -I/home/fdsa/eclipse-workspace/test_gpio_giovanni/sources/platform/CMSIS/Include -I"/home/fdsa/eclipse-workspace/test_gpio_giovanni/sources/platform/devices" -I"/home/fdsa/eclipse-workspace/test_gpio_giovanni/sources/platform/devices/MCIMX7D/startup" -I"/home/fdsa/eclipse-workspace/test_gpio_giovanni/sources/platform/devices/MCIMX7D/include" -I"/home/fdsa/eclipse-workspace/test_gpio_giovanni/sources/platform/utilities/inc" -I"/home/fdsa/eclipse-workspace/test_gpio_giovanni/sources/platform/drivers/inc" -std=gnu11 -MMD -MP -MF"sources/platform/drivers/src/gpt.d" -MT"sources/platform/drivers/src/gpt.o" -c -o "sources/platform/drivers/src/gpt.o" "../sources/platform/drivers/src/gpt.c"
Finished building: ../sources/platform/drivers/src/gpt.c
 
Building file: ../sources/platform/drivers/src/i2c_imx.c
Invoking: GNU Arm Cross C Compiler
arm-none-eabi-gcc -mcpu=cortex-m4 -mthumb -mfloat-abi=hard -mfpu=fpv4-sp-d16 -Os -fmessage-length=0 -fsigned-char -ffunction-sections -fdata-sections -ffreestanding -fno-builtin  -g3 -DCPU_MCIMX7D_M4 -DARM_MATH_CM4 -D__DEBUG -I"/home/fdsa/eclipse-workspace/test_gpio_giovanni/sources" -I"/home/fdsa/eclipse-workspace/test_gpio_giovanni/sources/examples/imx7_colibri_m4" -I/home/fdsa/eclipse-workspace/test_gpio_giovanni/sources/platform/CMSIS/Include -I"/home/fdsa/eclipse-workspace/test_gpio_giovanni/sources/platform/devices" -I"/home/fdsa/eclipse-workspace/test_gpio_giovanni/sources/platform/devices/MCIMX7D/startup" -I"/home/fdsa/eclipse-workspace/test_gpio_giovanni/sources/platform/devices/MCIMX7D/include" -I"/home/fdsa/eclipse-workspace/test_gpio_giovanni/sources/platform/utilities/inc" -I"/home/fdsa/eclipse-workspace/test_gpio_giovanni/sources/platform/drivers/inc" -std=gnu11 -MMD -MP -MF"sources/platform/drivers/src/i2c_imx.d" -MT"sources/platform/drivers/src/i2c_imx.o" -c -o "sources/platform/drivers/src/i2c_imx.o" "../sources/platform/drivers/src/i2c_imx.c"
Finished building: ../sources/platform/drivers/src/i2c_imx.c
 
Building file: ../sources/platform/drivers/src/lmem.c
Invoking: GNU Arm Cross C Compiler
arm-none-eabi-gcc -mcpu=cortex-m4 -mthumb -mfloat-abi=hard -mfpu=fpv4-sp-d16 -Os -fmessage-length=0 -fsigned-char -ffunction-sections -fdata-sections -ffreestanding -fno-builtin  -g3 -DCPU_MCIMX7D_M4 -DARM_MATH_CM4 -D__DEBUG -I"/home/fdsa/eclipse-workspace/test_gpio_giovanni/sources" -I"/home/fdsa/eclipse-workspace/test_gpio_giovanni/sources/examples/imx7_colibri_m4" -I/home/fdsa/eclipse-workspace/test_gpio_giovanni/sources/platform/CMSIS/Include -I"/home/fdsa/eclipse-workspace/test_gpio_giovanni/sources/platform/devices" -I"/home/fdsa/eclipse-workspace/test_gpio_giovanni/sources/platform/devices/MCIMX7D/startup" -I"/home/fdsa/eclipse-workspace/test_gpio_giovanni/sources/platform/devices/MCIMX7D/include" -I"/home/fdsa/eclipse-workspace/test_gpio_giovanni/sources/platform/utilities/inc" -I"/home/fdsa/eclipse-workspace/test_gpio_giovanni/sources/platform/drivers/inc" -std=gnu11 -MMD -MP -MF"sources/platform/drivers/src/lmem.d" -MT"sources/platform/drivers/src/lmem.o" -c -o "sources/platform/drivers/src/lmem.o" "../sources/platform/drivers/src/lmem.c"
Finished building: ../sources/platform/drivers/src/lmem.c
 
Building file: ../sources/platform/drivers/src/mu_imx.c
Invoking: GNU Arm Cross C Compiler
arm-none-eabi-gcc -mcpu=cortex-m4 -mthumb -mfloat-abi=hard -mfpu=fpv4-sp-d16 -Os -fmessage-length=0 -fsigned-char -ffunction-sections -fdata-sections -ffreestanding -fno-builtin  -g3 -DCPU_MCIMX7D_M4 -DARM_MATH_CM4 -D__DEBUG -I"/home/fdsa/eclipse-workspace/test_gpio_giovanni/sources" -I"/home/fdsa/eclipse-workspace/test_gpio_giovanni/sources/examples/imx7_colibri_m4" -I/home/fdsa/eclipse-workspace/test_gpio_giovanni/sources/platform/CMSIS/Include -I"/home/fdsa/eclipse-workspace/test_gpio_giovanni/sources/platform/devices" -I"/home/fdsa/eclipse-workspace/test_gpio_giovanni/sources/platform/devices/MCIMX7D/startup" -I"/home/fdsa/eclipse-workspace/test_gpio_giovanni/sources/platform/devices/MCIMX7D/include" -I"/home/fdsa/eclipse-workspace/test_gpio_giovanni/sources/platform/utilities/inc" -I"/home/fdsa/eclipse-workspace/test_gpio_giovanni/sources/platform/drivers/inc" -std=gnu11 -MMD -MP -MF"sources/platform/drivers/src/mu_imx.d" -MT"sources/platform/drivers/src/mu_imx.o" -c -o "sources/platform/drivers/src/mu_imx.o" "../sources/platform/drivers/src/mu_imx.c"
Finished building: ../sources/platform/drivers/src/mu_imx.c
 
Building file: ../sources/platform/drivers/src/rdc.c
Invoking: GNU Arm Cross C Compiler
arm-none-eabi-gcc -mcpu=cortex-m4 -mthumb -mfloat-abi=hard -mfpu=fpv4-sp-d16 -Os -fmessage-length=0 -fsigned-char -ffunction-sections -fdata-sections -ffreestanding -fno-builtin  -g3 -DCPU_MCIMX7D_M4 -DARM_MATH_CM4 -D__DEBUG -I"/home/fdsa/eclipse-workspace/test_gpio_giovanni/sources" -I"/home/fdsa/eclipse-workspace/test_gpio_giovanni/sources/examples/imx7_colibri_m4" -I/home/fdsa/eclipse-workspace/test_gpio_giovanni/sources/platform/CMSIS/Include -I"/home/fdsa/eclipse-workspace/test_gpio_giovanni/sources/platform/devices" -I"/home/fdsa/eclipse-workspace/test_gpio_giovanni/sources/platform/devices/MCIMX7D/startup" -I"/home/fdsa/eclipse-workspace/test_gpio_giovanni/sources/platform/devices/MCIMX7D/include" -I"/home/fdsa/eclipse-workspace/test_gpio_giovanni/sources/platform/utilities/inc" -I"/home/fdsa/eclipse-workspace/test_gpio_giovanni/sources/platform/drivers/inc" -std=gnu11 -MMD -MP -MF"sources/platform/drivers/src/rdc.d" -MT"sources/platform/drivers/src/rdc.o" -c -o "sources/platform/drivers/src/rdc.o" "../sources/platform/drivers/src/rdc.c"
Finished building: ../sources/platform/drivers/src/rdc.c
 
Building file: ../sources/platform/drivers/src/rdc_semaphore.c
Invoking: GNU Arm Cross C Compiler
arm-none-eabi-gcc -mcpu=cortex-m4 -mthumb -mfloat-abi=hard -mfpu=fpv4-sp-d16 -Os -fmessage-length=0 -fsigned-char -ffunction-sections -fdata-sections -ffreestanding -fno-builtin  -g3 -DCPU_MCIMX7D_M4 -DARM_MATH_CM4 -D__DEBUG -I"/home/fdsa/eclipse-workspace/test_gpio_giovanni/sources" -I"/home/fdsa/eclipse-workspace/test_gpio_giovanni/sources/examples/imx7_colibri_m4" -I/home/fdsa/eclipse-workspace/test_gpio_giovanni/sources/platform/CMSIS/Include -I"/home/fdsa/eclipse-workspace/test_gpio_giovanni/sources/platform/devices" -I"/home/fdsa/eclipse-workspace/test_gpio_giovanni/sources/platform/devices/MCIMX7D/startup" -I"/home/fdsa/eclipse-workspace/test_gpio_giovanni/sources/platform/devices/MCIMX7D/include" -I"/home/fdsa/eclipse-workspace/test_gpio_giovanni/sources/platform/utilities/inc" -I"/home/fdsa/eclipse-workspace/test_gpio_giovanni/sources/platform/drivers/inc" -std=gnu11 -MMD -MP -MF"sources/platform/drivers/src/rdc_semaphore.d" -MT"sources/platform/drivers/src/rdc_semaphore.o" -c -o "sources/platform/drivers/src/rdc_semaphore.o" "../sources/platform/drivers/src/rdc_semaphore.c"
Finished building: ../sources/platform/drivers/src/rdc_semaphore.c
 
Building file: ../sources/platform/drivers/src/sema4.c
Invoking: GNU Arm Cross C Compiler
arm-none-eabi-gcc -mcpu=cortex-m4 -mthumb -mfloat-abi=hard -mfpu=fpv4-sp-d16 -Os -fmessage-length=0 -fsigned-char -ffunction-sections -fdata-sections -ffreestanding -fno-builtin  -g3 -DCPU_MCIMX7D_M4 -DARM_MATH_CM4 -D__DEBUG -I"/home/fdsa/eclipse-workspace/test_gpio_giovanni/sources" -I"/home/fdsa/eclipse-workspace/test_gpio_giovanni/sources/examples/imx7_colibri_m4" -I/home/fdsa/eclipse-workspace/test_gpio_giovanni/sources/platform/CMSIS/Include -I"/home/fdsa/eclipse-workspace/test_gpio_giovanni/sources/platform/devices" -I"/home/fdsa/eclipse-workspace/test_gpio_giovanni/sources/platform/devices/MCIMX7D/startup" -I"/home/fdsa/eclipse-workspace/test_gpio_giovanni/sources/platform/devices/MCIMX7D/include" -I"/home/fdsa/eclipse-workspace/test_gpio_giovanni/sources/platform/utilities/inc" -I"/home/fdsa/eclipse-workspace/test_gpio_giovanni/sources/platform/drivers/inc" -std=gnu11 -MMD -MP -MF"sources/platform/drivers/src/sema4.d" -MT"sources/platform/drivers/src/sema4.o" -c -o "sources/platform/drivers/src/sema4.o" "../sources/platform/drivers/src/sema4.c"
Finished building: ../sources/platform/drivers/src/sema4.c
 
Building file: ../sources/platform/drivers/src/uart_imx.c
Invoking: GNU Arm Cross C Compiler
arm-none-eabi-gcc -mcpu=cortex-m4 -mthumb -mfloat-abi=hard -mfpu=fpv4-sp-d16 -Os -fmessage-length=0 -fsigned-char -ffunction-sections -fdata-sections -ffreestanding -fno-builtin  -g3 -DCPU_MCIMX7D_M4 -DARM_MATH_CM4 -D__DEBUG -I"/home/fdsa/eclipse-workspace/test_gpio_giovanni/sources" -I"/home/fdsa/eclipse-workspace/test_gpio_giovanni/sources/examples/imx7_colibri_m4" -I/home/fdsa/eclipse-workspace/test_gpio_giovanni/sources/platform/CMSIS/Include -I"/home/fdsa/eclipse-workspace/test_gpio_giovanni/sources/platform/devices" -I"/home/fdsa/eclipse-workspace/test_gpio_giovanni/sources/platform/devices/MCIMX7D/startup" -I"/home/fdsa/eclipse-workspace/test_gpio_giovanni/sources/platform/devices/MCIMX7D/include" -I"/home/fdsa/eclipse-workspace/test_gpio_giovanni/sources/platform/utilities/inc" -I"/home/fdsa/eclipse-workspace/test_gpio_giovanni/sources/platform/drivers/inc" -std=gnu11 -MMD -MP -MF"sources/platform/drivers/src/uart_imx.d" -MT"sources/platform/drivers/src/uart_imx.o" -c -o "sources/platform/drivers/src/uart_imx.o" "../sources/platform/drivers/src/uart_imx.c"
Finished building: ../sources/platform/drivers/src/uart_imx.c
 
Building file: ../sources/platform/drivers/src/wdog_imx.c
Invoking: GNU Arm Cross C Compiler
arm-none-eabi-gcc -mcpu=cortex-m4 -mthumb -mfloat-abi=hard -mfpu=fpv4-sp-d16 -Os -fmessage-length=0 -fsigned-char -ffunction-sections -fdata-sections -ffreestanding -fno-builtin  -g3 -DCPU_MCIMX7D_M4 -DARM_MATH_CM4 -D__DEBUG -I"/home/fdsa/eclipse-workspace/test_gpio_giovanni/sources" -I"/home/fdsa/eclipse-workspace/test_gpio_giovanni/sources/examples/imx7_colibri_m4" -I/home/fdsa/eclipse-workspace/test_gpio_giovanni/sources/platform/CMSIS/Include -I"/home/fdsa/eclipse-workspace/test_gpio_giovanni/sources/platform/devices" -I"/home/fdsa/eclipse-workspace/test_gpio_giovanni/sources/platform/devices/MCIMX7D/startup" -I"/home/fdsa/eclipse-workspace/test_gpio_giovanni/sources/platform/devices/MCIMX7D/include" -I"/home/fdsa/eclipse-workspace/test_gpio_giovanni/sources/platform/utilities/inc" -I"/home/fdsa/eclipse-workspace/test_gpio_giovanni/sources/platform/drivers/inc" -std=gnu11 -MMD -MP -MF"sources/platform/drivers/src/wdog_imx.d" -MT"sources/platform/drivers/src/wdog_imx.o" -c -o "sources/platform/drivers/src/wdog_imx.o" "../sources/platform/drivers/src/wdog_imx.c"
Finished building: ../sources/platform/drivers/src/wdog_imx.c
 
Building file: ../sources/platform/devices/MCIMX7D/startup/system_MCIMX7D_M4.c
Invoking: GNU Arm Cross C Compiler
arm-none-eabi-gcc -mcpu=cortex-m4 -mthumb -mfloat-abi=hard -mfpu=fpv4-sp-d16 -Os -fmessage-length=0 -fsigned-char -ffunction-sections -fdata-sections -ffreestanding -fno-builtin  -g3 -DCPU_MCIMX7D_M4 -DARM_MATH_CM4 -D__DEBUG -I"/home/fdsa/eclipse-workspace/test_gpio_giovanni/sources" -I"/home/fdsa/eclipse-workspace/test_gpio_giovanni/sources/examples/imx7_colibri_m4" -I/home/fdsa/eclipse-workspace/test_gpio_giovanni/sources/platform/CMSIS/Include -I"/home/fdsa/eclipse-workspace/test_gpio_giovanni/sources/platform/devices" -I"/home/fdsa/eclipse-workspace/test_gpio_giovanni/sources/platform/devices/MCIMX7D/startup" -I"/home/fdsa/eclipse-workspace/test_gpio_giovanni/sources/platform/devices/MCIMX7D/include" -I"/home/fdsa/eclipse-workspace/test_gpio_giovanni/sources/platform/utilities/inc" -I"/home/fdsa/eclipse-workspace/test_gpio_giovanni/sources/platform/drivers/inc" -std=gnu11 -MMD -MP -MF"sources/platform/devices/MCIMX7D/startup/system_MCIMX7D_M4.d" -MT"sources/platform/devices/MCIMX7D/startup/system_MCIMX7D_M4.o" -c -o "sources/platform/devices/MCIMX7D/startup/system_MCIMX7D_M4.o" "../sources/platform/devices/MCIMX7D/startup/system_MCIMX7D_M4.c"
Finished building: ../sources/platform/devices/MCIMX7D/startup/system_MCIMX7D_M4.c
 
Building file: ../sources/examples/imx7_colibri_m4/board.c
Invoking: GNU Arm Cross C Compiler
arm-none-eabi-gcc -mcpu=cortex-m4 -mthumb -mfloat-abi=hard -mfpu=fpv4-sp-d16 -Os -fmessage-length=0 -fsigned-char -ffunction-sections -fdata-sections -ffreestanding -fno-builtin  -g3 -DCPU_MCIMX7D_M4 -DARM_MATH_CM4 -D__DEBUG -I"/home/fdsa/eclipse-workspace/test_gpio_giovanni/sources" -I"/home/fdsa/eclipse-workspace/test_gpio_giovanni/sources/examples/imx7_colibri_m4" -I/home/fdsa/eclipse-workspace/test_gpio_giovanni/sources/platform/CMSIS/Include -I"/home/fdsa/eclipse-workspace/test_gpio_giovanni/sources/platform/devices" -I"/home/fdsa/eclipse-workspace/test_gpio_giovanni/sources/platform/devices/MCIMX7D/startup" -I"/home/fdsa/eclipse-workspace/test_gpio_giovanni/sources/platform/devices/MCIMX7D/include" -I"/home/fdsa/eclipse-workspace/test_gpio_giovanni/sources/platform/utilities/inc" -I"/home/fdsa/eclipse-workspace/test_gpio_giovanni/sources/platform/drivers/inc" -std=gnu11 -MMD -MP -MF"sources/examples/imx7_colibri_m4/board.d" -MT"sources/examples/imx7_colibri_m4/board.o" -c -o "sources/examples/imx7_colibri_m4/board.o" "../sources/examples/imx7_colibri_m4/board.c"
Finished building: ../sources/examples/imx7_colibri_m4/board.c
 
Building file: ../sources/examples/imx7_colibri_m4/clock_freq.c
Invoking: GNU Arm Cross C Compiler
arm-none-eabi-gcc -mcpu=cortex-m4 -mthumb -mfloat-abi=hard -mfpu=fpv4-sp-d16 -Os -fmessage-length=0 -fsigned-char -ffunction-sections -fdata-sections -ffreestanding -fno-builtin  -g3 -DCPU_MCIMX7D_M4 -DARM_MATH_CM4 -D__DEBUG -I"/home/fdsa/eclipse-workspace/test_gpio_giovanni/sources" -I"/home/fdsa/eclipse-workspace/test_gpio_giovanni/sources/examples/imx7_colibri_m4" -I/home/fdsa/eclipse-workspace/test_gpio_giovanni/sources/platform/CMSIS/Include -I"/home/fdsa/eclipse-workspace/test_gpio_giovanni/sources/platform/devices" -I"/home/fdsa/eclipse-workspace/test_gpio_giovanni/sources/platform/devices/MCIMX7D/startup" -I"/home/fdsa/eclipse-workspace/test_gpio_giovanni/sources/platform/devices/MCIMX7D/include" -I"/home/fdsa/eclipse-workspace/test_gpio_giovanni/sources/platform/utilities/inc" -I"/home/fdsa/eclipse-workspace/test_gpio_giovanni/sources/platform/drivers/inc" -std=gnu11 -MMD -MP -MF"sources/examples/imx7_colibri_m4/clock_freq.d" -MT"sources/examples/imx7_colibri_m4/clock_freq.o" -c -o "sources/examples/imx7_colibri_m4/clock_freq.o" "../sources/examples/imx7_colibri_m4/clock_freq.c"
Finished building: ../sources/examples/imx7_colibri_m4/clock_freq.c
 
Building file: ../sources/examples/imx7_colibri_m4/gpio_pins.c
Invoking: GNU Arm Cross C Compiler
arm-none-eabi-gcc -mcpu=cortex-m4 -mthumb -mfloat-abi=hard -mfpu=fpv4-sp-d16 -Os -fmessage-length=0 -fsigned-char -ffunction-sections -fdata-sections -ffreestanding -fno-builtin  -g3 -DCPU_MCIMX7D_M4 -DARM_MATH_CM4 -D__DEBUG -I"/home/fdsa/eclipse-workspace/test_gpio_giovanni/sources" -I"/home/fdsa/eclipse-workspace/test_gpio_giovanni/sources/examples/imx7_colibri_m4" -I/home/fdsa/eclipse-workspace/test_gpio_giovanni/sources/platform/CMSIS/Include -I"/home/fdsa/eclipse-workspace/test_gpio_giovanni/sources/platform/devices" -I"/home/fdsa/eclipse-workspace/test_gpio_giovanni/sources/platform/devices/MCIMX7D/startup" -I"/home/fdsa/eclipse-workspace/test_gpio_giovanni/sources/platform/devices/MCIMX7D/include" -I"/home/fdsa/eclipse-workspace/test_gpio_giovanni/sources/platform/utilities/inc" -I"/home/fdsa/eclipse-workspace/test_gpio_giovanni/sources/platform/drivers/inc" -std=gnu11 -MMD -MP -MF"sources/examples/imx7_colibri_m4/gpio_pins.d" -MT"sources/examples/imx7_colibri_m4/gpio_pins.o" -c -o "sources/examples/imx7_colibri_m4/gpio_pins.o" "../sources/examples/imx7_colibri_m4/gpio_pins.c"
Finished building: ../sources/examples/imx7_colibri_m4/gpio_pins.c
 
Building file: ../sources/examples/imx7_colibri_m4/pin_mux.c
Invoking: GNU Arm Cross C Compiler
arm-none-eabi-gcc -mcpu=cortex-m4 -mthumb -mfloat-abi=hard -mfpu=fpv4-sp-d16 -Os -fmessage-length=0 -fsigned-char -ffunction-sections -fdata-sections -ffreestanding -fno-builtin  -g3 -DCPU_MCIMX7D_M4 -DARM_MATH_CM4 -D__DEBUG -I"/home/fdsa/eclipse-workspace/test_gpio_giovanni/sources" -I"/home/fdsa/eclipse-workspace/test_gpio_giovanni/sources/examples/imx7_colibri_m4" -I/home/fdsa/eclipse-workspace/test_gpio_giovanni/sources/platform/CMSIS/Include -I"/home/fdsa/eclipse-workspace/test_gpio_giovanni/sources/platform/devices" -I"/home/fdsa/eclipse-workspace/test_gpio_giovanni/sources/platform/devices/MCIMX7D/startup" -I"/home/fdsa/eclipse-workspace/test_gpio_giovanni/sources/platform/devices/MCIMX7D/include" -I"/home/fdsa/eclipse-workspace/test_gpio_giovanni/sources/platform/utilities/inc" -I"/home/fdsa/eclipse-workspace/test_gpio_giovanni/sources/platform/drivers/inc" -std=gnu11 -MMD -MP -MF"sources/examples/imx7_colibri_m4/pin_mux.d" -MT"sources/examples/imx7_colibri_m4/pin_mux.o" -c -o "sources/examples/imx7_colibri_m4/pin_mux.o" "../sources/examples/imx7_colibri_m4/pin_mux.c"
Finished building: ../sources/examples/imx7_colibri_m4/pin_mux.c
 
Building file: ../sources/hardware_init.c
Invoking: GNU Arm Cross C Compiler
arm-none-eabi-gcc -mcpu=cortex-m4 -mthumb -mfloat-abi=hard -mfpu=fpv4-sp-d16 -Os -fmessage-length=0 -fsigned-char -ffunction-sections -fdata-sections -ffreestanding -fno-builtin  -g3 -DCPU_MCIMX7D_M4 -DARM_MATH_CM4 -D__DEBUG -I"/home/fdsa/eclipse-workspace/test_gpio_giovanni/sources" -I"/home/fdsa/eclipse-workspace/test_gpio_giovanni/sources/examples/imx7_colibri_m4" -I/home/fdsa/eclipse-workspace/test_gpio_giovanni/sources/platform/CMSIS/Include -I"/home/fdsa/eclipse-workspace/test_gpio_giovanni/sources/platform/devices" -I"/home/fdsa/eclipse-workspace/test_gpio_giovanni/sources/platform/devices/MCIMX7D/startup" -I"/home/fdsa/eclipse-workspace/test_gpio_giovanni/sources/platform/devices/MCIMX7D/include" -I"/home/fdsa/eclipse-workspace/test_gpio_giovanni/sources/platform/utilities/inc" -I"/home/fdsa/eclipse-workspace/test_gpio_giovanni/sources/platform/drivers/inc" -std=gnu11 -MMD -MP -MF"sources/hardware_init.d" -MT"sources/hardware_init.o" -c -o "sources/hardware_init.o" "../sources/hardware_init.c"
Finished building: ../sources/hardware_init.c
 
Building file: ../sources/main.c
Invoking: GNU Arm Cross C Compiler
arm-none-eabi-gcc -mcpu=cortex-m4 -mthumb -mfloat-abi=hard -mfpu=fpv4-sp-d16 -Os -fmessage-length=0 -fsigned-char -ffunction-sections -fdata-sections -ffreestanding -fno-builtin  -g3 -DCPU_MCIMX7D_M4 -DARM_MATH_CM4 -D__DEBUG -I"/home/fdsa/eclipse-workspace/test_gpio_giovanni/sources" -I"/home/fdsa/eclipse-workspace/test_gpio_giovanni/sources/examples/imx7_colibri_m4" -I/home/fdsa/eclipse-workspace/test_gpio_giovanni/sources/platform/CMSIS/Include -I"/home/fdsa/eclipse-workspace/test_gpio_giovanni/sources/platform/devices" -I"/home/fdsa/eclipse-workspace/test_gpio_giovanni/sources/platform/devices/MCIMX7D/startup" -I"/home/fdsa/eclipse-workspace/test_gpio_giovanni/sources/platform/devices/MCIMX7D/include" -I"/home/fdsa/eclipse-workspace/test_gpio_giovanni/sources/platform/utilities/inc" -I"/home/fdsa/eclipse-workspace/test_gpio_giovanni/sources/platform/drivers/inc" -std=gnu11 -MMD -MP -MF"sources/main.d" -MT"sources/main.o" -c -o "sources/main.o" "../sources/main.c"
Finished building: ../sources/main.c
 
Building target: test_gpio_giovanni.elf
Invoking: GNU Arm Cross C Linker
arm-none-eabi-gcc -mcpu=cortex-m4 -mthumb -mfloat-abi=hard -mfpu=fpv4-sp-d16 -Os -fmessage-length=0 -fsigned-char -ffunction-sections -fdata-sections -ffreestanding -fno-builtin  -g3 -T "MCIMX7D_M4_tcm.ld" -Xlinker --gc-sections -L/home/fdsa/eclipse-workspace/test_gpio_giovanni/sources/platform/devices/MCIMX7D/linker/gcc -Wl,-Map,"test_gpio_giovanni.map" --specs=nano.specs --specs=nosys.specs -o "test_gpio_giovanni.elf"  ./sources/platform/utilities/src/debug_console_imx.o ./sources/platform/utilities/src/print_scan.o  ./sources/platform/drivers/src/adc_imx7d.o ./sources/platform/drivers/src/ccm_analog_imx7d.o ./sources/platform/drivers/src/ccm_imx7d.o ./sources/platform/drivers/src/ecspi.o ./sources/platform/drivers/src/flexcan.o ./sources/platform/drivers/src/gpio_imx.o ./sources/platform/drivers/src/gpt.o ./sources/platform/drivers/src/i2c_imx.o ./sources/platform/drivers/src/lmem.o ./sources/platform/drivers/src/mu_imx.o ./sources/platform/drivers/src/rdc.o ./sources/platform/drivers/src/rdc_semaphore.o ./sources/platform/drivers/src/sema4.o ./sources/platform/drivers/src/uart_imx.o ./sources/platform/drivers/src/wdog_imx.o  ./sources/platform/devices/MCIMX7D/startup/gcc/startup_MCIMX7D_M4.o  ./sources/platform/devices/MCIMX7D/startup/system_MCIMX7D_M4.o  ./sources/platform/CMSIS/DSP_Lib/Source/TransformFunctions/arm_bitreversal.o ./sources/platform/CMSIS/DSP_Lib/Source/TransformFunctions/arm_bitreversal2.o ./sources/platform/CMSIS/DSP_Lib/Source/TransformFunctions/arm_cfft_f32.o ./sources/platform/CMSIS/DSP_Lib/Source/TransformFunctions/arm_cfft_q15.o ./sources/platform/CMSIS/DSP_Lib/Source/TransformFunctions/arm_cfft_q31.o ./sources/platform/CMSIS/DSP_Lib/Source/TransformFunctions/arm_cfft_radix2_f32.o ./sources/platform/CMSIS/DSP_Lib/Source/TransformFunctions/arm_cfft_radix2_init_f32.o ./sources/platform/CMSIS/DSP_Lib/Source/TransformFunctions/arm_cfft_radix2_init_q15.o ./sources/platform/CMSIS/DSP_Lib/Source/TransformFunctions/arm_cfft_radix2_init_q31.o ./sources/platform/CMSIS/DSP_Lib/Source/TransformFunctions/arm_cfft_radix2_q15.o ./sources/platform/CMSIS/DSP_Lib/Source/TransformFunctions/arm_cfft_radix2_q31.o ./sources/platform/CMSIS/DSP_Lib/Source/TransformFunctions/arm_cfft_radix4_f32.o ./sources/platform/CMSIS/DSP_Lib/Source/TransformFunctions/arm_cfft_radix4_init_f32.o ./sources/platform/CMSIS/DSP_Lib/Source/TransformFunctions/arm_cfft_radix4_init_q15.o ./sources/platform/CMSIS/DSP_Lib/Source/TransformFunctions/arm_cfft_radix4_init_q31.o ./sources/platform/CMSIS/DSP_Lib/Source/TransformFunctions/arm_cfft_radix4_q15.o ./sources/platform/CMSIS/DSP_Lib/Source/TransformFunctions/arm_cfft_radix4_q31.o ./sources/platform/CMSIS/DSP_Lib/Source/TransformFunctions/arm_cfft_radix8_f32.o ./sources/platform/CMSIS/DSP_Lib/Source/TransformFunctions/arm_dct4_f32.o ./sources/platform/CMSIS/DSP_Lib/Source/TransformFunctions/arm_dct4_init_f32.o ./sources/platform/CMSIS/DSP_Lib/Source/TransformFunctions/arm_dct4_init_q15.o ./sources/platform/CMSIS/DSP_Lib/Source/TransformFunctions/arm_dct4_init_q31.o ./sources/platform/CMSIS/DSP_Lib/Source/TransformFunctions/arm_dct4_q15.o ./sources/platform/CMSIS/DSP_Lib/Source/TransformFunctions/arm_dct4_q31.o ./sources/platform/CMSIS/DSP_Lib/Source/TransformFunctions/arm_rfft_f32.o ./sources/platform/CMSIS/DSP_Lib/Source/TransformFunctions/arm_rfft_fast_f32.o ./sources/platform/CMSIS/DSP_Lib/Source/TransformFunctions/arm_rfft_fast_init_f32.o ./sources/platform/CMSIS/DSP_Lib/Source/TransformFunctions/arm_rfft_init_f32.o ./sources/platform/CMSIS/DSP_Lib/Source/TransformFunctions/arm_rfft_init_q15.o ./sources/platform/CMSIS/DSP_Lib/Source/TransformFunctions/arm_rfft_init_q31.o ./sources/platform/CMSIS/DSP_Lib/Source/TransformFunctions/arm_rfft_q15.o ./sources/platform/CMSIS/DSP_Lib/Source/TransformFunctions/arm_rfft_q31.o  ./sources/platform/CMSIS/DSP_Lib/Source/SupportFunctions/arm_copy_f32.o ./sources/platform/CMSIS/DSP_Lib/Source/SupportFunctions/arm_copy_q15.o ./sources/platform/CMSIS/DSP_Lib/Source/SupportFunctions/arm_copy_q31.o ./sources/platform/CMSIS/DSP_Lib/Source/SupportFunctions/arm_copy_q7.o ./sources/platform/CMSIS/DSP_Lib/Source/SupportFunctions/arm_fill_f32.o ./sources/platform/CMSIS/DSP_Lib/Source/SupportFunctions/arm_fill_q15.o ./sources/platform/CMSIS/DSP_Lib/Source/SupportFunctions/arm_fill_q31.o ./sources/platform/CMSIS/DSP_Lib/Source/SupportFunctions/arm_fill_q7.o ./sources/platform/CMSIS/DSP_Lib/Source/SupportFunctions/arm_float_to_q15.o ./sources/platform/CMSIS/DSP_Lib/Source/SupportFunctions/arm_float_to_q31.o ./sources/platform/CMSIS/DSP_Lib/Source/SupportFunctions/arm_float_to_q7.o ./sources/platform/CMSIS/DSP_Lib/Source/SupportFunctions/arm_q15_to_float.o ./sources/platform/CMSIS/DSP_Lib/Source/SupportFunctions/arm_q15_to_q31.o ./sources/platform/CMSIS/DSP_Lib/Source/SupportFunctions/arm_q15_to_q7.o ./sources/platform/CMSIS/DSP_Lib/Source/SupportFunctions/arm_q31_to_float.o ./sources/platform/CMSIS/DSP_Lib/Source/SupportFunctions/arm_q31_to_q15.o ./sources/platform/CMSIS/DSP_Lib/Source/SupportFunctions/arm_q31_to_q7.o ./sources/platform/CMSIS/DSP_Lib/Source/SupportFunctions/arm_q7_to_float.o ./sources/platform/CMSIS/DSP_Lib/Source/SupportFunctions/arm_q7_to_q15.o ./sources/platform/CMSIS/DSP_Lib/Source/SupportFunctions/arm_q7_to_q31.o  ./sources/platform/CMSIS/DSP_Lib/Source/StatisticsFunctions/arm_max_f32.o ./sources/platform/CMSIS/DSP_Lib/Source/StatisticsFunctions/arm_max_q15.o ./sources/platform/CMSIS/DSP_Lib/Source/StatisticsFunctions/arm_max_q31.o ./sources/platform/CMSIS/DSP_Lib/Source/StatisticsFunctions/arm_max_q7.o ./sources/platform/CMSIS/DSP_Lib/Source/StatisticsFunctions/arm_mean_f32.o ./sources/platform/CMSIS/DSP_Lib/Source/StatisticsFunctions/arm_mean_q15.o ./sources/platform/CMSIS/DSP_Lib/Source/StatisticsFunctions/arm_mean_q31.o ./sources/platform/CMSIS/DSP_Lib/Source/StatisticsFunctions/arm_mean_q7.o ./sources/platform/CMSIS/DSP_Lib/Source/StatisticsFunctions/arm_min_f32.o ./sources/platform/CMSIS/DSP_Lib/Source/StatisticsFunctions/arm_min_q15.o ./sources/platform/CMSIS/DSP_Lib/Source/StatisticsFunctions/arm_min_q31.o ./sources/platform/CMSIS/DSP_Lib/Source/StatisticsFunctions/arm_min_q7.o ./sources/platform/CMSIS/DSP_Lib/Source/StatisticsFunctions/arm_power_f32.o ./sources/platform/CMSIS/DSP_Lib/Source/StatisticsFunctions/arm_power_q15.o ./sources/platform/CMSIS/DSP_Lib/Source/StatisticsFunctions/arm_power_q31.o ./sources/platform/CMSIS/DSP_Lib/Source/StatisticsFunctions/arm_power_q7.o ./sources/platform/CMSIS/DSP_Lib/Source/StatisticsFunctions/arm_rms_f32.o ./sources/platform/CMSIS/DSP_Lib/Source/StatisticsFunctions/arm_rms_q15.o ./sources/platform/CMSIS/DSP_Lib/Source/StatisticsFunctions/arm_rms_q31.o ./sources/platform/CMSIS/DSP_Lib/Source/StatisticsFunctions/arm_std_f32.o ./sources/platform/CMSIS/DSP_Lib/Source/StatisticsFunctions/arm_std_q15.o ./sources/platform/CMSIS/DSP_Lib/Source/StatisticsFunctions/arm_std_q31.o ./sources/platform/CMSIS/DSP_Lib/Source/StatisticsFunctions/arm_var_f32.o ./sources/platform/CMSIS/DSP_Lib/Source/StatisticsFunctions/arm_var_q15.o ./sources/platform/CMSIS/DSP_Lib/Source/StatisticsFunctions/arm_var_q31.o  ./sources/platform/CMSIS/DSP_Lib/Source/MatrixFunctions/arm_mat_add_f32.o ./sources/platform/CMSIS/DSP_Lib/Source/MatrixFunctions/arm_mat_add_q15.o ./sources/platform/CMSIS/DSP_Lib/Source/MatrixFunctions/arm_mat_add_q31.o ./sources/platform/CMSIS/DSP_Lib/Source/MatrixFunctions/arm_mat_cmplx_mult_f32.o ./sources/platform/CMSIS/DSP_Lib/Source/MatrixFunctions/arm_mat_cmplx_mult_q15.o ./sources/platform/CMSIS/DSP_Lib/Source/MatrixFunctions/arm_mat_cmplx_mult_q31.o ./sources/platform/CMSIS/DSP_Lib/Source/MatrixFunctions/arm_mat_init_f32.o ./sources/platform/CMSIS/DSP_Lib/Source/MatrixFunctions/arm_mat_init_q15.o ./sources/platform/CMSIS/DSP_Lib/Source/MatrixFunctions/arm_mat_init_q31.o ./sources/platform/CMSIS/DSP_Lib/Source/MatrixFunctions/arm_mat_inverse_f32.o ./sources/platform/CMSIS/DSP_Lib/Source/MatrixFunctions/arm_mat_inverse_f64.o ./sources/platform/CMSIS/DSP_Lib/Source/MatrixFunctions/arm_mat_mult_f32.o ./sources/platform/CMSIS/DSP_Lib/Source/MatrixFunctions/arm_mat_mult_fast_q15.o ./sources/platform/CMSIS/DSP_Lib/Source/MatrixFunctions/arm_mat_mult_fast_q31.o ./sources/platform/CMSIS/DSP_Lib/Source/MatrixFunctions/arm_mat_mult_q15.o ./sources/platform/CMSIS/DSP_Lib/Source/MatrixFunctions/arm_mat_mult_q31.o ./sources/platform/CMSIS/DSP_Lib/Source/MatrixFunctions/arm_mat_scale_f32.o ./sources/platform/CMSIS/DSP_Lib/Source/MatrixFunctions/arm_mat_scale_q15.o ./sources/platform/CMSIS/DSP_Lib/Source/MatrixFunctions/arm_mat_scale_q31.o ./sources/platform/CMSIS/DSP_Lib/Source/MatrixFunctions/arm_mat_sub_f32.o ./sources/platform/CMSIS/DSP_Lib/Source/MatrixFunctions/arm_mat_sub_q15.o ./sources/platform/CMSIS/DSP_Lib/Source/MatrixFunctions/arm_mat_sub_q31.o ./sources/platform/CMSIS/DSP_Lib/Source/MatrixFunctions/arm_mat_trans_f32.o ./sources/platform/CMSIS/DSP_Lib/Source/MatrixFunctions/arm_mat_trans_q15.o ./sources/platform/CMSIS/DSP_Lib/Source/MatrixFunctions/arm_mat_trans_q31.o  ./sources/platform/CMSIS/DSP_Lib/Source/FilteringFunctions/arm_biquad_cascade_df1_32x64_init_q31.o ./sources/platform/CMSIS/DSP_Lib/Source/FilteringFunctions/arm_biquad_cascade_df1_32x64_q31.o ./sources/platform/CMSIS/DSP_Lib/Source/FilteringFunctions/arm_biquad_cascade_df1_f32.o ./sources/platform/CMSIS/DSP_Lib/Source/FilteringFunctions/arm_biquad_cascade_df1_fast_q15.o ./sources/platform/CMSIS/DSP_Lib/Source/FilteringFunctions/arm_biquad_cascade_df1_fast_q31.o ./sources/platform/CMSIS/DSP_Lib/Source/FilteringFunctions/arm_biquad_cascade_df1_init_f32.o ./sources/platform/CMSIS/DSP_Lib/Source/FilteringFunctions/arm_biquad_cascade_df1_init_q15.o ./sources/platform/CMSIS/DSP_Lib/Source/FilteringFunctions/arm_biquad_cascade_df1_init_q31.o ./sources/platform/CMSIS/DSP_Lib/Source/FilteringFunctions/arm_biquad_cascade_df1_q15.o ./sources/platform/CMSIS/DSP_Lib/Source/FilteringFunctions/arm_biquad_cascade_df1_q31.o ./sources/platform/CMSIS/DSP_Lib/Source/FilteringFunctions/arm_biquad_cascade_df2T_f32.o ./sources/platform/CMSIS/DSP_Lib/Source/FilteringFunctions/arm_biquad_cascade_df2T_f64.o ./sources/platform/CMSIS/DSP_Lib/Source/FilteringFunctions/arm_biquad_cascade_df2T_init_f32.o ./sources/platform/CMSIS/DSP_Lib/Source/FilteringFunctions/arm_biquad_cascade_df2T_init_f64.o ./sources/platform/CMSIS/DSP_Lib/Source/FilteringFunctions/arm_biquad_cascade_stereo_df2T_f32.o ./sources/platform/CMSIS/DSP_Lib/Source/FilteringFunctions/arm_biquad_cascade_stereo_df2T_init_f32.o ./sources/platform/CMSIS/DSP_Lib/Source/FilteringFunctions/arm_conv_f32.o ./sources/platform/CMSIS/DSP_Lib/Source/FilteringFunctions/arm_conv_fast_opt_q15.o ./sources/platform/CMSIS/DSP_Lib/Source/FilteringFunctions/arm_conv_fast_q15.o ./sources/platform/CMSIS/DSP_Lib/Source/FilteringFunctions/arm_conv_fast_q31.o ./sources/platform/CMSIS/DSP_Lib/Source/FilteringFunctions/arm_conv_opt_q15.o ./sources/platform/CMSIS/DSP_Lib/Source/FilteringFunctions/arm_conv_opt_q7.o ./sources/platform/CMSIS/DSP_Lib/Source/FilteringFunctions/arm_conv_partial_f32.o ./sources/platform/CMSIS/DSP_Lib/Source/FilteringFunctions/arm_conv_partial_fast_opt_q15.o ./sources/platform/CMSIS/DSP_Lib/Source/FilteringFunctions/arm_conv_partial_fast_q15.o ./sources/platform/CMSIS/DSP_Lib/Source/FilteringFunctions/arm_conv_partial_fast_q31.o ./sources/platform/CMSIS/DSP_Lib/Source/FilteringFunctions/arm_conv_partial_opt_q15.o ./sources/platform/CMSIS/DSP_Lib/Source/FilteringFunctions/arm_conv_partial_opt_q7.o ./sources/platform/CMSIS/DSP_Lib/Source/FilteringFunctions/arm_conv_partial_q15.o ./sources/platform/CMSIS/DSP_Lib/Source/FilteringFunctions/arm_conv_partial_q31.o ./sources/platform/CMSIS/DSP_Lib/Source/FilteringFunctions/arm_conv_partial_q7.o ./sources/platform/CMSIS/DSP_Lib/Source/FilteringFunctions/arm_conv_q15.o ./sources/platform/CMSIS/DSP_Lib/Source/FilteringFunctions/arm_conv_q31.o ./sources/platform/CMSIS/DSP_Lib/Source/FilteringFunctions/arm_conv_q7.o ./sources/platform/CMSIS/DSP_Lib/Source/FilteringFunctions/arm_correlate_f32.o ./sources/platform/CMSIS/DSP_Lib/Source/FilteringFunctions/arm_correlate_fast_opt_q15.o ./sources/platform/CMSIS/DSP_Lib/Source/FilteringFunctions/arm_correlate_fast_q15.o ./sources/platform/CMSIS/DSP_Lib/Source/FilteringFunctions/arm_correlate_fast_q31.o ./sources/platform/CMSIS/DSP_Lib/Source/FilteringFunctions/arm_correlate_opt_q15.o ./sources/platform/CMSIS/DSP_Lib/Source/FilteringFunctions/arm_correlate_opt_q7.o ./sources/platform/CMSIS/DSP_Lib/Source/FilteringFunctions/arm_correlate_q15.o ./sources/platform/CMSIS/DSP_Lib/Source/FilteringFunctions/arm_correlate_q31.o ./sources/platform/CMSIS/DSP_Lib/Source/FilteringFunctions/arm_correlate_q7.o ./sources/platform/CMSIS/DSP_Lib/Source/FilteringFunctions/arm_fir_decimate_f32.o ./sources/platform/CMSIS/DSP_Lib/Source/FilteringFunctions/arm_fir_decimate_fast_q15.o ./sources/platform/CMSIS/DSP_Lib/Source/FilteringFunctions/arm_fir_decimate_fast_q31.o ./sources/platform/CMSIS/DSP_Lib/Source/FilteringFunctions/arm_fir_decimate_init_f32.o ./sources/platform/CMSIS/DSP_Lib/Source/FilteringFunctions/arm_fir_decimate_init_q15.o ./sources/platform/CMSIS/DSP_Lib/Source/FilteringFunctions/arm_fir_decimate_init_q31.o ./sources/platform/CMSIS/DSP_Lib/Source/FilteringFunctions/arm_fir_decimate_q15.o ./sources/platform/CMSIS/DSP_Lib/Source/FilteringFunctions/arm_fir_decimate_q31.o ./sources/platform/CMSIS/DSP_Lib/Source/FilteringFunctions/arm_fir_f32.o ./sources/platform/CMSIS/DSP_Lib/Source/FilteringFunctions/arm_fir_fast_q15.o ./sources/platform/CMSIS/DSP_Lib/Source/FilteringFunctions/arm_fir_fast_q31.o ./sources/platform/CMSIS/DSP_Lib/Source/FilteringFunctions/arm_fir_init_f32.o ./sources/platform/CMSIS/DSP_Lib/Source/FilteringFunctions/arm_fir_init_q15.o ./sources/platform/CMSIS/DSP_Lib/Source/FilteringFunctions/arm_fir_init_q31.o ./sources/platform/CMSIS/DSP_Lib/Source/FilteringFunctions/arm_fir_init_q7.o ./sources/platform/CMSIS/DSP_Lib/Source/FilteringFunctions/arm_fir_interpolate_f32.o ./sources/platform/CMSIS/DSP_Lib/Source/FilteringFunctions/arm_fir_interpolate_init_f32.o ./sources/platform/CMSIS/DSP_Lib/Source/FilteringFunctions/arm_fir_interpolate_init_q15.o ./sources/platform/CMSIS/DSP_Lib/Source/FilteringFunctions/arm_fir_interpolate_init_q31.o ./sources/platform/CMSIS/DSP_Lib/Source/FilteringFunctions/arm_fir_interpolate_q15.o ./sources/platform/CMSIS/DSP_Lib/Source/FilteringFunctions/arm_fir_interpolate_q31.o ./sources/platform/CMSIS/DSP_Lib/Source/FilteringFunctions/arm_fir_lattice_f32.o ./sources/platform/CMSIS/DSP_Lib/Source/FilteringFunctions/arm_fir_lattice_init_f32.o ./sources/platform/CMSIS/DSP_Lib/Source/FilteringFunctions/arm_fir_lattice_init_q15.o ./sources/platform/CMSIS/DSP_Lib/Source/FilteringFunctions/arm_fir_lattice_init_q31.o ./sources/platform/CMSIS/DSP_Lib/Source/FilteringFunctions/arm_fir_lattice_q15.o ./sources/platform/CMSIS/DSP_Lib/Source/FilteringFunctions/arm_fir_lattice_q31.o ./sources/platform/CMSIS/DSP_Lib/Source/FilteringFunctions/arm_fir_q15.o ./sources/platform/CMSIS/DSP_Lib/Source/FilteringFunctions/arm_fir_q31.o ./sources/platform/CMSIS/DSP_Lib/Source/FilteringFunctions/arm_fir_q7.o ./sources/platform/CMSIS/DSP_Lib/Source/FilteringFunctions/arm_fir_sparse_f32.o ./sources/platform/CMSIS/DSP_Lib/Source/FilteringFunctions/arm_fir_sparse_init_f32.o ./sources/platform/CMSIS/DSP_Lib/Source/FilteringFunctions/arm_fir_sparse_init_q15.o ./sources/platform/CMSIS/DSP_Lib/Source/FilteringFunctions/arm_fir_sparse_init_q31.o ./sources/platform/CMSIS/DSP_Lib/Source/FilteringFunctions/arm_fir_sparse_init_q7.o ./sources/platform/CMSIS/DSP_Lib/Source/FilteringFunctions/arm_fir_sparse_q15.o ./sources/platform/CMSIS/DSP_Lib/Source/FilteringFunctions/arm_fir_sparse_q31.o ./sources/platform/CMSIS/DSP_Lib/Source/FilteringFunctions/arm_fir_sparse_q7.o ./sources/platform/CMSIS/DSP_Lib/Source/FilteringFunctions/arm_iir_lattice_f32.o ./sources/platform/CMSIS/DSP_Lib/Source/FilteringFunctions/arm_iir_lattice_init_f32.o ./sources/platform/CMSIS/DSP_Lib/Source/FilteringFunctions/arm_iir_lattice_init_q15.o ./sources/platform/CMSIS/DSP_Lib/Source/FilteringFunctions/arm_iir_lattice_init_q31.o ./sources/platform/CMSIS/DSP_Lib/Source/FilteringFunctions/arm_iir_lattice_q15.o ./sources/platform/CMSIS/DSP_Lib/Source/FilteringFunctions/arm_iir_lattice_q31.o ./sources/platform/CMSIS/DSP_Lib/Source/FilteringFunctions/arm_lms_f32.o ./sources/platform/CMSIS/DSP_Lib/Source/FilteringFunctions/arm_lms_init_f32.o ./sources/platform/CMSIS/DSP_Lib/Source/FilteringFunctions/arm_lms_init_q15.o ./sources/platform/CMSIS/DSP_Lib/Source/FilteringFunctions/arm_lms_init_q31.o ./sources/platform/CMSIS/DSP_Lib/Source/FilteringFunctions/arm_lms_norm_f32.o ./sources/platform/CMSIS/DSP_Lib/Source/FilteringFunctions/arm_lms_norm_init_f32.o ./sources/platform/CMSIS/DSP_Lib/Source/FilteringFunctions/arm_lms_norm_init_q15.o ./sources/platform/CMSIS/DSP_Lib/Source/FilteringFunctions/arm_lms_norm_init_q31.o ./sources/platform/CMSIS/DSP_Lib/Source/FilteringFunctions/arm_lms_norm_q15.o ./sources/platform/CMSIS/DSP_Lib/Source/FilteringFunctions/arm_lms_norm_q31.o ./sources/platform/CMSIS/DSP_Lib/Source/FilteringFunctions/arm_lms_q15.o ./sources/platform/CMSIS/DSP_Lib/Source/FilteringFunctions/arm_lms_q31.o  ./sources/platform/CMSIS/DSP_Lib/Source/FastMathFunctions/arm_cos_f32.o ./sources/platform/CMSIS/DSP_Lib/Source/FastMathFunctions/arm_cos_q15.o ./sources/platform/CMSIS/DSP_Lib/Source/FastMathFunctions/arm_cos_q31.o ./sources/platform/CMSIS/DSP_Lib/Source/FastMathFunctions/arm_sin_f32.o ./sources/platform/CMSIS/DSP_Lib/Source/FastMathFunctions/arm_sin_q15.o ./sources/platform/CMSIS/DSP_Lib/Source/FastMathFunctions/arm_sin_q31.o ./sources/platform/CMSIS/DSP_Lib/Source/FastMathFunctions/arm_sqrt_q15.o ./sources/platform/CMSIS/DSP_Lib/Source/FastMathFunctions/arm_sqrt_q31.o  ./sources/platform/CMSIS/DSP_Lib/Source/ControllerFunctions/arm_pid_init_f32.o ./sources/platform/CMSIS/DSP_Lib/Source/ControllerFunctions/arm_pid_init_q15.o ./sources/platform/CMSIS/DSP_Lib/Source/ControllerFunctions/arm_pid_init_q31.o ./sources/platform/CMSIS/DSP_Lib/Source/ControllerFunctions/arm_pid_reset_f32.o ./sources/platform/CMSIS/DSP_Lib/Source/ControllerFunctions/arm_pid_reset_q15.o ./sources/platform/CMSIS/DSP_Lib/Source/ControllerFunctions/arm_pid_reset_q31.o ./sources/platform/CMSIS/DSP_Lib/Source/ControllerFunctions/arm_sin_cos_f32.o ./sources/platform/CMSIS/DSP_Lib/Source/ControllerFunctions/arm_sin_cos_q31.o  ./sources/platform/CMSIS/DSP_Lib/Source/ComplexMathFunctions/arm_cmplx_conj_f32.o ./sources/platform/CMSIS/DSP_Lib/Source/ComplexMathFunctions/arm_cmplx_conj_q15.o ./sources/platform/CMSIS/DSP_Lib/Source/ComplexMathFunctions/arm_cmplx_conj_q31.o ./sources/platform/CMSIS/DSP_Lib/Source/ComplexMathFunctions/arm_cmplx_dot_prod_f32.o ./sources/platform/CMSIS/DSP_Lib/Source/ComplexMathFunctions/arm_cmplx_dot_prod_q15.o ./sources/platform/CMSIS/DSP_Lib/Source/ComplexMathFunctions/arm_cmplx_dot_prod_q31.o ./sources/platform/CMSIS/DSP_Lib/Source/ComplexMathFunctions/arm_cmplx_mag_f32.o ./sources/platform/CMSIS/DSP_Lib/Source/ComplexMathFunctions/arm_cmplx_mag_q15.o ./sources/platform/CMSIS/DSP_Lib/Source/ComplexMathFunctions/arm_cmplx_mag_q31.o ./sources/platform/CMSIS/DSP_Lib/Source/ComplexMathFunctions/arm_cmplx_mag_squared_f32.o ./sources/platform/CMSIS/DSP_Lib/Source/ComplexMathFunctions/arm_cmplx_mag_squared_q15.o ./sources/platform/CMSIS/DSP_Lib/Source/ComplexMathFunctions/arm_cmplx_mag_squared_q31.o ./sources/platform/CMSIS/DSP_Lib/Source/ComplexMathFunctions/arm_cmplx_mult_cmplx_f32.o ./sources/platform/CMSIS/DSP_Lib/Source/ComplexMathFunctions/arm_cmplx_mult_cmplx_q15.o ./sources/platform/CMSIS/DSP_Lib/Source/ComplexMathFunctions/arm_cmplx_mult_cmplx_q31.o ./sources/platform/CMSIS/DSP_Lib/Source/ComplexMathFunctions/arm_cmplx_mult_real_f32.o ./sources/platform/CMSIS/DSP_Lib/Source/ComplexMathFunctions/arm_cmplx_mult_real_q15.o ./sources/platform/CMSIS/DSP_Lib/Source/ComplexMathFunctions/arm_cmplx_mult_real_q31.o  ./sources/platform/CMSIS/DSP_Lib/Source/CommonTables/arm_common_tables.o ./sources/platform/CMSIS/DSP_Lib/Source/CommonTables/arm_const_structs.o  ./sources/platform/CMSIS/DSP_Lib/Source/BasicMathFunctions/arm_abs_f32.o ./sources/platform/CMSIS/DSP_Lib/Source/BasicMathFunctions/arm_abs_q15.o ./sources/platform/CMSIS/DSP_Lib/Source/BasicMathFunctions/arm_abs_q31.o ./sources/platform/CMSIS/DSP_Lib/Source/BasicMathFunctions/arm_abs_q7.o ./sources/platform/CMSIS/DSP_Lib/Source/BasicMathFunctions/arm_add_f32.o ./sources/platform/CMSIS/DSP_Lib/Source/BasicMathFunctions/arm_add_q15.o ./sources/platform/CMSIS/DSP_Lib/Source/BasicMathFunctions/arm_add_q31.o ./sources/platform/CMSIS/DSP_Lib/Source/BasicMathFunctions/arm_add_q7.o ./sources/platform/CMSIS/DSP_Lib/Source/BasicMathFunctions/arm_dot_prod_f32.o ./sources/platform/CMSIS/DSP_Lib/Source/BasicMathFunctions/arm_dot_prod_q15.o ./sources/platform/CMSIS/DSP_Lib/Source/BasicMathFunctions/arm_dot_prod_q31.o ./sources/platform/CMSIS/DSP_Lib/Source/BasicMathFunctions/arm_dot_prod_q7.o ./sources/platform/CMSIS/DSP_Lib/Source/BasicMathFunctions/arm_mult_f32.o ./sources/platform/CMSIS/DSP_Lib/Source/BasicMathFunctions/arm_mult_q15.o ./sources/platform/CMSIS/DSP_Lib/Source/BasicMathFunctions/arm_mult_q31.o ./sources/platform/CMSIS/DSP_Lib/Source/BasicMathFunctions/arm_mult_q7.o ./sources/platform/CMSIS/DSP_Lib/Source/BasicMathFunctions/arm_negate_f32.o ./sources/platform/CMSIS/DSP_Lib/Source/BasicMathFunctions/arm_negate_q15.o ./sources/platform/CMSIS/DSP_Lib/Source/BasicMathFunctions/arm_negate_q31.o ./sources/platform/CMSIS/DSP_Lib/Source/BasicMathFunctions/arm_negate_q7.o ./sources/platform/CMSIS/DSP_Lib/Source/BasicMathFunctions/arm_offset_f32.o ./sources/platform/CMSIS/DSP_Lib/Source/BasicMathFunctions/arm_offset_q15.o ./sources/platform/CMSIS/DSP_Lib/Source/BasicMathFunctions/arm_offset_q31.o ./sources/platform/CMSIS/DSP_Lib/Source/BasicMathFunctions/arm_offset_q7.o ./sources/platform/CMSIS/DSP_Lib/Source/BasicMathFunctions/arm_scale_f32.o ./sources/platform/CMSIS/DSP_Lib/Source/BasicMathFunctions/arm_scale_q15.o ./sources/platform/CMSIS/DSP_Lib/Source/BasicMathFunctions/arm_scale_q31.o ./sources/platform/CMSIS/DSP_Lib/Source/BasicMathFunctions/arm_scale_q7.o ./sources/platform/CMSIS/DSP_Lib/Source/BasicMathFunctions/arm_shift_q15.o ./sources/platform/CMSIS/DSP_Lib/Source/BasicMathFunctions/arm_shift_q31.o ./sources/platform/CMSIS/DSP_Lib/Source/BasicMathFunctions/arm_shift_q7.o ./sources/platform/CMSIS/DSP_Lib/Source/BasicMathFunctions/arm_sub_f32.o ./sources/platform/CMSIS/DSP_Lib/Source/BasicMathFunctions/arm_sub_q15.o ./sources/platform/CMSIS/DSP_Lib/Source/BasicMathFunctions/arm_sub_q31.o ./sources/platform/CMSIS/DSP_Lib/Source/BasicMathFunctions/arm_sub_q7.o  ./sources/examples/imx7_colibri_m4/board.o ./sources/examples/imx7_colibri_m4/clock_freq.o ./sources/examples/imx7_colibri_m4/gpio_pins.o ./sources/examples/imx7_colibri_m4/pin_mux.o  ./sources/hardware_init.o ./sources/main.o   
Finished building target: test_gpio_giovanni.elf
 
Invoking: GNU Arm Cross Create Flash Image
arm-none-eabi-objcopy -O binary "test_gpio_giovanni.elf"  "test_gpio_giovanni.bin"
Finished building: test_gpio_giovanni.bin
 
Invoking: GNU Arm Cross Print Size
arm-none-eabi-size --format=berkeley "test_gpio_giovanni.elf"
   text	   data	    bss	    dec	    hex	filename
  10056	    136	   2128	  12320	   3020	test_gpio_giovanni.elf
Finished building: test_gpio_giovanni.siz
 

17:59:07 Build Finished. 0 errors, 0 warnings. (took 5s.899ms)

