Archive member included to satisfy reference by file (symbol)

/home/fdsa/sdk/gcc-arm-none-eabi-10-2020-q4-major/bin/../lib/gcc/arm-none-eabi/10.2.1/../../../../arm-none-eabi/lib/thumb/v7e-m+fp/hard/libc_nano.a(lib_a-assert.o)
                              CMakeFiles/button_press_log.dir/home/fdsa/Desktop/Tirocinio/2021_03_17/to_python_2021_03_16/middleware/multicore/open-amp/porting/env/freertos/rpmsg_porting.c.obj (__assert_func)
/home/fdsa/sdk/gcc-arm-none-eabi-10-2020-q4-major/bin/../lib/gcc/arm-none-eabi/10.2.1/../../../../arm-none-eabi/lib/thumb/v7e-m+fp/hard/libc_nano.a(lib_a-exit.o)
                              /home/fdsa/sdk/gcc-arm-none-eabi-10-2020-q4-major/bin/../lib/gcc/arm-none-eabi/10.2.1/../../../../arm-none-eabi/lib/thumb/v7e-m+fp/hard/crt0.o (exit)
/home/fdsa/sdk/gcc-arm-none-eabi-10-2020-q4-major/bin/../lib/gcc/arm-none-eabi/10.2.1/../../../../arm-none-eabi/lib/thumb/v7e-m+fp/hard/libc_nano.a(lib_a-fprintf.o)
                              /home/fdsa/sdk/gcc-arm-none-eabi-10-2020-q4-major/bin/../lib/gcc/arm-none-eabi/10.2.1/../../../../arm-none-eabi/lib/thumb/v7e-m+fp/hard/libc_nano.a(lib_a-assert.o) (fiprintf)
/home/fdsa/sdk/gcc-arm-none-eabi-10-2020-q4-major/bin/../lib/gcc/arm-none-eabi/10.2.1/../../../../arm-none-eabi/lib/thumb/v7e-m+fp/hard/libc_nano.a(lib_a-impure.o)
                              /home/fdsa/sdk/gcc-arm-none-eabi-10-2020-q4-major/bin/../lib/gcc/arm-none-eabi/10.2.1/../../../../arm-none-eabi/lib/thumb/v7e-m+fp/hard/libc_nano.a(lib_a-exit.o) (_global_impure_ptr)
/home/fdsa/sdk/gcc-arm-none-eabi-10-2020-q4-major/bin/../lib/gcc/arm-none-eabi/10.2.1/../../../../arm-none-eabi/lib/thumb/v7e-m+fp/hard/libc_nano.a(lib_a-init.o)
                              /home/fdsa/sdk/gcc-arm-none-eabi-10-2020-q4-major/bin/../lib/gcc/arm-none-eabi/10.2.1/../../../../arm-none-eabi/lib/thumb/v7e-m+fp/hard/crt0.o (__libc_init_array)
/home/fdsa/sdk/gcc-arm-none-eabi-10-2020-q4-major/bin/../lib/gcc/arm-none-eabi/10.2.1/../../../../arm-none-eabi/lib/thumb/v7e-m+fp/hard/libc_nano.a(lib_a-memcpy-stub.o)
                              CMakeFiles/button_press_log.dir/home/fdsa/Desktop/Tirocinio/2021_03_17/to_python_2021_03_16/middleware/multicore/open-amp/porting/env/freertos/rpmsg_porting.c.obj (memcpy)
/home/fdsa/sdk/gcc-arm-none-eabi-10-2020-q4-major/bin/../lib/gcc/arm-none-eabi/10.2.1/../../../../arm-none-eabi/lib/thumb/v7e-m+fp/hard/libc_nano.a(lib_a-memset.o)
                              /home/fdsa/sdk/gcc-arm-none-eabi-10-2020-q4-major/bin/../lib/gcc/arm-none-eabi/10.2.1/../../../../arm-none-eabi/lib/thumb/v7e-m+fp/hard/crt0.o (memset)
/home/fdsa/sdk/gcc-arm-none-eabi-10-2020-q4-major/bin/../lib/gcc/arm-none-eabi/10.2.1/../../../../arm-none-eabi/lib/thumb/v7e-m+fp/hard/libc_nano.a(lib_a-nano-vfprintf.o)
                              /home/fdsa/sdk/gcc-arm-none-eabi-10-2020-q4-major/bin/../lib/gcc/arm-none-eabi/10.2.1/../../../../arm-none-eabi/lib/thumb/v7e-m+fp/hard/libc_nano.a(lib_a-fprintf.o) (_vfprintf_r)
/home/fdsa/sdk/gcc-arm-none-eabi-10-2020-q4-major/bin/../lib/gcc/arm-none-eabi/10.2.1/../../../../arm-none-eabi/lib/thumb/v7e-m+fp/hard/libc_nano.a(lib_a-nano-vfprintf_i.o)
                              /home/fdsa/sdk/gcc-arm-none-eabi-10-2020-q4-major/bin/../lib/gcc/arm-none-eabi/10.2.1/../../../../arm-none-eabi/lib/thumb/v7e-m+fp/hard/libc_nano.a(lib_a-nano-vfprintf.o) (_printf_i)
/home/fdsa/sdk/gcc-arm-none-eabi-10-2020-q4-major/bin/../lib/gcc/arm-none-eabi/10.2.1/../../../../arm-none-eabi/lib/thumb/v7e-m+fp/hard/libc_nano.a(lib_a-snprintf.o)
                              CMakeFiles/button_press_log.dir/home/fdsa/Desktop/Tirocinio/2021_03_17/to_python_2021_03_16/examples/imx7_colibri_m4/demo_apps/rpmsg/gpio_freertos/main.c.obj (snprintf)
/home/fdsa/sdk/gcc-arm-none-eabi-10-2020-q4-major/bin/../lib/gcc/arm-none-eabi/10.2.1/../../../../arm-none-eabi/lib/thumb/v7e-m+fp/hard/libc_nano.a(lib_a-strcmp.o)
                              CMakeFiles/button_press_log.dir/home/fdsa/Desktop/Tirocinio/2021_03_17/to_python_2021_03_16/middleware/multicore/open-amp/porting/env/freertos/rpmsg_porting.c.obj (strcmp)
/home/fdsa/sdk/gcc-arm-none-eabi-10-2020-q4-major/bin/../lib/gcc/arm-none-eabi/10.2.1/../../../../arm-none-eabi/lib/thumb/v7e-m+fp/hard/libc_nano.a(lib_a-strlen.o)
                              CMakeFiles/button_press_log.dir/home/fdsa/Desktop/Tirocinio/2021_03_17/to_python_2021_03_16/platform/utilities/src/print_scan.c.obj (strlen)
/home/fdsa/sdk/gcc-arm-none-eabi-10-2020-q4-major/bin/../lib/gcc/arm-none-eabi/10.2.1/../../../../arm-none-eabi/lib/thumb/v7e-m+fp/hard/libc_nano.a(lib_a-strncmp.o)
                              CMakeFiles/button_press_log.dir/home/fdsa/Desktop/Tirocinio/2021_03_17/to_python_2021_03_16/middleware/multicore/open-amp/porting/env/freertos/rpmsg_porting.c.obj (strncmp)
/home/fdsa/sdk/gcc-arm-none-eabi-10-2020-q4-major/bin/../lib/gcc/arm-none-eabi/10.2.1/../../../../arm-none-eabi/lib/thumb/v7e-m+fp/hard/libc_nano.a(lib_a-strncpy.o)
[...]
Memory Configuration

Name             Origin             Length             Attributes
m_interrupts     0x0000000000000000 0x0000000000000240 xr
m_text           0x0000000000910000 0x0000000000010000 xr
m_data           0x0000000020220000 0x0000000000020000 rw
*default*        0x0000000000000000 0xffffffffffffffff

Linker script and memory map

LOAD /home/fdsa/sdk/gcc-arm-none-eabi-10-2020-q4-major/bin/../lib/gcc/arm-none-eabi/10.2.1/thumb/v7e-m+fp/hard/crti.o
LOAD /home/fdsa/sdk/gcc-arm-none-eabi-10-2020-q4-major/bin/../lib/gcc/arm-none-eabi/10.2.1/thumb/v7e-m+fp/hard/crtbegin.o
LOAD /home/fdsa/sdk/gcc-arm-none-eabi-10-2020-q4-major/bin/../lib/gcc/arm-none-eabi/10.2.1/../../../../arm-none-eabi/lib/thumb/v7e-m+fp/hard/crt0.o
                0x0000000000000400                __stack_size__ = 0x400
                0x0000000000000200                __heap_size__ = 0x200
LOAD CMakeFiles/button_press_log.dir/home/fdsa/Desktop/Tirocinio/2021_03_17/to_python_2021_03_16/middleware/multicore/open-amp/common/hil/hil.c.obj
LOAD CMakeFiles/button_press_log.dir/home/fdsa/Desktop/Tirocinio/2021_03_17/to_python_2021_03_16/middleware/multicore/open-amp/common/llist/llist.c.obj
LOAD CMakeFiles/button_press_log.dir/home/fdsa/Desktop/Tirocinio/2021_03_17/to_python_2021_03_16/middleware/multicore/open-amp/common/shm/sh_mem.c.obj
LOAD CMakeFiles/button_press_log.dir/home/fdsa/Desktop/Tirocinio/2021_03_17/to_python_2021_03_16/middleware/multicore/open-amp/porting/config/config.c.obj
LOAD CMakeFiles/button_press_log.dir/home/fdsa/Desktop/Tirocinio/2021_03_17/to_python_2021_03_16/middleware/multicore/open-amp/porting/env/freertos/rpmsg_porting.c.obj
LOAD CMakeFiles/button_press_log.dir/home/fdsa/Desktop/Tirocinio/2021_03_17/to_python_2021_03_16/middleware/multicore/open-amp/porting/imx7d_m4/platform.c.obj
LOAD CMakeFiles/button_press_log.dir/home/fdsa/Desktop/Tirocinio/2021_03_17/to_python_2021_03_16/middleware/multicore/open-amp/porting/imx7d_m4/platform_info.c.obj
LOAD CMakeFiles/button_press_log.dir/home/fdsa/Desktop/Tirocinio/2021_03_17/to_python_2021_03_16/middleware/multicore/open-amp/rpmsg/remote_device.c.obj
LOAD CMakeFiles/button_press_log.dir/home/fdsa/Desktop/Tirocinio/2021_03_17/to_python_2021_03_16/middleware/multicore/open-amp/rpmsg/rpmsg.c.obj
LOAD CMakeFiles/button_press_log.dir/home/fdsa/Desktop/Tirocinio/2021_03_17/to_python_2021_03_16/middleware/multicore/open-amp/rpmsg/rpmsg_core.c.obj
LOAD CMakeFiles/button_press_log.dir/home/fdsa/Desktop/Tirocinio/2021_03_17/to_python_2021_03_16/middleware/multicore/open-amp/rpmsg/rpmsg_ext.c.obj
LOAD CMakeFiles/button_press_log.dir/home/fdsa/Desktop/Tirocinio/2021_03_17/to_python_2021_03_16/middleware/multicore/open-amp/rpmsg/rpmsg_rtos.c.obj
LOAD CMakeFiles/button_press_log.dir/home/fdsa/Desktop/Tirocinio/2021_03_17/to_python_2021_03_16/middleware/multicore/open-amp/virtio/virtio.c.obj
LOAD CMakeFiles/button_press_log.dir/home/fdsa/Desktop/Tirocinio/2021_03_17/to_python_2021_03_16/middleware/multicore/open-amp/virtio/virtqueue.c.obj
LOAD CMakeFiles/button_press_log.dir/home/fdsa/Desktop/Tirocinio/2021_03_17/to_python_2021_03_16/platform/devices/MCIMX7D/startup/gcc/startup_MCIMX7D_M4.S.obj
LOAD CMakeFiles/button_press_log.dir/home/fdsa/Desktop/Tirocinio/2021_03_17/to_python_2021_03_16/platform/devices/MCIMX7D/startup/system_MCIMX7D_M4.c.obj
LOAD CMakeFiles/button_press_log.dir/home/fdsa/Desktop/Tirocinio/2021_03_17/to_python_2021_03_16/platform/drivers/src/ccm_analog_imx7d.c.obj
LOAD CMakeFiles/button_press_log.dir/home/fdsa/Desktop/Tirocinio/2021_03_17/to_python_2021_03_16/platform/drivers/src/ccm_imx7d.c.obj
LOAD CMakeFiles/button_press_log.dir/home/fdsa/Desktop/Tirocinio/2021_03_17/to_python_2021_03_16/platform/drivers/src/gpio_imx.c.obj
LOAD CMakeFiles/button_press_log.dir/home/fdsa/Desktop/Tirocinio/2021_03_17/to_python_2021_03_16/platform/drivers/src/lmem.c.obj
LOAD CMakeFiles/button_press_log.dir/home/fdsa/Desktop/Tirocinio/2021_03_17/to_python_2021_03_16/platform/drivers/src/mu_imx.c.obj
LOAD CMakeFiles/button_press_log.dir/home/fdsa/Desktop/Tirocinio/2021_03_17/to_python_2021_03_16/platform/drivers/src/rdc.c.obj
LOAD CMakeFiles/button_press_log.dir/home/fdsa/Desktop/Tirocinio/2021_03_17/to_python_2021_03_16/platform/drivers/src/rdc_semaphore.c.obj
LOAD CMakeFiles/button_press_log.dir/home/fdsa/Desktop/Tirocinio/2021_03_17/to_python_2021_03_16/platform/drivers/src/uart_imx.c.obj
LOAD CMakeFiles/button_press_log.dir/home/fdsa/Desktop/Tirocinio/2021_03_17/to_python_2021_03_16/platform/drivers/src/wdog_imx.c.obj
LOAD CMakeFiles/button_press_log.dir/home/fdsa/Desktop/Tirocinio/2021_03_17/to_python_2021_03_16/platform/utilities/src/debug_console_imx.c.obj
LOAD CMakeFiles/button_press_log.dir/home/fdsa/Desktop/Tirocinio/2021_03_17/to_python_2021_03_16/platform/utilities/src/print_scan.c.obj
LOAD CMakeFiles/button_press_log.dir/home/fdsa/Desktop/Tirocinio/2021_03_17/to_python_2021_03_16/rtos/FreeRTOS/Source/croutine.c.obj
LOAD CMakeFiles/button_press_log.dir/home/fdsa/Desktop/Tirocinio/2021_03_17/to_python_2021_03_16/rtos/FreeRTOS/Source/event_groups.c.obj
LOAD CMakeFiles/button_press_log.dir/home/fdsa/Desktop/Tirocinio/2021_03_17/to_python_2021_03_16/rtos/FreeRTOS/Source/list.c.obj
LOAD CMakeFiles/button_press_log.dir/home/fdsa/Desktop/Tirocinio/2021_03_17/to_python_2021_03_16/rtos/FreeRTOS/Source/portable/GCC/ARM_CM4F/port.c.obj
LOAD CMakeFiles/button_press_log.dir/home/fdsa/Desktop/Tirocinio/2021_03_17/to_python_2021_03_16/rtos/FreeRTOS/Source/portable/MemMang/heap_2.c.obj
LOAD CMakeFiles/button_press_log.dir/home/fdsa/Desktop/Tirocinio/2021_03_17/to_python_2021_03_16/rtos/FreeRTOS/Source/queue.c.obj
LOAD CMakeFiles/button_press_log.dir/home/fdsa/Desktop/Tirocinio/2021_03_17/to_python_2021_03_16/rtos/FreeRTOS/Source/tasks.c.obj
LOAD CMakeFiles/button_press_log.dir/home/fdsa/Desktop/Tirocinio/2021_03_17/to_python_2021_03_16/rtos/FreeRTOS/Source/timers.c.obj
LOAD CMakeFiles/button_press_log.dir/home/fdsa/Desktop/Tirocinio/2021_03_17/to_python_2021_03_16/examples/imx7_colibri_m4/board.c.obj
LOAD CMakeFiles/button_press_log.dir/home/fdsa/Desktop/Tirocinio/2021_03_17/to_python_2021_03_16/examples/imx7_colibri_m4/clock_freq.c.obj
LOAD CMakeFiles/button_press_log.dir/home/fdsa/Desktop/Tirocinio/2021_03_17/to_python_2021_03_16/examples/imx7_colibri_m4/gpio_pins.c.obj
LOAD CMakeFiles/button_press_log.dir/home/fdsa/Desktop/Tirocinio/2021_03_17/to_python_2021_03_16/examples/imx7_colibri_m4/pin_mux.c.obj
LOAD CMakeFiles/button_press_log.dir/home/fdsa/Desktop/Tirocinio/2021_03_17/to_python_2021_03_16/examples/imx7_colibri_m4/demo_apps/rpmsg/gpio_freertos/gpio_ctrl.c.obj
LOAD CMakeFiles/button_press_log.dir/home/fdsa/Desktop/Tirocinio/2021_03_17/to_python_2021_03_16/examples/imx7_colibri_m4/demo_apps/rpmsg/gpio_freertos/hardware_init.c.obj
LOAD CMakeFiles/button_press_log.dir/home/fdsa/Desktop/Tirocinio/2021_03_17/to_python_2021_03_16/examples/imx7_colibri_m4/demo_apps/rpmsg/gpio_freertos/main.c.obj
START GROUP
LOAD /home/fdsa/sdk/gcc-arm-none-eabi-10-2020-q4-major/bin/../lib/gcc/arm-none-eabi/10.2.1/../../../../arm-none-eabi/lib/thumb/v7e-m+fp/hard/libm.a
LOAD /home/fdsa/sdk/gcc-arm-none-eabi-10-2020-q4-major/bin/../lib/gcc/arm-none-eabi/10.2.1/../../../../arm-none-eabi/lib/thumb/v7e-m+fp/hard/libc_nano.a
LOAD /home/fdsa/sdk/gcc-arm-none-eabi-10-2020-q4-major/bin/../lib/gcc/arm-none-eabi/10.2.1/thumb/v7e-m+fp/hard/libgcc.a
LOAD /home/fdsa/sdk/gcc-arm-none-eabi-10-2020-q4-major/bin/../lib/gcc/arm-none-eabi/10.2.1/../../../../arm-none-eabi/lib/thumb/v7e-m+fp/hard/libnosys.a
END GROUP
START GROUP
LOAD /home/fdsa/sdk/gcc-arm-none-eabi-10-2020-q4-major/bin/../lib/gcc/arm-none-eabi/10.2.1/thumb/v7e-m+fp/hard/libgcc.a
LOAD /home/fdsa/sdk/gcc-arm-none-eabi-10-2020-q4-major/bin/../lib/gcc/arm-none-eabi/10.2.1/../../../../arm-none-eabi/lib/thumb/v7e-m+fp/hard/libg_nano.a
LOAD /home/fdsa/sdk/gcc-arm-none-eabi-10-2020-q4-major/bin/../lib/gcc/arm-none-eabi/10.2.1/../../../../arm-none-eabi/lib/thumb/v7e-m+fp/hard/libc_nano.a
END GROUP
START GROUP
LOAD /home/fdsa/sdk/gcc-arm-none-eabi-10-2020-q4-major/bin/../lib/gcc/arm-none-eabi/10.2.1/thumb/v7e-m+fp/hard/libgcc.a
LOAD /home/fdsa/sdk/gcc-arm-none-eabi-10-2020-q4-major/bin/../lib/gcc/arm-none-eabi/10.2.1/../../../../arm-none-eabi/lib/thumb/v7e-m+fp/hard/libc_nano.a
LOAD /home/fdsa/sdk/gcc-arm-none-eabi-10-2020-q4-major/bin/../lib/gcc/arm-none-eabi/10.2.1/../../../../arm-none-eabi/lib/thumb/v7e-m+fp/hard/libnosys.a
END GROUP
START GROUP
LOAD /home/fdsa/sdk/gcc-arm-none-eabi-10-2020-q4-major/bin/../lib/gcc/arm-none-eabi/10.2.1/thumb/v7e-m+fp/hard/libgcc.a
LOAD /home/fdsa/sdk/gcc-arm-none-eabi-10-2020-q4-major/bin/../lib/gcc/arm-none-eabi/10.2.1/../../../../arm-none-eabi/lib/thumb/v7e-m+fp/hard/libc_nano.a
LOAD /home/fdsa/sdk/gcc-arm-none-eabi-10-2020-q4-major/bin/../lib/gcc/arm-none-eabi/10.2.1/../../../../arm-none-eabi/lib/thumb/v7e-m+fp/hard/libnosys.a
END GROUP
LOAD /home/fdsa/sdk/gcc-arm-none-eabi-10-2020-q4-major/bin/../lib/gcc/arm-none-eabi/10.2.1/thumb/v7e-m+fp/hard/crtend.o
LOAD /home/fdsa/sdk/gcc-arm-none-eabi-10-2020-q4-major/bin/../lib/gcc/arm-none-eabi/10.2.1/thumb/v7e-m+fp/hard/crtn.o
                0x000000001fff8000                TCML_code = 0x1fff8000
                0x0000000020000000                TCMU_system = 0x20000000
                0x0000000000000000                OCRAM_S_code = 0x0
                0x0000000000180000                OCRAM_S_system = 0x180000
                0x0000000000900000                OCRAM_code = 0x900000
                0x0000000020200000                OCRAM_system = 0x20200000
                0x0000000000920000                OCRAM_EPDC_code = 0x920000
                0x0000000020220000                OCRAM_EPDC_system = 0x20220000
                0x0000000010000000                DDR_code = 0x10000000
                0x0000000080000000                DDR_system = 0x80000000
                0x0000000000000200                HEAP_SIZE = DEFINED (__heap_size__)?__heap_size__:0x400
                0x0000000000000400                STACK_SIZE = DEFINED (__stack_size__)?__stack_size__:0x400
                0x0000000000000000                __FLASH_START = ORIGIN (m_interrupts)
                0x0000000000920000                __FLASH_END = (ORIGIN (m_text) + LENGTH (m_text))

.interrupts     0x0000000000000000      0x240
                0x0000000000000000                __VECTOR_TABLE = .
                0x0000000000000000                . = ALIGN (0x4)
 *(.isr_vector)
 .isr_vector    0x0000000000000000      0x240 CMakeFiles/button_press_log.dir/home/fdsa/Desktop/Tirocinio/2021_03_17/to_python_2021_03_16/platform/devices/MCIMX7D/startup/gcc/startup_MCIMX7D_M4.S.obj
                0x0000000000000000                __isr_vector
                0x0000000000000240                . = ALIGN (0x4)

.text           0x0000000000910000     0x64b4
                0x0000000000910000                . = ALIGN (0x4)
 *(.text)
 .text          0x0000000000910000       0x40 /home/fdsa/sdk/gcc-arm-none-eabi-10-2020-q4-major/bin/../lib/gcc/arm-none-eabi/10.2.1/thumb/v7e-m+fp/hard/crtbegin.o
 .text          0x0000000000910040       0x7c /home/fdsa/sdk/gcc-arm-none-eabi-10-2020-q4-major/bin/../lib/gcc/arm-none-eabi/10.2.1/../../../../arm-none-eabi/lib/thumb/v7e-m+fp/hard/crt0.o
                0x0000000000910040                _stack_init
                0x0000000000910048                _mainCRTStartup
                0x0000000000910048                _start
 .text          0x00000000009100bc       0x24 CMakeFiles/button_press_log.dir/home/fdsa/Desktop/Tirocinio/2021_03_17/to_python_2021_03_16/platform/devices/MCIMX7D/startup/gcc/startup_MCIMX7D_M4.S.obj
                0x00000000009100bc                Reset_Handler
                0x00000000009100dc                ENET2_MAC0_TRANS1_Handler
                0x00000000009100dc                SAI3_Handler
                0x00000000009100dc                DebugMon_Handler
                0x00000000009100dc                USB_OH3_OTG2_1_Handler
                0x00000000009100dc                GPIO3_INT31_16_Handler
                0x00000000009100dc                eCSPI4_Handler
                0x00000000009100dc                SIM2_Handler
                0x00000000009100dc                FLEXCAN1_Handler
                0x00000000009100dc                UART3_Handler
                0x00000000009100dc                UART2_Handler
                0x00000000009100dc                GPIO1_INT3_Handler
                0x00000000009100dc                HardFault_Handler
                0x00000000009100dc                SNVS_SECURITY_Handler
                0x00000000009100dc                SEMA4_HS_M4_Handler
                0x00000000009100dc                GPIO6_INT31_16_Handler
                0x00000000009100dc                SRC_Handler
                0x00000000009100dc                GPT2_Handler
                0x00000000009100dc                CCM2_Handler
                0x00000000009100dc                I2C1_Handler
                0x00000000009100dc                CPU_CTI_Handler
                0x00000000009100dc                NMI_Handler
                0x00000000009100dc                SAI1_Handler
                0x00000000009100dc                ENET2_MAC0_IRQ_Handler
                0x00000000009100dc                KPP_Handler
                0x00000000009100dc                USB_OTG1_Handler
                0x00000000009100dc                MIPI_CSI_Handler
                0x00000000009100dc                WDOG4_Handler
                0x00000000009100dc                Reserved9_Handler
                0x00000000009100dc                QSPI_Handler
                0x00000000009100dc                CAAM_QUEUE_Handler
                0x00000000009100dc                GPIO2_INT15_0_Handler
                0x00000000009100dc                PCIE_CTRL4_Handler
                0x00000000009100dc                uSDHC2_Handler
                0x00000000009100dc                GPIO1_INT6_Handler
                0x00000000009100dc                PCIE_CTRL_REQUEST_Handler
                0x00000000009100dc                SCTR1_Handler
                0x00000000009100dc                RDC_Handler
                0x00000000009100dc                EPDC_Handler
                0x00000000009100dc                CCM1_Handler
                0x00000000009100dc                UsageFault_Handler
                0x00000000009100dc                ADC1_Handler
                0x00000000009100dc                GPIO1_INT0_Handler
                0x00000000009100dc                Analog_brown_out_Handler
                0x00000000009100dc                PXP2_Handler
                0x00000000009100dc                SEMA4_HS_A7_Handler
                0x00000000009100dc                RTIC_Handler
                0x00000000009100dc                DefaultISR
                0x00000000009100dc                GPIO6_INT15_0_Handler
                0x00000000009100dc                SCTR2_Handler
                0x00000000009100dc                WDOG3_Handler
                0x00000000009100dc                USB_OH2_OTG_Handler
                0x00000000009100dc                SAI2_Handler
                0x00000000009100dc                GPIO3_INT15_0_Handler
                0x00000000009100dc                FTM2_Handler
                0x00000000009100dc                eCSPI1_Handler
                0x00000000009100dc                GPC_Handler
                0x00000000009100dc                GPIO1_INT15_0_Handler
                0x00000000009100dc                UART1_Handler
                0x00000000009100dc                ENET1_MAC0_TRANS2_Handler
                0x00000000009100dc                eCSPI3_Handler
                0x00000000009100dc                BCH_Handler
                0x00000000009100dc                CAAM_ERROR_Handler
                0x00000000009100dc                Analog_TempSensor_Handler
                0x00000000009100dc                PXP1_Handler
                0x00000000009100dc                SNVS_Handler
                0x00000000009100dc                GPT4_Handler
                0x00000000009100dc                ENET2_MAC0_TRANS2_Handler
                0x00000000009100dc                GPMI_Handler
                0x00000000009100dc                I2C4_Handler
                0x00000000009100dc                CCM_SRC_GPC_Handler
                0x00000000009100dc                CPU_Handler
                0x00000000009100dc                UART4_Handler
                0x00000000009100dc                GPIO1_INT1_Handler
                0x00000000009100dc                uSDHC3_Handler
                0x00000000009100dc                EIM_Handler
                0x00000000009100dc                PWM1_Handler
                0x00000000009100dc                ENET2_1588_TIMER_IRQ_Handler
                0x00000000009100dc                UART6_Handler
                0x00000000009100dc                GPIO1_INT4_Handler
                0x00000000009100dc                GPIO1_INT31_16_Handler
                0x00000000009100dc                APBHDMA_Handler
                0x00000000009100dc                uSDHC1_Handler
                0x00000000009100dc                DBGMON_Handler
                0x00000000009100dc                UART7_Handler
                0x00000000009100dc                SDMA_Handler
                0x00000000009100dc                GPT1_Handler
                0x00000000009100dc                PWM3_Handler
                0x00000000009100dc                PCIE_CTRL2_Handler
                0x00000000009100dc                MemManage_Handler
                0x00000000009100dc                GPIO5_INT31_16_Handler
                0x00000000009100dc                TZASC1_Handler
                0x00000000009100dc                I2C2_Handler
                0x00000000009100dc                DAP_Handler
                0x00000000009100dc                GPIO4_INT15_0_Handler
                0x00000000009100dc                CSI_Handler
                0x00000000009100dc                eCSPI2_Handler
                0x00000000009100dc                ENET1_1588_TIMER_Handler
                0x00000000009100dc                WDOG2_Handler
                0x00000000009100dc                FLEXCAN2_Handler
                0x00000000009100dc                PCIE_CTRL1_Handler
                0x00000000009100dc                PCIE_CTRL3_Handler
                0x00000000009100dc                GPIO1_INT5_Handler
                0x00000000009100dc                CAAM_WRAPPER2_Handler
                0x00000000009100dc                SNVS_CONSOLIDATED_Handler
                0x00000000009100dc                CAAM_WRAPPER1_Handler
                0x00000000009100dc                GPIO4_INT31_16_Handler
                0x00000000009100dc                GPIO1_INT2_Handler
                0x00000000009100dc                LCDIF_Handler
                0x00000000009100dc                UART5_Handler
                0x00000000009100dc                PERFMON1_Handler
                0x00000000009100dc                GPIO1_INT7_Handler
                0x00000000009100dc                I2C3_Handler
                0x00000000009100dc                CSU_Handler
                0x00000000009100dc                MIPI_DSI_Handler
                0x00000000009100dc                PWM2_Handler
                0x00000000009100dc                GPR_Handler
                0x00000000009100dc                SIM1_Handler
                0x00000000009100dc                USB_OTG2_Handler
                0x00000000009100dc                ENET1_MAC0_TRANS1_Handler
                0x00000000009100dc                BusFault_Handler
                0x00000000009100dc                USB_OH3_OTG2_2_Handler
                0x00000000009100dc                ENET1_MAC0_Handler
                0x00000000009100dc                PERFMON2_Handler
                0x00000000009100dc                GPIO7_INT31_16_Handler
                0x00000000009100dc                PWM4_Handler
                0x00000000009100dc                GPIO2_INT31_16_Handler
                0x00000000009100dc                FTM1_Handler
                0x00000000009100dc                GPIO7_INT15_0_Handler
                0x00000000009100dc                WDOG1_Handler
                0x00000000009100dc                MU_A7_Handler
                0x00000000009100dc                ADC2_Handler
                0x00000000009100dc                TPR_Handler
 .text          0x00000000009100e0       0x10 /home/fdsa/sdk/gcc-arm-none-eabi-10-2020-q4-major/bin/../lib/gcc/arm-none-eabi/10.2.1/../../../../arm-none-eabi/lib/thumb/v7e-m+fp/hard/libc_nano.a(lib_a-strlen.o)
                0x00000000009100e0                strlen
 .text          0x00000000009100f0       0xa0 /home/fdsa/sdk/gcc-arm-none-eabi-10-2020-q4-major/bin/../lib/gcc/arm-none-eabi/10.2.1/../../../../arm-none-eabi/lib/thumb/v7e-m+fp/hard/libc_nano.a(lib_a-memchr.o)
                0x00000000009100f0                memchr
 *(.text*)
 .text.hil_create_proc
                0x0000000000910190       0x68 CMakeFiles/button_press_log.dir/home/fdsa/Desktop/Tirocinio/2021_03_17/to_python_2021_03_16/middleware/multicore/open-amp/common/hil/hil.c.obj
                0x0000000000910190                hil_create_proc
 .text.hil_isr  0x00000000009101f8        0xa CMakeFiles/button_press_log.dir/home/fdsa/Desktop/Tirocinio/2021_03_17/to_python_2021_03_16/middleware/multicore/open-amp/common/hil/hil.c.obj
                0x00000000009101f8                hil_isr
 .text.hil_get_chnl_info
                0x0000000000910202        0x8 CMakeFiles/button_press_log.dir/home/fdsa/Desktop/Tirocinio/2021_03_17/to_python_2021_03_16/middleware/multicore/open-amp/common/hil/hil.c.obj
                0x0000000000910202                hil_get_chnl_info
 .text.hil_get_vring_info
                0x000000000091020a        0x8 CMakeFiles/button_press_log.dir/home/fdsa/Desktop/Tirocinio/2021_03_17/to_python_2021_03_16/middleware/multicore/open-amp/common/hil/hil.c.obj
                0x000000000091020a                hil_get_vring_info
 .text.hil_get_shm_info
                0x0000000000910212        0x4 CMakeFiles/button_press_log.dir/home/fdsa/Desktop/Tirocinio/2021_03_17/to_python_2021_03_16/middleware/multicore/open-amp/common/hil/hil.c.obj
                0x0000000000910212                hil_get_shm_info
 .text.hil_enable_vring_notifications
                0x0000000000910216       0x22 CMakeFiles/button_press_log.dir/home/fdsa/Desktop/Tirocinio/2021_03_17/to_python_2021_03_16/middleware/multicore/open-amp/common/hil/hil.c.obj
                0x0000000000910216                hil_enable_vring_notifications
 .text.hil_vring_notify
                0x0000000000910238       0x1e CMakeFiles/button_press_log.dir/home/fdsa/Desktop/Tirocinio/2021_03_17/to_python_2021_03_16/middleware/multicore/open-amp/common/hil/hil.c.obj
                0x0000000000910238                hil_vring_notify
 .text.hil_get_status
                0x0000000000910256        0x4 CMakeFiles/button_press_log.dir/home/fdsa/Desktop/Tirocinio/2021_03_17/to_python_2021_03_16/middleware/multicore/open-amp/common/hil/hil.c.obj
                0x0000000000910256                hil_get_status
 .text.hil_set_status
                0x000000000091025a        0x4 CMakeFiles/button_press_log.dir/home/fdsa/Desktop/Tirocinio/2021_03_17/to_python_2021_03_16/middleware/multicore/open-amp/common/hil/hil.c.obj
                0x000000000091025a                hil_set_status
 .text.add_to_list
                0x000000000091025e       0x20 CMakeFiles/button_press_log.dir/home/fdsa/Desktop/Tirocinio/2021_03_17/to_python_2021_03_16/middleware/multicore/open-amp/common/llist/llist.c.obj
                0x000000000091025e                add_to_list
 .text.remove_from_list
                0x000000000091027e       0x24 CMakeFiles/button_press_log.dir/home/fdsa/Desktop/Tirocinio/2021_03_17/to_python_2021_03_16/middleware/multicore/open-amp/common/llist/llist.c.obj
                0x000000000091027e                remove_from_list
 .text.sh_mem_create_pool
                0x00000000009102a2       0x90 CMakeFiles/button_press_log.dir/home/fdsa/Desktop/Tirocinio/2021_03_17/to_python_2021_03_16/middleware/multicore/open-amp/common/shm/sh_mem.c.obj
                0x00000000009102a2                sh_mem_create_pool
 .text.sh_mem_free_buffer
                0x0000000000910332       0x56 CMakeFiles/button_press_log.dir/home/fdsa/Desktop/Tirocinio/2021_03_17/to_python_2021_03_16/middleware/multicore/open-amp/common/shm/sh_mem.c.obj
                0x0000000000910332                sh_mem_free_buffer
 .text.sh_mem_delete_pool
                0x0000000000910388       0x14 CMakeFiles/button_press_log.dir/home/fdsa/Desktop/Tirocinio/2021_03_17/to_python_2021_03_16/middleware/multicore/open-amp/common/shm/sh_mem.c.obj
                0x0000000000910388                sh_mem_delete_pool
 .text.get_first_zero_bit
                0x000000000091039c       0x50 CMakeFiles/button_press_log.dir/home/fdsa/Desktop/Tirocinio/2021_03_17/to_python_2021_03_16/middleware/multicore/open-amp/common/shm/sh_mem.c.obj
                0x000000000091039c                get_first_zero_bit
 .text.sh_mem_get_buffer
                0x00000000009103ec       0x6c CMakeFiles/button_press_log.dir/home/fdsa/Desktop/Tirocinio/2021_03_17/to_python_2021_03_16/middleware/multicore/open-amp/common/shm/sh_mem.c.obj
                0x00000000009103ec                sh_mem_get_buffer
 .text.env_in_isr
                0x0000000000910458        0x8 CMakeFiles/button_press_log.dir/home/fdsa/Desktop/Tirocinio/2021_03_17/to_python_2021_03_16/middleware/multicore/open-amp/porting/env/freertos/rpmsg_porting.c.obj
                0x0000000000910458                env_in_isr
 .text.env_init
                0x0000000000910460       0x48 CMakeFiles/button_press_log.dir/home/fdsa/Desktop/Tirocinio/2021_03_17/to_python_2021_03_16/middleware/multicore/open-amp/porting/env/freertos/rpmsg_porting.c.obj
                0x0000000000910460                env_init
 .text.env_deinit
                0x00000000009104a8       0x48 CMakeFiles/button_press_log.dir/home/fdsa/Desktop/Tirocinio/2021_03_17/to_python_2021_03_16/middleware/multicore/open-amp/porting/env/freertos/rpmsg_porting.c.obj
                0x00000000009104a8                env_deinit
 .text.env_allocate_memory
                0x00000000009104f0        0x8 CMakeFiles/button_press_log.dir/home/fdsa/Desktop/Tirocinio/2021_03_17/to_python_2021_03_16/middleware/multicore/open-amp/porting/env/freertos/rpmsg_porting.c.obj
                0x00000000009104f0                env_allocate_memory
 .text.env_free_memory
                0x00000000009104f8        0x8 CMakeFiles/button_press_log.dir/home/fdsa/Desktop/Tirocinio/2021_03_17/to_python_2021_03_16/middleware/multicore/open-amp/porting/env/freertos/rpmsg_porting.c.obj
                0x00000000009104f8                env_free_memory
 .text.env_memset
                0x0000000000910500        0x8 CMakeFiles/button_press_log.dir/home/fdsa/Desktop/Tirocinio/2021_03_17/to_python_2021_03_16/middleware/multicore/open-amp/porting/env/freertos/rpmsg_porting.c.obj
                0x0000000000910500                env_memset
 .text.env_memcpy
                0x0000000000910508        0x8 CMakeFiles/button_press_log.dir/home/fdsa/Desktop/Tirocinio/2021_03_17/to_python_2021_03_16/middleware/multicore/open-amp/porting/env/freertos/rpmsg_porting.c.obj
                0x0000000000910508                env_memcpy
 .text.env_strncpy
                0x0000000000910510        0x8 CMakeFiles/button_press_log.dir/home/fdsa/Desktop/Tirocinio/2021_03_17/to_python_2021_03_16/middleware/multicore/open-amp/porting/env/freertos/rpmsg_porting.c.obj
                0x0000000000910510                env_strncpy
 .text.env_strncmp
                0x0000000000910518        0x8 CMakeFiles/button_press_log.dir/home/fdsa/Desktop/Tirocinio/2021_03_17/to_python_2021_03_16/middleware/multicore/open-amp/porting/env/freertos/rpmsg_porting.c.obj
                0x0000000000910518                env_strncmp
 .text.env_mb   0x0000000000910520        0x2 CMakeFiles/button_press_log.dir/home/fdsa/Desktop/Tirocinio/2021_03_17/to_python_2021_03_16/middleware/multicore/open-amp/porting/env/freertos/rpmsg_porting.c.obj
                0x0000000000910520                env_mb
 .text.env_rmb  0x0000000000910522        0x2 CMakeFiles/button_press_log.dir/home/fdsa/Desktop/Tirocinio/2021_03_17/to_python_2021_03_16/middleware/multicore/open-amp/porting/env/freertos/rpmsg_porting.c.obj
                0x0000000000910522                env_rmb
 .text.env_wmb  0x0000000000910524        0x2 CMakeFiles/button_press_log.dir/home/fdsa/Desktop/Tirocinio/2021_03_17/to_python_2021_03_16/middleware/multicore/open-amp/porting/env/freertos/rpmsg_porting.c.obj
                0x0000000000910524                env_wmb
 .text.env_map_vatopa
                0x0000000000910526        0x8 CMakeFiles/button_press_log.dir/home/fdsa/Desktop/Tirocinio/2021_03_17/to_python_2021_03_16/middleware/multicore/open-amp/porting/env/freertos/rpmsg_porting.c.obj
                0x0000000000910526                env_map_vatopa
 .text.env_map_patova
                0x000000000091052e        0x8 CMakeFiles/button_press_log.dir/home/fdsa/Desktop/Tirocinio/2021_03_17/to_python_2021_03_16/middleware/multicore/open-amp/porting/env/freertos/rpmsg_porting.c.obj
                0x000000000091052e                env_map_patova
 .text.env_create_mutex
                0x0000000000910536       0x18 CMakeFiles/button_press_log.dir/home/fdsa/Desktop/Tirocinio/2021_03_17/to_python_2021_03_16/middleware/multicore/open-amp/porting/env/freertos/rpmsg_porting.c.obj
                0x0000000000910536                env_create_mutex
 .text.env_delete_mutex
                0x000000000091054e        0x8 CMakeFiles/button_press_log.dir/home/fdsa/Desktop/Tirocinio/2021_03_17/to_python_2021_03_16/middleware/multicore/open-amp/porting/env/freertos/rpmsg_porting.c.obj
                0x000000000091054e                env_delete_mutex
 .text.env_lock_mutex
                0x0000000000910556       0x20 CMakeFiles/button_press_log.dir/home/fdsa/Desktop/Tirocinio/2021_03_17/to_python_2021_03_16/middleware/multicore/open-amp/porting/env/freertos/rpmsg_porting.c.obj
                0x0000000000910556                env_lock_mutex
 .text.env_unlock_mutex
                0x0000000000910576       0x1e CMakeFiles/button_press_log.dir/home/fdsa/Desktop/Tirocinio/2021_03_17/to_python_2021_03_16/middleware/multicore/open-amp/porting/env/freertos/rpmsg_porting.c.obj
                0x0000000000910576                env_unlock_mutex
 .text.env_create_sync_lock
                0x0000000000910594        0x8 CMakeFiles/button_press_log.dir/home/fdsa/Desktop/Tirocinio/2021_03_17/to_python_2021_03_16/middleware/multicore/open-amp/porting/env/freertos/rpmsg_porting.c.obj
                0x0000000000910594                env_create_sync_lock
 .text.env_delete_sync_lock
                0x000000000091059c        0xa CMakeFiles/button_press_log.dir/home/fdsa/Desktop/Tirocinio/2021_03_17/to_python_2021_03_16/middleware/multicore/open-amp/porting/env/freertos/rpmsg_porting.c.obj
                0x000000000091059c                env_delete_sync_lock
 .text.env_acquire_sync_lock
                0x00000000009105a6       0x46 CMakeFiles/button_press_log.dir/home/fdsa/Desktop/Tirocinio/2021_03_17/to_python_2021_03_16/middleware/multicore/open-amp/porting/env/freertos/rpmsg_porting.c.obj
                0x00000000009105a6                env_acquire_sync_lock
 .text.env_release_sync_lock
                0x00000000009105ec       0x42 CMakeFiles/button_press_log.dir/home/fdsa/Desktop/Tirocinio/2021_03_17/to_python_2021_03_16/middleware/multicore/open-amp/porting/env/freertos/rpmsg_porting.c.obj
                0x00000000009105ec                env_release_sync_lock
 .text.env_sleep_msec
                0x000000000091062e        0x8 CMakeFiles/button_press_log.dir/home/fdsa/Desktop/Tirocinio/2021_03_17/to_python_2021_03_16/middleware/multicore/open-amp/porting/env/freertos/rpmsg_porting.c.obj
                0x000000000091062e                env_sleep_msec
 *fill*         0x0000000000910636        0x2 
 .text.env_register_isr
                0x0000000000910638       0x38 CMakeFiles/button_press_log.dir/home/fdsa/Desktop/Tirocinio/2021_03_17/to_python_2021_03_16/middleware/multicore/open-amp/porting/env/freertos/rpmsg_porting.c.obj
                0x0000000000910638                env_register_isr
 .text.env_enable_interrupt
                0x0000000000910670       0x40 CMakeFiles/button_press_log.dir/home/fdsa/Desktop/Tirocinio/2021_03_17/to_python_2021_03_16/middleware/multicore/open-amp/porting/env/freertos/rpmsg_porting.c.obj
                0x0000000000910670                env_enable_interrupt
 .text.env_disable_interrupt
                0x00000000009106b0        0x8 CMakeFiles/button_press_log.dir/home/fdsa/Desktop/Tirocinio/2021_03_17/to_python_2021_03_16/middleware/multicore/open-amp/porting/env/freertos/rpmsg_porting.c.obj
                0x00000000009106b0                env_disable_interrupt
 .text.env_map_memory
                0x00000000009106b8        0xe CMakeFiles/button_press_log.dir/home/fdsa/Desktop/Tirocinio/2021_03_17/to_python_2021_03_16/middleware/multicore/open-amp/porting/env/freertos/rpmsg_porting.c.obj
                0x00000000009106b8                env_map_memory
 *fill*         0x00000000009106c6        0x2 
 .text.env_isr  0x00000000009106c8       0x68 CMakeFiles/button_press_log.dir/home/fdsa/Desktop/Tirocinio/2021_03_17/to_python_2021_03_16/middleware/multicore/open-amp/porting/env/freertos/rpmsg_porting.c.obj
                0x00000000009106c8                env_isr
 .text.env_create_queue
                0x0000000000910730       0x1c CMakeFiles/button_press_log.dir/home/fdsa/Desktop/Tirocinio/2021_03_17/to_python_2021_03_16/middleware/multicore/open-amp/porting/env/freertos/rpmsg_porting.c.obj
                0x0000000000910730                env_create_queue
 .text.env_put_queue
                0x000000000091074c       0x6a CMakeFiles/button_press_log.dir/home/fdsa/Desktop/Tirocinio/2021_03_17/to_python_2021_03_16/middleware/multicore/open-amp/porting/env/freertos/rpmsg_porting.c.obj
                0x000000000091074c                env_put_queue
 *fill*         0x00000000009107b6        0x2 
 .text._shutdown_cpu
                0x00000000009107b8       0x1c CMakeFiles/button_press_log.dir/home/fdsa/Desktop/Tirocinio/2021_03_17/to_python_2021_03_16/middleware/multicore/open-amp/porting/imx7d_m4/platform.c.obj
 .text._boot_cpu
                0x00000000009107d4       0x1c CMakeFiles/button_press_log.dir/home/fdsa/Desktop/Tirocinio/2021_03_17/to_python_2021_03_16/middleware/multicore/open-amp/porting/imx7d_m4/platform.c.obj
 .text._notify  0x00000000009107f0       0x14 CMakeFiles/button_press_log.dir/home/fdsa/Desktop/Tirocinio/2021_03_17/to_python_2021_03_16/middleware/multicore/open-amp/porting/imx7d_m4/platform.c.obj
 .text._enable_interrupt
                0x0000000000910804       0x28 CMakeFiles/button_press_log.dir/home/fdsa/Desktop/Tirocinio/2021_03_17/to_python_2021_03_16/middleware/multicore/open-amp/porting/imx7d_m4/platform.c.obj
 .text.platform_isr
                0x000000000091082c        0xa CMakeFiles/button_press_log.dir/home/fdsa/Desktop/Tirocinio/2021_03_17/to_python_2021_03_16/middleware/multicore/open-amp/porting/imx7d_m4/platform.c.obj
                0x000000000091082c                platform_isr
 *fill*         0x0000000000910836        0x2 
 .text.rpmsg_handler
                0x0000000000910838       0x24 CMakeFiles/button_press_log.dir/home/fdsa/Desktop/Tirocinio/2021_03_17/to_python_2021_03_16/middleware/multicore/open-amp/porting/imx7d_m4/platform.c.obj
                0x0000000000910838                rpmsg_handler
 .text.platform_in_isr
                0x000000000091085c       0x14 CMakeFiles/button_press_log.dir/home/fdsa/Desktop/Tirocinio/2021_03_17/to_python_2021_03_16/middleware/multicore/open-amp/porting/imx7d_m4/platform.c.obj
                0x000000000091085c                platform_in_isr
 .text.platform_interrupt_enable
                0x0000000000910870       0x64 CMakeFiles/button_press_log.dir/home/fdsa/Desktop/Tirocinio/2021_03_17/to_python_2021_03_16/middleware/multicore/open-amp/porting/imx7d_m4/platform.c.obj
                0x0000000000910870                platform_interrupt_enable
 .text.platform_interrupt_disable
                0x00000000009108d4       0x6c CMakeFiles/button_press_log.dir/home/fdsa/Desktop/Tirocinio/2021_03_17/to_python_2021_03_16/middleware/multicore/open-amp/porting/imx7d_m4/platform.c.obj
                0x00000000009108d4                platform_interrupt_disable
 .text.platform_interrupt_enable_all
                0x0000000000910940       0x3c CMakeFiles/button_press_log.dir/home/fdsa/Desktop/Tirocinio/2021_03_17/to_python_2021_03_16/middleware/multicore/open-amp/porting/imx7d_m4/platform.c.obj
                0x0000000000910940                platform_interrupt_enable_all
 .text.platform_interrupt_disable_all
                0x000000000091097c       0x3c CMakeFiles/button_press_log.dir/home/fdsa/Desktop/Tirocinio/2021_03_17/to_python_2021_03_16/middleware/multicore/open-amp/porting/imx7d_m4/platform.c.obj
                0x000000000091097c                platform_interrupt_disable_all
 .text.platform_map_mem_region
                0x00000000009109b8        0x2 CMakeFiles/button_press_log.dir/home/fdsa/Desktop/Tirocinio/2021_03_17/to_python_2021_03_16/middleware/multicore/open-amp/porting/imx7d_m4/platform.c.obj
                0x00000000009109b8                platform_map_mem_region
 .text.platform_vatopa
                0x00000000009109ba        0x2 CMakeFiles/button_press_log.dir/home/fdsa/Desktop/Tirocinio/2021_03_17/to_python_2021_03_16/middleware/multicore/open-amp/porting/imx7d_m4/platform.c.obj
                0x00000000009109ba                platform_vatopa
 .text.platform_patova
                0x00000000009109bc        0x2 CMakeFiles/button_press_log.dir/home/fdsa/Desktop/Tirocinio/2021_03_17/to_python_2021_03_16/middleware/multicore/open-amp/porting/imx7d_m4/platform.c.obj
                0x00000000009109bc                platform_patova
 .text.platform_init
                0x00000000009109be        0x4 CMakeFiles/button_press_log.dir/home/fdsa/Desktop/Tirocinio/2021_03_17/to_python_2021_03_16/middleware/multicore/open-amp/porting/imx7d_m4/platform.c.obj
                0x00000000009109be                platform_init
 .text.platform_deinit
                0x00000000009109c2        0x4 CMakeFiles/button_press_log.dir/home/fdsa/Desktop/Tirocinio/2021_03_17/to_python_2021_03_16/middleware/multicore/open-amp/porting/imx7d_m4/platform.c.obj
                0x00000000009109c2                platform_deinit
 *fill*         0x00000000009109c6        0x2 
 .text.platform_get_processor_info
                0x00000000009109c8       0x40 CMakeFiles/button_press_log.dir/home/fdsa/Desktop/Tirocinio/2021_03_17/to_python_2021_03_16/middleware/multicore/open-amp/porting/imx7d_m4/platform_info.c.obj
                0x00000000009109c8                platform_get_processor_info
 .text.rpmsg_rdev_get_status
                0x0000000000910a08        0x4 CMakeFiles/button_press_log.dir/home/fdsa/Desktop/Tirocinio/2021_03_17/to_python_2021_03_16/middleware/multicore/open-amp/rpmsg/remote_device.c.obj
                0x0000000000910a08                rpmsg_rdev_get_status
 .text.rpmsg_rdev_set_status
                0x0000000000910a0c        0x2 CMakeFiles/button_press_log.dir/home/fdsa/Desktop/Tirocinio/2021_03_17/to_python_2021_03_16/middleware/multicore/open-amp/rpmsg/remote_device.c.obj
                0x0000000000910a0c                rpmsg_rdev_set_status
 .text.rpmsg_rdev_get_feature
                0x0000000000910a0e        0x4 CMakeFiles/button_press_log.dir/home/fdsa/Desktop/Tirocinio/2021_03_17/to_python_2021_03_16/middleware/multicore/open-amp/rpmsg/remote_device.c.obj
                0x0000000000910a0e                rpmsg_rdev_get_feature
 .text.rpmsg_rdev_set_feature
                0x0000000000910a12        0x8 CMakeFiles/button_press_log.dir/home/fdsa/Desktop/Tirocinio/2021_03_17/to_python_2021_03_16/middleware/multicore/open-amp/rpmsg/remote_device.c.obj
                0x0000000000910a12                rpmsg_rdev_set_feature
 .text.rpmsg_rdev_negotiate_feature
                0x0000000000910a1a        0x4 CMakeFiles/button_press_log.dir/home/fdsa/Desktop/Tirocinio/2021_03_17/to_python_2021_03_16/middleware/multicore/open-amp/rpmsg/remote_device.c.obj
                0x0000000000910a1a                rpmsg_rdev_negotiate_feature
 .text.rpmsg_rdev_read_config
                0x0000000000910a1e        0x2 CMakeFiles/button_press_log.dir/home/fdsa/Desktop/Tirocinio/2021_03_17/to_python_2021_03_16/middleware/multicore/open-amp/rpmsg/remote_device.c.obj
                0x0000000000910a1e                rpmsg_rdev_read_config
 .text.rpmsg_rdev_write_config
                0x0000000000910a20        0x2 CMakeFiles/button_press_log.dir/home/fdsa/Desktop/Tirocinio/2021_03_17/to_python_2021_03_16/middleware/multicore/open-amp/rpmsg/remote_device.c.obj
                0x0000000000910a20                rpmsg_rdev_write_config
 .text.rpmsg_rdev_reset
                0x0000000000910a22        0x2 CMakeFiles/button_press_log.dir/home/fdsa/Desktop/Tirocinio/2021_03_17/to_python_2021_03_16/middleware/multicore/open-amp/rpmsg/remote_device.c.obj
                0x0000000000910a22                rpmsg_rdev_reset
 .text.rpmsg_rdev_init_channels
                0x0000000000910a24       0x60 CMakeFiles/button_press_log.dir/home/fdsa/Desktop/Tirocinio/2021_03_17/to_python_2021_03_16/middleware/multicore/open-amp/rpmsg/remote_device.c.obj
 .text.rpmsg_rdev_create_virtqueues
                0x0000000000910a84      0x118 CMakeFiles/button_press_log.dir/home/fdsa/Desktop/Tirocinio/2021_03_17/to_python_2021_03_16/middleware/multicore/open-amp/rpmsg/remote_device.c.obj
                0x0000000000910a84                rpmsg_rdev_create_virtqueues
 .text.rpmsg_rdev_init
                0x0000000000910b9c       0x9c CMakeFiles/button_press_log.dir/home/fdsa/Desktop/Tirocinio/2021_03_17/to_python_2021_03_16/middleware/multicore/open-amp/rpmsg/remote_device.c.obj
                0x0000000000910b9c                rpmsg_rdev_init
 .text.rpmsg_rdev_get_chnl_node_from_id
                0x0000000000910c38       0x34 CMakeFiles/button_press_log.dir/home/fdsa/Desktop/Tirocinio/2021_03_17/to_python_2021_03_16/middleware/multicore/open-amp/rpmsg/remote_device.c.obj
                0x0000000000910c38                rpmsg_rdev_get_chnl_node_from_id
 .text.rpmsg_rdev_get_endpoint_from_addr
                0x0000000000910c6c       0x2e CMakeFiles/button_press_log.dir/home/fdsa/Desktop/Tirocinio/2021_03_17/to_python_2021_03_16/middleware/multicore/open-amp/rpmsg/remote_device.c.obj
                0x0000000000910c6c                rpmsg_rdev_get_endpoint_from_addr
 .text.rpmsg_rdev_deinit
                0x0000000000910c9a       0x78 CMakeFiles/button_press_log.dir/home/fdsa/Desktop/Tirocinio/2021_03_17/to_python_2021_03_16/middleware/multicore/open-amp/rpmsg/remote_device.c.obj
                0x0000000000910c9a                rpmsg_rdev_deinit
 .text.rpmsg_rdev_notify
                0x0000000000910d12       0x2c CMakeFiles/button_press_log.dir/home/fdsa/Desktop/Tirocinio/2021_03_17/to_python_2021_03_16/middleware/multicore/open-amp/rpmsg/remote_device.c.obj
                0x0000000000910d12                rpmsg_rdev_notify
 .text.rpmsg_deinit
                0x0000000000910d3e        0xe CMakeFiles/button_press_log.dir/home/fdsa/Desktop/Tirocinio/2021_03_17/to_python_2021_03_16/middleware/multicore/open-amp/rpmsg/rpmsg.c.obj
                0x0000000000910d3e                rpmsg_deinit
 .text.rpmsg_init
                0x0000000000910d4c       0x4c CMakeFiles/button_press_log.dir/home/fdsa/Desktop/Tirocinio/2021_03_17/to_python_2021_03_16/middleware/multicore/open-amp/rpmsg/rpmsg.c.obj
                0x0000000000910d4c                rpmsg_init
 .text.rpmsg_send_offchannel_raw
                0x0000000000910d98      0x144 CMakeFiles/button_press_log.dir/home/fdsa/Desktop/Tirocinio/2021_03_17/to_python_2021_03_16/middleware/multicore/open-amp/rpmsg/rpmsg.c.obj
                0x0000000000910d98                rpmsg_send_offchannel_raw
 .text.rpmsg_create_ept
                0x0000000000910edc       0x18 CMakeFiles/button_press_log.dir/home/fdsa/Desktop/Tirocinio/2021_03_17/to_python_2021_03_16/middleware/multicore/open-amp/rpmsg/rpmsg.c.obj
                0x0000000000910edc                rpmsg_create_ept
 .text.rpmsg_destroy_ept
                0x0000000000910ef4       0x10 CMakeFiles/button_press_log.dir/home/fdsa/Desktop/Tirocinio/2021_03_17/to_python_2021_03_16/middleware/multicore/open-amp/rpmsg/rpmsg.c.obj
                0x0000000000910ef4                rpmsg_destroy_ept
 .text._rpmsg_create_channel
                0x0000000000910f04       0x60 CMakeFiles/button_press_log.dir/home/fdsa/Desktop/Tirocinio/2021_03_17/to_python_2021_03_16/middleware/multicore/open-amp/rpmsg/rpmsg_core.c.obj
                0x0000000000910f04                _rpmsg_create_channel
 .text._rpmsg_delete_channel
                0x0000000000910f64       0x3a CMakeFiles/button_press_log.dir/home/fdsa/Desktop/Tirocinio/2021_03_17/to_python_2021_03_16/middleware/multicore/open-amp/rpmsg/rpmsg_core.c.obj
                0x0000000000910f64                _rpmsg_delete_channel
 .text.rpmsg_ns_callback
                0x0000000000910f9e       0x8a CMakeFiles/button_press_log.dir/home/fdsa/Desktop/Tirocinio/2021_03_17/to_python_2021_03_16/middleware/multicore/open-amp/rpmsg/rpmsg_core.c.obj
                0x0000000000910f9e                rpmsg_ns_callback
 .text.rpmsg_enqueue_buffer
                0x0000000000911028       0x30 CMakeFiles/button_press_log.dir/home/fdsa/Desktop/Tirocinio/2021_03_17/to_python_2021_03_16/middleware/multicore/open-amp/rpmsg/rpmsg_core.c.obj
                0x0000000000911028                rpmsg_enqueue_buffer
 .text.rpmsg_return_buffer
                0x0000000000911058       0x30 CMakeFiles/button_press_log.dir/home/fdsa/Desktop/Tirocinio/2021_03_17/to_python_2021_03_16/middleware/multicore/open-amp/rpmsg/rpmsg_core.c.obj
                0x0000000000911058                rpmsg_return_buffer
 .text.rpmsg_get_tx_buffer
                0x0000000000911088       0x32 CMakeFiles/button_press_log.dir/home/fdsa/Desktop/Tirocinio/2021_03_17/to_python_2021_03_16/middleware/multicore/open-amp/rpmsg/rpmsg_core.c.obj
                0x0000000000911088                rpmsg_get_tx_buffer
 .text.rpmsg_send_ns_message
                0x00000000009110ba       0x68 CMakeFiles/button_press_log.dir/home/fdsa/Desktop/Tirocinio/2021_03_17/to_python_2021_03_16/middleware/multicore/open-amp/rpmsg/rpmsg_core.c.obj
                0x00000000009110ba                rpmsg_send_ns_message
 .text.rpmsg_tx_callback
                0x0000000000911122       0x3c CMakeFiles/button_press_log.dir/home/fdsa/Desktop/Tirocinio/2021_03_17/to_python_2021_03_16/middleware/multicore/open-amp/rpmsg/rpmsg_core.c.obj
 .text.rpmsg_get_rx_buffer
                0x000000000091115e       0x20 CMakeFiles/button_press_log.dir/home/fdsa/Desktop/Tirocinio/2021_03_17/to_python_2021_03_16/middleware/multicore/open-amp/rpmsg/rpmsg_core.c.obj
                0x000000000091115e                rpmsg_get_rx_buffer
 .text.rpmsg_rx_callback
                0x000000000091117e       0xe0 CMakeFiles/button_press_log.dir/home/fdsa/Desktop/Tirocinio/2021_03_17/to_python_2021_03_16/middleware/multicore/open-amp/rpmsg/rpmsg_core.c.obj
 .text.rpmsg_free_buffer
                0x000000000091125e       0x14 CMakeFiles/button_press_log.dir/home/fdsa/Desktop/Tirocinio/2021_03_17/to_python_2021_03_16/middleware/multicore/open-amp/rpmsg/rpmsg_core.c.obj
                0x000000000091125e                rpmsg_free_buffer
 .text.rpmsg_get_address
                0x0000000000911272       0x3a CMakeFiles/button_press_log.dir/home/fdsa/Desktop/Tirocinio/2021_03_17/to_python_2021_03_16/middleware/multicore/open-amp/rpmsg/rpmsg_core.c.obj
                0x0000000000911272                rpmsg_get_address
 .text.rpmsg_release_address
                0x00000000009112ac       0x3e CMakeFiles/button_press_log.dir/home/fdsa/Desktop/Tirocinio/2021_03_17/to_python_2021_03_16/middleware/multicore/open-amp/rpmsg/rpmsg_core.c.obj
                0x00000000009112ac                rpmsg_release_address
 .text._destroy_endpoint
                0x00000000009112ea       0x40 CMakeFiles/button_press_log.dir/home/fdsa/Desktop/Tirocinio/2021_03_17/to_python_2021_03_16/middleware/multicore/open-amp/rpmsg/rpmsg_core.c.obj
                0x00000000009112ea                _destroy_endpoint
 .text.rpmsg_is_address_set
                0x000000000091132a       0x36 CMakeFiles/button_press_log.dir/home/fdsa/Desktop/Tirocinio/2021_03_17/to_python_2021_03_16/middleware/multicore/open-amp/rpmsg/rpmsg_core.c.obj
                0x000000000091132a                rpmsg_is_address_set
 .text.rpmsg_set_address
                0x0000000000911360       0x3c CMakeFiles/button_press_log.dir/home/fdsa/Desktop/Tirocinio/2021_03_17/to_python_2021_03_16/middleware/multicore/open-amp/rpmsg/rpmsg_core.c.obj
                0x0000000000911360                rpmsg_set_address
 .text._create_endpoint
                0x000000000091139c       0x9e CMakeFiles/button_press_log.dir/home/fdsa/Desktop/Tirocinio/2021_03_17/to_python_2021_03_16/middleware/multicore/open-amp/rpmsg/rpmsg_core.c.obj
                0x000000000091139c                _create_endpoint
 *fill*         0x000000000091143a        0x2 
 .text.rpmsg_start_ipc
                0x000000000091143c       0xcc CMakeFiles/button_press_log.dir/home/fdsa/Desktop/Tirocinio/2021_03_17/to_python_2021_03_16/middleware/multicore/open-amp/rpmsg/rpmsg_core.c.obj
                0x000000000091143c                rpmsg_start_ipc
 .text.rpmsg_hold_rx_buffer
                0x0000000000911508       0x12 CMakeFiles/button_press_log.dir/home/fdsa/Desktop/Tirocinio/2021_03_17/to_python_2021_03_16/middleware/multicore/open-amp/rpmsg/rpmsg_ext.c.obj
                0x0000000000911508                rpmsg_hold_rx_buffer
 .text.rpmsg_alloc_tx_buffer
                0x000000000091151a       0x86 CMakeFiles/button_press_log.dir/home/fdsa/Desktop/Tirocinio/2021_03_17/to_python_2021_03_16/middleware/multicore/open-amp/rpmsg/rpmsg_ext.c.obj
                0x000000000091151a                rpmsg_alloc_tx_buffer
 .text.rpmsg_channel_deleted_rtos
                0x00000000009115a0       0x28 CMakeFiles/button_press_log.dir/home/fdsa/Desktop/Tirocinio/2021_03_17/to_python_2021_03_16/middleware/multicore/open-amp/rpmsg/rpmsg_rtos.c.obj
 .text.rpmsg_read_rtos_cb
                0x00000000009115c8       0x58 CMakeFiles/button_press_log.dir/home/fdsa/Desktop/Tirocinio/2021_03_17/to_python_2021_03_16/middleware/multicore/open-amp/rpmsg/rpmsg_rtos.c.obj
 .text.rpmsg_channel_created_rtos
                0x0000000000911620       0x54 CMakeFiles/button_press_log.dir/home/fdsa/Desktop/Tirocinio/2021_03_17/to_python_2021_03_16/middleware/multicore/open-amp/rpmsg/rpmsg_rtos.c.obj
 .text.rpmsg_rtos_init
                0x0000000000911674       0xd0 CMakeFiles/button_press_log.dir/home/fdsa/Desktop/Tirocinio/2021_03_17/to_python_2021_03_16/middleware/multicore/open-amp/rpmsg/rpmsg_rtos.c.obj
                0x0000000000911674                rpmsg_rtos_init
 .text.rpmsg_rtos_alloc_tx_buffer
                0x0000000000911744       0x20 CMakeFiles/button_press_log.dir/home/fdsa/Desktop/Tirocinio/2021_03_17/to_python_2021_03_16/middleware/multicore/open-amp/rpmsg/rpmsg_rtos.c.obj
                0x0000000000911744                rpmsg_rtos_alloc_tx_buffer
 .text.rpmsg_rtos_send
                0x0000000000911764       0x3c CMakeFiles/button_press_log.dir/home/fdsa/Desktop/Tirocinio/2021_03_17/to_python_2021_03_16/middleware/multicore/open-amp/rpmsg/rpmsg_rtos.c.obj
                0x0000000000911764                rpmsg_rtos_send
 .text.vq_ring_free_chain
                0x00000000009117a0       0x5a CMakeFiles/button_press_log.dir/home/fdsa/Desktop/Tirocinio/2021_03_17/to_python_2021_03_16/middleware/multicore/open-amp/virtio/virtqueue.c.obj
 .text.vq_ring_init
                0x00000000009117fa       0x4a CMakeFiles/button_press_log.dir/home/fdsa/Desktop/Tirocinio/2021_03_17/to_python_2021_03_16/middleware/multicore/open-amp/virtio/virtqueue.c.obj
 .text.vq_ring_must_notify_host
                0x0000000000911844       0x3a CMakeFiles/button_press_log.dir/home/fdsa/Desktop/Tirocinio/2021_03_17/to_python_2021_03_16/middleware/multicore/open-amp/virtio/virtqueue.c.obj
 .text.vq_ring_notify_host
                0x000000000091187e        0xa CMakeFiles/button_press_log.dir/home/fdsa/Desktop/Tirocinio/2021_03_17/to_python_2021_03_16/middleware/multicore/open-amp/virtio/virtqueue.c.obj
 .text.vq_ring_add_buffer
                0x0000000000911888       0x5a CMakeFiles/button_press_log.dir/home/fdsa/Desktop/Tirocinio/2021_03_17/to_python_2021_03_16/middleware/multicore/open-amp/virtio/virtqueue.c.obj
 .text.vq_ring_update_avail
                0x00000000009118e2       0x32 CMakeFiles/button_press_log.dir/home/fdsa/Desktop/Tirocinio/2021_03_17/to_python_2021_03_16/middleware/multicore/open-amp/virtio/virtqueue.c.obj
 .text.virtqueue_add_buffer
                0x0000000000911914       0x4e CMakeFiles/button_press_log.dir/home/fdsa/Desktop/Tirocinio/2021_03_17/to_python_2021_03_16/middleware/multicore/open-amp/virtio/virtqueue.c.obj
                0x0000000000911914                virtqueue_add_buffer
 .text.virtqueue_get_buffer
                0x0000000000911962       0x58 CMakeFiles/button_press_log.dir/home/fdsa/Desktop/Tirocinio/2021_03_17/to_python_2021_03_16/middleware/multicore/open-amp/virtio/virtqueue.c.obj
                0x0000000000911962                virtqueue_get_buffer
 .text.virtqueue_free
                0x00000000009119ba       0x18 CMakeFiles/button_press_log.dir/home/fdsa/Desktop/Tirocinio/2021_03_17/to_python_2021_03_16/middleware/multicore/open-amp/virtio/virtqueue.c.obj
                0x00000000009119ba                virtqueue_free
 .text.virtqueue_get_available_buffer
                0x00000000009119d2       0x50 CMakeFiles/button_press_log.dir/home/fdsa/Desktop/Tirocinio/2021_03_17/to_python_2021_03_16/middleware/multicore/open-amp/virtio/virtqueue.c.obj
                0x00000000009119d2                virtqueue_get_available_buffer
 *fill*         0x0000000000911a22        0x2 
 .text.virtqueue_add_consumed_buffer
                0x0000000000911a24       0x3c CMakeFiles/button_press_log.dir/home/fdsa/Desktop/Tirocinio/2021_03_17/to_python_2021_03_16/middleware/multicore/open-amp/virtio/virtqueue.c.obj
                0x0000000000911a24                virtqueue_add_consumed_buffer
 .text.virtqueue_disable_cb
                0x0000000000911a60       0x2c CMakeFiles/button_press_log.dir/home/fdsa/Desktop/Tirocinio/2021_03_17/to_python_2021_03_16/middleware/multicore/open-amp/virtio/virtqueue.c.obj
                0x0000000000911a60                virtqueue_disable_cb
 .text.virtqueue_create
                0x0000000000911a8c       0x88 CMakeFiles/button_press_log.dir/home/fdsa/Desktop/Tirocinio/2021_03_17/to_python_2021_03_16/middleware/multicore/open-amp/virtio/virtqueue.c.obj
                0x0000000000911a8c                virtqueue_create
 .text.virtqueue_kick
                0x0000000000911b14       0x20 CMakeFiles/button_press_log.dir/home/fdsa/Desktop/Tirocinio/2021_03_17/to_python_2021_03_16/middleware/multicore/open-amp/virtio/virtqueue.c.obj
                0x0000000000911b14                virtqueue_kick
 .text.virtqueue_notification
                0x0000000000911b34        0xa CMakeFiles/button_press_log.dir/home/fdsa/Desktop/Tirocinio/2021_03_17/to_python_2021_03_16/middleware/multicore/open-amp/virtio/virtqueue.c.obj
                0x0000000000911b34                virtqueue_notification
 *fill*         0x0000000000911b3e        0x2 
 .text.SystemInit
                0x0000000000911b40      0x10c CMakeFiles/button_press_log.dir/home/fdsa/Desktop/Tirocinio/2021_03_17/to_python_2021_03_16/platform/devices/MCIMX7D/startup/system_MCIMX7D_M4.c.obj
                0x0000000000911b40                SystemInit
 .text.CCM_ANALOG_GetSysPllFreq
                0x0000000000911c4c       0x34 CMakeFiles/button_press_log.dir/home/fdsa/Desktop/Tirocinio/2021_03_17/to_python_2021_03_16/platform/drivers/src/ccm_analog_imx7d.c.obj
                0x0000000000911c4c                CCM_ANALOG_GetSysPllFreq
 .text.CCM_GetRootDivider
                0x0000000000911c80       0x34 CMakeFiles/button_press_log.dir/home/fdsa/Desktop/Tirocinio/2021_03_17/to_python_2021_03_16/platform/drivers/src/ccm_imx7d.c.obj
                0x0000000000911c80                CCM_GetRootDivider
 .text.CCM_UpdateRoot
                0x0000000000911cb4       0x58 CMakeFiles/button_press_log.dir/home/fdsa/Desktop/Tirocinio/2021_03_17/to_python_2021_03_16/platform/drivers/src/ccm_imx7d.c.obj
                0x0000000000911cb4                CCM_UpdateRoot
 .text.GPIO_Init
                0x0000000000911d0c       0xac CMakeFiles/button_press_log.dir/home/fdsa/Desktop/Tirocinio/2021_03_17/to_python_2021_03_16/platform/drivers/src/gpio_imx.c.obj
                0x0000000000911d0c                GPIO_Init
 .text.GPIO_WritePinOutput
                0x0000000000911db8       0x40 CMakeFiles/button_press_log.dir/home/fdsa/Desktop/Tirocinio/2021_03_17/to_python_2021_03_16/platform/drivers/src/gpio_imx.c.obj
                0x0000000000911db8                GPIO_WritePinOutput
 .text.GPIO_SetPinIntMode
                0x0000000000911df8       0x40 CMakeFiles/button_press_log.dir/home/fdsa/Desktop/Tirocinio/2021_03_17/to_python_2021_03_16/platform/drivers/src/gpio_imx.c.obj
                0x0000000000911df8                GPIO_SetPinIntMode
 .text.MU_SendMsg
                0x0000000000911e38       0x34 CMakeFiles/button_press_log.dir/home/fdsa/Desktop/Tirocinio/2021_03_17/to_python_2021_03_16/platform/drivers/src/mu_imx.c.obj
                0x0000000000911e38                MU_SendMsg
 .text.MU_TryReceiveMsg
                0x0000000000911e6c       0x3c CMakeFiles/button_press_log.dir/home/fdsa/Desktop/Tirocinio/2021_03_17/to_python_2021_03_16/platform/drivers/src/mu_imx.c.obj
                0x0000000000911e6c                MU_TryReceiveMsg
 .text.RDC_SEMAPHORE_GetGate
                0x0000000000911ea8       0x1c CMakeFiles/button_press_log.dir/home/fdsa/Desktop/Tirocinio/2021_03_17/to_python_2021_03_16/platform/drivers/src/rdc_semaphore.c.obj
 .text.RDC_SEMAPHORE_Lock
                0x0000000000911ec4       0x2c CMakeFiles/button_press_log.dir/home/fdsa/Desktop/Tirocinio/2021_03_17/to_python_2021_03_16/platform/drivers/src/rdc_semaphore.c.obj
                0x0000000000911ec4                RDC_SEMAPHORE_Lock
 .text.RDC_SEMAPHORE_Unlock
                0x0000000000911ef0       0x18 CMakeFiles/button_press_log.dir/home/fdsa/Desktop/Tirocinio/2021_03_17/to_python_2021_03_16/platform/drivers/src/rdc_semaphore.c.obj
                0x0000000000911ef0                RDC_SEMAPHORE_Unlock
 .text.UART_Deinit
                0x0000000000911f08       0x60 CMakeFiles/button_press_log.dir/home/fdsa/Desktop/Tirocinio/2021_03_17/to_python_2021_03_16/platform/drivers/src/uart_imx.c.obj
                0x0000000000911f08                UART_Deinit
 .text.UART_SetBaudRate
                0x0000000000911f68      0x104 CMakeFiles/button_press_log.dir/home/fdsa/Desktop/Tirocinio/2021_03_17/to_python_2021_03_16/platform/drivers/src/uart_imx.c.obj
                0x0000000000911f68                UART_SetBaudRate
 .text.UART_Init
                0x000000000091206c       0x64 CMakeFiles/button_press_log.dir/home/fdsa/Desktop/Tirocinio/2021_03_17/to_python_2021_03_16/platform/drivers/src/uart_imx.c.obj
                0x000000000091206c                UART_Init
 .text.UART_GetStatusFlag
                0x00000000009120d0        0xe CMakeFiles/button_press_log.dir/home/fdsa/Desktop/Tirocinio/2021_03_17/to_python_2021_03_16/platform/drivers/src/uart_imx.c.obj
                0x00000000009120d0                UART_GetStatusFlag
 *fill*         0x00000000009120de        0x2 
 .text.UART_SetModemMode
                0x00000000009120e0       0x44 CMakeFiles/button_press_log.dir/home/fdsa/Desktop/Tirocinio/2021_03_17/to_python_2021_03_16/platform/drivers/src/uart_imx.c.obj
                0x00000000009120e0                UART_SetModemMode
 .text.debug_putc
                0x0000000000912124       0x2c CMakeFiles/button_press_log.dir/home/fdsa/Desktop/Tirocinio/2021_03_17/to_python_2021_03_16/platform/utilities/src/debug_console_imx.c.obj
 .text.UART_ReceiveDataPolling
                0x0000000000912150       0x26 CMakeFiles/button_press_log.dir/home/fdsa/Desktop/Tirocinio/2021_03_17/to_python_2021_03_16/platform/utilities/src/debug_console_imx.c.obj
 *fill*         0x0000000000912176        0x2 
 .text.UART_SendDataPolling
                0x0000000000912178       0x3c CMakeFiles/button_press_log.dir/home/fdsa/Desktop/Tirocinio/2021_03_17/to_python_2021_03_16/platform/utilities/src/debug_console_imx.c.obj
 .text.DbgConsole_Init
                0x00000000009121b4       0x60 CMakeFiles/button_press_log.dir/home/fdsa/Desktop/Tirocinio/2021_03_17/to_python_2021_03_16/platform/utilities/src/debug_console_imx.c.obj
                0x00000000009121b4                DbgConsole_Init
 .text._write   0x0000000000912214       0x34 CMakeFiles/button_press_log.dir/home/fdsa/Desktop/Tirocinio/2021_03_17/to_python_2021_03_16/platform/utilities/src/debug_console_imx.c.obj
                0x0000000000912214                _write
 .text._read    0x0000000000912248       0x28 CMakeFiles/button_press_log.dir/home/fdsa/Desktop/Tirocinio/2021_03_17/to_python_2021_03_16/platform/utilities/src/debug_console_imx.c.obj
                0x0000000000912248                _read
 .text.debug_printf
                0x0000000000912270       0x38 CMakeFiles/button_press_log.dir/home/fdsa/Desktop/Tirocinio/2021_03_17/to_python_2021_03_16/platform/utilities/src/debug_console_imx.c.obj
                0x0000000000912270                debug_printf
 .text.mknumstr
                0x00000000009122a8       0x7c CMakeFiles/button_press_log.dir/home/fdsa/Desktop/Tirocinio/2021_03_17/to_python_2021_03_16/platform/utilities/src/print_scan.c.obj
 .text.fput_pad
                0x0000000000912324       0x2e CMakeFiles/button_press_log.dir/home/fdsa/Desktop/Tirocinio/2021_03_17/to_python_2021_03_16/platform/utilities/src/print_scan.c.obj
 *fill*         0x0000000000912352        0x2 
 .text._doprint
                0x0000000000912354      0x518 CMakeFiles/button_press_log.dir/home/fdsa/Desktop/Tirocinio/2021_03_17/to_python_2021_03_16/platform/utilities/src/print_scan.c.obj
                0x0000000000912354                _doprint
 .text.vListInitialise
                0x000000000091286c       0x16 CMakeFiles/button_press_log.dir/home/fdsa/Desktop/Tirocinio/2021_03_17/to_python_2021_03_16/rtos/FreeRTOS/Source/list.c.obj
                0x000000000091286c                vListInitialise
 .text.vListInitialiseItem
                0x0000000000912882        0x6 CMakeFiles/button_press_log.dir/home/fdsa/Desktop/Tirocinio/2021_03_17/to_python_2021_03_16/rtos/FreeRTOS/Source/list.c.obj
                0x0000000000912882                vListInitialiseItem
 .text.vListInsertEnd
                0x0000000000912888       0x16 CMakeFiles/button_press_log.dir/home/fdsa/Desktop/Tirocinio/2021_03_17/to_python_2021_03_16/rtos/FreeRTOS/Source/list.c.obj
                0x0000000000912888                vListInsertEnd
 .text.vListInsert
                0x000000000091289e       0x32 CMakeFiles/button_press_log.dir/home/fdsa/Desktop/Tirocinio/2021_03_17/to_python_2021_03_16/rtos/FreeRTOS/Source/list.c.obj
                0x000000000091289e                vListInsert
 .text.uxListRemove
                0x00000000009128d0       0x24 CMakeFiles/button_press_log.dir/home/fdsa/Desktop/Tirocinio/2021_03_17/to_python_2021_03_16/rtos/FreeRTOS/Source/list.c.obj
                0x00000000009128d0                uxListRemove
 .text.prvTaskExitError
                0x00000000009128f4       0x34 CMakeFiles/button_press_log.dir/home/fdsa/Desktop/Tirocinio/2021_03_17/to_python_2021_03_16/rtos/FreeRTOS/Source/portable/GCC/ARM_CM4F/port.c.obj
 .text.prvPortStartFirstTask
                0x0000000000912928       0x20 CMakeFiles/button_press_log.dir/home/fdsa/Desktop/Tirocinio/2021_03_17/to_python_2021_03_16/rtos/FreeRTOS/Source/portable/GCC/ARM_CM4F/port.c.obj
 .text.vPortEnableVFP
                0x0000000000912948       0x14 CMakeFiles/button_press_log.dir/home/fdsa/Desktop/Tirocinio/2021_03_17/to_python_2021_03_16/rtos/FreeRTOS/Source/portable/GCC/ARM_CM4F/port.c.obj
 .text.pxPortInitialiseStack
                0x000000000091295c       0x28 CMakeFiles/button_press_log.dir/home/fdsa/Desktop/Tirocinio/2021_03_17/to_python_2021_03_16/rtos/FreeRTOS/Source/portable/GCC/ARM_CM4F/port.c.obj
                0x000000000091295c                pxPortInitialiseStack
 .text.SVC_Handler
                0x0000000000912984       0x20 CMakeFiles/button_press_log.dir/home/fdsa/Desktop/Tirocinio/2021_03_17/to_python_2021_03_16/rtos/FreeRTOS/Source/portable/GCC/ARM_CM4F/port.c.obj
                0x0000000000912984                SVC_Handler
 .text.vPortEnterCritical
                0x00000000009129a4       0x44 CMakeFiles/button_press_log.dir/home/fdsa/Desktop/Tirocinio/2021_03_17/to_python_2021_03_16/rtos/FreeRTOS/Source/portable/GCC/ARM_CM4F/port.c.obj
                0x00000000009129a4                vPortEnterCritical
 .text.vPortExitCritical
                0x00000000009129e8       0x2c CMakeFiles/button_press_log.dir/home/fdsa/Desktop/Tirocinio/2021_03_17/to_python_2021_03_16/rtos/FreeRTOS/Source/portable/GCC/ARM_CM4F/port.c.obj
                0x00000000009129e8                vPortExitCritical
 .text.PendSV_Handler
                0x0000000000912a14       0x60 CMakeFiles/button_press_log.dir/home/fdsa/Desktop/Tirocinio/2021_03_17/to_python_2021_03_16/rtos/FreeRTOS/Source/portable/GCC/ARM_CM4F/port.c.obj
                0x0000000000912a14                PendSV_Handler
 .text.SysTick_Handler
                0x0000000000912a74       0x30 CMakeFiles/button_press_log.dir/home/fdsa/Desktop/Tirocinio/2021_03_17/to_python_2021_03_16/rtos/FreeRTOS/Source/portable/GCC/ARM_CM4F/port.c.obj
                0x0000000000912a74                SysTick_Handler
 .text.vPortSetupTimerInterrupt
                0x0000000000912aa4       0x14 CMakeFiles/button_press_log.dir/home/fdsa/Desktop/Tirocinio/2021_03_17/to_python_2021_03_16/rtos/FreeRTOS/Source/portable/GCC/ARM_CM4F/port.c.obj
                0x0000000000912aa4                vPortSetupTimerInterrupt
 .text.xPortStartScheduler
                0x0000000000912ab8       0xf8 CMakeFiles/button_press_log.dir/home/fdsa/Desktop/Tirocinio/2021_03_17/to_python_2021_03_16/rtos/FreeRTOS/Source/portable/GCC/ARM_CM4F/port.c.obj
                0x0000000000912ab8                xPortStartScheduler
 .text.vPortValidateInterruptPriority
                0x0000000000912bb0       0x5c CMakeFiles/button_press_log.dir/home/fdsa/Desktop/Tirocinio/2021_03_17/to_python_2021_03_16/rtos/FreeRTOS/Source/portable/GCC/ARM_CM4F/port.c.obj
                0x0000000000912bb0                vPortValidateInterruptPriority
 .text.prvHeapInit
                0x0000000000912c0c       0x2c CMakeFiles/button_press_log.dir/home/fdsa/Desktop/Tirocinio/2021_03_17/to_python_2021_03_16/rtos/FreeRTOS/Source/portable/MemMang/heap_2.c.obj
 .text.pvPortMalloc
                0x0000000000912c38       0xa4 CMakeFiles/button_press_log.dir/home/fdsa/Desktop/Tirocinio/2021_03_17/to_python_2021_03_16/rtos/FreeRTOS/Source/portable/MemMang/heap_2.c.obj
                0x0000000000912c38                pvPortMalloc
 .text.vPortFree
                0x0000000000912cdc       0x40 CMakeFiles/button_press_log.dir/home/fdsa/Desktop/Tirocinio/2021_03_17/to_python_2021_03_16/rtos/FreeRTOS/Source/portable/MemMang/heap_2.c.obj
                0x0000000000912cdc                vPortFree
 .text.prvIsQueueFull
                0x0000000000912d1c       0x1e CMakeFiles/button_press_log.dir/home/fdsa/Desktop/Tirocinio/2021_03_17/to_python_2021_03_16/rtos/FreeRTOS/Source/queue.c.obj
 .text.prvIsQueueEmpty
                0x0000000000912d3a       0x1a CMakeFiles/button_press_log.dir/home/fdsa/Desktop/Tirocinio/2021_03_17/to_python_2021_03_16/rtos/FreeRTOS/Source/queue.c.obj
 .text.prvCopyDataToQueue
                0x0000000000912d54       0x5e CMakeFiles/button_press_log.dir/home/fdsa/Desktop/Tirocinio/2021_03_17/to_python_2021_03_16/rtos/FreeRTOS/Source/queue.c.obj
 .text.prvCopyDataFromQueue
                0x0000000000912db2       0x22 CMakeFiles/button_press_log.dir/home/fdsa/Desktop/Tirocinio/2021_03_17/to_python_2021_03_16/rtos/FreeRTOS/Source/queue.c.obj
 .text.prvUnlockQueue
                0x0000000000912dd4       0x6a CMakeFiles/button_press_log.dir/home/fdsa/Desktop/Tirocinio/2021_03_17/to_python_2021_03_16/rtos/FreeRTOS/Source/queue.c.obj
 .text.xQueueGenericReset
                0x0000000000912e3e       0x82 CMakeFiles/button_press_log.dir/home/fdsa/Desktop/Tirocinio/2021_03_17/to_python_2021_03_16/rtos/FreeRTOS/Source/queue.c.obj
                0x0000000000912e3e                xQueueGenericReset
 .text.xQueueGenericCreate
                0x0000000000912ec0       0x5e CMakeFiles/button_press_log.dir/home/fdsa/Desktop/Tirocinio/2021_03_17/to_python_2021_03_16/rtos/FreeRTOS/Source/queue.c.obj
                0x0000000000912ec0                xQueueGenericCreate
 .text.xQueueCreateCountingSemaphore
                0x0000000000912f1e       0x54 CMakeFiles/button_press_log.dir/home/fdsa/Desktop/Tirocinio/2021_03_17/to_python_2021_03_16/rtos/FreeRTOS/Source/queue.c.obj
                0x0000000000912f1e                xQueueCreateCountingSemaphore
 .text.xQueueGenericSend
                0x0000000000912f72      0x160 CMakeFiles/button_press_log.dir/home/fdsa/Desktop/Tirocinio/2021_03_17/to_python_2021_03_16/rtos/FreeRTOS/Source/queue.c.obj
                0x0000000000912f72                xQueueGenericSend
 .text.xQueueGenericSendFromISR
                0x00000000009130d2       0xc2 CMakeFiles/button_press_log.dir/home/fdsa/Desktop/Tirocinio/2021_03_17/to_python_2021_03_16/rtos/FreeRTOS/Source/queue.c.obj
                0x00000000009130d2                xQueueGenericSendFromISR
 .text.xQueueGiveFromISR
                0x0000000000913194       0xae CMakeFiles/button_press_log.dir/home/fdsa/Desktop/Tirocinio/2021_03_17/to_python_2021_03_16/rtos/FreeRTOS/Source/queue.c.obj
                0x0000000000913194                xQueueGiveFromISR
 .text.xQueueGenericReceive
                0x0000000000913242      0x158 CMakeFiles/button_press_log.dir/home/fdsa/Desktop/Tirocinio/2021_03_17/to_python_2021_03_16/rtos/FreeRTOS/Source/queue.c.obj
                0x0000000000913242                xQueueGenericReceive
 .text.xQueueReceiveFromISR
                0x000000000091339a       0x9c CMakeFiles/button_press_log.dir/home/fdsa/Desktop/Tirocinio/2021_03_17/to_python_2021_03_16/rtos/FreeRTOS/Source/queue.c.obj
                0x000000000091339a                xQueueReceiveFromISR
 *fill*         0x0000000000913436        0x2 
 .text.vQueueUnregisterQueue
                0x0000000000913438       0x28 CMakeFiles/button_press_log.dir/home/fdsa/Desktop/Tirocinio/2021_03_17/to_python_2021_03_16/rtos/FreeRTOS/Source/queue.c.obj
                0x0000000000913438                vQueueUnregisterQueue
 .text.vQueueDelete
                0x0000000000913460       0x24 CMakeFiles/button_press_log.dir/home/fdsa/Desktop/Tirocinio/2021_03_17/to_python_2021_03_16/rtos/FreeRTOS/Source/queue.c.obj
                0x0000000000913460                vQueueDelete
 .text.prvIdleTask
                0x0000000000913484        0x2 CMakeFiles/button_press_log.dir/home/fdsa/Desktop/Tirocinio/2021_03_17/to_python_2021_03_16/rtos/FreeRTOS/Source/tasks.c.obj
 *fill*         0x0000000000913486        0x2 
 .text.prvResetNextTaskUnblockTime
                0x0000000000913488       0x2c CMakeFiles/button_press_log.dir/home/fdsa/Desktop/Tirocinio/2021_03_17/to_python_2021_03_16/rtos/FreeRTOS/Source/tasks.c.obj
 .text.prvAllocateTCBAndStack
                0x00000000009134b4       0x2e CMakeFiles/button_press_log.dir/home/fdsa/Desktop/Tirocinio/2021_03_17/to_python_2021_03_16/rtos/FreeRTOS/Source/tasks.c.obj
 .text.prvInitialiseTCBVariables
                0x00000000009134e2       0x4e CMakeFiles/button_press_log.dir/home/fdsa/Desktop/Tirocinio/2021_03_17/to_python_2021_03_16/rtos/FreeRTOS/Source/tasks.c.obj
 .text.prvInitialiseTaskLists
                0x0000000000913530       0x5c CMakeFiles/button_press_log.dir/home/fdsa/Desktop/Tirocinio/2021_03_17/to_python_2021_03_16/rtos/FreeRTOS/Source/tasks.c.obj
 .text.prvAddCurrentTaskToDelayedList
                0x000000000091358c       0x54 CMakeFiles/button_press_log.dir/home/fdsa/Desktop/Tirocinio/2021_03_17/to_python_2021_03_16/rtos/FreeRTOS/Source/tasks.c.obj
 .text.xTaskGenericCreate
                0x00000000009135e0      0x13c CMakeFiles/button_press_log.dir/home/fdsa/Desktop/Tirocinio/2021_03_17/to_python_2021_03_16/rtos/FreeRTOS/Source/tasks.c.obj
                0x00000000009135e0                xTaskGenericCreate
 .text.vTaskStartScheduler
                0x000000000091371c       0x74 CMakeFiles/button_press_log.dir/home/fdsa/Desktop/Tirocinio/2021_03_17/to_python_2021_03_16/rtos/FreeRTOS/Source/tasks.c.obj
                0x000000000091371c                vTaskStartScheduler
 .text.vTaskSuspendAll
                0x0000000000913790       0x10 CMakeFiles/button_press_log.dir/home/fdsa/Desktop/Tirocinio/2021_03_17/to_python_2021_03_16/rtos/FreeRTOS/Source/tasks.c.obj
                0x0000000000913790                vTaskSuspendAll
 .text.xTaskGetTickCount
                0x00000000009137a0        0xc CMakeFiles/button_press_log.dir/home/fdsa/Desktop/Tirocinio/2021_03_17/to_python_2021_03_16/rtos/FreeRTOS/Source/tasks.c.obj
                0x00000000009137a0                xTaskGetTickCount
 .text.xTaskIncrementTick
                0x00000000009137ac      0x118 CMakeFiles/button_press_log.dir/home/fdsa/Desktop/Tirocinio/2021_03_17/to_python_2021_03_16/rtos/FreeRTOS/Source/tasks.c.obj
                0x00000000009137ac                xTaskIncrementTick
 .text.xTaskResumeAll
                0x00000000009138c4       0xf8 CMakeFiles/button_press_log.dir/home/fdsa/Desktop/Tirocinio/2021_03_17/to_python_2021_03_16/rtos/FreeRTOS/Source/tasks.c.obj
                0x00000000009138c4                xTaskResumeAll
 .text.vTaskDelay
                0x00000000009139bc       0x7c CMakeFiles/button_press_log.dir/home/fdsa/Desktop/Tirocinio/2021_03_17/to_python_2021_03_16/rtos/FreeRTOS/Source/tasks.c.obj
                0x00000000009139bc                vTaskDelay
 .text.vTaskSwitchContext
                0x0000000000913a38       0x98 CMakeFiles/button_press_log.dir/home/fdsa/Desktop/Tirocinio/2021_03_17/to_python_2021_03_16/rtos/FreeRTOS/Source/tasks.c.obj
                0x0000000000913a38                vTaskSwitchContext
 .text.vTaskPlaceOnEventList
                0x0000000000913ad0       0x70 CMakeFiles/button_press_log.dir/home/fdsa/Desktop/Tirocinio/2021_03_17/to_python_2021_03_16/rtos/FreeRTOS/Source/tasks.c.obj
                0x0000000000913ad0                vTaskPlaceOnEventList
 .text.xTaskRemoveFromEventList
                0x0000000000913b40       0x8c CMakeFiles/button_press_log.dir/home/fdsa/Desktop/Tirocinio/2021_03_17/to_python_2021_03_16/rtos/FreeRTOS/Source/tasks.c.obj
                0x0000000000913b40                xTaskRemoveFromEventList
 .text.vTaskSetTimeOutState
                0x0000000000913bcc       0x2c CMakeFiles/button_press_log.dir/home/fdsa/Desktop/Tirocinio/2021_03_17/to_python_2021_03_16/rtos/FreeRTOS/Source/tasks.c.obj
                0x0000000000913bcc                vTaskSetTimeOutState
 .text.xTaskCheckForTimeOut
                0x0000000000913bf8       0x80 CMakeFiles/button_press_log.dir/home/fdsa/Desktop/Tirocinio/2021_03_17/to_python_2021_03_16/rtos/FreeRTOS/Source/tasks.c.obj
                0x0000000000913bf8                xTaskCheckForTimeOut
 .text.vTaskMissedYield
                0x0000000000913c78        0xc CMakeFiles/button_press_log.dir/home/fdsa/Desktop/Tirocinio/2021_03_17/to_python_2021_03_16/rtos/FreeRTOS/Source/tasks.c.obj
                0x0000000000913c78                vTaskMissedYield
 .text.BOARD_ClockInit
                0x0000000000913c84       0x80 CMakeFiles/button_press_log.dir/home/fdsa/Desktop/Tirocinio/2021_03_17/to_python_2021_03_16/examples/imx7_colibri_m4/board.c.obj
                0x0000000000913c84                BOARD_ClockInit
 .text.dbg_uart_init
                0x0000000000913d04       0x60 CMakeFiles/button_press_log.dir/home/fdsa/Desktop/Tirocinio/2021_03_17/to_python_2021_03_16/examples/imx7_colibri_m4/board.c.obj
                0x0000000000913d04                dbg_uart_init
 .text.BOARD_RdcInit
                0x0000000000913d64       0x10 CMakeFiles/button_press_log.dir/home/fdsa/Desktop/Tirocinio/2021_03_17/to_python_2021_03_16/examples/imx7_colibri_m4/board.c.obj
                0x0000000000913d64                BOARD_RdcInit
 .text.get_uart_clock_freq
                0x0000000000913d74       0xd4 CMakeFiles/button_press_log.dir/home/fdsa/Desktop/Tirocinio/2021_03_17/to_python_2021_03_16/examples/imx7_colibri_m4/clock_freq.c.obj
                0x0000000000913d74                get_uart_clock_freq
 .text.configure_gpio_pin
                0x0000000000913e48       0x2c CMakeFiles/button_press_log.dir/home/fdsa/Desktop/Tirocinio/2021_03_17/to_python_2021_03_16/examples/imx7_colibri_m4/gpio_pins.c.obj
                0x0000000000913e48                configure_gpio_pin
 .text.configure_uart_pins
                0x0000000000913e74       0x2c CMakeFiles/button_press_log.dir/home/fdsa/Desktop/Tirocinio/2021_03_17/to_python_2021_03_16/examples/imx7_colibri_m4/pin_mux.c.obj
                0x0000000000913e74                configure_uart_pins
 .text.GPIO_Ctrl_InitLedPin
                0x0000000000913ea0       0x74 CMakeFiles/button_press_log.dir/home/fdsa/Desktop/Tirocinio/2021_03_17/to_python_2021_03_16/examples/imx7_colibri_m4/demo_apps/rpmsg/gpio_freertos/gpio_ctrl.c.obj
 .text.GPIO_Ctrl_InitKeyPin
                0x0000000000913f14       0x40 CMakeFiles/button_press_log.dir/home/fdsa/Desktop/Tirocinio/2021_03_17/to_python_2021_03_16/examples/imx7_colibri_m4/demo_apps/rpmsg/gpio_freertos/gpio_ctrl.c.obj
 .text.GPIO_Ctrl_Init
                0x0000000000913f54       0x20 CMakeFiles/button_press_log.dir/home/fdsa/Desktop/Tirocinio/2021_03_17/to_python_2021_03_16/examples/imx7_colibri_m4/demo_apps/rpmsg/gpio_freertos/gpio_ctrl.c.obj
                0x0000000000913f54                GPIO_Ctrl_Init
 .text.GPIO_Ctrl_Led_Set
                0x0000000000913f74        0xe CMakeFiles/button_press_log.dir/home/fdsa/Desktop/Tirocinio/2021_03_17/to_python_2021_03_16/examples/imx7_colibri_m4/demo_apps/rpmsg/gpio_freertos/gpio_ctrl.c.obj
                0x0000000000913f74                GPIO_Ctrl_Led_Set
 *fill*         0x0000000000913f82        0x2 
 .text.GPIO_Ctrl_WaitKeyPressed
                0x0000000000913f84       0xa8 CMakeFiles/button_press_log.dir/home/fdsa/Desktop/Tirocinio/2021_03_17/to_python_2021_03_16/examples/imx7_colibri_m4/demo_apps/rpmsg/gpio_freertos/gpio_ctrl.c.obj
                0x0000000000913f84                GPIO_Ctrl_WaitKeyPressed
 .text.GPIO5_INT15_0_Handler
                0x000000000091402c       0x84 CMakeFiles/button_press_log.dir/home/fdsa/Desktop/Tirocinio/2021_03_17/to_python_2021_03_16/examples/imx7_colibri_m4/demo_apps/rpmsg/gpio_freertos/gpio_ctrl.c.obj
                0x000000000091402c                GPIO5_INT15_0_Handler
 .text.hardware_init
                0x00000000009140b0       0x94 CMakeFiles/button_press_log.dir/home/fdsa/Desktop/Tirocinio/2021_03_17/to_python_2021_03_16/examples/imx7_colibri_m4/demo_apps/rpmsg/gpio_freertos/hardware_init.c.obj
                0x00000000009140b0                hardware_init
 .text.SwitchTask
                0x0000000000914144       0x94 CMakeFiles/button_press_log.dir/home/fdsa/Desktop/Tirocinio/2021_03_17/to_python_2021_03_16/examples/imx7_colibri_m4/demo_apps/rpmsg/gpio_freertos/main.c.obj
                0x0000000000914144                SwitchTask
 .text.GPT3_Handler
                0x00000000009141d8       0x4c CMakeFiles/button_press_log.dir/home/fdsa/Desktop/Tirocinio/2021_03_17/to_python_2021_03_16/examples/imx7_colibri_m4/demo_apps/rpmsg/gpio_freertos/main.c.obj
                0x00000000009141d8                GPT3_Handler
 .text.RGB_Set  0x0000000000914224       0x2c CMakeFiles/button_press_log.dir/home/fdsa/Desktop/Tirocinio/2021_03_17/to_python_2021_03_16/examples/imx7_colibri_m4/demo_apps/rpmsg/gpio_freertos/main.c.obj
                0x0000000000914224                RGB_Set
 .text.send_to_linux
                0x0000000000914250       0x64 CMakeFiles/button_press_log.dir/home/fdsa/Desktop/Tirocinio/2021_03_17/to_python_2021_03_16/examples/imx7_colibri_m4/demo_apps/rpmsg/gpio_freertos/main.c.obj
                0x0000000000914250                send_to_linux
 .text.ToggleTask
                0x00000000009142b4       0xe4 CMakeFiles/button_press_log.dir/home/fdsa/Desktop/Tirocinio/2021_03_17/to_python_2021_03_16/examples/imx7_colibri_m4/demo_apps/rpmsg/gpio_freertos/main.c.obj
                0x00000000009142b4                ToggleTask
 .text.MU_M4_Handler
                0x0000000000914398        0x8 CMakeFiles/button_press_log.dir/home/fdsa/Desktop/Tirocinio/2021_03_17/to_python_2021_03_16/examples/imx7_colibri_m4/demo_apps/rpmsg/gpio_freertos/main.c.obj
                0x0000000000914398                MU_M4_Handler
 .text.main     0x00000000009143a0       0x7c CMakeFiles/button_press_log.dir/home/fdsa/Desktop/Tirocinio/2021_03_17/to_python_2021_03_16/examples/imx7_colibri_m4/demo_apps/rpmsg/gpio_freertos/main.c.obj
                0x00000000009143a0                main
 .text.__assert_func
                0x000000000091441c       0x3c /home/fdsa/sdk/gcc-arm-none-eabi-10-2020-q4-major/bin/../lib/gcc/arm-none-eabi/10.2.1/../../../../arm-none-eabi/lib/thumb/v7e-m+fp/hard/libc_nano.a(lib_a-assert.o)
                0x000000000091441c                __assert_func
 .text.exit     0x0000000000914458       0x28 /home/fdsa/sdk/gcc-arm-none-eabi-10-2020-q4-major/bin/../lib/gcc/arm-none-eabi/10.2.1/../../../../arm-none-eabi/lib/thumb/v7e-m+fp/hard/libc_nano.a(lib_a-exit.o)
                0x0000000000914458                exit
 .text.fprintf  0x0000000000914480       0x24 /home/fdsa/sdk/gcc-arm-none-eabi-10-2020-q4-major/bin/../lib/gcc/arm-none-eabi/10.2.1/../../../../arm-none-eabi/lib/thumb/v7e-m+fp/hard/libc_nano.a(lib_a-fprintf.o)
                0x0000000000914480                fprintf
                0x0000000000914480                fiprintf
 .text.__libc_init_array
                0x00000000009144a4       0x48 /home/fdsa/sdk/gcc-arm-none-eabi-10-2020-q4-major/bin/../lib/gcc/arm-none-eabi/10.2.1/../../../../arm-none-eabi/lib/thumb/v7e-m+fp/hard/libc_nano.a(lib_a-init.o)
                0x00000000009144a4                __libc_init_array
 .text.memcpy   0x00000000009144ec       0x1c /home/fdsa/sdk/gcc-arm-none-eabi-10-2020-q4-major/bin/../lib/gcc/arm-none-eabi/10.2.1/../../../../arm-none-eabi/lib/thumb/v7e-m+fp/hard/libc_nano.a(lib_a-memcpy-stub.o)
                0x00000000009144ec                memcpy
 .text.memset   0x0000000000914508       0x10 /home/fdsa/sdk/gcc-arm-none-eabi-10-2020-q4-major/bin/../lib/gcc/arm-none-eabi/10.2.1/../../../../arm-none-eabi/lib/thumb/v7e-m+fp/hard/libc_nano.a(lib_a-memset.o)
                0x0000000000914508                memset
 .text.__sfputc_r
                0x0000000000914518       0x2e /home/fdsa/sdk/gcc-arm-none-eabi-10-2020-q4-major/bin/../lib/gcc/arm-none-eabi/10.2.1/../../../../arm-none-eabi/lib/thumb/v7e-m+fp/hard/libc_nano.a(lib_a-nano-vfprintf.o)
 .text.__sfputs_r
                0x0000000000914546       0x24 /home/fdsa/sdk/gcc-arm-none-eabi-10-2020-q4-major/bin/../lib/gcc/arm-none-eabi/10.2.1/../../../../arm-none-eabi/lib/thumb/v7e-m+fp/hard/libc_nano.a(lib_a-nano-vfprintf.o)
                0x0000000000914546                __sfputs_r
 *fill*         0x000000000091456a        0x2 
 .text._vfprintf_r
                0x000000000091456c      0x260 /home/fdsa/sdk/gcc-arm-none-eabi-10-2020-q4-major/bin/../lib/gcc/arm-none-eabi/10.2.1/../../../../arm-none-eabi/lib/thumb/v7e-m+fp/hard/libc_nano.a(lib_a-nano-vfprintf.o)
                0x000000000091456c                _vfiprintf_r
                0x000000000091456c                _vfprintf_r
 .text._printf_common
                0x00000000009147cc       0xda /home/fdsa/sdk/gcc-arm-none-eabi-10-2020-q4-major/bin/../lib/gcc/arm-none-eabi/10.2.1/../../../../arm-none-eabi/lib/thumb/v7e-m+fp/hard/libc_nano.a(lib_a-nano-vfprintf_i.o)
                0x00000000009147cc                _printf_common
 *fill*         0x00000000009148a6        0x2 
 .text._printf_i
                0x00000000009148a8      0x24c /home/fdsa/sdk/gcc-arm-none-eabi-10-2020-q4-major/bin/../lib/gcc/arm-none-eabi/10.2.1/../../../../arm-none-eabi/lib/thumb/v7e-m+fp/hard/libc_nano.a(lib_a-nano-vfprintf_i.o)
                0x00000000009148a8                _printf_i
 .text.snprintf
                0x0000000000914af4       0x68 /home/fdsa/sdk/gcc-arm-none-eabi-10-2020-q4-major/bin/../lib/gcc/arm-none-eabi/10.2.1/../../../../arm-none-eabi/lib/thumb/v7e-m+fp/hard/libc_nano.a(lib_a-snprintf.o)
                0x0000000000914af4                snprintf
                0x0000000000914af4                sniprintf
 .text.strncmp  0x0000000000914b5c       0x28 /home/fdsa/sdk/gcc-arm-none-eabi-10-2020-q4-major/bin/../lib/gcc/arm-none-eabi/10.2.1/../../../../arm-none-eabi/lib/thumb/v7e-m+fp/hard/libc_nano.a(lib_a-strncmp.o)
                0x0000000000914b5c                strncmp
 .text.strncpy  0x0000000000914b84       0x26 /home/fdsa/sdk/gcc-arm-none-eabi-10-2020-q4-major/bin/../lib/gcc/arm-none-eabi/10.2.1/../../../../arm-none-eabi/lib/thumb/v7e-m+fp/hard/libc_nano.a(lib_a-strncpy.o)
                0x0000000000914b84                strncpy
 *fill*         0x0000000000914baa        0x2 
 .text.__swbuf_r
                0x0000000000914bac       0xa4 /home/fdsa/sdk/gcc-arm-none-eabi-10-2020-q4-major/bin/../lib/gcc/arm-none-eabi/10.2.1/../../../../arm-none-eabi/lib/thumb/v7e-m+fp/hard/libc_nano.a(lib_a-wbuf.o)
                0x0000000000914bac                __swbuf_r
 .text.__swsetup_r
                0x0000000000914c50       0xdc /home/fdsa/sdk/gcc-arm-none-eabi-10-2020-q4-major/bin/../lib/gcc/arm-none-eabi/10.2.1/../../../../arm-none-eabi/lib/thumb/v7e-m+fp/hard/libc_nano.a(lib_a-wsetup.o)
                0x0000000000914c50                __swsetup_r
 .text.abort    0x0000000000914d2c        0xe /home/fdsa/sdk/gcc-arm-none-eabi-10-2020-q4-major/bin/../lib/gcc/arm-none-eabi/10.2.1/../../../../arm-none-eabi/lib/thumb/v7e-m+fp/hard/libc_nano.a(lib_a-abort.o)
                0x0000000000914d2c                abort
 *fill*         0x0000000000914d3a        0x2 
 .text.__sflush_r
                0x0000000000914d3c      0x10c /home/fdsa/sdk/gcc-arm-none-eabi-10-2020-q4-major/bin/../lib/gcc/arm-none-eabi/10.2.1/../../../../arm-none-eabi/lib/thumb/v7e-m+fp/hard/libc_nano.a(lib_a-fflush.o)
                0x0000000000914d3c                __sflush_r
 .text._fflush_r
                0x0000000000914e48       0x78 /home/fdsa/sdk/gcc-arm-none-eabi-10-2020-q4-major/bin/../lib/gcc/arm-none-eabi/10.2.1/../../../../arm-none-eabi/lib/thumb/v7e-m+fp/hard/libc_nano.a(lib_a-fflush.o)
                0x0000000000914e48                _fflush_r
 .text.std      0x0000000000914ec0       0x48 /home/fdsa/sdk/gcc-arm-none-eabi-10-2020-q4-major/bin/../lib/gcc/arm-none-eabi/10.2.1/../../../../arm-none-eabi/lib/thumb/v7e-m+fp/hard/libc_nano.a(lib_a-findfp.o)
 .text._cleanup_r
                0x0000000000914f08        0xc /home/fdsa/sdk/gcc-arm-none-eabi-10-2020-q4-major/bin/../lib/gcc/arm-none-eabi/10.2.1/../../../../arm-none-eabi/lib/thumb/v7e-m+fp/hard/libc_nano.a(lib_a-findfp.o)
                0x0000000000914f08                _cleanup_r
 .text.__sfmoreglue
                0x0000000000914f14       0x2c /home/fdsa/sdk/gcc-arm-none-eabi-10-2020-q4-major/bin/../lib/gcc/arm-none-eabi/10.2.1/../../../../arm-none-eabi/lib/thumb/v7e-m+fp/hard/libc_nano.a(lib_a-findfp.o)
                0x0000000000914f14                __sfmoreglue
 .text.__sfp_lock_acquire
                0x0000000000914f40        0xc /home/fdsa/sdk/gcc-arm-none-eabi-10-2020-q4-major/bin/../lib/gcc/arm-none-eabi/10.2.1/../../../../arm-none-eabi/lib/thumb/v7e-m+fp/hard/libc_nano.a(lib_a-findfp.o)
                0x0000000000914f40                __sfp_lock_acquire
 .text.__sfp_lock_release
                0x0000000000914f4c        0xc /home/fdsa/sdk/gcc-arm-none-eabi-10-2020-q4-major/bin/../lib/gcc/arm-none-eabi/10.2.1/../../../../arm-none-eabi/lib/thumb/v7e-m+fp/hard/libc_nano.a(lib_a-findfp.o)
                0x0000000000914f4c                __sfp_lock_release
 .text.__sinit_lock_acquire
                0x0000000000914f58        0xc /home/fdsa/sdk/gcc-arm-none-eabi-10-2020-q4-major/bin/../lib/gcc/arm-none-eabi/10.2.1/../../../../arm-none-eabi/lib/thumb/v7e-m+fp/hard/libc_nano.a(lib_a-findfp.o)
                0x0000000000914f58                __sinit_lock_acquire
 .text.__sinit_lock_release
                0x0000000000914f64        0xc /home/fdsa/sdk/gcc-arm-none-eabi-10-2020-q4-major/bin/../lib/gcc/arm-none-eabi/10.2.1/../../../../arm-none-eabi/lib/thumb/v7e-m+fp/hard/libc_nano.a(lib_a-findfp.o)
                0x0000000000914f64                __sinit_lock_release
 .text.__sinit  0x0000000000914f70       0x70 /home/fdsa/sdk/gcc-arm-none-eabi-10-2020-q4-major/bin/../lib/gcc/arm-none-eabi/10.2.1/../../../../arm-none-eabi/lib/thumb/v7e-m+fp/hard/libc_nano.a(lib_a-findfp.o)
                0x0000000000914f70                __sinit
 .text.__sfp    0x0000000000914fe0       0x8c /home/fdsa/sdk/gcc-arm-none-eabi-10-2020-q4-major/bin/../lib/gcc/arm-none-eabi/10.2.1/../../../../arm-none-eabi/lib/thumb/v7e-m+fp/hard/libc_nano.a(lib_a-findfp.o)
                0x0000000000914fe0                __sfp
 .text._fwalk_reent
                0x000000000091506c       0x3e /home/fdsa/sdk/gcc-arm-none-eabi-10-2020-q4-major/bin/../lib/gcc/arm-none-eabi/10.2.1/../../../../arm-none-eabi/lib/thumb/v7e-m+fp/hard/libc_nano.a(lib_a-fwalk.o)
                0x000000000091506c                _fwalk_reent
 .text.__retarget_lock_init_recursive
                0x00000000009150aa        0x2 /home/fdsa/sdk/gcc-arm-none-eabi-10-2020-q4-major/bin/../lib/gcc/arm-none-eabi/10.2.1/../../../../arm-none-eabi/lib/thumb/v7e-m+fp/hard/libc_nano.a(lib_a-lock.o)
                0x00000000009150aa                __retarget_lock_init_recursive
 .text.__retarget_lock_acquire_recursive
                0x00000000009150ac        0x2 /home/fdsa/sdk/gcc-arm-none-eabi-10-2020-q4-major/bin/../lib/gcc/arm-none-eabi/10.2.1/../../../../arm-none-eabi/lib/thumb/v7e-m+fp/hard/libc_nano.a(lib_a-lock.o)
                0x00000000009150ac                __retarget_lock_acquire_recursive
 .text.__retarget_lock_release_recursive
                0x00000000009150ae        0x2 /home/fdsa/sdk/gcc-arm-none-eabi-10-2020-q4-major/bin/../lib/gcc/arm-none-eabi/10.2.1/../../../../arm-none-eabi/lib/thumb/v7e-m+fp/hard/libc_nano.a(lib_a-lock.o)
                0x00000000009150ae                __retarget_lock_release_recursive
 .text.__swhatbuf_r
                0x00000000009150b0       0x4a /home/fdsa/sdk/gcc-arm-none-eabi-10-2020-q4-major/bin/../lib/gcc/arm-none-eabi/10.2.1/../../../../arm-none-eabi/lib/thumb/v7e-m+fp/hard/libc_nano.a(lib_a-makebuf.o)
                0x00000000009150b0                __swhatbuf_r
 *fill*         0x00000000009150fa        0x2 
 .text.__smakebuf_r
                0x00000000009150fc       0x80 /home/fdsa/sdk/gcc-arm-none-eabi-10-2020-q4-major/bin/../lib/gcc/arm-none-eabi/10.2.1/../../../../arm-none-eabi/lib/thumb/v7e-m+fp/hard/libc_nano.a(lib_a-makebuf.o)
                0x00000000009150fc                __smakebuf_r
 .text.memmove  0x000000000091517c       0x34 /home/fdsa/sdk/gcc-arm-none-eabi-10-2020-q4-major/bin/../lib/gcc/arm-none-eabi/10.2.1/../../../../arm-none-eabi/lib/thumb/v7e-m+fp/hard/libc_nano.a(lib_a-memmove.o)
                0x000000000091517c                memmove
 .text._free_r  0x00000000009151b0       0x98 /home/fdsa/sdk/gcc-arm-none-eabi-10-2020-q4-major/bin/../lib/gcc/arm-none-eabi/10.2.1/../../../../arm-none-eabi/lib/thumb/v7e-m+fp/hard/libc_nano.a(lib_a-nano-freer.o)
                0x00000000009151b0                _free_r
 .text._malloc_r
                0x0000000000915248       0xb4 /home/fdsa/sdk/gcc-arm-none-eabi-10-2020-q4-major/bin/../lib/gcc/arm-none-eabi/10.2.1/../../../../arm-none-eabi/lib/thumb/v7e-m+fp/hard/libc_nano.a(lib_a-nano-mallocr.o)
                0x0000000000915248                _malloc_r
 .text._realloc_r
                0x00000000009152fc       0x4c /home/fdsa/sdk/gcc-arm-none-eabi-10-2020-q4-major/bin/../lib/gcc/arm-none-eabi/10.2.1/../../../../arm-none-eabi/lib/thumb/v7e-m+fp/hard/libc_nano.a(lib_a-nano-reallocr.o)
                0x00000000009152fc                _realloc_r
 .text.__ssputs_r
                0x0000000000915348       0xb6 /home/fdsa/sdk/gcc-arm-none-eabi-10-2020-q4-major/bin/../lib/gcc/arm-none-eabi/10.2.1/../../../../arm-none-eabi/lib/thumb/v7e-m+fp/hard/libc_nano.a(lib_a-nano-svfprintf.o)
                0x0000000000915348                __ssputs_r
 *fill*         0x00000000009153fe        0x2 
 .text._svfprintf_r
                0x0000000000915400      0x200 /home/fdsa/sdk/gcc-arm-none-eabi-10-2020-q4-major/bin/../lib/gcc/arm-none-eabi/10.2.1/../../../../arm-none-eabi/lib/thumb/v7e-m+fp/hard/libc_nano.a(lib_a-nano-svfprintf.o)
                0x0000000000915400                _svfprintf_r
                0x0000000000915400                _svfiprintf_r
 .text._sbrk_r  0x0000000000915600       0x20 /home/fdsa/sdk/gcc-arm-none-eabi-10-2020-q4-major/bin/../lib/gcc/arm-none-eabi/10.2.1/../../../../arm-none-eabi/lib/thumb/v7e-m+fp/hard/libc_nano.a(lib_a-sbrkr.o)
                0x0000000000915600                _sbrk_r
 .text._raise_r