Archive member included to satisfy reference by file (symbol)

/home/fdsa/Downloads/gcc-arm-none-eabi-10-2020-q4-major/bin/../lib/gcc/arm-none-eabi/10.2.1/../../../../arm-none-eabi/lib/thumb/v7e-m+fp/hard/libc_nano.a(lib_a-assert.o)
                              CMakeFiles/gpio_freertos.dir/home/fdsa/FreeRTOS-Colibri-iMX7/middleware/multicore/open-amp/porting/env/freertos/rpmsg_porting.c.obj (__assert_func)
/home/fdsa/Downloads/gcc-arm-none-eabi-10-2020-q4-major/bin/../lib/gcc/arm-none-eabi/10.2.1/../../../../arm-none-eabi/lib/thumb/v7e-m+fp/hard/libc_nano.a(lib_a-atoi.o)
                              CMakeFiles/gpio_freertos.dir/home/fdsa/FreeRTOS-Colibri-iMX7/examples/imx7_colibri_m4/demo_apps/rpmsg/gpio_freertosStateMachine/main.c.obj (atoi)
/home/fdsa/Downloads/gcc-arm-none-eabi-10-2020-q4-major/bin/../lib/gcc/arm-none-eabi/10.2.1/../../../../arm-none-eabi/lib/thumb/v7e-m+fp/hard/libc_nano.a(lib_a-exit.o)
                              /home/fdsa/Downloads/gcc-arm-none-eabi-10-2020-q4-major/bin/../lib/gcc/arm-none-eabi/10.2.1/../../../../arm-none-eabi/lib/thumb/v7e-m+fp/hard/crt0.o (exit)
/home/fdsa/Downloads/gcc-arm-none-eabi-10-2020-q4-major/bin/../lib/gcc/arm-none-eabi/10.2.1/../../../../arm-none-eabi/lib/thumb/v7e-m+fp/hard/libc_nano.a(lib_a-fprintf.o)
                              /home/fdsa/Downloads/gcc-arm-none-eabi-10-2020-q4-major/bin/../lib/gcc/arm-none-eabi/10.2.1/../../../../arm-none-eabi/lib/thumb/v7e-m+fp/hard/libc_nano.a(lib_a-assert.o) (fiprintf)
/home/fdsa/Downloads/gcc-arm-none-eabi-10-2020-q4-major/bin/../lib/gcc/arm-none-eabi/10.2.1/../../../../arm-none-eabi/lib/thumb/v7e-m+fp/hard/libc_nano.a(lib_a-impure.o)
                              /home/fdsa/Downloads/gcc-arm-none-eabi-10-2020-q4-major/bin/../lib/gcc/arm-none-eabi/10.2.1/../../../../arm-none-eabi/lib/thumb/v7e-m+fp/hard/libc_nano.a(lib_a-exit.o) (_global_impure_ptr)
/home/fdsa/Downloads/gcc-arm-none-eabi-10-2020-q4-major/bin/../lib/gcc/arm-none-eabi/10.2.1/../../../../arm-none-eabi/lib/thumb/v7e-m+fp/hard/libc_nano.a(lib_a-init.o)
                              /home/fdsa/Downloads/gcc-arm-none-eabi-10-2020-q4-major/bin/../lib/gcc/arm-none-eabi/10.2.1/../../../../arm-none-eabi/lib/thumb/v7e-m+fp/hard/crt0.o (__libc_init_array)
/home/fdsa/Downloads/gcc-arm-none-eabi-10-2020-q4-major/bin/../lib/gcc/arm-none-eabi/10.2.1/../../../../arm-none-eabi/lib/thumb/v7e-m+fp/hard/libc_nano.a(lib_a-memcpy-stub.o)
                              CMakeFiles/gpio_freertos.dir/home/fdsa/FreeRTOS-Colibri-iMX7/middleware/multicore/open-amp/porting/env/freertos/rpmsg_porting.c.obj (memcpy)
/home/fdsa/Downloads/gcc-arm-none-eabi-10-2020-q4-major/bin/../lib/gcc/arm-none-eabi/10.2.1/../../../../arm-none-eabi/lib/thumb/v7e-m+fp/hard/libc_nano.a(lib_a-memset.o)
                              /home/fdsa/Downloads/gcc-arm-none-eabi-10-2020-q4-major/bin/../lib/gcc/arm-none-eabi/10.2.1/../../../../arm-none-eabi/lib/thumb/v7e-m+fp/hard/crt0.o (memset)
/home/fdsa/Downloads/gcc-arm-none-eabi-10-2020-q4-major/bin/../lib/gcc/arm-none-eabi/10.2.1/../../../../arm-none-eabi/lib/thumb/v7e-m+fp/hard/libc_nano.a(lib_a-nano-vfprintf.o)
                              /home/fdsa/Downloads/gcc-arm-none-eabi-10-2020-q4-major/bin/../lib/gcc/arm-none-eabi/10.2.1/../../../../arm-none-eabi/lib/thumb/v7e-m+fp/hard/libc_nano.a(lib_a-fprintf.o) (_vfprintf_r)
/home/fdsa/Downloads/gcc-arm-none-eabi-10-2020-q4-major/bin/../lib/gcc/arm-none-eabi/10.2.1/../../../../arm-none-eabi/lib/thumb/v7e-m+fp/hard/libc_nano.a(lib_a-nano-vfprintf_i.o)
                              /home/fdsa/Downloads/gcc-arm-none-eabi-10-2020-q4-major/bin/../lib/gcc/arm-none-eabi/10.2.1/../../../../arm-none-eabi/lib/thumb/v7e-m+fp/hard/libc_nano.a(lib_a-nano-vfprintf.o) (_printf_i)
/home/fdsa/Downloads/gcc-arm-none-eabi-10-2020-q4-major/bin/../lib/gcc/arm-none-eabi/10.2.1/../../../../arm-none-eabi/lib/thumb/v7e-m+fp/hard/libc_nano.a(lib_a-strcmp.o)
                              CMakeFiles/gpio_freertos.dir/home/fdsa/FreeRTOS-Colibri-iMX7/middleware/multicore/open-amp/porting/env/freertos/rpmsg_porting.c.obj (strcmp)
/home/fdsa/Downloads/gcc-arm-none-eabi-10-2020-q4-major/bin/../lib/gcc/arm-none-eabi/10.2.1/../../../../arm-none-eabi/lib/thumb/v7e-m+fp/hard/libc_nano.a(lib_a-strlen.o)
                              CMakeFiles/gpio_freertos.dir/home/fdsa/FreeRTOS-Colibri-iMX7/platform/utilities/src/print_scan.c.obj (strlen)
/home/fdsa/Downloads/gcc-arm-none-eabi-10-2020-q4-major/bin/../lib/gcc/arm-none-eabi/10.2.1/../../../../arm-none-eabi/lib/thumb/v7e-m+fp/hard/libc_nano.a(lib_a-strncmp.o)
                              CMakeFiles/gpio_freertos.dir/home/fdsa/FreeRTOS-Colibri-iMX7/middleware/multicore/open-amp/porting/env/freertos/rpmsg_porting.c.obj (strncmp)
/home/fdsa/Downloads/gcc-arm-none-eabi-10-2020-q4-major/bin/../lib/gcc/arm-none-eabi/10.2.1/../../../../arm-none-eabi/lib/thumb/v7e-m+fp/hard/libc_nano.a(lib_a-strncpy.o)
[...]
Memory Configuration

Name             Origin             Length             Attributes
m_interrupts     0x0000000000000000 0x0000000000000240 xr
m_text           0x0000000000910000 0x0000000000010000 xr
m_data           0x0000000020220000 0x0000000000020000 rw
*default*        0x0000000000000000 0xffffffffffffffff

Linker script and memory map

LOAD /home/fdsa/Downloads/gcc-arm-none-eabi-10-2020-q4-major/bin/../lib/gcc/arm-none-eabi/10.2.1/thumb/v7e-m+fp/hard/crti.o
LOAD /home/fdsa/Downloads/gcc-arm-none-eabi-10-2020-q4-major/bin/../lib/gcc/arm-none-eabi/10.2.1/thumb/v7e-m+fp/hard/crtbegin.o
LOAD /home/fdsa/Downloads/gcc-arm-none-eabi-10-2020-q4-major/bin/../lib/gcc/arm-none-eabi/10.2.1/../../../../arm-none-eabi/lib/thumb/v7e-m+fp/hard/crt0.o
                0x0000000000000400                __stack_size__ = 0x400
                0x0000000000000200                __heap_size__ = 0x200
LOAD CMakeFiles/gpio_freertos.dir/home/fdsa/FreeRTOS-Colibri-iMX7/middleware/multicore/open-amp/common/hil/hil.c.obj
LOAD CMakeFiles/gpio_freertos.dir/home/fdsa/FreeRTOS-Colibri-iMX7/middleware/multicore/open-amp/common/llist/llist.c.obj
LOAD CMakeFiles/gpio_freertos.dir/home/fdsa/FreeRTOS-Colibri-iMX7/middleware/multicore/open-amp/common/shm/sh_mem.c.obj
LOAD CMakeFiles/gpio_freertos.dir/home/fdsa/FreeRTOS-Colibri-iMX7/middleware/multicore/open-amp/porting/config/config.c.obj
LOAD CMakeFiles/gpio_freertos.dir/home/fdsa/FreeRTOS-Colibri-iMX7/middleware/multicore/open-amp/porting/env/freertos/rpmsg_porting.c.obj
LOAD CMakeFiles/gpio_freertos.dir/home/fdsa/FreeRTOS-Colibri-iMX7/middleware/multicore/open-amp/porting/imx7d_m4/platform.c.obj
LOAD CMakeFiles/gpio_freertos.dir/home/fdsa/FreeRTOS-Colibri-iMX7/middleware/multicore/open-amp/porting/imx7d_m4/platform_info.c.obj
LOAD CMakeFiles/gpio_freertos.dir/home/fdsa/FreeRTOS-Colibri-iMX7/middleware/multicore/open-amp/rpmsg/remote_device.c.obj
LOAD CMakeFiles/gpio_freertos.dir/home/fdsa/FreeRTOS-Colibri-iMX7/middleware/multicore/open-amp/rpmsg/rpmsg.c.obj
LOAD CMakeFiles/gpio_freertos.dir/home/fdsa/FreeRTOS-Colibri-iMX7/middleware/multicore/open-amp/rpmsg/rpmsg_core.c.obj
LOAD CMakeFiles/gpio_freertos.dir/home/fdsa/FreeRTOS-Colibri-iMX7/middleware/multicore/open-amp/rpmsg/rpmsg_ext.c.obj
LOAD CMakeFiles/gpio_freertos.dir/home/fdsa/FreeRTOS-Colibri-iMX7/middleware/multicore/open-amp/rpmsg/rpmsg_rtos.c.obj
LOAD CMakeFiles/gpio_freertos.dir/home/fdsa/FreeRTOS-Colibri-iMX7/middleware/multicore/open-amp/virtio/virtio.c.obj
LOAD CMakeFiles/gpio_freertos.dir/home/fdsa/FreeRTOS-Colibri-iMX7/middleware/multicore/open-amp/virtio/virtqueue.c.obj
LOAD CMakeFiles/gpio_freertos.dir/home/fdsa/FreeRTOS-Colibri-iMX7/platform/devices/MCIMX7D/startup/gcc/startup_MCIMX7D_M4.S.obj
LOAD CMakeFiles/gpio_freertos.dir/home/fdsa/FreeRTOS-Colibri-iMX7/platform/devices/MCIMX7D/startup/system_MCIMX7D_M4.c.obj
LOAD CMakeFiles/gpio_freertos.dir/home/fdsa/FreeRTOS-Colibri-iMX7/platform/drivers/src/ccm_analog_imx7d.c.obj
LOAD CMakeFiles/gpio_freertos.dir/home/fdsa/FreeRTOS-Colibri-iMX7/platform/drivers/src/ccm_imx7d.c.obj
LOAD CMakeFiles/gpio_freertos.dir/home/fdsa/FreeRTOS-Colibri-iMX7/platform/drivers/src/gpio_imx.c.obj
LOAD CMakeFiles/gpio_freertos.dir/home/fdsa/FreeRTOS-Colibri-iMX7/platform/drivers/src/lmem.c.obj
LOAD CMakeFiles/gpio_freertos.dir/home/fdsa/FreeRTOS-Colibri-iMX7/platform/drivers/src/mu_imx.c.obj
LOAD CMakeFiles/gpio_freertos.dir/home/fdsa/FreeRTOS-Colibri-iMX7/platform/drivers/src/rdc.c.obj
LOAD CMakeFiles/gpio_freertos.dir/home/fdsa/FreeRTOS-Colibri-iMX7/platform/drivers/src/rdc_semaphore.c.obj
LOAD CMakeFiles/gpio_freertos.dir/home/fdsa/FreeRTOS-Colibri-iMX7/platform/drivers/src/uart_imx.c.obj
LOAD CMakeFiles/gpio_freertos.dir/home/fdsa/FreeRTOS-Colibri-iMX7/platform/drivers/src/wdog_imx.c.obj
LOAD CMakeFiles/gpio_freertos.dir/home/fdsa/FreeRTOS-Colibri-iMX7/platform/utilities/src/debug_console_imx.c.obj
LOAD CMakeFiles/gpio_freertos.dir/home/fdsa/FreeRTOS-Colibri-iMX7/platform/utilities/src/print_scan.c.obj
LOAD CMakeFiles/gpio_freertos.dir/home/fdsa/FreeRTOS-Colibri-iMX7/rtos/FreeRTOS/Source/croutine.c.obj
LOAD CMakeFiles/gpio_freertos.dir/home/fdsa/FreeRTOS-Colibri-iMX7/rtos/FreeRTOS/Source/event_groups.c.obj
LOAD CMakeFiles/gpio_freertos.dir/home/fdsa/FreeRTOS-Colibri-iMX7/rtos/FreeRTOS/Source/list.c.obj
LOAD CMakeFiles/gpio_freertos.dir/home/fdsa/FreeRTOS-Colibri-iMX7/rtos/FreeRTOS/Source/portable/GCC/ARM_CM4F/port.c.obj
LOAD CMakeFiles/gpio_freertos.dir/home/fdsa/FreeRTOS-Colibri-iMX7/rtos/FreeRTOS/Source/portable/MemMang/heap_2.c.obj
LOAD CMakeFiles/gpio_freertos.dir/home/fdsa/FreeRTOS-Colibri-iMX7/rtos/FreeRTOS/Source/queue.c.obj
LOAD CMakeFiles/gpio_freertos.dir/home/fdsa/FreeRTOS-Colibri-iMX7/rtos/FreeRTOS/Source/tasks.c.obj
LOAD CMakeFiles/gpio_freertos.dir/home/fdsa/FreeRTOS-Colibri-iMX7/rtos/FreeRTOS/Source/timers.c.obj
LOAD CMakeFiles/gpio_freertos.dir/home/fdsa/FreeRTOS-Colibri-iMX7/examples/imx7_colibri_m4/board.c.obj
LOAD CMakeFiles/gpio_freertos.dir/home/fdsa/FreeRTOS-Colibri-iMX7/examples/imx7_colibri_m4/clock_freq.c.obj
LOAD CMakeFiles/gpio_freertos.dir/home/fdsa/FreeRTOS-Colibri-iMX7/examples/imx7_colibri_m4/gpio_pins.c.obj
LOAD CMakeFiles/gpio_freertos.dir/home/fdsa/FreeRTOS-Colibri-iMX7/examples/imx7_colibri_m4/pin_mux.c.obj
LOAD CMakeFiles/gpio_freertos.dir/home/fdsa/FreeRTOS-Colibri-iMX7/examples/imx7_colibri_m4/demo_apps/rpmsg/gpio_freertosStateMachine/gpio_ctrl.c.obj
LOAD CMakeFiles/gpio_freertos.dir/home/fdsa/FreeRTOS-Colibri-iMX7/examples/imx7_colibri_m4/demo_apps/rpmsg/gpio_freertosStateMachine/hardware_init.c.obj
LOAD CMakeFiles/gpio_freertos.dir/home/fdsa/FreeRTOS-Colibri-iMX7/examples/imx7_colibri_m4/demo_apps/rpmsg/gpio_freertosStateMachine/main.c.obj
START GROUP
LOAD /home/fdsa/Downloads/gcc-arm-none-eabi-10-2020-q4-major/bin/../lib/gcc/arm-none-eabi/10.2.1/../../../../arm-none-eabi/lib/thumb/v7e-m+fp/hard/libm.a
LOAD /home/fdsa/Downloads/gcc-arm-none-eabi-10-2020-q4-major/bin/../lib/gcc/arm-none-eabi/10.2.1/../../../../arm-none-eabi/lib/thumb/v7e-m+fp/hard/libc_nano.a
LOAD /home/fdsa/Downloads/gcc-arm-none-eabi-10-2020-q4-major/bin/../lib/gcc/arm-none-eabi/10.2.1/thumb/v7e-m+fp/hard/libgcc.a
LOAD /home/fdsa/Downloads/gcc-arm-none-eabi-10-2020-q4-major/bin/../lib/gcc/arm-none-eabi/10.2.1/../../../../arm-none-eabi/lib/thumb/v7e-m+fp/hard/libnosys.a
END GROUP
START GROUP
LOAD /home/fdsa/Downloads/gcc-arm-none-eabi-10-2020-q4-major/bin/../lib/gcc/arm-none-eabi/10.2.1/thumb/v7e-m+fp/hard/libgcc.a
LOAD /home/fdsa/Downloads/gcc-arm-none-eabi-10-2020-q4-major/bin/../lib/gcc/arm-none-eabi/10.2.1/../../../../arm-none-eabi/lib/thumb/v7e-m+fp/hard/libc_nano.a
END GROUP
START GROUP
LOAD /home/fdsa/Downloads/gcc-arm-none-eabi-10-2020-q4-major/bin/../lib/gcc/arm-none-eabi/10.2.1/thumb/v7e-m+fp/hard/libgcc.a
LOAD /home/fdsa/Downloads/gcc-arm-none-eabi-10-2020-q4-major/bin/../lib/gcc/arm-none-eabi/10.2.1/../../../../arm-none-eabi/lib/thumb/v7e-m+fp/hard/libc_nano.a
LOAD /home/fdsa/Downloads/gcc-arm-none-eabi-10-2020-q4-major/bin/../lib/gcc/arm-none-eabi/10.2.1/../../../../arm-none-eabi/lib/thumb/v7e-m+fp/hard/libnosys.a
END GROUP
START GROUP
LOAD /home/fdsa/Downloads/gcc-arm-none-eabi-10-2020-q4-major/bin/../lib/gcc/arm-none-eabi/10.2.1/thumb/v7e-m+fp/hard/libgcc.a
LOAD /home/fdsa/Downloads/gcc-arm-none-eabi-10-2020-q4-major/bin/../lib/gcc/arm-none-eabi/10.2.1/../../../../arm-none-eabi/lib/thumb/v7e-m+fp/hard/libc_nano.a
LOAD /home/fdsa/Downloads/gcc-arm-none-eabi-10-2020-q4-major/bin/../lib/gcc/arm-none-eabi/10.2.1/../../../../arm-none-eabi/lib/thumb/v7e-m+fp/hard/libnosys.a
END GROUP
LOAD /home/fdsa/Downloads/gcc-arm-none-eabi-10-2020-q4-major/bin/../lib/gcc/arm-none-eabi/10.2.1/thumb/v7e-m+fp/hard/crtend.o
LOAD /home/fdsa/Downloads/gcc-arm-none-eabi-10-2020-q4-major/bin/../lib/gcc/arm-none-eabi/10.2.1/thumb/v7e-m+fp/hard/crtn.o
                0x000000001fff8000                TCML_code = 0x1fff8000
                0x0000000020000000                TCMU_system = 0x20000000
                0x0000000000000000                OCRAM_S_code = 0x0
                0x0000000000180000                OCRAM_S_system = 0x180000
                0x0000000000900000                OCRAM_code = 0x900000
                0x0000000020200000                OCRAM_system = 0x20200000
                0x0000000000920000                OCRAM_EPDC_code = 0x920000
                0x0000000020220000                OCRAM_EPDC_system = 0x20220000
                0x0000000010000000                DDR_code = 0x10000000
                0x0000000080000000                DDR_system = 0x80000000
                0x0000000000000200                HEAP_SIZE = DEFINED (__heap_size__)?__heap_size__:0x400
                0x0000000000000400                STACK_SIZE = DEFINED (__stack_size__)?__stack_size__:0x400
                0x0000000000000000                __FLASH_START = ORIGIN (m_interrupts)
                0x0000000000920000                __FLASH_END = (ORIGIN (m_text) + LENGTH (m_text))

.interrupts     0x0000000000000000      0x240
                0x0000000000000000                __VECTOR_TABLE = .
                0x0000000000000000                . = ALIGN (0x4)
 *(.isr_vector)
 .isr_vector    0x0000000000000000      0x240 CMakeFiles/gpio_freertos.dir/home/fdsa/FreeRTOS-Colibri-iMX7/platform/devices/MCIMX7D/startup/gcc/startup_MCIMX7D_M4.S.obj
                0x0000000000000000                __isr_vector
                0x0000000000000240                . = ALIGN (0x4)

.text           0x0000000000910000     0x5770
                0x0000000000910000                . = ALIGN (0x4)
 *(.text)
 .text          0x0000000000910000       0x40 /home/fdsa/Downloads/gcc-arm-none-eabi-10-2020-q4-major/bin/../lib/gcc/arm-none-eabi/10.2.1/thumb/v7e-m+fp/hard/crtbegin.o
 .text          0x0000000000910040       0x7c /home/fdsa/Downloads/gcc-arm-none-eabi-10-2020-q4-major/bin/../lib/gcc/arm-none-eabi/10.2.1/../../../../arm-none-eabi/lib/thumb/v7e-m+fp/hard/crt0.o
                0x0000000000910040                _stack_init
                0x0000000000910048                _mainCRTStartup
                0x0000000000910048                _start
 .text          0x00000000009100bc       0x24 CMakeFiles/gpio_freertos.dir/home/fdsa/FreeRTOS-Colibri-iMX7/platform/devices/MCIMX7D/startup/gcc/startup_MCIMX7D_M4.S.obj
                0x00000000009100bc                Reset_Handler
                0x00000000009100dc                ENET2_MAC0_TRANS1_Handler
                0x00000000009100dc                SAI3_Handler
                0x00000000009100dc                DebugMon_Handler
                0x00000000009100dc                USB_OH3_OTG2_1_Handler
                0x00000000009100dc                GPIO3_INT31_16_Handler
                0x00000000009100dc                eCSPI4_Handler
                0x00000000009100dc                SIM2_Handler
                0x00000000009100dc                FLEXCAN1_Handler
                0x00000000009100dc                UART3_Handler
                0x00000000009100dc                UART2_Handler
                0x00000000009100dc                GPIO1_INT3_Handler
                0x00000000009100dc                HardFault_Handler
                0x00000000009100dc                SNVS_SECURITY_Handler
                0x00000000009100dc                SEMA4_HS_M4_Handler
                0x00000000009100dc                GPIO6_INT31_16_Handler
                0x00000000009100dc                SRC_Handler
                0x00000000009100dc                GPT2_Handler
                0x00000000009100dc                CCM2_Handler
                0x00000000009100dc                I2C1_Handler
                0x00000000009100dc                CPU_CTI_Handler
                0x00000000009100dc                NMI_Handler
                0x00000000009100dc                SAI1_Handler
                0x00000000009100dc                ENET2_MAC0_IRQ_Handler
                0x00000000009100dc                KPP_Handler
                0x00000000009100dc                USB_OTG1_Handler
                0x00000000009100dc                MIPI_CSI_Handler
                0x00000000009100dc                WDOG4_Handler
                0x00000000009100dc                Reserved9_Handler
                0x00000000009100dc                QSPI_Handler
                0x00000000009100dc                CAAM_QUEUE_Handler
                0x00000000009100dc                GPIO2_INT15_0_Handler
                0x00000000009100dc                PCIE_CTRL4_Handler
                0x00000000009100dc                uSDHC2_Handler
                0x00000000009100dc                GPIO1_INT6_Handler
                0x00000000009100dc                PCIE_CTRL_REQUEST_Handler
                0x00000000009100dc                SCTR1_Handler
                0x00000000009100dc                RDC_Handler
                0x00000000009100dc                EPDC_Handler
                0x00000000009100dc                CCM1_Handler
                0x00000000009100dc                UsageFault_Handler
                0x00000000009100dc                ADC1_Handler
                0x00000000009100dc                GPIO1_INT0_Handler
                0x00000000009100dc                Analog_brown_out_Handler
                0x00000000009100dc                PXP2_Handler
                0x00000000009100dc                SEMA4_HS_A7_Handler
                0x00000000009100dc                RTIC_Handler
                0x00000000009100dc                DefaultISR
                0x00000000009100dc                GPIO6_INT15_0_Handler
                0x00000000009100dc                SCTR2_Handler
                0x00000000009100dc                WDOG3_Handler
                0x00000000009100dc                USB_OH2_OTG_Handler
                0x00000000009100dc                SAI2_Handler
                0x00000000009100dc                GPIO3_INT15_0_Handler
                0x00000000009100dc                FTM2_Handler
                0x00000000009100dc                eCSPI1_Handler
                0x00000000009100dc                GPC_Handler
                0x00000000009100dc                GPIO1_INT15_0_Handler
                0x00000000009100dc                UART1_Handler
                0x00000000009100dc                ENET1_MAC0_TRANS2_Handler
                0x00000000009100dc                eCSPI3_Handler
                0x00000000009100dc                BCH_Handler
                0x00000000009100dc                CAAM_ERROR_Handler
                0x00000000009100dc                Analog_TempSensor_Handler
                0x00000000009100dc                PXP1_Handler
                0x00000000009100dc                SNVS_Handler
                0x00000000009100dc                GPT4_Handler
                0x00000000009100dc                GPIO5_INT15_0_Handler
                0x00000000009100dc                ENET2_MAC0_TRANS2_Handler
                0x00000000009100dc                GPMI_Handler
                0x00000000009100dc                I2C4_Handler
                0x00000000009100dc                CCM_SRC_GPC_Handler
                0x00000000009100dc                CPU_Handler
                0x00000000009100dc                UART4_Handler
                0x00000000009100dc                GPIO1_INT1_Handler
                0x00000000009100dc                uSDHC3_Handler
                0x00000000009100dc                EIM_Handler
                0x00000000009100dc                PWM1_Handler
                0x00000000009100dc                ENET2_1588_TIMER_IRQ_Handler
                0x00000000009100dc                UART6_Handler
                0x00000000009100dc                GPIO1_INT4_Handler
                0x00000000009100dc                GPIO1_INT31_16_Handler
                0x00000000009100dc                APBHDMA_Handler
                0x00000000009100dc                uSDHC1_Handler
                0x00000000009100dc                DBGMON_Handler
                0x00000000009100dc                UART7_Handler
                0x00000000009100dc                SDMA_Handler
                0x00000000009100dc                GPT1_Handler
                0x00000000009100dc                PWM3_Handler
                0x00000000009100dc                PCIE_CTRL2_Handler
                0x00000000009100dc                MemManage_Handler
                0x00000000009100dc                GPIO5_INT31_16_Handler
                0x00000000009100dc                TZASC1_Handler
                0x00000000009100dc                I2C2_Handler
                0x00000000009100dc                DAP_Handler
                0x00000000009100dc                GPIO4_INT15_0_Handler
                0x00000000009100dc                CSI_Handler
                0x00000000009100dc                eCSPI2_Handler
                0x00000000009100dc                ENET1_1588_TIMER_Handler
                0x00000000009100dc                WDOG2_Handler
                0x00000000009100dc                FLEXCAN2_Handler
                0x00000000009100dc                PCIE_CTRL1_Handler
                0x00000000009100dc                PCIE_CTRL3_Handler
                0x00000000009100dc                GPT3_Handler
                0x00000000009100dc                GPIO1_INT5_Handler
                0x00000000009100dc                CAAM_WRAPPER2_Handler
                0x00000000009100dc                SNVS_CONSOLIDATED_Handler
                0x00000000009100dc                CAAM_WRAPPER1_Handler
                0x00000000009100dc                GPIO4_INT31_16_Handler
                0x00000000009100dc                GPIO1_INT2_Handler
                0x00000000009100dc                LCDIF_Handler
                0x00000000009100dc                UART5_Handler
                0x00000000009100dc                PERFMON1_Handler
                0x00000000009100dc                GPIO1_INT7_Handler
                0x00000000009100dc                I2C3_Handler
                0x00000000009100dc                CSU_Handler
                0x00000000009100dc                MIPI_DSI_Handler
                0x00000000009100dc                PWM2_Handler
                0x00000000009100dc                GPR_Handler
                0x00000000009100dc                SIM1_Handler
                0x00000000009100dc                USB_OTG2_Handler
                0x00000000009100dc                ENET1_MAC0_TRANS1_Handler
                0x00000000009100dc                BusFault_Handler
                0x00000000009100dc                USB_OH3_OTG2_2_Handler
                0x00000000009100dc                ENET1_MAC0_Handler
                0x00000000009100dc                PERFMON2_Handler
                0x00000000009100dc                GPIO7_INT31_16_Handler
                0x00000000009100dc                PWM4_Handler
                0x00000000009100dc                FTM1_Handler
                0x00000000009100dc                GPIO7_INT15_0_Handler
                0x00000000009100dc                WDOG1_Handler
                0x00000000009100dc                MU_A7_Handler
                0x00000000009100dc                ADC2_Handler
                0x00000000009100dc                TPR_Handler
 .text          0x00000000009100e0       0x10 /home/fdsa/Downloads/gcc-arm-none-eabi-10-2020-q4-major/bin/../lib/gcc/arm-none-eabi/10.2.1/../../../../arm-none-eabi/lib/thumb/v7e-m+fp/hard/libc_nano.a(lib_a-strlen.o)
                0x00000000009100e0                strlen
 .text          0x00000000009100f0       0xa0 /home/fdsa/Downloads/gcc-arm-none-eabi-10-2020-q4-major/bin/../lib/gcc/arm-none-eabi/10.2.1/../../../../arm-none-eabi/lib/thumb/v7e-m+fp/hard/libc_nano.a(lib_a-memchr.o)
                0x00000000009100f0                memchr
 *(.text*)
 .text.hil_create_proc
                0x0000000000910190       0x5c CMakeFiles/gpio_freertos.dir/home/fdsa/FreeRTOS-Colibri-iMX7/middleware/multicore/open-amp/common/hil/hil.c.obj
                0x0000000000910190                hil_create_proc
 .text.hil_isr  0x00000000009101ec        0x6 CMakeFiles/gpio_freertos.dir/home/fdsa/FreeRTOS-Colibri-iMX7/middleware/multicore/open-amp/common/hil/hil.c.obj
                0x00000000009101ec                hil_isr
 .text.hil_get_chnl_info
                0x00000000009101f2        0x8 CMakeFiles/gpio_freertos.dir/home/fdsa/FreeRTOS-Colibri-iMX7/middleware/multicore/open-amp/common/hil/hil.c.obj
                0x00000000009101f2                hil_get_chnl_info
 .text.hil_get_vring_info
                0x00000000009101fa        0x8 CMakeFiles/gpio_freertos.dir/home/fdsa/FreeRTOS-Colibri-iMX7/middleware/multicore/open-amp/common/hil/hil.c.obj
                0x00000000009101fa                hil_get_vring_info
 .text.hil_get_shm_info
                0x0000000000910202        0x4 CMakeFiles/gpio_freertos.dir/home/fdsa/FreeRTOS-Colibri-iMX7/middleware/multicore/open-amp/common/hil/hil.c.obj
                0x0000000000910202                hil_get_shm_info
 .text.hil_enable_vring_notifications
                0x0000000000910206       0x20 CMakeFiles/gpio_freertos.dir/home/fdsa/FreeRTOS-Colibri-iMX7/middleware/multicore/open-amp/common/hil/hil.c.obj
                0x0000000000910206                hil_enable_vring_notifications
 .text.hil_vring_notify
                0x0000000000910226       0x1a CMakeFiles/gpio_freertos.dir/home/fdsa/FreeRTOS-Colibri-iMX7/middleware/multicore/open-amp/common/hil/hil.c.obj
                0x0000000000910226                hil_vring_notify
 .text.hil_get_status
                0x0000000000910240        0x4 CMakeFiles/gpio_freertos.dir/home/fdsa/FreeRTOS-Colibri-iMX7/middleware/multicore/open-amp/common/hil/hil.c.obj
                0x0000000000910240                hil_get_status
 .text.hil_set_status
                0x0000000000910244        0x4 CMakeFiles/gpio_freertos.dir/home/fdsa/FreeRTOS-Colibri-iMX7/middleware/multicore/open-amp/common/hil/hil.c.obj
                0x0000000000910244                hil_set_status
 .text.add_to_list
                0x0000000000910248       0x1e CMakeFiles/gpio_freertos.dir/home/fdsa/FreeRTOS-Colibri-iMX7/middleware/multicore/open-amp/common/llist/llist.c.obj
                0x0000000000910248                add_to_list
 .text.remove_from_list
                0x0000000000910266       0x1c CMakeFiles/gpio_freertos.dir/home/fdsa/FreeRTOS-Colibri-iMX7/middleware/multicore/open-amp/common/llist/llist.c.obj
                0x0000000000910266                remove_from_list
 .text.sh_mem_create_pool
                0x0000000000910282       0x84 CMakeFiles/gpio_freertos.dir/home/fdsa/FreeRTOS-Colibri-iMX7/middleware/multicore/open-amp/common/shm/sh_mem.c.obj
                0x0000000000910282                sh_mem_create_pool
 .text.sh_mem_free_buffer
                0x0000000000910306       0x56 CMakeFiles/gpio_freertos.dir/home/fdsa/FreeRTOS-Colibri-iMX7/middleware/multicore/open-amp/common/shm/sh_mem.c.obj
                0x0000000000910306                sh_mem_free_buffer
 .text.sh_mem_delete_pool
                0x000000000091035c       0x18 CMakeFiles/gpio_freertos.dir/home/fdsa/FreeRTOS-Colibri-iMX7/middleware/multicore/open-amp/common/shm/sh_mem.c.obj
                0x000000000091035c                sh_mem_delete_pool
 .text.get_first_zero_bit
                0x0000000000910374       0x44 CMakeFiles/gpio_freertos.dir/home/fdsa/FreeRTOS-Colibri-iMX7/middleware/multicore/open-amp/common/shm/sh_mem.c.obj
                0x0000000000910374                get_first_zero_bit
 .text.sh_mem_get_buffer
                0x00000000009103b8       0x6e CMakeFiles/gpio_freertos.dir/home/fdsa/FreeRTOS-Colibri-iMX7/middleware/multicore/open-amp/common/shm/sh_mem.c.obj
                0x00000000009103b8                sh_mem_get_buffer
 *fill*         0x0000000000910426        0x2 
 .text.env_init
                0x0000000000910428       0x48 CMakeFiles/gpio_freertos.dir/home/fdsa/FreeRTOS-Colibri-iMX7/middleware/multicore/open-amp/porting/env/freertos/rpmsg_porting.c.obj
                0x0000000000910428                env_init
 .text.env_deinit
                0x0000000000910470       0x44 CMakeFiles/gpio_freertos.dir/home/fdsa/FreeRTOS-Colibri-iMX7/middleware/multicore/open-amp/porting/env/freertos/rpmsg_porting.c.obj
                0x0000000000910470                env_deinit
 .text.env_allocate_memory
                0x00000000009104b4        0x4 CMakeFiles/gpio_freertos.dir/home/fdsa/FreeRTOS-Colibri-iMX7/middleware/multicore/open-amp/porting/env/freertos/rpmsg_porting.c.obj
                0x00000000009104b4                env_allocate_memory
 .text.env_free_memory
                0x00000000009104b8        0x4 CMakeFiles/gpio_freertos.dir/home/fdsa/FreeRTOS-Colibri-iMX7/middleware/multicore/open-amp/porting/env/freertos/rpmsg_porting.c.obj
                0x00000000009104b8                env_free_memory
 .text.env_memset
                0x00000000009104bc        0x4 CMakeFiles/gpio_freertos.dir/home/fdsa/FreeRTOS-Colibri-iMX7/middleware/multicore/open-amp/porting/env/freertos/rpmsg_porting.c.obj
                0x00000000009104bc                env_memset
 .text.env_memcpy
                0x00000000009104c0        0x4 CMakeFiles/gpio_freertos.dir/home/fdsa/FreeRTOS-Colibri-iMX7/middleware/multicore/open-amp/porting/env/freertos/rpmsg_porting.c.obj
                0x00000000009104c0                env_memcpy
 .text.env_strncpy
                0x00000000009104c4        0x4 CMakeFiles/gpio_freertos.dir/home/fdsa/FreeRTOS-Colibri-iMX7/middleware/multicore/open-amp/porting/env/freertos/rpmsg_porting.c.obj
                0x00000000009104c4                env_strncpy
 .text.env_strncmp
                0x00000000009104c8        0x4 CMakeFiles/gpio_freertos.dir/home/fdsa/FreeRTOS-Colibri-iMX7/middleware/multicore/open-amp/porting/env/freertos/rpmsg_porting.c.obj
                0x00000000009104c8                env_strncmp
 .text.env_mb   0x00000000009104cc        0x2 CMakeFiles/gpio_freertos.dir/home/fdsa/FreeRTOS-Colibri-iMX7/middleware/multicore/open-amp/porting/env/freertos/rpmsg_porting.c.obj
                0x00000000009104cc                env_mb
 .text.env_rmb  0x00000000009104ce        0x2 CMakeFiles/gpio_freertos.dir/home/fdsa/FreeRTOS-Colibri-iMX7/middleware/multicore/open-amp/porting/env/freertos/rpmsg_porting.c.obj
                0x00000000009104ce                env_rmb
 .text.env_wmb  0x00000000009104d0        0x2 CMakeFiles/gpio_freertos.dir/home/fdsa/FreeRTOS-Colibri-iMX7/middleware/multicore/open-amp/porting/env/freertos/rpmsg_porting.c.obj
                0x00000000009104d0                env_wmb
 .text.env_map_vatopa
                0x00000000009104d2        0x4 CMakeFiles/gpio_freertos.dir/home/fdsa/FreeRTOS-Colibri-iMX7/middleware/multicore/open-amp/porting/env/freertos/rpmsg_porting.c.obj
                0x00000000009104d2                env_map_vatopa
 .text.env_map_patova
                0x00000000009104d6        0x4 CMakeFiles/gpio_freertos.dir/home/fdsa/FreeRTOS-Colibri-iMX7/middleware/multicore/open-amp/porting/env/freertos/rpmsg_porting.c.obj
                0x00000000009104d6                env_map_patova
 .text.env_create_mutex
                0x00000000009104da       0x16 CMakeFiles/gpio_freertos.dir/home/fdsa/FreeRTOS-Colibri-iMX7/middleware/multicore/open-amp/porting/env/freertos/rpmsg_porting.c.obj
                0x00000000009104da                env_create_mutex
 .text.env_delete_mutex
                0x00000000009104f0        0x4 CMakeFiles/gpio_freertos.dir/home/fdsa/FreeRTOS-Colibri-iMX7/middleware/multicore/open-amp/porting/env/freertos/rpmsg_porting.c.obj
                0x00000000009104f0                env_delete_mutex
 .text.env_lock_mutex
                0x00000000009104f4       0x22 CMakeFiles/gpio_freertos.dir/home/fdsa/FreeRTOS-Colibri-iMX7/middleware/multicore/open-amp/porting/env/freertos/rpmsg_porting.c.obj
                0x00000000009104f4                env_lock_mutex
 .text.env_unlock_mutex
                0x0000000000910516       0x22 CMakeFiles/gpio_freertos.dir/home/fdsa/FreeRTOS-Colibri-iMX7/middleware/multicore/open-amp/porting/env/freertos/rpmsg_porting.c.obj
                0x0000000000910516                env_unlock_mutex
 .text.env_create_sync_lock
                0x0000000000910538        0x4 CMakeFiles/gpio_freertos.dir/home/fdsa/FreeRTOS-Colibri-iMX7/middleware/multicore/open-amp/porting/env/freertos/rpmsg_porting.c.obj
                0x0000000000910538                env_create_sync_lock
 .text.env_delete_sync_lock
                0x000000000091053c        0x8 CMakeFiles/gpio_freertos.dir/home/fdsa/FreeRTOS-Colibri-iMX7/middleware/multicore/open-amp/porting/env/freertos/rpmsg_porting.c.obj
                0x000000000091053c                env_delete_sync_lock
 .text.env_acquire_sync_lock
                0x0000000000910544       0x44 CMakeFiles/gpio_freertos.dir/home/fdsa/FreeRTOS-Colibri-iMX7/middleware/multicore/open-amp/porting/env/freertos/rpmsg_porting.c.obj
                0x0000000000910544                env_acquire_sync_lock
 .text.env_release_sync_lock
                0x0000000000910588       0x40 CMakeFiles/gpio_freertos.dir/home/fdsa/FreeRTOS-Colibri-iMX7/middleware/multicore/open-amp/porting/env/freertos/rpmsg_porting.c.obj
                0x0000000000910588                env_release_sync_lock
 .text.env_sleep_msec
                0x00000000009105c8        0x4 CMakeFiles/gpio_freertos.dir/home/fdsa/FreeRTOS-Colibri-iMX7/middleware/multicore/open-amp/porting/env/freertos/rpmsg_porting.c.obj
                0x00000000009105c8                env_sleep_msec
 .text.env_register_isr
                0x00000000009105cc       0x34 CMakeFiles/gpio_freertos.dir/home/fdsa/FreeRTOS-Colibri-iMX7/middleware/multicore/open-amp/porting/env/freertos/rpmsg_porting.c.obj
                0x00000000009105cc                env_register_isr
 .text.env_enable_interrupt
                0x0000000000910600       0x40 CMakeFiles/gpio_freertos.dir/home/fdsa/FreeRTOS-Colibri-iMX7/middleware/multicore/open-amp/porting/env/freertos/rpmsg_porting.c.obj
                0x0000000000910600                env_enable_interrupt
 .text.env_map_memory
                0x0000000000910640       0x10 CMakeFiles/gpio_freertos.dir/home/fdsa/FreeRTOS-Colibri-iMX7/middleware/multicore/open-amp/porting/env/freertos/rpmsg_porting.c.obj
                0x0000000000910640                env_map_memory
 .text.env_isr  0x0000000000910650       0x5c CMakeFiles/gpio_freertos.dir/home/fdsa/FreeRTOS-Colibri-iMX7/middleware/multicore/open-amp/porting/env/freertos/rpmsg_porting.c.obj
                0x0000000000910650                env_isr
 .text.env_create_queue
                0x00000000009106ac       0x1a CMakeFiles/gpio_freertos.dir/home/fdsa/FreeRTOS-Colibri-iMX7/middleware/multicore/open-amp/porting/env/freertos/rpmsg_porting.c.obj
                0x00000000009106ac                env_create_queue
 .text.env_put_queue
                0x00000000009106c6       0x50 CMakeFiles/gpio_freertos.dir/home/fdsa/FreeRTOS-Colibri-iMX7/middleware/multicore/open-amp/porting/env/freertos/rpmsg_porting.c.obj
                0x00000000009106c6                env_put_queue
 .text.env_get_queue
                0x0000000000910716       0x4e CMakeFiles/gpio_freertos.dir/home/fdsa/FreeRTOS-Colibri-iMX7/middleware/multicore/open-amp/porting/env/freertos/rpmsg_porting.c.obj
                0x0000000000910716                env_get_queue
 .text._shutdown_cpu
                0x0000000000910764       0x1c CMakeFiles/gpio_freertos.dir/home/fdsa/FreeRTOS-Colibri-iMX7/middleware/multicore/open-amp/porting/imx7d_m4/platform.c.obj
 .text._boot_cpu
                0x0000000000910780       0x1c CMakeFiles/gpio_freertos.dir/home/fdsa/FreeRTOS-Colibri-iMX7/middleware/multicore/open-amp/porting/imx7d_m4/platform.c.obj
 .text._notify  0x000000000091079c       0x10 CMakeFiles/gpio_freertos.dir/home/fdsa/FreeRTOS-Colibri-iMX7/middleware/multicore/open-amp/porting/imx7d_m4/platform.c.obj
 .text._enable_interrupt
                0x00000000009107ac       0x28 CMakeFiles/gpio_freertos.dir/home/fdsa/FreeRTOS-Colibri-iMX7/middleware/multicore/open-amp/porting/imx7d_m4/platform.c.obj
 .text.platform_isr
                0x00000000009107d4        0x6 CMakeFiles/gpio_freertos.dir/home/fdsa/FreeRTOS-Colibri-iMX7/middleware/multicore/open-amp/porting/imx7d_m4/platform.c.obj
                0x00000000009107d4                platform_isr
 *fill*         0x00000000009107da        0x2 
 .text.rpmsg_handler
                0x00000000009107dc       0x20 CMakeFiles/gpio_freertos.dir/home/fdsa/FreeRTOS-Colibri-iMX7/middleware/multicore/open-amp/porting/imx7d_m4/platform.c.obj
                0x00000000009107dc                rpmsg_handler
 .text.platform_in_isr
                0x00000000009107fc       0x14 CMakeFiles/gpio_freertos.dir/home/fdsa/FreeRTOS-Colibri-iMX7/middleware/multicore/open-amp/porting/imx7d_m4/platform.c.obj
                0x00000000009107fc                platform_in_isr
 .text.platform_interrupt_enable
                0x0000000000910810       0x54 CMakeFiles/gpio_freertos.dir/home/fdsa/FreeRTOS-Colibri-iMX7/middleware/multicore/open-amp/porting/imx7d_m4/platform.c.obj
                0x0000000000910810                platform_interrupt_enable
 .text.platform_interrupt_disable
                0x0000000000910864       0x58 CMakeFiles/gpio_freertos.dir/home/fdsa/FreeRTOS-Colibri-iMX7/middleware/multicore/open-amp/porting/imx7d_m4/platform.c.obj
                0x0000000000910864                platform_interrupt_disable
 .text.platform_interrupt_enable_all
                0x00000000009108bc       0x3c CMakeFiles/gpio_freertos.dir/home/fdsa/FreeRTOS-Colibri-iMX7/middleware/multicore/open-amp/porting/imx7d_m4/platform.c.obj
                0x00000000009108bc                platform_interrupt_enable_all
 .text.platform_interrupt_disable_all
                0x00000000009108f8       0x34 CMakeFiles/gpio_freertos.dir/home/fdsa/FreeRTOS-Colibri-iMX7/middleware/multicore/open-amp/porting/imx7d_m4/platform.c.obj
                0x00000000009108f8                platform_interrupt_disable_all
 .text.platform_map_mem_region
                0x000000000091092c        0x2 CMakeFiles/gpio_freertos.dir/home/fdsa/FreeRTOS-Colibri-iMX7/middleware/multicore/open-amp/porting/imx7d_m4/platform.c.obj
                0x000000000091092c                platform_map_mem_region
 .text.platform_vatopa
                0x000000000091092e        0x2 CMakeFiles/gpio_freertos.dir/home/fdsa/FreeRTOS-Colibri-iMX7/middleware/multicore/open-amp/porting/imx7d_m4/platform.c.obj
                0x000000000091092e                platform_vatopa
 .text.platform_patova
                0x0000000000910930        0x2 CMakeFiles/gpio_freertos.dir/home/fdsa/FreeRTOS-Colibri-iMX7/middleware/multicore/open-amp/porting/imx7d_m4/platform.c.obj
                0x0000000000910930                platform_patova
 .text.platform_init
                0x0000000000910932        0x4 CMakeFiles/gpio_freertos.dir/home/fdsa/FreeRTOS-Colibri-iMX7/middleware/multicore/open-amp/porting/imx7d_m4/platform.c.obj
                0x0000000000910932                platform_init
 .text.platform_deinit
                0x0000000000910936        0x4 CMakeFiles/gpio_freertos.dir/home/fdsa/FreeRTOS-Colibri-iMX7/middleware/multicore/open-amp/porting/imx7d_m4/platform.c.obj
                0x0000000000910936                platform_deinit
 *fill*         0x000000000091093a        0x2 
 .text.platform_get_processor_info
                0x000000000091093c       0x34 CMakeFiles/gpio_freertos.dir/home/fdsa/FreeRTOS-Colibri-iMX7/middleware/multicore/open-amp/porting/imx7d_m4/platform_info.c.obj
                0x000000000091093c                platform_get_processor_info
 .text.rpmsg_rdev_get_status
                0x0000000000910970        0x4 CMakeFiles/gpio_freertos.dir/home/fdsa/FreeRTOS-Colibri-iMX7/middleware/multicore/open-amp/rpmsg/remote_device.c.obj
                0x0000000000910970                rpmsg_rdev_get_status
 .text.rpmsg_rdev_set_status
                0x0000000000910974        0x2 CMakeFiles/gpio_freertos.dir/home/fdsa/FreeRTOS-Colibri-iMX7/middleware/multicore/open-amp/rpmsg/remote_device.c.obj
                0x0000000000910974                rpmsg_rdev_set_status
 .text.rpmsg_rdev_get_feature
                0x0000000000910976        0x4 CMakeFiles/gpio_freertos.dir/home/fdsa/FreeRTOS-Colibri-iMX7/middleware/multicore/open-amp/rpmsg/remote_device.c.obj
                0x0000000000910976                rpmsg_rdev_get_feature
 .text.rpmsg_rdev_set_feature
                0x000000000091097a        0x8 CMakeFiles/gpio_freertos.dir/home/fdsa/FreeRTOS-Colibri-iMX7/middleware/multicore/open-amp/rpmsg/remote_device.c.obj
                0x000000000091097a                rpmsg_rdev_set_feature
 .text.rpmsg_rdev_negotiate_feature
                0x0000000000910982        0x4 CMakeFiles/gpio_freertos.dir/home/fdsa/FreeRTOS-Colibri-iMX7/middleware/multicore/open-amp/rpmsg/remote_device.c.obj
                0x0000000000910982                rpmsg_rdev_negotiate_feature
 .text.rpmsg_rdev_read_config
                0x0000000000910986        0x2 CMakeFiles/gpio_freertos.dir/home/fdsa/FreeRTOS-Colibri-iMX7/middleware/multicore/open-amp/rpmsg/remote_device.c.obj
                0x0000000000910986                rpmsg_rdev_read_config
 .text.rpmsg_rdev_reset
                0x0000000000910988        0x2 CMakeFiles/gpio_freertos.dir/home/fdsa/FreeRTOS-Colibri-iMX7/middleware/multicore/open-amp/rpmsg/remote_device.c.obj
                0x0000000000910988                rpmsg_rdev_reset
 *fill*         0x000000000091098a        0x2 
 .text.rpmsg_rdev_create_virtqueues
                0x000000000091098c      0x108 CMakeFiles/gpio_freertos.dir/home/fdsa/FreeRTOS-Colibri-iMX7/middleware/multicore/open-amp/rpmsg/remote_device.c.obj
                0x000000000091098c                rpmsg_rdev_create_virtqueues
 .text.rpmsg_rdev_write_config
                0x0000000000910a94        0x2 CMakeFiles/gpio_freertos.dir/home/fdsa/FreeRTOS-Colibri-iMX7/middleware/multicore/open-amp/rpmsg/remote_device.c.obj
                0x0000000000910a94                rpmsg_rdev_write_config
 *fill*         0x0000000000910a96        0x2 
 .text.rpmsg_rdev_init
                0x0000000000910a98       0xdc CMakeFiles/gpio_freertos.dir/home/fdsa/FreeRTOS-Colibri-iMX7/middleware/multicore/open-amp/rpmsg/remote_device.c.obj
                0x0000000000910a98                rpmsg_rdev_init
 .text.rpmsg_rdev_get_chnl_node_from_id
                0x0000000000910b74       0x2a CMakeFiles/gpio_freertos.dir/home/fdsa/FreeRTOS-Colibri-iMX7/middleware/multicore/open-amp/rpmsg/remote_device.c.obj
                0x0000000000910b74                rpmsg_rdev_get_chnl_node_from_id
 .text.rpmsg_rdev_get_endpoint_from_addr
                0x0000000000910b9e       0x26 CMakeFiles/gpio_freertos.dir/home/fdsa/FreeRTOS-Colibri-iMX7/middleware/multicore/open-amp/rpmsg/remote_device.c.obj
                0x0000000000910b9e                rpmsg_rdev_get_endpoint_from_addr
 .text.rpmsg_rdev_deinit
                0x0000000000910bc4       0x74 CMakeFiles/gpio_freertos.dir/home/fdsa/FreeRTOS-Colibri-iMX7/middleware/multicore/open-amp/rpmsg/remote_device.c.obj
                0x0000000000910bc4                rpmsg_rdev_deinit
 .text.rpmsg_rdev_notify
                0x0000000000910c38       0x28 CMakeFiles/gpio_freertos.dir/home/fdsa/FreeRTOS-Colibri-iMX7/middleware/multicore/open-amp/rpmsg/remote_device.c.obj
                0x0000000000910c38                rpmsg_rdev_notify
 .text.rpmsg_deinit
                0x0000000000910c60       0x12 CMakeFiles/gpio_freertos.dir/home/fdsa/FreeRTOS-Colibri-iMX7/middleware/multicore/open-amp/rpmsg/rpmsg.c.obj
                0x0000000000910c60                rpmsg_deinit
 .text.rpmsg_init
                0x0000000000910c72       0x42 CMakeFiles/gpio_freertos.dir/home/fdsa/FreeRTOS-Colibri-iMX7/middleware/multicore/open-amp/rpmsg/rpmsg.c.obj
                0x0000000000910c72                rpmsg_init
 .text.rpmsg_send_offchannel_raw
                0x0000000000910cb4      0x12c CMakeFiles/gpio_freertos.dir/home/fdsa/FreeRTOS-Colibri-iMX7/middleware/multicore/open-amp/rpmsg/rpmsg.c.obj
                0x0000000000910cb4                rpmsg_send_offchannel_raw
 .text.rpmsg_create_ept
                0x0000000000910de0       0x18 CMakeFiles/gpio_freertos.dir/home/fdsa/FreeRTOS-Colibri-iMX7/middleware/multicore/open-amp/rpmsg/rpmsg.c.obj
                0x0000000000910de0                rpmsg_create_ept
 .text.rpmsg_destroy_ept
                0x0000000000910df8        0xe CMakeFiles/gpio_freertos.dir/home/fdsa/FreeRTOS-Colibri-iMX7/middleware/multicore/open-amp/rpmsg/rpmsg.c.obj
                0x0000000000910df8                rpmsg_destroy_ept
 .text._rpmsg_create_channel
                0x0000000000910e06       0x60 CMakeFiles/gpio_freertos.dir/home/fdsa/FreeRTOS-Colibri-iMX7/middleware/multicore/open-amp/rpmsg/rpmsg_core.c.obj
                0x0000000000910e06                _rpmsg_create_channel
 .text._rpmsg_delete_channel
                0x0000000000910e66       0x3e CMakeFiles/gpio_freertos.dir/home/fdsa/FreeRTOS-Colibri-iMX7/middleware/multicore/open-amp/rpmsg/rpmsg_core.c.obj
                0x0000000000910e66                _rpmsg_delete_channel
 .text.rpmsg_ns_callback
                0x0000000000910ea4       0x82 CMakeFiles/gpio_freertos.dir/home/fdsa/FreeRTOS-Colibri-iMX7/middleware/multicore/open-amp/rpmsg/rpmsg_core.c.obj
                0x0000000000910ea4                rpmsg_ns_callback
 .text.rpmsg_enqueue_buffer
                0x0000000000910f26       0x30 CMakeFiles/gpio_freertos.dir/home/fdsa/FreeRTOS-Colibri-iMX7/middleware/multicore/open-amp/rpmsg/rpmsg_core.c.obj
                0x0000000000910f26                rpmsg_enqueue_buffer
 .text.rpmsg_return_buffer
                0x0000000000910f56       0x30 CMakeFiles/gpio_freertos.dir/home/fdsa/FreeRTOS-Colibri-iMX7/middleware/multicore/open-amp/rpmsg/rpmsg_core.c.obj
                0x0000000000910f56                rpmsg_return_buffer
 .text.rpmsg_get_tx_buffer
                0x0000000000910f86       0x32 CMakeFiles/gpio_freertos.dir/home/fdsa/FreeRTOS-Colibri-iMX7/middleware/multicore/open-amp/rpmsg/rpmsg_core.c.obj
                0x0000000000910f86                rpmsg_get_tx_buffer
 .text.rpmsg_send_ns_message
                0x0000000000910fb8       0x60 CMakeFiles/gpio_freertos.dir/home/fdsa/FreeRTOS-Colibri-iMX7/middleware/multicore/open-amp/rpmsg/rpmsg_core.c.obj
                0x0000000000910fb8                rpmsg_send_ns_message
 .text.rpmsg_tx_callback
                0x0000000000911018       0x2c CMakeFiles/gpio_freertos.dir/home/fdsa/FreeRTOS-Colibri-iMX7/middleware/multicore/open-amp/rpmsg/rpmsg_core.c.obj
 .text.rpmsg_get_rx_buffer
                0x0000000000911044       0x22 CMakeFiles/gpio_freertos.dir/home/fdsa/FreeRTOS-Colibri-iMX7/middleware/multicore/open-amp/rpmsg/rpmsg_core.c.obj
                0x0000000000911044                rpmsg_get_rx_buffer
 .text.rpmsg_rx_callback
                0x0000000000911066       0xdc CMakeFiles/gpio_freertos.dir/home/fdsa/FreeRTOS-Colibri-iMX7/middleware/multicore/open-amp/rpmsg/rpmsg_core.c.obj
 .text.rpmsg_free_buffer
                0x0000000000911142       0x10 CMakeFiles/gpio_freertos.dir/home/fdsa/FreeRTOS-Colibri-iMX7/middleware/multicore/open-amp/rpmsg/rpmsg_core.c.obj
                0x0000000000911142                rpmsg_free_buffer
 .text.rpmsg_get_address
                0x0000000000911152       0x38 CMakeFiles/gpio_freertos.dir/home/fdsa/FreeRTOS-Colibri-iMX7/middleware/multicore/open-amp/rpmsg/rpmsg_core.c.obj
                0x0000000000911152                rpmsg_get_address
 .text.rpmsg_release_address
                0x000000000091118a       0x3e CMakeFiles/gpio_freertos.dir/home/fdsa/FreeRTOS-Colibri-iMX7/middleware/multicore/open-amp/rpmsg/rpmsg_core.c.obj
                0x000000000091118a                rpmsg_release_address
 .text._destroy_endpoint
                0x00000000009111c8       0x42 CMakeFiles/gpio_freertos.dir/home/fdsa/FreeRTOS-Colibri-iMX7/middleware/multicore/open-amp/rpmsg/rpmsg_core.c.obj
                0x00000000009111c8                _destroy_endpoint
 .text.rpmsg_is_address_set
                0x000000000091120a       0x34 CMakeFiles/gpio_freertos.dir/home/fdsa/FreeRTOS-Colibri-iMX7/middleware/multicore/open-amp/rpmsg/rpmsg_core.c.obj
                0x000000000091120a                rpmsg_is_address_set
 .text.rpmsg_set_address
                0x000000000091123e       0x3c CMakeFiles/gpio_freertos.dir/home/fdsa/FreeRTOS-Colibri-iMX7/middleware/multicore/open-amp/rpmsg/rpmsg_core.c.obj
                0x000000000091123e                rpmsg_set_address
 .text._create_endpoint
                0x000000000091127a       0x98 CMakeFiles/gpio_freertos.dir/home/fdsa/FreeRTOS-Colibri-iMX7/middleware/multicore/open-amp/rpmsg/rpmsg_core.c.obj
                0x000000000091127a                _create_endpoint
 *fill*         0x0000000000911312        0x2 
 .text.rpmsg_start_ipc
                0x0000000000911314       0xa4 CMakeFiles/gpio_freertos.dir/home/fdsa/FreeRTOS-Colibri-iMX7/middleware/multicore/open-amp/rpmsg/rpmsg_core.c.obj
                0x0000000000911314                rpmsg_start_ipc
 .text.rpmsg_hold_rx_buffer
                0x00000000009113b8       0x12 CMakeFiles/gpio_freertos.dir/home/fdsa/FreeRTOS-Colibri-iMX7/middleware/multicore/open-amp/rpmsg/rpmsg_ext.c.obj
                0x00000000009113b8                rpmsg_hold_rx_buffer
 .text.rpmsg_release_rx_buffer
                0x00000000009113ca       0x2e CMakeFiles/gpio_freertos.dir/home/fdsa/FreeRTOS-Colibri-iMX7/middleware/multicore/open-amp/rpmsg/rpmsg_ext.c.obj
                0x00000000009113ca                rpmsg_release_rx_buffer
 .text.rpmsg_read_rtos_cb
                0x00000000009113f8       0x54 CMakeFiles/gpio_freertos.dir/home/fdsa/FreeRTOS-Colibri-iMX7/middleware/multicore/open-amp/rpmsg/rpmsg_rtos.c.obj
 .text.rpmsg_channel_deleted_rtos
                0x000000000091144c       0x28 CMakeFiles/gpio_freertos.dir/home/fdsa/FreeRTOS-Colibri-iMX7/middleware/multicore/open-amp/rpmsg/rpmsg_rtos.c.obj
 .text.rpmsg_channel_created_rtos
                0x0000000000911474       0x50 CMakeFiles/gpio_freertos.dir/home/fdsa/FreeRTOS-Colibri-iMX7/middleware/multicore/open-amp/rpmsg/rpmsg_rtos.c.obj
 .text.rpmsg_rtos_init
                0x00000000009114c4       0xc4 CMakeFiles/gpio_freertos.dir/home/fdsa/FreeRTOS-Colibri-iMX7/middleware/multicore/open-amp/rpmsg/rpmsg_rtos.c.obj
                0x00000000009114c4                rpmsg_rtos_init
 .text.rpmsg_rtos_recv_nocopy
                0x0000000000911588       0x48 CMakeFiles/gpio_freertos.dir/home/fdsa/FreeRTOS-Colibri-iMX7/middleware/multicore/open-amp/rpmsg/rpmsg_rtos.c.obj
                0x0000000000911588                rpmsg_rtos_recv_nocopy
 .text.rpmsg_rtos_recv_nocopy_free
                0x00000000009115d0       0x20 CMakeFiles/gpio_freertos.dir/home/fdsa/FreeRTOS-Colibri-iMX7/middleware/multicore/open-amp/rpmsg/rpmsg_rtos.c.obj
                0x00000000009115d0                rpmsg_rtos_recv_nocopy_free
 .text.vq_ring_update_avail
                0x00000000009115f0       0x2c CMakeFiles/gpio_freertos.dir/home/fdsa/FreeRTOS-Colibri-iMX7/middleware/multicore/open-amp/virtio/virtqueue.c.obj
 .text.virtqueue_add_buffer
                0x000000000091161c       0x9a CMakeFiles/gpio_freertos.dir/home/fdsa/FreeRTOS-Colibri-iMX7/middleware/multicore/open-amp/virtio/virtqueue.c.obj
                0x000000000091161c                virtqueue_add_buffer
 .text.virtqueue_get_buffer
                0x00000000009116b6       0x8c CMakeFiles/gpio_freertos.dir/home/fdsa/FreeRTOS-Colibri-iMX7/middleware/multicore/open-amp/virtio/virtqueue.c.obj
                0x00000000009116b6                virtqueue_get_buffer
 .text.virtqueue_free
                0x0000000000911742       0x12 CMakeFiles/gpio_freertos.dir/home/fdsa/FreeRTOS-Colibri-iMX7/middleware/multicore/open-amp/virtio/virtqueue.c.obj
                0x0000000000911742                virtqueue_free
 .text.virtqueue_get_available_buffer
                0x0000000000911754       0x4a CMakeFiles/gpio_freertos.dir/home/fdsa/FreeRTOS-Colibri-iMX7/middleware/multicore/open-amp/virtio/virtqueue.c.obj
                0x0000000000911754                virtqueue_get_available_buffer
 *fill*         0x000000000091179e        0x2 
 .text.virtqueue_add_consumed_buffer
                0x00000000009117a0       0x34 CMakeFiles/gpio_freertos.dir/home/fdsa/FreeRTOS-Colibri-iMX7/middleware/multicore/open-amp/virtio/virtqueue.c.obj
                0x00000000009117a0                virtqueue_add_consumed_buffer
 .text.virtqueue_disable_cb
                0x00000000009117d4       0x26 CMakeFiles/gpio_freertos.dir/home/fdsa/FreeRTOS-Colibri-iMX7/middleware/multicore/open-amp/virtio/virtqueue.c.obj
                0x00000000009117d4                virtqueue_disable_cb
 *fill*         0x00000000009117fa        0x2 
 .text.virtqueue_create
                0x00000000009117fc       0xc0 CMakeFiles/gpio_freertos.dir/home/fdsa/FreeRTOS-Colibri-iMX7/middleware/multicore/open-amp/virtio/virtqueue.c.obj
                0x00000000009117fc                virtqueue_create
 .text.virtqueue_kick
                0x00000000009118bc       0x44 CMakeFiles/gpio_freertos.dir/home/fdsa/FreeRTOS-Colibri-iMX7/middleware/multicore/open-amp/virtio/virtqueue.c.obj
                0x00000000009118bc                virtqueue_kick
 .text.virtqueue_notification
                0x0000000000911900        0x8 CMakeFiles/gpio_freertos.dir/home/fdsa/FreeRTOS-Colibri-iMX7/middleware/multicore/open-amp/virtio/virtqueue.c.obj
                0x0000000000911900                virtqueue_notification
 .text.SystemInit
                0x0000000000911908      0x108 CMakeFiles/gpio_freertos.dir/home/fdsa/FreeRTOS-Colibri-iMX7/platform/devices/MCIMX7D/startup/system_MCIMX7D_M4.c.obj
                0x0000000000911908                SystemInit
 .text.CCM_ANALOG_GetSysPllFreq
                0x0000000000911a10       0x30 CMakeFiles/gpio_freertos.dir/home/fdsa/FreeRTOS-Colibri-iMX7/platform/drivers/src/ccm_analog_imx7d.c.obj
                0x0000000000911a10                CCM_ANALOG_GetSysPllFreq
 .text.CCM_GetRootDivider
                0x0000000000911a40       0x30 CMakeFiles/gpio_freertos.dir/home/fdsa/FreeRTOS-Colibri-iMX7/platform/drivers/src/ccm_imx7d.c.obj
                0x0000000000911a40                CCM_GetRootDivider
 .text.CCM_UpdateRoot
                0x0000000000911a70       0x4c CMakeFiles/gpio_freertos.dir/home/fdsa/FreeRTOS-Colibri-iMX7/platform/drivers/src/ccm_imx7d.c.obj
                0x0000000000911a70                CCM_UpdateRoot
 .text.GPIO_Init
                0x0000000000911abc       0x84 CMakeFiles/gpio_freertos.dir/home/fdsa/FreeRTOS-Colibri-iMX7/platform/drivers/src/gpio_imx.c.obj
                0x0000000000911abc                GPIO_Init
 .text.GPIO_SetPinIntMode
                0x0000000000911b40       0x34 CMakeFiles/gpio_freertos.dir/home/fdsa/FreeRTOS-Colibri-iMX7/platform/drivers/src/gpio_imx.c.obj
                0x0000000000911b40                GPIO_SetPinIntMode
 .text.MU_SendMsg
                0x0000000000911b74       0x30 CMakeFiles/gpio_freertos.dir/home/fdsa/FreeRTOS-Colibri-iMX7/platform/drivers/src/mu_imx.c.obj
                0x0000000000911b74                MU_SendMsg
 .text.MU_TryReceiveMsg
                0x0000000000911ba4       0x3c CMakeFiles/gpio_freertos.dir/home/fdsa/FreeRTOS-Colibri-iMX7/platform/drivers/src/mu_imx.c.obj
                0x0000000000911ba4                MU_TryReceiveMsg
 .text.RDC_SEMAPHORE_Lock
                0x0000000000911be0       0x28 CMakeFiles/gpio_freertos.dir/home/fdsa/FreeRTOS-Colibri-iMX7/platform/drivers/src/rdc_semaphore.c.obj
                0x0000000000911be0                RDC_SEMAPHORE_Lock
 .text.RDC_SEMAPHORE_Unlock
                0x0000000000911c08       0x18 CMakeFiles/gpio_freertos.dir/home/fdsa/FreeRTOS-Colibri-iMX7/platform/drivers/src/rdc_semaphore.c.obj
                0x0000000000911c08                RDC_SEMAPHORE_Unlock
 .text.UART_Deinit
                0x0000000000911c20       0x5e CMakeFiles/gpio_freertos.dir/home/fdsa/FreeRTOS-Colibri-iMX7/platform/drivers/src/uart_imx.c.obj
                0x0000000000911c20                UART_Deinit
 *fill*         0x0000000000911c7e        0x2 
 .text.UART_SetBaudRate
                0x0000000000911c80       0xc0 CMakeFiles/gpio_freertos.dir/home/fdsa/FreeRTOS-Colibri-iMX7/platform/drivers/src/uart_imx.c.obj
                0x0000000000911c80                UART_SetBaudRate
 .text.UART_Init
                0x0000000000911d40       0x60 CMakeFiles/gpio_freertos.dir/home/fdsa/FreeRTOS-Colibri-iMX7/platform/drivers/src/uart_imx.c.obj
                0x0000000000911d40                UART_Init
 .text.UART_GetStatusFlag
                0x0000000000911da0        0xe CMakeFiles/gpio_freertos.dir/home/fdsa/FreeRTOS-Colibri-iMX7/platform/drivers/src/uart_imx.c.obj
                0x0000000000911da0                UART_GetStatusFlag
 *fill*         0x0000000000911dae        0x2 
 .text.UART_SetModemMode
                0x0000000000911db0       0x3c CMakeFiles/gpio_freertos.dir/home/fdsa/FreeRTOS-Colibri-iMX7/platform/drivers/src/uart_imx.c.obj
                0x0000000000911db0                UART_SetModemMode
 .text.debug_putc
                0x0000000000911dec       0x28 CMakeFiles/gpio_freertos.dir/home/fdsa/FreeRTOS-Colibri-iMX7/platform/utilities/src/debug_console_imx.c.obj
 .text.UART_ReceiveDataPolling
                0x0000000000911e14       0x24 CMakeFiles/gpio_freertos.dir/home/fdsa/FreeRTOS-Colibri-iMX7/platform/utilities/src/debug_console_imx.c.obj
 .text.UART_SendDataPolling
                0x0000000000911e38       0x40 CMakeFiles/gpio_freertos.dir/home/fdsa/FreeRTOS-Colibri-iMX7/platform/utilities/src/debug_console_imx.c.obj
 .text.DbgConsole_Init
                0x0000000000911e78       0x5c CMakeFiles/gpio_freertos.dir/home/fdsa/FreeRTOS-Colibri-iMX7/platform/utilities/src/debug_console_imx.c.obj
                0x0000000000911e78                DbgConsole_Init
 .text._write   0x0000000000911ed4       0x28 CMakeFiles/gpio_freertos.dir/home/fdsa/FreeRTOS-Colibri-iMX7/platform/utilities/src/debug_console_imx.c.obj
                0x0000000000911ed4                _write
 .text._read    0x0000000000911efc       0x20 CMakeFiles/gpio_freertos.dir/home/fdsa/FreeRTOS-Colibri-iMX7/platform/utilities/src/debug_console_imx.c.obj
                0x0000000000911efc                _read
 .text.debug_printf
                0x0000000000911f1c       0x38 CMakeFiles/gpio_freertos.dir/home/fdsa/FreeRTOS-Colibri-iMX7/platform/utilities/src/debug_console_imx.c.obj
                0x0000000000911f1c                debug_printf
 .text.mknumstr
                0x0000000000911f54       0x7c CMakeFiles/gpio_freertos.dir/home/fdsa/FreeRTOS-Colibri-iMX7/platform/utilities/src/print_scan.c.obj
 .text.fput_pad.constprop.0
                0x0000000000911fd0       0x26 CMakeFiles/gpio_freertos.dir/home/fdsa/FreeRTOS-Colibri-iMX7/platform/utilities/src/print_scan.c.obj
 *fill*         0x0000000000911ff6        0x2 
 .text._doprint
                0x0000000000911ff8      0x40c CMakeFiles/gpio_freertos.dir/home/fdsa/FreeRTOS-Colibri-iMX7/platform/utilities/src/print_scan.c.obj
                0x0000000000911ff8                _doprint
 .text.vListInitialise
                0x0000000000912404       0x16 CMakeFiles/gpio_freertos.dir/home/fdsa/FreeRTOS-Colibri-iMX7/rtos/FreeRTOS/Source/list.c.obj
                0x0000000000912404                vListInitialise
 .text.vListInitialiseItem
                0x000000000091241a        0x6 CMakeFiles/gpio_freertos.dir/home/fdsa/FreeRTOS-Colibri-iMX7/rtos/FreeRTOS/Source/list.c.obj
                0x000000000091241a                vListInitialiseItem
 .text.vListInsertEnd
                0x0000000000912420       0x18 CMakeFiles/gpio_freertos.dir/home/fdsa/FreeRTOS-Colibri-iMX7/rtos/FreeRTOS/Source/list.c.obj
                0x0000000000912420                vListInsertEnd
 .text.vListInsert
                0x0000000000912438       0x2e CMakeFiles/gpio_freertos.dir/home/fdsa/FreeRTOS-Colibri-iMX7/rtos/FreeRTOS/Source/list.c.obj
                0x0000000000912438                vListInsert
 .text.uxListRemove
                0x0000000000912466       0x1e CMakeFiles/gpio_freertos.dir/home/fdsa/FreeRTOS-Colibri-iMX7/rtos/FreeRTOS/Source/list.c.obj
                0x0000000000912466                uxListRemove
 .text.prvTaskExitError
                0x0000000000912484       0x30 CMakeFiles/gpio_freertos.dir/home/fdsa/FreeRTOS-Colibri-iMX7/rtos/FreeRTOS/Source/portable/GCC/ARM_CM4F/port.c.obj
 .text.prvPortStartFirstTask
                0x00000000009124b4       0x20 CMakeFiles/gpio_freertos.dir/home/fdsa/FreeRTOS-Colibri-iMX7/rtos/FreeRTOS/Source/portable/GCC/ARM_CM4F/port.c.obj
 .text.vPortEnableVFP
                0x00000000009124d4       0x14 CMakeFiles/gpio_freertos.dir/home/fdsa/FreeRTOS-Colibri-iMX7/rtos/FreeRTOS/Source/portable/GCC/ARM_CM4F/port.c.obj
 .text.pxPortInitialiseStack
                0x00000000009124e8       0x24 CMakeFiles/gpio_freertos.dir/home/fdsa/FreeRTOS-Colibri-iMX7/rtos/FreeRTOS/Source/portable/GCC/ARM_CM4F/port.c.obj
                0x00000000009124e8                pxPortInitialiseStack
 .text.SVC_Handler
                0x000000000091250c       0x20 CMakeFiles/gpio_freertos.dir/home/fdsa/FreeRTOS-Colibri-iMX7/rtos/FreeRTOS/Source/portable/GCC/ARM_CM4F/port.c.obj
                0x000000000091250c                SVC_Handler
 .text.vPortEnterCritical
                0x000000000091252c       0x40 CMakeFiles/gpio_freertos.dir/home/fdsa/FreeRTOS-Colibri-iMX7/rtos/FreeRTOS/Source/portable/GCC/ARM_CM4F/port.c.obj
                0x000000000091252c                vPortEnterCritical
 .text.vPortExitCritical
                0x000000000091256c       0x28 CMakeFiles/gpio_freertos.dir/home/fdsa/FreeRTOS-Colibri-iMX7/rtos/FreeRTOS/Source/portable/GCC/ARM_CM4F/port.c.obj
                0x000000000091256c                vPortExitCritical
 .text.PendSV_Handler
                0x0000000000912594       0x60 CMakeFiles/gpio_freertos.dir/home/fdsa/FreeRTOS-Colibri-iMX7/rtos/FreeRTOS/Source/portable/GCC/ARM_CM4F/port.c.obj
                0x0000000000912594                PendSV_Handler
 .text.SysTick_Handler
                0x00000000009125f4       0x30 CMakeFiles/gpio_freertos.dir/home/fdsa/FreeRTOS-Colibri-iMX7/rtos/FreeRTOS/Source/portable/GCC/ARM_CM4F/port.c.obj
                0x00000000009125f4                SysTick_Handler
 .text.vPortSetupTimerInterrupt
                0x0000000000912624       0x14 CMakeFiles/gpio_freertos.dir/home/fdsa/FreeRTOS-Colibri-iMX7/rtos/FreeRTOS/Source/portable/GCC/ARM_CM4F/port.c.obj
                0x0000000000912624                vPortSetupTimerInterrupt
 .text.xPortStartScheduler
                0x0000000000912638       0xf0 CMakeFiles/gpio_freertos.dir/home/fdsa/FreeRTOS-Colibri-iMX7/rtos/FreeRTOS/Source/portable/GCC/ARM_CM4F/port.c.obj
                0x0000000000912638                xPortStartScheduler
 .text.vPortValidateInterruptPriority
                0x0000000000912728       0x5c CMakeFiles/gpio_freertos.dir/home/fdsa/FreeRTOS-Colibri-iMX7/rtos/FreeRTOS/Source/portable/GCC/ARM_CM4F/port.c.obj
                0x0000000000912728                vPortValidateInterruptPriority
 .text.pvPortMalloc
                0x0000000000912784       0xb0 CMakeFiles/gpio_freertos.dir/home/fdsa/FreeRTOS-Colibri-iMX7/rtos/FreeRTOS/Source/portable/MemMang/heap_2.c.obj
                0x0000000000912784                pvPortMalloc
 .text.vPortFree
                0x0000000000912834       0x40 CMakeFiles/gpio_freertos.dir/home/fdsa/FreeRTOS-Colibri-iMX7/rtos/FreeRTOS/Source/portable/MemMang/heap_2.c.obj
                0x0000000000912834                vPortFree
 .text.prvCopyDataToQueue
                0x0000000000912874       0x5c CMakeFiles/gpio_freertos.dir/home/fdsa/FreeRTOS-Colibri-iMX7/rtos/FreeRTOS/Source/queue.c.obj
 .text.prvCopyDataFromQueue
                0x00000000009128d0       0x2c CMakeFiles/gpio_freertos.dir/home/fdsa/FreeRTOS-Colibri-iMX7/rtos/FreeRTOS/Source/queue.c.obj
 .text.prvUnlockQueue
                0x00000000009128fc       0x6c CMakeFiles/gpio_freertos.dir/home/fdsa/FreeRTOS-Colibri-iMX7/rtos/FreeRTOS/Source/queue.c.obj
 .text.xQueueGenericReset
                0x0000000000912968       0x7e CMakeFiles/gpio_freertos.dir/home/fdsa/FreeRTOS-Colibri-iMX7/rtos/FreeRTOS/Source/queue.c.obj
                0x0000000000912968                xQueueGenericReset
 .text.xQueueGenericCreate
                0x00000000009129e6       0x5c CMakeFiles/gpio_freertos.dir/home/fdsa/FreeRTOS-Colibri-iMX7/rtos/FreeRTOS/Source/queue.c.obj
                0x00000000009129e6                xQueueGenericCreate
 .text.xQueueCreateCountingSemaphore
                0x0000000000912a42       0x4e CMakeFiles/gpio_freertos.dir/home/fdsa/FreeRTOS-Colibri-iMX7/rtos/FreeRTOS/Source/queue.c.obj
                0x0000000000912a42                xQueueCreateCountingSemaphore
 .text.xQueueGenericSend
                0x0000000000912a90      0x156 CMakeFiles/gpio_freertos.dir/home/fdsa/FreeRTOS-Colibri-iMX7/rtos/FreeRTOS/Source/queue.c.obj
                0x0000000000912a90                xQueueGenericSend
 .text.xQueueGenericSendFromISR
                0x0000000000912be6       0xb8 CMakeFiles/gpio_freertos.dir/home/fdsa/FreeRTOS-Colibri-iMX7/rtos/FreeRTOS/Source/queue.c.obj
                0x0000000000912be6                xQueueGenericSendFromISR
 .text.xQueueGiveFromISR
                0x0000000000912c9e       0xa4 CMakeFiles/gpio_freertos.dir/home/fdsa/FreeRTOS-Colibri-iMX7/rtos/FreeRTOS/Source/queue.c.obj
                0x0000000000912c9e                xQueueGiveFromISR
 .text.xQueueGenericReceive
                0x0000000000912d42      0x14c CMakeFiles/gpio_freertos.dir/home/fdsa/FreeRTOS-Colibri-iMX7/rtos/FreeRTOS/Source/queue.c.obj
                0x0000000000912d42                xQueueGenericReceive
 .text.xQueueReceiveFromISR
                0x0000000000912e8e       0x8e CMakeFiles/gpio_freertos.dir/home/fdsa/FreeRTOS-Colibri-iMX7/rtos/FreeRTOS/Source/queue.c.obj
                0x0000000000912e8e                xQueueReceiveFromISR
 .text.vQueueUnregisterQueue
                0x0000000000912f1c       0x24 CMakeFiles/gpio_freertos.dir/home/fdsa/FreeRTOS-Colibri-iMX7/rtos/FreeRTOS/Source/queue.c.obj
                0x0000000000912f1c                vQueueUnregisterQueue
 .text.vQueueDelete
                0x0000000000912f40       0x22 CMakeFiles/gpio_freertos.dir/home/fdsa/FreeRTOS-Colibri-iMX7/rtos/FreeRTOS/Source/queue.c.obj
                0x0000000000912f40                vQueueDelete
 .text.prvIdleTask
                0x0000000000912f62        0x2 CMakeFiles/gpio_freertos.dir/home/fdsa/FreeRTOS-Colibri-iMX7/rtos/FreeRTOS/Source/tasks.c.obj
 .text.prvResetNextTaskUnblockTime
                0x0000000000912f64       0x24 CMakeFiles/gpio_freertos.dir/home/fdsa/FreeRTOS-Colibri-iMX7/rtos/FreeRTOS/Source/tasks.c.obj
 .text.prvAddCurrentTaskToDelayedList
                0x0000000000912f88       0x50 CMakeFiles/gpio_freertos.dir/home/fdsa/FreeRTOS-Colibri-iMX7/rtos/FreeRTOS/Source/tasks.c.obj
 .text.xTaskGenericCreate
                0x0000000000912fd8      0x1cc CMakeFiles/gpio_freertos.dir/home/fdsa/FreeRTOS-Colibri-iMX7/rtos/FreeRTOS/Source/tasks.c.obj
                0x0000000000912fd8                xTaskGenericCreate
 .text.vTaskStartScheduler
                0x00000000009131a4       0x74 CMakeFiles/gpio_freertos.dir/home/fdsa/FreeRTOS-Colibri-iMX7/rtos/FreeRTOS/Source/tasks.c.obj
                0x00000000009131a4                vTaskStartScheduler
 .text.vTaskSuspendAll
                0x0000000000913218       0x10 CMakeFiles/gpio_freertos.dir/home/fdsa/FreeRTOS-Colibri-iMX7/rtos/FreeRTOS/Source/tasks.c.obj
                0x0000000000913218                vTaskSuspendAll
 .text.xTaskIncrementTick
                0x0000000000913228      0x130 CMakeFiles/gpio_freertos.dir/home/fdsa/FreeRTOS-Colibri-iMX7/rtos/FreeRTOS/Source/tasks.c.obj
                0x0000000000913228                xTaskIncrementTick
 .text.xTaskResumeAll
                0x0000000000913358       0xec CMakeFiles/gpio_freertos.dir/home/fdsa/FreeRTOS-Colibri-iMX7/rtos/FreeRTOS/Source/tasks.c.obj
                0x0000000000913358                xTaskResumeAll
 .text.vTaskDelay
                0x0000000000913444       0x7c CMakeFiles/gpio_freertos.dir/home/fdsa/FreeRTOS-Colibri-iMX7/rtos/FreeRTOS/Source/tasks.c.obj
                0x0000000000913444                vTaskDelay
 .text.vTaskSwitchContext
                0x00000000009134c0       0x74 CMakeFiles/gpio_freertos.dir/home/fdsa/FreeRTOS-Colibri-iMX7/rtos/FreeRTOS/Source/tasks.c.obj
                0x00000000009134c0                vTaskSwitchContext
 .text.vTaskPlaceOnEventList
                0x0000000000913534       0x70 CMakeFiles/gpio_freertos.dir/home/fdsa/FreeRTOS-Colibri-iMX7/rtos/FreeRTOS/Source/tasks.c.obj
                0x0000000000913534                vTaskPlaceOnEventList
 .text.xTaskRemoveFromEventList
                0x00000000009135a4       0x88 CMakeFiles/gpio_freertos.dir/home/fdsa/FreeRTOS-Colibri-iMX7/rtos/FreeRTOS/Source/tasks.c.obj
                0x00000000009135a4                xTaskRemoveFromEventList
 .text.vTaskSetTimeOutState
                0x000000000091362c       0x2c CMakeFiles/gpio_freertos.dir/home/fdsa/FreeRTOS-Colibri-iMX7/rtos/FreeRTOS/Source/tasks.c.obj
                0x000000000091362c                vTaskSetTimeOutState
 .text.xTaskCheckForTimeOut
                0x0000000000913658       0x74 CMakeFiles/gpio_freertos.dir/home/fdsa/FreeRTOS-Colibri-iMX7/rtos/FreeRTOS/Source/tasks.c.obj
                0x0000000000913658                xTaskCheckForTimeOut
 .text.vTaskMissedYield
                0x00000000009136cc        0xc CMakeFiles/gpio_freertos.dir/home/fdsa/FreeRTOS-Colibri-iMX7/rtos/FreeRTOS/Source/tasks.c.obj
                0x00000000009136cc                vTaskMissedYield
 .text.BOARD_ClockInit
                0x00000000009136d8       0x7c CMakeFiles/gpio_freertos.dir/home/fdsa/FreeRTOS-Colibri-iMX7/examples/imx7_colibri_m4/board.c.obj
                0x00000000009136d8                BOARD_ClockInit
 .text.dbg_uart_init
                0x0000000000913754       0x60 CMakeFiles/gpio_freertos.dir/home/fdsa/FreeRTOS-Colibri-iMX7/examples/imx7_colibri_m4/board.c.obj
                0x0000000000913754                dbg_uart_init
 .text.BOARD_RdcInit
                0x00000000009137b4       0x10 CMakeFiles/gpio_freertos.dir/home/fdsa/FreeRTOS-Colibri-iMX7/examples/imx7_colibri_m4/board.c.obj
                0x00000000009137b4                BOARD_RdcInit
 .text.get_uart_clock_freq
                0x00000000009137c4       0xcc CMakeFiles/gpio_freertos.dir/home/fdsa/FreeRTOS-Colibri-iMX7/examples/imx7_colibri_m4/clock_freq.c.obj
                0x00000000009137c4                get_uart_clock_freq
 .text.configure_uart_pins
                0x0000000000913890       0x2c CMakeFiles/gpio_freertos.dir/home/fdsa/FreeRTOS-Colibri-iMX7/examples/imx7_colibri_m4/pin_mux.c.obj
                0x0000000000913890                configure_uart_pins
 .text.GPIO_Ctrl_InitSwitch1Pin
                0x00000000009138bc       0x24 CMakeFiles/gpio_freertos.dir/home/fdsa/FreeRTOS-Colibri-iMX7/examples/imx7_colibri_m4/demo_apps/rpmsg/gpio_freertosStateMachine/gpio_ctrl.c.obj
                0x00000000009138bc                GPIO_Ctrl_InitSwitch1Pin
 .text.GPIO_Ctrl_InitLed1Pin
                0x00000000009138e0       0x24 CMakeFiles/gpio_freertos.dir/home/fdsa/FreeRTOS-Colibri-iMX7/examples/imx7_colibri_m4/demo_apps/rpmsg/gpio_freertosStateMachine/gpio_ctrl.c.obj
                0x00000000009138e0                GPIO_Ctrl_InitLed1Pin
 .text.GPIO_Ctrl_InitSwitch2Pin
                0x0000000000913904       0x24 CMakeFiles/gpio_freertos.dir/home/fdsa/FreeRTOS-Colibri-iMX7/examples/imx7_colibri_m4/demo_apps/rpmsg/gpio_freertosStateMachine/gpio_ctrl.c.obj
                0x0000000000913904                GPIO_Ctrl_InitSwitch2Pin
 .text.GPIO_Ctrl_InitLed2Pin
                0x0000000000913928       0x24 CMakeFiles/gpio_freertos.dir/home/fdsa/FreeRTOS-Colibri-iMX7/examples/imx7_colibri_m4/demo_apps/rpmsg/gpio_freertosStateMachine/gpio_ctrl.c.obj
                0x0000000000913928                GPIO_Ctrl_InitLed2Pin
 .text.GPIO_Ctrl_Init
                0x000000000091394c       0x16 CMakeFiles/gpio_freertos.dir/home/fdsa/FreeRTOS-Colibri-iMX7/examples/imx7_colibri_m4/demo_apps/rpmsg/gpio_freertosStateMachine/gpio_ctrl.c.obj
                0x000000000091394c                GPIO_Ctrl_Init
 *fill*         0x0000000000913962        0x2 
 .text.GPIO2_INT31_16_Handler
                0x0000000000913964       0x54 CMakeFiles/gpio_freertos.dir/home/fdsa/FreeRTOS-Colibri-iMX7/examples/imx7_colibri_m4/demo_apps/rpmsg/gpio_freertosStateMachine/gpio_ctrl.c.obj
                0x0000000000913964                GPIO2_INT31_16_Handler
 .text.hardware_init
                0x00000000009139b8       0x30 CMakeFiles/gpio_freertos.dir/home/fdsa/FreeRTOS-Colibri-iMX7/examples/imx7_colibri_m4/demo_apps/rpmsg/gpio_freertosStateMachine/hardware_init.c.obj
                0x00000000009139b8                hardware_init
 .text.findState
                0x00000000009139e8       0x18 CMakeFiles/gpio_freertos.dir/home/fdsa/FreeRTOS-Colibri-iMX7/examples/imx7_colibri_m4/demo_apps/rpmsg/gpio_freertosStateMachine/main.c.obj
                0x00000000009139e8                findState
 .text.read_int_from_buffer
                0x0000000000913a00       0x8c CMakeFiles/gpio_freertos.dir/home/fdsa/FreeRTOS-Colibri-iMX7/examples/imx7_colibri_m4/demo_apps/rpmsg/gpio_freertosStateMachine/main.c.obj
                0x0000000000913a00                read_int_from_buffer
 .text.StartStateMachine
                0x0000000000913a8c       0xe8 CMakeFiles/gpio_freertos.dir/home/fdsa/FreeRTOS-Colibri-iMX7/examples/imx7_colibri_m4/demo_apps/rpmsg/gpio_freertosStateMachine/main.c.obj
 .text.MU_M4_Handler
                0x0000000000913b74        0x4 CMakeFiles/gpio_freertos.dir/home/fdsa/FreeRTOS-Colibri-iMX7/examples/imx7_colibri_m4/demo_apps/rpmsg/gpio_freertosStateMachine/main.c.obj
                0x0000000000913b74                MU_M4_Handler
 .text.startup.main
                0x0000000000913b78       0x68 CMakeFiles/gpio_freertos.dir/home/fdsa/FreeRTOS-Colibri-iMX7/examples/imx7_colibri_m4/demo_apps/rpmsg/gpio_freertosStateMachine/main.c.obj
                0x0000000000913b78                main
 .text.__assert_func
                0x0000000000913be0       0x3c /home/fdsa/Downloads/gcc-arm-none-eabi-10-2020-q4-major/bin/../lib/gcc/arm-none-eabi/10.2.1/../../../../arm-none-eabi/lib/thumb/v7e-m+fp/hard/libc_nano.a(lib_a-assert.o)
                0x0000000000913be0                __assert_func
 .text.atoi     0x0000000000913c1c        0x8 /home/fdsa/Downloads/gcc-arm-none-eabi-10-2020-q4-major/bin/../lib/gcc/arm-none-eabi/10.2.1/../../../../arm-none-eabi/lib/thumb/v7e-m+fp/hard/libc_nano.a(lib_a-atoi.o)
                0x0000000000913c1c                atoi
 .text.exit     0x0000000000913c24       0x28 /home/fdsa/Downloads/gcc-arm-none-eabi-10-2020-q4-major/bin/../lib/gcc/arm-none-eabi/10.2.1/../../../../arm-none-eabi/lib/thumb/v7e-m+fp/hard/libc_nano.a(lib_a-exit.o)
                0x0000000000913c24                exit
 .text.fprintf  0x0000000000913c4c       0x24 /home/fdsa/Downloads/gcc-arm-none-eabi-10-2020-q4-major/bin/../lib/gcc/arm-none-eabi/10.2.1/../../../../arm-none-eabi/lib/thumb/v7e-m+fp/hard/libc_nano.a(lib_a-fprintf.o)
                0x0000000000913c4c                fprintf
                0x0000000000913c4c                fiprintf
 .text.__libc_init_array
                0x0000000000913c70       0x48 /home/fdsa/Downloads/gcc-arm-none-eabi-10-2020-q4-major/bin/../lib/gcc/arm-none-eabi/10.2.1/../../../../arm-none-eabi/lib/thumb/v7e-m+fp/hard/libc_nano.a(lib_a-init.o)
                0x0000000000913c70                __libc_init_array
 .text.memcpy   0x0000000000913cb8       0x1c /home/fdsa/Downloads/gcc-arm-none-eabi-10-2020-q4-major/bin/../lib/gcc/arm-none-eabi/10.2.1/../../../../arm-none-eabi/lib/thumb/v7e-m+fp/hard/libc_nano.a(lib_a-memcpy-stub.o)
                0x0000000000913cb8                memcpy
 .text.memset   0x0000000000913cd4       0x10 /home/fdsa/Downloads/gcc-arm-none-eabi-10-2020-q4-major/bin/../lib/gcc/arm-none-eabi/10.2.1/../../../../arm-none-eabi/lib/thumb/v7e-m+fp/hard/libc_nano.a(lib_a-memset.o)
                0x0000000000913cd4                memset
 .text.__sfputc_r
                0x0000000000913ce4       0x2e /home/fdsa/Downloads/gcc-arm-none-eabi-10-2020-q4-major/bin/../lib/gcc/arm-none-eabi/10.2.1/../../../../arm-none-eabi/lib/thumb/v7e-m+fp/hard/libc_nano.a(lib_a-nano-vfprintf.o)
 .text.__sfputs_r
                0x0000000000913d12       0x24 /home/fdsa/Downloads/gcc-arm-none-eabi-10-2020-q4-major/bin/../lib/gcc/arm-none-eabi/10.2.1/../../../../arm-none-eabi/lib/thumb/v7e-m+fp/hard/libc_nano.a(lib_a-nano-vfprintf.o)
                0x0000000000913d12                __sfputs_r
 *fill*         0x0000000000913d36        0x2 
 .text._vfprintf_r
                0x0000000000913d38      0x260 /home/fdsa/Downloads/gcc-arm-none-eabi-10-2020-q4-major/bin/../lib/gcc/arm-none-eabi/10.2.1/../../../../arm-none-eabi/lib/thumb/v7e-m+fp/hard/libc_nano.a(lib_a-nano-vfprintf.o)
                0x0000000000913d38                _vfiprintf_r
                0x0000000000913d38                _vfprintf_r
 .text._printf_common
                0x0000000000913f98       0xda /home/fdsa/Downloads/gcc-arm-none-eabi-10-2020-q4-major/bin/../lib/gcc/arm-none-eabi/10.2.1/../../../../arm-none-eabi/lib/thumb/v7e-m+fp/hard/libc_nano.a(lib_a-nano-vfprintf_i.o)
                0x0000000000913f98                _printf_common
 *fill*         0x0000000000914072        0x2 
 .text._printf_i
                0x0000000000914074      0x24c /home/fdsa/Downloads/gcc-arm-none-eabi-10-2020-q4-major/bin/../lib/gcc/arm-none-eabi/10.2.1/../../../../arm-none-eabi/lib/thumb/v7e-m+fp/hard/libc_nano.a(lib_a-nano-vfprintf_i.o)
                0x0000000000914074                _printf_i
 .text.strncmp  0x00000000009142c0       0x28 /home/fdsa/Downloads/gcc-arm-none-eabi-10-2020-q4-major/bin/../lib/gcc/arm-none-eabi/10.2.1/../../../../arm-none-eabi/lib/thumb/v7e-m+fp/hard/libc_nano.a(lib_a-strncmp.o)
                0x00000000009142c0                strncmp
 .text.strncpy  0x00000000009142e8       0x26 /home/fdsa/Downloads/gcc-arm-none-eabi-10-2020-q4-major/bin/../lib/gcc/arm-none-eabi/10.2.1/../../../../arm-none-eabi/lib/thumb/v7e-m+fp/hard/libc_nano.a(lib_a-strncpy.o)
                0x00000000009142e8                strncpy
 *fill*         0x000000000091430e        0x2 
 .text._strtol_l.constprop.0
                0x0000000000914310      0x104 /home/fdsa/Downloads/gcc-arm-none-eabi-10-2020-q4-major/bin/../lib/gcc/arm-none-eabi/10.2.1/../../../../arm-none-eabi/lib/thumb/v7e-m+fp/hard/libc_nano.a(lib_a-strtol.o)
 .text.strtol   0x0000000000914414       0x14 /home/fdsa/Downloads/gcc-arm-none-eabi-10-2020-q4-major/bin/../lib/gcc/arm-none-eabi/10.2.1/../../../../arm-none-eabi/lib/thumb/v7e-m+fp/hard/libc_nano.a(lib_a-strtol.o)
                0x0000000000914414                strtol
 .text.__swbuf_r
                0x0000000000914428       0xa4 /home/fdsa/Downloads/gcc-arm-none-eabi-10-2020-q4-major/bin/../lib/gcc/arm-none-eabi/10.2.1/../../../../arm-none-eabi/lib/thumb/v7e-m+fp/hard/libc_nano.a(lib_a-wbuf.o)
                0x0000000000914428                __swbuf_r
 .text.__swsetup_r
                0x00000000009144cc       0xdc /home/fdsa/Downloads/gcc-arm-none-eabi-10-2020-q4-major/bin/../lib/gcc/arm-none-eabi/10.2.1/../../../../arm-none-eabi/lib/thumb/v7e-m+fp/hard/libc_nano.a(lib_a-wsetup.o)
                0x00000000009144cc                __swsetup_r
 .text.abort    0x00000000009145a8        0xe /home/fdsa/Downloads/gcc-arm-none-eabi-10-2020-q4-major/bin/../lib/gcc/arm-none-eabi/10.2.1/../../../../arm-none-eabi/lib/thumb/v7e-m+fp/hard/libc_nano.a(lib_a-abort.o)
                0x00000000009145a8                abort
 *fill*         0x00000000009145b6        0x2 
 .text.__errno  0x00000000009145b8        0xc /home/fdsa/Downloads/gcc-arm-none-eabi-10-2020-q4-major/bin/../lib/gcc/arm-none-eabi/10.2.1/../../../../arm-none-eabi/lib/thumb/v7e-m+fp/hard/libc_nano.a(lib_a-errno.o)
                0x00000000009145b8                __errno
 .text.__sflush_r
                0x00000000009145c4      0x10c /home/fdsa/Downloads/gcc-arm-none-eabi-10-2020-q4-major/bin/../lib/gcc/arm-none-eabi/10.2.1/../../../../arm-none-eabi/lib/thumb/v7e-m+fp/hard/libc_nano.a(lib_a-fflush.o)
                0x00000000009145c4                __sflush_r
 .text._fflush_r
                0x00000000009146d0       0x78 /home/fdsa/Downloads/gcc-arm-none-eabi-10-2020-q4-major/bin/../lib/gcc/arm-none-eabi/10.2.1/../../../../arm-none-eabi/lib/thumb/v7e-m+fp/hard/libc_nano.a(lib_a-fflush.o)
                0x00000000009146d0                _fflush_r
 .text.std      0x0000000000914748       0x48 /home/fdsa/Downloads/gcc-arm-none-eabi-10-2020-q4-major/bin/../lib/gcc/arm-none-eabi/10.2.1/../../../../arm-none-eabi/lib/thumb/v7e-m+fp/hard/libc_nano.a(lib_a-findfp.o)
 .text._cleanup_r
                0x0000000000914790        0xc /home/fdsa/Downloads/gcc-arm-none-eabi-10-2020-q4-major/bin/../lib/gcc/arm-none-eabi/10.2.1/../../../../arm-none-eabi/lib/thumb/v7e-m+fp/hard/libc_nano.a(lib_a-findfp.o)
                0x0000000000914790                _cleanup_r
 .text.__sfmoreglue
                0x000000000091479c       0x2c /home/fdsa/Downloads/gcc-arm-none-eabi-10-2020-q4-major/bin/../lib/gcc/arm-none-eabi/10.2.1/../../../../arm-none-eabi/lib/thumb/v7e-m+fp/hard/libc_nano.a(lib_a-findfp.o)
                0x000000000091479c                __sfmoreglue
 .text.__sfp_lock_acquire
                0x00000000009147c8        0xc /home/fdsa/Downloads/gcc-arm-none-eabi-10-2020-q4-major/bin/../lib/gcc/arm-none-eabi/10.2.1/../../../../arm-none-eabi/lib/thumb/v7e-m+fp/hard/libc_nano.a(lib_a-findfp.o)
                0x00000000009147c8                __sfp_lock_acquire
 .text.__sfp_lock_release
                0x00000000009147d4        0xc /home/fdsa/Downloads/gcc-arm-none-eabi-10-2020-q4-major/bin/../lib/gcc/arm-none-eabi/10.2.1/../../../../arm-none-eabi/lib/thumb/v7e-m+fp/hard/libc_nano.a(lib_a-findfp.o)
                0x00000000009147d4                __sfp_lock_release
 .text.__sinit_lock_acquire
                0x00000000009147e0        0xc /home/fdsa/Downloads/gcc-arm-none-eabi-10-2020-q4-major/bin/../lib/gcc/arm-none-eabi/10.2.1/../../../../arm-none-eabi/lib/thumb/v7e-m+fp/hard/libc_nano.a(lib_a-findfp.o)
                0x00000000009147e0                __sinit_lock_acquire
 .text.__sinit_lock_release
                0x00000000009147ec        0xc /home/fdsa/Downloads/gcc-arm-none-eabi-10-2020-q4-major/bin/../lib/gcc/arm-none-eabi/10.2.1/../../../../arm-none-eabi/lib/thumb/v7e-m+fp/hard/libc_nano.a(lib_a-findfp.o)
                0x00000000009147ec                __sinit_lock_release
 .text.__sinit  0x00000000009147f8       0x70 /home/fdsa/Downloads/gcc-arm-none-eabi-10-2020-q4-major/bin/../lib/gcc/arm-none-eabi/10.2.1/../../../../arm-none-eabi/lib/thumb/v7e-m+fp/hard/libc_nano.a(lib_a-findfp.o)
                0x00000000009147f8                __sinit
 .text.__sfp    0x0000000000914868       0x8c /home/fdsa/Downloads/gcc-arm-none-eabi-10-2020-q4-major/bin/../lib/gcc/arm-none-eabi/10.2.1/../../../../arm-none-eabi/lib/thumb/v7e-m+fp/hard/libc_nano.a(lib_a-findfp.o)
                0x0000000000914868                __sfp
 .text._fwalk_reent
                0x00000000009148f4       0x3e /home/fdsa/Downloads/gcc-arm-none-eabi-10-2020-q4-major/bin/../lib/gcc/arm-none-eabi/10.2.1/../../../../arm-none-eabi/lib/thumb/v7e-m+fp/hard/libc_nano.a(lib_a-fwalk.o)
                0x00000000009148f4                _fwalk_reent
 .text.__retarget_lock_init_recursive
                0x0000000000914932        0x2 /home/fdsa/Downloads/gcc-arm-none-eabi-10-2020-q4-major/bin/../lib/gcc/arm-none-eabi/10.2.1/../../../../arm-none-eabi/lib/thumb/v7e-m+fp/hard/libc_nano.a(lib_a-lock.o)
                0x0000000000914932                __retarget_lock_init_recursive
 .text.__retarget_lock_acquire_recursive
                0x0000000000914934        0x2 /home/fdsa/Downloads/gcc-arm-none-eabi-10-2020-q4-major/bin/../lib/gcc/arm-none-eabi/10.2.1/../../../../arm-none-eabi/lib/thumb/v7e-m+fp/hard/libc_nano.a(lib_a-lock.o)
                0x0000000000914934                __retarget_lock_acquire_recursive
 .text.__retarget_lock_release_recursive
                0x0000000000914936        0x2 /home/fdsa/Downloads/gcc-arm-none-eabi-10-2020-q4-major/bin/../lib/gcc/arm-none-eabi/10.2.1/../../../../arm-none-eabi/lib/thumb/v7e-m+fp/hard/libc_nano.a(lib_a-lock.o)
                0x0000000000914936                __retarget_lock_release_recursive
 .text.__swhatbuf_r
                0x0000000000914938       0x4a /home/fdsa/Downloads/gcc-arm-none-eabi-10-2020-q4-major/bin/../lib/gcc/arm-none-eabi/10.2.1/../../../../arm-none-eabi/lib/thumb/v7e-m+fp/hard/libc_nano.a(lib_a-makebuf.o)
                0x0000000000914938                __swhatbuf_r
 *fill*         0x0000000000914982        0x2 
 .text.__smakebuf_r
                0x0000000000914984       0x80 /home/fdsa/Downloads/gcc-arm-none-eabi-10-2020-q4-major/bin/../lib/gcc/arm-none-eabi/10.2.1/../../../../arm-none-eabi/lib/thumb/v7e-m+fp/hard/libc_nano.a(lib_a-makebuf.o)
                0x0000000000914984                __smakebuf_r
 .text._free_r  0x0000000000914a04       0x98 /home/fdsa/Downloads/gcc-arm-none-eabi-10-2020-q4-major/bin/../lib/gcc/arm-none-eabi/10.2.1/../../../../arm-none-eabi/lib/thumb/v7e-m+fp/hard/libc_nano.a(lib_a-nano-freer.o)
                0x0000000000914a04                _free_r
 .text._malloc_r
                0x0000000000914a9c       0xb4 /home/fdsa/Downloads/gcc-arm-none-eabi-10-2020-q4-major/bin/../lib/gcc/arm-none-eabi/10.2.1/../../../../arm-none-eabi/lib/thumb/v7e-m+fp/hard/libc_nano.a(lib_a-nano-mallocr.o)
                0x0000000000914a9c                _malloc_r
 .text._sbrk_r  0x0000000000914b50       0x20 /home/fdsa/Downloads/gcc-arm-none-eabi-10-2020-q4-major/bin/../lib/gcc/arm-none-eabi/10.2.1/../../../../arm-none-eabi/lib/thumb/v7e-m+fp/hard/libc_nano.a(lib_a-sbrkr.o)
                0x0000000000914b50                _sbrk_r
 .text._raise_r
                0x0000000000914b70       0x50 /home/fdsa/Downloads/gcc-arm-none-eabi-10-2020-q4-major/bin/../lib/gcc/arm-none-eabi/10.2.1/../../../../arm-none-eabi/lib/thumb/v7e-m+fp/hard/libc_nano.a(lib_a-signal.o)
                0x0000000000914b70                _raise_r
 .text.raise    0x0000000000914bc0       0x10 /home/fdsa/Downloads/gcc-arm-none-eabi-10-2020-q4-major/bin/../lib/gcc/arm-none-eabi/10.2.1/../../../../arm-none-eabi/lib/thumb/v7e-m+fp/hard/libc_nano.a(lib_a-signal.o)
                0x0000000000914bc0                raise
 .text._kill_r  0x0000000000914bd0       0x24 /home/fdsa/Downloads/gcc-arm-none-eabi-10-2020-q4-major/bin/../lib/gcc/arm-none-eabi/10.2.1/../../../../arm-none-eabi/lib/thumb/v7e-m+fp/hard/libc_nano.a(lib_a-signalr.o)
                0x0000000000914bd0                _kill_r
 .text._getpid_r
                0x0000000000914bf4        0x4 /home/fdsa/Downloads/gcc-arm-none-eabi-10-2020-q4-major/bin/../lib/gcc/arm-none-eabi/10.2.1/../../../../arm-none-eabi/lib/thumb/v7e-m+fp/hard/libc_nano.a(lib_a-signalr.o)
                0x0000000000914bf4                _getpid_r
 .text.__sread  0x0000000000914bf8       0x22 /home/fdsa/Downloads/gcc-arm-none-eabi-10-2020-q4-major/bin/../lib/gcc/arm-none-eabi/10.2.1/../../../../arm-none-eabi/lib/thumb/v7e-m+fp/hard/libc_nano.a(lib_a-stdio.o)
                0x0000000000914bf8                __sread
 .text.__swrite
                0x0000000000914c1a       0x38 /home/fdsa/Downloads/gcc-arm-none-eabi-10-2020-q4-major/bin/../lib/gcc/arm-none-eabi/10.2.1/../../../../arm-none-eabi/lib/thumb/v7e-m+fp/hard/libc_nano.a(lib_a-stdio.o)
                0x0000000000914c1a                __swrite
 .text.__sseek  0x0000000000914c52       0x24 /home/fdsa/Downloads/gcc-arm-none-eabi-10-2020-q4-major/bin/../lib/gcc/arm-none-eabi/10.2.1/../../../../arm-none-eabi/lib/thumb/v7e-m+fp/hard/libc_nano.a(lib_a-stdio.o)
                0x0000000000914c52                __sseek
 .text.__sclose
                0x0000000000914c76        0x8 /home/fdsa/Downloads/gcc-arm-none-eabi-10-2020-q4-major/bin/../lib/gcc/arm-none-eabi/10.2.1/../../../../arm-none-eabi/lib/thumb/v7e-m+fp/hard/libc_nano.a(lib_a-stdio.o)
                0x0000000000914c76                __sclose
 *fill*         0x0000000000914c7e        0x2 
 .text._write_r
                0x0000000000914c80       0x24 /home/fdsa/Downloads/gcc-arm-none-eabi-10-2020-q4-major/bin/../lib/gcc/arm-none-eabi/10.2.1/../../../../arm-none-eabi/lib/thumb/v7e-m+fp/hard/libc_nano.a(lib_a-writer.o)
                0x0000000000914c80                _write_r
 .text._close_r
                0x0000000000914ca4       0x20 /home/fdsa/Downloads/gcc-arm-none-eabi-10-2020-q4-major/bin/../lib/gcc/arm-none-eabi/10.2.1/../../../../arm-none-eabi/lib/thumb/v7e-m+fp/hard/libc_nano.a(lib_a-closer.o)
                0x0000000000914ca4                _close_r
 .text._fstat_r
                0x0000000000914cc4       0x24 /home/fdsa/Downloads/gcc-arm-none-eabi-10-2020-q4-major/bin/../lib/gcc/arm-none-eabi/10.2.1/../../../../arm-none-eabi/lib/thumb/v7e-m+fp/hard/libc_nano.a(lib_a-fstatr.o)
                0x0000000000914cc4                _fstat_r
 .text._isatty_r
                0x0000000000914ce8       0x20 /home/fdsa/Downloads/gcc-arm-none-eabi-10-2020-q4-major/bin/../lib/gcc/arm-none-eabi/10.2.1/../../../../arm-none-eabi/lib/thumb/v7e-m+fp/hard/libc_nano.a(lib_a-isattyr.o)
                0x0000000000914ce8                _isatty_r
 .text._lseek_r
                0x0000000000914d08       0x24 /home/fdsa/Downloads/gcc-arm-none-eabi-10-2020-q4-major/bin/../lib/gcc/arm-none-eabi/10.2.1/../../../../arm-none-eabi/lib/thumb/v7e-m+fp/hard/libc_nano.a(lib_a-lseekr.o)
                0x0000000000914d08                _lseek_r
 .text.__malloc_lock
                0x0000000000914d2c        0xc /home/fdsa/Downloads/gcc-arm-none-eabi-10-2020-q4-major/bin/../lib/gcc/arm-none-eabi/10.2.1/../../../../arm-none-eabi/lib/thumb/v7e-m+fp/hard/libc_nano.a(lib_a-mlock.o)
                0x0000000000914d2c                __malloc_lock
 .text.__malloc_unlock
                0x0000000000914d38        0xc /home/fdsa/Downloads/gcc-arm-none-eabi-10-2020-q4-major/bin/../lib/gcc/arm-none-eabi/10.2.1/../../../../arm-none-eabi/lib/thumb/v7e-m+fp/hard/libc_nano.a(lib_a-mlock.o)
                0x0000000000914d38                __malloc_unlock
 .text._read_r  0x0000000000914d44       0x24 /home/fdsa/Downloads/gcc-arm-none-eabi-10-2020-q4-major/bin/../lib/gcc/arm-none-eabi/10.2.1/../../../../arm-none-eabi/lib/thumb/v7e-m+fp/hard/libc_nano.a(lib_a-readr.o)
                0x0000000000914d44                _read_r
 .text._close   0x0000000000914d68       0x10 /home/fdsa/Downloads/gcc-arm-none-eabi-10-2020-q4-major/bin/../lib/gcc/arm-none-eabi/10.2.1/../../../../arm-none-eabi/lib/thumb/v7e-m+fp/hard/libnosys.a(close.o)
                0x0000000000914d68                _close
 .text._fstat   0x0000000000914d78       0x10 /home/fdsa/Downloads/gcc-arm-none-eabi-10-2020-q4-major/bin/../lib/gcc/arm-none-eabi/10.2.1/../../../../arm-none-eabi/lib/thumb/v7e-m+fp/hard/libnosys.a(fstat.o)
                0x0000000000914d78                _fstat
 .text._getpid  0x0000000000914d88       0x10 /home/fdsa/Downloads/gcc-arm-none-eabi-10-2020-q4-major/bin/../lib/gcc/arm-none-eabi/10.2.1/../../../../arm-none-eabi/lib/thumb/v7e-m+fp/hard/libnosys.a(getpid.o)
                0x0000000000914d88                _getpid
 .text._isatty  0x0000000000914d98       0x10 /home/fdsa/Downloads/gcc-arm-none-eabi-10-2020-q4-major/bin/../lib/gcc/arm-none-eabi/10.2.1/../../../../arm-none-eabi/lib/thumb/v7e-m+fp/hard/libnosys.a(isatty.o)
                0x0000000000914d98                _isatty
 .text._kill    0x0000000000914da8       0x10 /home/fdsa/Downloads/gcc-arm-none-eabi-10-2020-q4-major/bin/../lib/gcc/arm-none-eabi/10.2.1/../../../../arm-none-eabi/lib/thumb/v7e-m+fp/hard/libnosys.a(kill.o)
                0x0000000000914da8                _kill
 .text._lseek   0x0000000000914db8       0x10 /home/fdsa/Downloads/gcc-arm-none-eabi-10-2020-q4-major/bin/../lib/gcc/arm-none-eabi/10.2.1/../../../../arm-none-eabi/lib/thumb/v7e-m+fp/hard/libnosys.a(lseek.o)
                0x0000000000914db8                _lseek
 .text._sbrk    0x0000000000914dc8       0x1c /home/fdsa/Downloads/gcc-arm-none-eabi-10-2020-q4-major/bin/../lib/gcc/arm-none-eabi/10.2.1/../../../../arm-none-eabi/lib/thumb/v7e-m+fp/hard/libnosys.a(sbrk.o)
                0x0000000000914dc8                _sbrk
 .text._exit    0x0000000000914de4        0x4 /home/fdsa/Downloads/gcc-arm-none-eabi-10-2020-q4-major/bin/../lib/gcc/arm-none-eabi/10.2.1/../../../../arm-none-eabi/lib/thumb/v7e-m+fp/hard/libnosys.a(_exit.o)
                0x0000000000914de4                _exit
 *(.rodata)
 *(.rodata*)
 .rodata.env_init.str1.1
                0x0000000000914de8       0x7a CMakeFiles/gpio_freertos.dir/home/fdsa/FreeRTOS-Colibri-iMX7/middleware/multicore/open-amp/porting/env/freertos/rpmsg_porting.c.obj
 .rodata.env_deinit.str1.1
                0x0000000000914e62       0x15 CMakeFiles/gpio_freertos.dir/home/fdsa/FreeRTOS-Colibri-iMX7/middleware/multicore/open-amp/porting/env/freertos/rpmsg_porting.c.obj
 .rodata.env_register_isr.str1.1
                0x0000000000914e77       0x13 CMakeFiles/gpio_freertos.dir/home/fdsa/FreeRTOS-Colibri-iMX7/middleware/multicore/open-amp/porting/env/freertos/rpmsg_porting.c.obj
 .rodata.env_isr.str1.1
                0x0000000000914e8a       0x12 CMakeFiles/gpio_freertos.dir/home/fdsa/FreeRTOS-Colibri-iMX7/middleware/multicore/open-amp/porting/env/freertos/rpmsg_porting.c.obj
 .rodata.__func__.0
                0x0000000000914e9c        0x8 CMakeFiles/gpio_freertos.dir/home/fdsa/FreeRTOS-Colibri-iMX7/middleware/multicore/open-amp/porting/env/freertos/rpmsg_porting.c.obj
 .rodata.__func__.1
                0x0000000000914ea4       0x15 CMakeFiles/gpio_freertos.dir/home/fdsa/FreeRTOS-Colibri-iMX7/middleware/multicore/open-amp/porting/env/freertos/rpmsg_porting.c.obj
 .rodata.__func__.3
                0x0000000000914eb9       0x11 CMakeFiles/gpio_freertos.dir/home/fdsa/FreeRTOS-Colibri-iMX7/middleware/multicore/open-amp/porting/env/freertos/rpmsg_porting.c.obj
 .rodata.__func__.4
                0x0000000000914eca        0xb CMakeFiles/gpio_freertos.dir/home/fdsa/FreeRTOS-Colibri-iMX7/middleware/multicore/open-amp/porting/env/freertos/rpmsg_porting.c.obj
 .rodata.__func__.5
                0x0000000000914ed5        0x9 CMakeFiles/gpio_freertos.dir/home/fdsa/FreeRTOS-Colibri-iMX7/middleware/multicore/open-amp/porting/env/freertos/rpmsg_porting.c.obj
 .rodata._shutdown_cpu.str1.1
                0x0000000000914ede       0x5b CMakeFiles/gpio_freertos.dir/home/fdsa/FreeRTOS-Colibri-iMX7/middleware/multicore/open-amp/porting/imx7d_m4/platform.c.obj
                                         0x5d (size before relaxing)
 .rodata.platform_interrupt_enable.str1.1
                0x0000000000914f39       0x46 CMakeFiles/gpio_freertos.dir/home/fdsa/FreeRTOS-Colibri-iMX7/middleware/multicore/open-amp/porting/imx7d_m4/platform.c.obj
 .rodata.platform_interrupt_disable.str1.1
                0x0000000000914f7f       0x21 CMakeFiles/gpio_freertos.dir/home/fdsa/FreeRTOS-Colibri-iMX7/middleware/multicore/open-amp/porting/imx7d_m4/platform.c.obj
 .rodata.platform_interrupt_enable_all.str1.1
                0x0000000000914fa0       0x18 CMakeFiles/gpio_freertos.dir/home/fdsa/FreeRTOS-Colibri-iMX7/middleware/multicore/open-amp/porting/imx7d_m4/platform.c.obj
 .rodata.platform_interrupt_disable_all.str1.1
                0x0000000000914fb8       0x19 CMakeFiles/gpio_freertos.dir/home/fdsa/FreeRTOS-Colibri-iMX7/middleware/multicore/open-amp/porting/imx7d_m4/platform.c.obj
 .rodata.__func__.0
                0x0000000000914fd1       0x1f CMakeFiles/gpio_freertos.dir/home/fdsa/FreeRTOS-Colibri-iMX7/middleware/multicore/open-amp/porting/imx7d_m4/platform.c.obj
 .rodata.__func__.1
                0x0000000000914ff0       0x1e CMakeFiles/gpio_freertos.dir/home/fdsa/FreeRTOS-Colibri-iMX7/middleware/multicore/open-amp/porting/imx7d_m4/platform.c.obj
 .rodata.__func__.2
                0x000000000091500e       0x1b CMakeFiles/gpio_freertos.dir/home/fdsa/FreeRTOS-Colibri-iMX7/middleware/multicore/open-amp/porting/imx7d_m4/platform.c.obj
 .rodata.__func__.3
                0x0000000000915029       0x1a CMakeFiles/gpio_freertos.dir/home/fdsa/FreeRTOS-Colibri-iMX7/middleware/multicore/open-amp/porting/imx7d_m4/platform.c.obj
 .rodata.__func__.4
                0x0000000000915043        0xa CMakeFiles/gpio_freertos.dir/home/fdsa/FreeRTOS-Colibri-iMX7/middleware/multicore/open-amp/porting/imx7d_m4/platform.c.obj
 .rodata.__func__.5
                0x000000000091504d        0xe CMakeFiles/gpio_freertos.dir/home/fdsa/FreeRTOS-Colibri-iMX7/middleware/multicore/open-amp/porting/imx7d_m4/platform.c.obj
 .rodata.rpmsg_start_ipc.str1.1
                0x000000000091505b        0xc CMakeFiles/gpio_freertos.dir/home/fdsa/FreeRTOS-Colibri-iMX7/middleware/multicore/open-amp/rpmsg/rpmsg_core.c.obj
 .rodata.rpmsg_read_rtos_cb.str1.1
                0x0000000000915067       0x5f CMakeFiles/gpio_freertos.dir/home/fdsa/FreeRTOS-Colibri-iMX7/middleware/multicore/open-amp/rpmsg/rpmsg_rtos.c.obj
 .rodata.rpmsg_channel_created_rtos.str1.1
                0x00000000009150c6       0x25 CMakeFiles/gpio_freertos.dir/home/fdsa/FreeRTOS-Colibri-iMX7/middleware/multicore/open-amp/rpmsg/rpmsg_rtos.c.obj
 .rodata.__func__.1
                0x00000000009150eb       0x1b CMakeFiles/gpio_freertos.dir/home/fdsa/FreeRTOS-Colibri-iMX7/middleware/multicore/open-amp/rpmsg/rpmsg_rtos.c.obj
 .rodata.__func__.2
                0x0000000000915106       0x1b CMakeFiles/gpio_freertos.dir/home/fdsa/FreeRTOS-Colibri-iMX7/middleware/multicore/open-amp/rpmsg/rpmsg_rtos.c.obj
 .rodata.__func__.3
                0x0000000000915121       0x13 CMakeFiles/gpio_freertos.dir/home/fdsa/FreeRTOS-Colibri-iMX7/middleware/multicore/open-amp/rpmsg/rpmsg_rtos.c.obj
 .rodata.CCM_SetRootDivider.str1.1
                0x0000000000915134       0x54 CMakeFiles/gpio_freertos.dir/home/fdsa/FreeRTOS-Colibri-iMX7/platform/drivers/src/ccm_imx7d.c.obj
 .rodata.CCM_GetRootDivider.str1.1