Archive member included to satisfy reference by file (symbol)

/home/fdsa/Downloads/gcc-arm-none-eabi-10-2020-q4-major/bin/../lib/gcc/arm-none-eabi/10.2.1/../../../../arm-none-eabi/lib/thumb/v7e-m+fp/hard/libc_nano.a(lib_a-assert.o)
                              CMakeFiles/blinking_imx_demo.dir/home/fdsa/Desktop/Tirocinio/2021_03_11/GpioRead/platform/drivers/src/ccm_analog_imx7d.c.obj (__assert_func)
/home/fdsa/Downloads/gcc-arm-none-eabi-10-2020-q4-major/bin/../lib/gcc/arm-none-eabi/10.2.1/../../../../arm-none-eabi/lib/thumb/v7e-m+fp/hard/libc_nano.a(lib_a-exit.o)
                              /home/fdsa/Downloads/gcc-arm-none-eabi-10-2020-q4-major/bin/../lib/gcc/arm-none-eabi/10.2.1/../../../../arm-none-eabi/lib/thumb/v7e-m+fp/hard/crt0.o (exit)
/home/fdsa/Downloads/gcc-arm-none-eabi-10-2020-q4-major/bin/../lib/gcc/arm-none-eabi/10.2.1/../../../../arm-none-eabi/lib/thumb/v7e-m+fp/hard/libc_nano.a(lib_a-fprintf.o)
                              /home/fdsa/Downloads/gcc-arm-none-eabi-10-2020-q4-major/bin/../lib/gcc/arm-none-eabi/10.2.1/../../../../arm-none-eabi/lib/thumb/v7e-m+fp/hard/libc_nano.a(lib_a-assert.o) (fiprintf)
/home/fdsa/Downloads/gcc-arm-none-eabi-10-2020-q4-major/bin/../lib/gcc/arm-none-eabi/10.2.1/../../../../arm-none-eabi/lib/thumb/v7e-m+fp/hard/libc_nano.a(lib_a-impure.o)
                              /home/fdsa/Downloads/gcc-arm-none-eabi-10-2020-q4-major/bin/../lib/gcc/arm-none-eabi/10.2.1/../../../../arm-none-eabi/lib/thumb/v7e-m+fp/hard/libc_nano.a(lib_a-exit.o) (_global_impure_ptr)
/home/fdsa/Downloads/gcc-arm-none-eabi-10-2020-q4-major/bin/../lib/gcc/arm-none-eabi/10.2.1/../../../../arm-none-eabi/lib/thumb/v7e-m+fp/hard/libc_nano.a(lib_a-init.o)
                              /home/fdsa/Downloads/gcc-arm-none-eabi-10-2020-q4-major/bin/../lib/gcc/arm-none-eabi/10.2.1/../../../../arm-none-eabi/lib/thumb/v7e-m+fp/hard/crt0.o (__libc_init_array)
/home/fdsa/Downloads/gcc-arm-none-eabi-10-2020-q4-major/bin/../lib/gcc/arm-none-eabi/10.2.1/../../../../arm-none-eabi/lib/thumb/v7e-m+fp/hard/libc_nano.a(lib_a-memcpy-stub.o)
                              CMakeFiles/blinking_imx_demo.dir/home/fdsa/Desktop/Tirocinio/2021_03_11/GpioRead/rtos/FreeRTOS/Source/queue.c.obj (memcpy)
/home/fdsa/Downloads/gcc-arm-none-eabi-10-2020-q4-major/bin/../lib/gcc/arm-none-eabi/10.2.1/../../../../arm-none-eabi/lib/thumb/v7e-m+fp/hard/libc_nano.a(lib_a-memset.o)
                              /home/fdsa/Downloads/gcc-arm-none-eabi-10-2020-q4-major/bin/../lib/gcc/arm-none-eabi/10.2.1/../../../../arm-none-eabi/lib/thumb/v7e-m+fp/hard/crt0.o (memset)
/home/fdsa/Downloads/gcc-arm-none-eabi-10-2020-q4-major/bin/../lib/gcc/arm-none-eabi/10.2.1/../../../../arm-none-eabi/lib/thumb/v7e-m+fp/hard/libc_nano.a(lib_a-nano-vfprintf.o)
                              /home/fdsa/Downloads/gcc-arm-none-eabi-10-2020-q4-major/bin/../lib/gcc/arm-none-eabi/10.2.1/../../../../arm-none-eabi/lib/thumb/v7e-m+fp/hard/libc_nano.a(lib_a-fprintf.o) (_vfprintf_r)
/home/fdsa/Downloads/gcc-arm-none-eabi-10-2020-q4-major/bin/../lib/gcc/arm-none-eabi/10.2.1/../../../../arm-none-eabi/lib/thumb/v7e-m+fp/hard/libc_nano.a(lib_a-nano-vfprintf_i.o)
                              /home/fdsa/Downloads/gcc-arm-none-eabi-10-2020-q4-major/bin/../lib/gcc/arm-none-eabi/10.2.1/../../../../arm-none-eabi/lib/thumb/v7e-m+fp/hard/libc_nano.a(lib_a-nano-vfprintf.o) (_printf_i)
/home/fdsa/Downloads/gcc-arm-none-eabi-10-2020-q4-major/bin/../lib/gcc/arm-none-eabi/10.2.1/../../../../arm-none-eabi/lib/thumb/v7e-m+fp/hard/libc_nano.a(lib_a-strlen.o)
                              CMakeFiles/blinking_imx_demo.dir/home/fdsa/Desktop/Tirocinio/2021_03_11/GpioRead/platform/utilities/src/print_scan.c.obj (strlen)
/home/fdsa/Downloads/gcc-arm-none-eabi-10-2020-q4-major/bin/../lib/gcc/arm-none-eabi/10.2.1/../../../../arm-none-eabi/lib/thumb/v7e-m+fp/hard/libc_nano.a(lib_a-wbuf.o)
                              /home/fdsa/Downloads/gcc-arm-none-eabi-10-2020-q4-major/bin/../lib/gcc/arm-none-eabi/10.2.1/../../../../arm-none-eabi/lib/thumb/v7e-m+fp/hard/libc_nano.a(lib_a-nano-vfprintf.o) (__swbuf_r)
/home/fdsa/Downloads/gcc-arm-none-eabi-10-2020-q4-major/bin/../lib/gcc/arm-none-eabi/10.2.1/../../../../arm-none-eabi/lib/thumb/v7e-m+fp/hard/libc_nano.a(lib_a-wsetup.o)
                              /home/fdsa/Downloads/gcc-arm-none-eabi-10-2020-q4-major/bin/../lib/gcc/arm-none-eabi/10.2.1/../../../../arm-none-eabi/lib/thumb/v7e-m+fp/hard/libc_nano.a(lib_a-nano-vfprintf.o) (__swsetup_r)
/home/fdsa/Downloads/gcc-arm-none-eabi-10-2020-q4-major/bin/../lib/gcc/arm-none-eabi/10.2.1/../../../../arm-none-eabi/lib/thumb/v7e-m+fp/hard/libc_nano.a(lib_a-abort.o)
                              /home/fdsa/Downloads/gcc-arm-none-eabi-10-2020-q4-major/bin/../lib/gcc/arm-none-eabi/10.2.1/../../../../arm-none-eabi/lib/thumb/v7e-m+fp/hard/libc_nano.a(lib_a-assert.o) (abort)
[...]
Memory Configuration

Name             Origin             Length             Attributes
m_interrupts     0x0000000000000000 0x0000000000000240 xr
m_text           0x000000001fff8000 0x0000000000008000 xr
m_data           0x0000000020000000 0x0000000000008000 rw
*default*        0x0000000000000000 0xffffffffffffffff

Linker script and memory map

LOAD /home/fdsa/Downloads/gcc-arm-none-eabi-10-2020-q4-major/bin/../lib/gcc/arm-none-eabi/10.2.1/thumb/v7e-m+fp/hard/crti.o
LOAD /home/fdsa/Downloads/gcc-arm-none-eabi-10-2020-q4-major/bin/../lib/gcc/arm-none-eabi/10.2.1/thumb/v7e-m+fp/hard/crtbegin.o
LOAD /home/fdsa/Downloads/gcc-arm-none-eabi-10-2020-q4-major/bin/../lib/gcc/arm-none-eabi/10.2.1/../../../../arm-none-eabi/lib/thumb/v7e-m+fp/hard/crt0.o
                0x0000000000000400                __stack_size__ = 0x400
                0x0000000000000200                __heap_size__ = 0x200
LOAD CMakeFiles/blinking_imx_demo.dir/home/fdsa/Desktop/Tirocinio/2021_03_11/GpioRead/platform/devices/MCIMX7D/startup/gcc/startup_MCIMX7D_M4.S.obj
LOAD CMakeFiles/blinking_imx_demo.dir/home/fdsa/Desktop/Tirocinio/2021_03_11/GpioRead/platform/devices/MCIMX7D/startup/system_MCIMX7D_M4.c.obj
LOAD CMakeFiles/blinking_imx_demo.dir/home/fdsa/Desktop/Tirocinio/2021_03_11/GpioRead/platform/drivers/src/ccm_analog_imx7d.c.obj
LOAD CMakeFiles/blinking_imx_demo.dir/home/fdsa/Desktop/Tirocinio/2021_03_11/GpioRead/platform/drivers/src/ccm_imx7d.c.obj
LOAD CMakeFiles/blinking_imx_demo.dir/home/fdsa/Desktop/Tirocinio/2021_03_11/GpioRead/platform/drivers/src/gpio_imx.c.obj
LOAD CMakeFiles/blinking_imx_demo.dir/home/fdsa/Desktop/Tirocinio/2021_03_11/GpioRead/platform/drivers/src/gpt.c.obj
LOAD CMakeFiles/blinking_imx_demo.dir/home/fdsa/Desktop/Tirocinio/2021_03_11/GpioRead/platform/drivers/src/lmem.c.obj
LOAD CMakeFiles/blinking_imx_demo.dir/home/fdsa/Desktop/Tirocinio/2021_03_11/GpioRead/platform/drivers/src/rdc.c.obj
LOAD CMakeFiles/blinking_imx_demo.dir/home/fdsa/Desktop/Tirocinio/2021_03_11/GpioRead/platform/drivers/src/rdc_semaphore.c.obj
LOAD CMakeFiles/blinking_imx_demo.dir/home/fdsa/Desktop/Tirocinio/2021_03_11/GpioRead/platform/drivers/src/uart_imx.c.obj
LOAD CMakeFiles/blinking_imx_demo.dir/home/fdsa/Desktop/Tirocinio/2021_03_11/GpioRead/platform/drivers/src/wdog_imx.c.obj
LOAD CMakeFiles/blinking_imx_demo.dir/home/fdsa/Desktop/Tirocinio/2021_03_11/GpioRead/platform/utilities/src/debug_console_imx.c.obj
LOAD CMakeFiles/blinking_imx_demo.dir/home/fdsa/Desktop/Tirocinio/2021_03_11/GpioRead/platform/utilities/src/print_scan.c.obj
LOAD CMakeFiles/blinking_imx_demo.dir/home/fdsa/Desktop/Tirocinio/2021_03_11/GpioRead/rtos/FreeRTOS/Source/croutine.c.obj
LOAD CMakeFiles/blinking_imx_demo.dir/home/fdsa/Desktop/Tirocinio/2021_03_11/GpioRead/rtos/FreeRTOS/Source/event_groups.c.obj
LOAD CMakeFiles/blinking_imx_demo.dir/home/fdsa/Desktop/Tirocinio/2021_03_11/GpioRead/rtos/FreeRTOS/Source/list.c.obj
LOAD CMakeFiles/blinking_imx_demo.dir/home/fdsa/Desktop/Tirocinio/2021_03_11/GpioRead/rtos/FreeRTOS/Source/portable/GCC/ARM_CM4F/port.c.obj
LOAD CMakeFiles/blinking_imx_demo.dir/home/fdsa/Desktop/Tirocinio/2021_03_11/GpioRead/rtos/FreeRTOS/Source/portable/MemMang/heap_2.c.obj
LOAD CMakeFiles/blinking_imx_demo.dir/home/fdsa/Desktop/Tirocinio/2021_03_11/GpioRead/rtos/FreeRTOS/Source/queue.c.obj
LOAD CMakeFiles/blinking_imx_demo.dir/home/fdsa/Desktop/Tirocinio/2021_03_11/GpioRead/rtos/FreeRTOS/Source/tasks.c.obj
LOAD CMakeFiles/blinking_imx_demo.dir/home/fdsa/Desktop/Tirocinio/2021_03_11/GpioRead/rtos/FreeRTOS/Source/timers.c.obj
LOAD CMakeFiles/blinking_imx_demo.dir/home/fdsa/Desktop/Tirocinio/2021_03_11/GpioRead/examples/imx7_colibri_m4/board.c.obj
LOAD CMakeFiles/blinking_imx_demo.dir/home/fdsa/Desktop/Tirocinio/2021_03_11/GpioRead/examples/imx7_colibri_m4/clock_freq.c.obj
LOAD CMakeFiles/blinking_imx_demo.dir/home/fdsa/Desktop/Tirocinio/2021_03_11/GpioRead/examples/imx7_colibri_m4/gpio_pins.c.obj
LOAD CMakeFiles/blinking_imx_demo.dir/home/fdsa/Desktop/Tirocinio/2021_03_11/GpioRead/examples/imx7_colibri_m4/pin_mux.c.obj
LOAD CMakeFiles/blinking_imx_demo.dir/home/fdsa/Desktop/Tirocinio/2021_03_11/GpioRead/examples/imx7_colibri_m4/demo_apps/blinking_imx_demo/gpio_ctrl.c.obj
LOAD CMakeFiles/blinking_imx_demo.dir/home/fdsa/Desktop/Tirocinio/2021_03_11/GpioRead/examples/imx7_colibri_m4/demo_apps/blinking_imx_demo/gpt_timer.c.obj
LOAD CMakeFiles/blinking_imx_demo.dir/home/fdsa/Desktop/Tirocinio/2021_03_11/GpioRead/examples/imx7_colibri_m4/demo_apps/blinking_imx_demo/hardware_init.c.obj
LOAD CMakeFiles/blinking_imx_demo.dir/home/fdsa/Desktop/Tirocinio/2021_03_11/GpioRead/examples/imx7_colibri_m4/demo_apps/blinking_imx_demo/main.c.obj
START GROUP
LOAD /home/fdsa/Downloads/gcc-arm-none-eabi-10-2020-q4-major/bin/../lib/gcc/arm-none-eabi/10.2.1/../../../../arm-none-eabi/lib/thumb/v7e-m+fp/hard/libm.a
LOAD /home/fdsa/Downloads/gcc-arm-none-eabi-10-2020-q4-major/bin/../lib/gcc/arm-none-eabi/10.2.1/../../../../arm-none-eabi/lib/thumb/v7e-m+fp/hard/libc_nano.a
LOAD /home/fdsa/Downloads/gcc-arm-none-eabi-10-2020-q4-major/bin/../lib/gcc/arm-none-eabi/10.2.1/thumb/v7e-m+fp/hard/libgcc.a
LOAD /home/fdsa/Downloads/gcc-arm-none-eabi-10-2020-q4-major/bin/../lib/gcc/arm-none-eabi/10.2.1/../../../../arm-none-eabi/lib/thumb/v7e-m+fp/hard/libnosys.a
END GROUP
START GROUP
LOAD /home/fdsa/Downloads/gcc-arm-none-eabi-10-2020-q4-major/bin/../lib/gcc/arm-none-eabi/10.2.1/thumb/v7e-m+fp/hard/libgcc.a
LOAD /home/fdsa/Downloads/gcc-arm-none-eabi-10-2020-q4-major/bin/../lib/gcc/arm-none-eabi/10.2.1/../../../../arm-none-eabi/lib/thumb/v7e-m+fp/hard/libg_nano.a
LOAD /home/fdsa/Downloads/gcc-arm-none-eabi-10-2020-q4-major/bin/../lib/gcc/arm-none-eabi/10.2.1/../../../../arm-none-eabi/lib/thumb/v7e-m+fp/hard/libc_nano.a
END GROUP
START GROUP
LOAD /home/fdsa/Downloads/gcc-arm-none-eabi-10-2020-q4-major/bin/../lib/gcc/arm-none-eabi/10.2.1/thumb/v7e-m+fp/hard/libgcc.a
LOAD /home/fdsa/Downloads/gcc-arm-none-eabi-10-2020-q4-major/bin/../lib/gcc/arm-none-eabi/10.2.1/../../../../arm-none-eabi/lib/thumb/v7e-m+fp/hard/libc_nano.a
LOAD /home/fdsa/Downloads/gcc-arm-none-eabi-10-2020-q4-major/bin/../lib/gcc/arm-none-eabi/10.2.1/../../../../arm-none-eabi/lib/thumb/v7e-m+fp/hard/libnosys.a
END GROUP
START GROUP
LOAD /home/fdsa/Downloads/gcc-arm-none-eabi-10-2020-q4-major/bin/../lib/gcc/arm-none-eabi/10.2.1/thumb/v7e-m+fp/hard/libgcc.a
LOAD /home/fdsa/Downloads/gcc-arm-none-eabi-10-2020-q4-major/bin/../lib/gcc/arm-none-eabi/10.2.1/../../../../arm-none-eabi/lib/thumb/v7e-m+fp/hard/libc_nano.a
LOAD /home/fdsa/Downloads/gcc-arm-none-eabi-10-2020-q4-major/bin/../lib/gcc/arm-none-eabi/10.2.1/../../../../arm-none-eabi/lib/thumb/v7e-m+fp/hard/libnosys.a
END GROUP
LOAD /home/fdsa/Downloads/gcc-arm-none-eabi-10-2020-q4-major/bin/../lib/gcc/arm-none-eabi/10.2.1/thumb/v7e-m+fp/hard/crtend.o
LOAD /home/fdsa/Downloads/gcc-arm-none-eabi-10-2020-q4-major/bin/../lib/gcc/arm-none-eabi/10.2.1/thumb/v7e-m+fp/hard/crtn.o
                0x000000001fff8000                TCML_code = 0x1fff8000
                0x0000000020000000                TCMU_system = 0x20000000
                0x0000000000000000                OCRAM_S_code = 0x0
                0x0000000000180000                OCRAM_S_system = 0x180000
                0x0000000000900000                OCRAM_code = 0x900000
                0x0000000020200000                OCRAM_system = 0x20200000
                0x0000000000920000                OCRAM_EPDC_code = 0x920000
                0x0000000020220000                OCRAM_EPDC_system = 0x20220000
                0x0000000010000000                DDR_code = 0x10000000
                0x0000000080000000                DDR_system = 0x80000000
                0x0000000000000200                HEAP_SIZE = DEFINED (__heap_size__)?__heap_size__:0x400
                0x0000000000000400                STACK_SIZE = DEFINED (__stack_size__)?__stack_size__:0x400
                0x0000000000000000                __FLASH_START = ORIGIN (m_interrupts)
                0x0000000020000000                __FLASH_END = (ORIGIN (m_text) + LENGTH (m_text))

.interrupts     0x0000000000000000      0x240
                0x0000000000000000                __VECTOR_TABLE = .
                0x0000000000000000                . = ALIGN (0x4)
 *(.isr_vector)
 .isr_vector    0x0000000000000000      0x240 CMakeFiles/blinking_imx_demo.dir/home/fdsa/Desktop/Tirocinio/2021_03_11/GpioRead/platform/devices/MCIMX7D/startup/gcc/startup_MCIMX7D_M4.S.obj
                0x0000000000000000                __isr_vector
                0x0000000000000240                . = ALIGN (0x4)

.text           0x000000001fff8000     0x40b0
                0x000000001fff8000                . = ALIGN (0x4)
 *(.text)
 .text          0x000000001fff8000       0x40 /home/fdsa/Downloads/gcc-arm-none-eabi-10-2020-q4-major/bin/../lib/gcc/arm-none-eabi/10.2.1/thumb/v7e-m+fp/hard/crtbegin.o
 .text          0x000000001fff8040       0x7c /home/fdsa/Downloads/gcc-arm-none-eabi-10-2020-q4-major/bin/../lib/gcc/arm-none-eabi/10.2.1/../../../../arm-none-eabi/lib/thumb/v7e-m+fp/hard/crt0.o
                0x000000001fff8040                _stack_init
                0x000000001fff8048                _mainCRTStartup
                0x000000001fff8048                _start
 .text          0x000000001fff80bc       0x24 CMakeFiles/blinking_imx_demo.dir/home/fdsa/Desktop/Tirocinio/2021_03_11/GpioRead/platform/devices/MCIMX7D/startup/gcc/startup_MCIMX7D_M4.S.obj
                0x000000001fff80bc                Reset_Handler
                0x000000001fff80dc                ENET2_MAC0_TRANS1_Handler
                0x000000001fff80dc                SAI3_Handler
                0x000000001fff80dc                DebugMon_Handler
                0x000000001fff80dc                USB_OH3_OTG2_1_Handler
                0x000000001fff80dc                GPIO3_INT31_16_Handler
                0x000000001fff80dc                eCSPI4_Handler
                0x000000001fff80dc                SIM2_Handler
                0x000000001fff80dc                FLEXCAN1_Handler
                0x000000001fff80dc                UART3_Handler
                0x000000001fff80dc                UART2_Handler
                0x000000001fff80dc                GPIO1_INT3_Handler
                0x000000001fff80dc                HardFault_Handler
                0x000000001fff80dc                SNVS_SECURITY_Handler
                0x000000001fff80dc                SEMA4_HS_M4_Handler
                0x000000001fff80dc                GPIO6_INT31_16_Handler
                0x000000001fff80dc                SRC_Handler
                0x000000001fff80dc                GPT2_Handler
                0x000000001fff80dc                CCM2_Handler
                0x000000001fff80dc                I2C1_Handler
                0x000000001fff80dc                CPU_CTI_Handler
                0x000000001fff80dc                NMI_Handler
                0x000000001fff80dc                SAI1_Handler
                0x000000001fff80dc                ENET2_MAC0_IRQ_Handler
                0x000000001fff80dc                KPP_Handler
                0x000000001fff80dc                USB_OTG1_Handler
                0x000000001fff80dc                MIPI_CSI_Handler
                0x000000001fff80dc                WDOG4_Handler
                0x000000001fff80dc                Reserved9_Handler
                0x000000001fff80dc                QSPI_Handler
                0x000000001fff80dc                CAAM_QUEUE_Handler
                0x000000001fff80dc                GPIO2_INT15_0_Handler
                0x000000001fff80dc                PCIE_CTRL4_Handler
                0x000000001fff80dc                uSDHC2_Handler
                0x000000001fff80dc                GPIO1_INT6_Handler
                0x000000001fff80dc                PCIE_CTRL_REQUEST_Handler
                0x000000001fff80dc                SCTR1_Handler
                0x000000001fff80dc                RDC_Handler
                0x000000001fff80dc                EPDC_Handler
                0x000000001fff80dc                CCM1_Handler
                0x000000001fff80dc                UsageFault_Handler
                0x000000001fff80dc                ADC1_Handler
                0x000000001fff80dc                GPIO1_INT0_Handler
                0x000000001fff80dc                Analog_brown_out_Handler
                0x000000001fff80dc                PXP2_Handler
                0x000000001fff80dc                SEMA4_HS_A7_Handler
                0x000000001fff80dc                RTIC_Handler
                0x000000001fff80dc                DefaultISR
                0x000000001fff80dc                GPIO6_INT15_0_Handler
                0x000000001fff80dc                SCTR2_Handler
                0x000000001fff80dc                WDOG3_Handler
                0x000000001fff80dc                USB_OH2_OTG_Handler
                0x000000001fff80dc                SAI2_Handler
                0x000000001fff80dc                GPIO3_INT15_0_Handler
                0x000000001fff80dc                FTM2_Handler
                0x000000001fff80dc                eCSPI1_Handler
                0x000000001fff80dc                GPC_Handler
                0x000000001fff80dc                GPIO1_INT15_0_Handler
                0x000000001fff80dc                UART1_Handler
                0x000000001fff80dc                ENET1_MAC0_TRANS2_Handler
                0x000000001fff80dc                eCSPI3_Handler
                0x000000001fff80dc                BCH_Handler
                0x000000001fff80dc                CAAM_ERROR_Handler
                0x000000001fff80dc                Analog_TempSensor_Handler
                0x000000001fff80dc                PXP1_Handler
                0x000000001fff80dc                SNVS_Handler
                0x000000001fff80dc                GPT4_Handler
                0x000000001fff80dc                GPIO5_INT15_0_Handler
                0x000000001fff80dc                ENET2_MAC0_TRANS2_Handler
                0x000000001fff80dc                GPMI_Handler
                0x000000001fff80dc                I2C4_Handler
                0x000000001fff80dc                CCM_SRC_GPC_Handler
                0x000000001fff80dc                CPU_Handler
                0x000000001fff80dc                UART4_Handler
                0x000000001fff80dc                GPIO1_INT1_Handler
                0x000000001fff80dc                uSDHC3_Handler
                0x000000001fff80dc                EIM_Handler
                0x000000001fff80dc                PWM1_Handler
                0x000000001fff80dc                ENET2_1588_TIMER_IRQ_Handler
                0x000000001fff80dc                UART6_Handler
                0x000000001fff80dc                GPIO1_INT4_Handler
                0x000000001fff80dc                GPIO1_INT31_16_Handler
                0x000000001fff80dc                APBHDMA_Handler
                0x000000001fff80dc                uSDHC1_Handler
                0x000000001fff80dc                DBGMON_Handler
                0x000000001fff80dc                UART7_Handler
                0x000000001fff80dc                SDMA_Handler
                0x000000001fff80dc                GPT1_Handler
                0x000000001fff80dc                PWM3_Handler
                0x000000001fff80dc                PCIE_CTRL2_Handler
                0x000000001fff80dc                MemManage_Handler
                0x000000001fff80dc                GPIO5_INT31_16_Handler
                0x000000001fff80dc                TZASC1_Handler
                0x000000001fff80dc                I2C2_Handler
                0x000000001fff80dc                DAP_Handler
                0x000000001fff80dc                GPIO4_INT15_0_Handler
                0x000000001fff80dc                CSI_Handler
                0x000000001fff80dc                eCSPI2_Handler
                0x000000001fff80dc                ENET1_1588_TIMER_Handler
                0x000000001fff80dc                WDOG2_Handler
                0x000000001fff80dc                FLEXCAN2_Handler
                0x000000001fff80dc                PCIE_CTRL1_Handler
                0x000000001fff80dc                PCIE_CTRL3_Handler
                0x000000001fff80dc                GPIO1_INT5_Handler
                0x000000001fff80dc                CAAM_WRAPPER2_Handler
                0x000000001fff80dc                SNVS_CONSOLIDATED_Handler
                0x000000001fff80dc                CAAM_WRAPPER1_Handler
                0x000000001fff80dc                GPIO4_INT31_16_Handler
                0x000000001fff80dc                GPIO1_INT2_Handler
                0x000000001fff80dc                LCDIF_Handler
                0x000000001fff80dc                UART5_Handler
                0x000000001fff80dc                PERFMON1_Handler
                0x000000001fff80dc                GPIO1_INT7_Handler
                0x000000001fff80dc                I2C3_Handler
                0x000000001fff80dc                CSU_Handler
                0x000000001fff80dc                MIPI_DSI_Handler
                0x000000001fff80dc                PWM2_Handler
                0x000000001fff80dc                GPR_Handler
                0x000000001fff80dc                SIM1_Handler
                0x000000001fff80dc                USB_OTG2_Handler
                0x000000001fff80dc                ENET1_MAC0_TRANS1_Handler
                0x000000001fff80dc                BusFault_Handler
                0x000000001fff80dc                MU_M4_Handler
                0x000000001fff80dc                USB_OH3_OTG2_2_Handler
                0x000000001fff80dc                ENET1_MAC0_Handler
                0x000000001fff80dc                PERFMON2_Handler
                0x000000001fff80dc                GPIO7_INT31_16_Handler
                0x000000001fff80dc                PWM4_Handler
                0x000000001fff80dc                FTM1_Handler
                0x000000001fff80dc                GPIO7_INT15_0_Handler
                0x000000001fff80dc                WDOG1_Handler
                0x000000001fff80dc                MU_A7_Handler
                0x000000001fff80dc                ADC2_Handler
                0x000000001fff80dc                TPR_Handler
 .text          0x000000001fff80e0       0x10 /home/fdsa/Downloads/gcc-arm-none-eabi-10-2020-q4-major/bin/../lib/gcc/arm-none-eabi/10.2.1/../../../../arm-none-eabi/lib/thumb/v7e-m+fp/hard/libc_nano.a(lib_a-strlen.o)
                0x000000001fff80e0                strlen
 .text          0x000000001fff80f0       0xa0 /home/fdsa/Downloads/gcc-arm-none-eabi-10-2020-q4-major/bin/../lib/gcc/arm-none-eabi/10.2.1/../../../../arm-none-eabi/lib/thumb/v7e-m+fp/hard/libc_nano.a(lib_a-memchr.o)
                0x000000001fff80f0                memchr
 .text          0x000000001fff8190       0x30 /home/fdsa/Downloads/gcc-arm-none-eabi-10-2020-q4-major/bin/../lib/gcc/arm-none-eabi/10.2.1/thumb/v7e-m+fp/hard/libgcc.a(_aeabi_uldivmod.o)
                0x000000001fff8190                __aeabi_uldivmod
 .text          0x000000001fff81c0      0x2d0 /home/fdsa/Downloads/gcc-arm-none-eabi-10-2020-q4-major/bin/../lib/gcc/arm-none-eabi/10.2.1/thumb/v7e-m+fp/hard/libgcc.a(_udivmoddi4.o)
                0x000000001fff81c0                __udivmoddi4
 .text          0x000000001fff8490        0x4 /home/fdsa/Downloads/gcc-arm-none-eabi-10-2020-q4-major/bin/../lib/gcc/arm-none-eabi/10.2.1/thumb/v7e-m+fp/hard/libgcc.a(_dvmd_tls.o)
                0x000000001fff8490                __aeabi_ldiv0
                0x000000001fff8490                __aeabi_idiv0
 *(.text*)
 .text.SystemInit
                0x000000001fff8494      0x10c CMakeFiles/blinking_imx_demo.dir/home/fdsa/Desktop/Tirocinio/2021_03_11/GpioRead/platform/devices/MCIMX7D/startup/system_MCIMX7D_M4.c.obj
                0x000000001fff8494                SystemInit
 .text.CCM_ANALOG_GetSysPllFreq
                0x000000001fff85a0       0x34 CMakeFiles/blinking_imx_demo.dir/home/fdsa/Desktop/Tirocinio/2021_03_11/GpioRead/platform/drivers/src/ccm_analog_imx7d.c.obj
                0x000000001fff85a0                CCM_ANALOG_GetSysPllFreq
 .text.CCM_GetRootDivider
                0x000000001fff85d4       0x34 CMakeFiles/blinking_imx_demo.dir/home/fdsa/Desktop/Tirocinio/2021_03_11/GpioRead/platform/drivers/src/ccm_imx7d.c.obj
                0x000000001fff85d4                CCM_GetRootDivider
 .text.CCM_UpdateRoot
                0x000000001fff8608       0x58 CMakeFiles/blinking_imx_demo.dir/home/fdsa/Desktop/Tirocinio/2021_03_11/GpioRead/platform/drivers/src/ccm_imx7d.c.obj
                0x000000001fff8608                CCM_UpdateRoot
 .text.GPIO_Init
                0x000000001fff8660       0xac CMakeFiles/blinking_imx_demo.dir/home/fdsa/Desktop/Tirocinio/2021_03_11/GpioRead/platform/drivers/src/gpio_imx.c.obj
                0x000000001fff8660                GPIO_Init
 .text.GPIO_WritePinOutput
                0x000000001fff870c       0x40 CMakeFiles/blinking_imx_demo.dir/home/fdsa/Desktop/Tirocinio/2021_03_11/GpioRead/platform/drivers/src/gpio_imx.c.obj
                0x000000001fff870c                GPIO_WritePinOutput
 .text.GPIO_SetPinIntMode
                0x000000001fff874c       0x40 CMakeFiles/blinking_imx_demo.dir/home/fdsa/Desktop/Tirocinio/2021_03_11/GpioRead/platform/drivers/src/gpio_imx.c.obj
                0x000000001fff874c                GPIO_SetPinIntMode
 .text.GPT_Init
                0x000000001fff878c       0x88 CMakeFiles/blinking_imx_demo.dir/home/fdsa/Desktop/Tirocinio/2021_03_11/GpioRead/platform/drivers/src/gpt.c.obj
                0x000000001fff878c                GPT_Init
 .text.GPT_SetClockSource
                0x000000001fff8814       0x4c CMakeFiles/blinking_imx_demo.dir/home/fdsa/Desktop/Tirocinio/2021_03_11/GpioRead/platform/drivers/src/gpt.c.obj
                0x000000001fff8814                GPT_SetClockSource
 .text.GPT_SetIntCmd
                0x000000001fff8860       0x14 CMakeFiles/blinking_imx_demo.dir/home/fdsa/Desktop/Tirocinio/2021_03_11/GpioRead/platform/drivers/src/gpt.c.obj
                0x000000001fff8860                GPT_SetIntCmd
 .text.RDC_SEMAPHORE_GetGate
                0x000000001fff8874       0x1c CMakeFiles/blinking_imx_demo.dir/home/fdsa/Desktop/Tirocinio/2021_03_11/GpioRead/platform/drivers/src/rdc_semaphore.c.obj
 .text.RDC_SEMAPHORE_Lock
                0x000000001fff8890       0x2c CMakeFiles/blinking_imx_demo.dir/home/fdsa/Desktop/Tirocinio/2021_03_11/GpioRead/platform/drivers/src/rdc_semaphore.c.obj
                0x000000001fff8890                RDC_SEMAPHORE_Lock
 .text.RDC_SEMAPHORE_Unlock
                0x000000001fff88bc       0x18 CMakeFiles/blinking_imx_demo.dir/home/fdsa/Desktop/Tirocinio/2021_03_11/GpioRead/platform/drivers/src/rdc_semaphore.c.obj
                0x000000001fff88bc                RDC_SEMAPHORE_Unlock
 .text.UART_Deinit
                0x000000001fff88d4       0x60 CMakeFiles/blinking_imx_demo.dir/home/fdsa/Desktop/Tirocinio/2021_03_11/GpioRead/platform/drivers/src/uart_imx.c.obj
                0x000000001fff88d4                UART_Deinit
 .text.UART_SetBaudRate
                0x000000001fff8934      0x104 CMakeFiles/blinking_imx_demo.dir/home/fdsa/Desktop/Tirocinio/2021_03_11/GpioRead/platform/drivers/src/uart_imx.c.obj
                0x000000001fff8934                UART_SetBaudRate
 .text.UART_Init
                0x000000001fff8a38       0x64 CMakeFiles/blinking_imx_demo.dir/home/fdsa/Desktop/Tirocinio/2021_03_11/GpioRead/platform/drivers/src/uart_imx.c.obj
                0x000000001fff8a38                UART_Init
 .text.UART_GetStatusFlag
                0x000000001fff8a9c        0xe CMakeFiles/blinking_imx_demo.dir/home/fdsa/Desktop/Tirocinio/2021_03_11/GpioRead/platform/drivers/src/uart_imx.c.obj
                0x000000001fff8a9c                UART_GetStatusFlag
 *fill*         0x000000001fff8aaa        0x2 
 .text.UART_SetModemMode
                0x000000001fff8aac       0x44 CMakeFiles/blinking_imx_demo.dir/home/fdsa/Desktop/Tirocinio/2021_03_11/GpioRead/platform/drivers/src/uart_imx.c.obj
                0x000000001fff8aac                UART_SetModemMode
 .text.debug_putc
                0x000000001fff8af0       0x2c CMakeFiles/blinking_imx_demo.dir/home/fdsa/Desktop/Tirocinio/2021_03_11/GpioRead/platform/utilities/src/debug_console_imx.c.obj
 .text.UART_ReceiveDataPolling
                0x000000001fff8b1c       0x26 CMakeFiles/blinking_imx_demo.dir/home/fdsa/Desktop/Tirocinio/2021_03_11/GpioRead/platform/utilities/src/debug_console_imx.c.obj
 *fill*         0x000000001fff8b42        0x2 
 .text.UART_SendDataPolling
                0x000000001fff8b44       0x3c CMakeFiles/blinking_imx_demo.dir/home/fdsa/Desktop/Tirocinio/2021_03_11/GpioRead/platform/utilities/src/debug_console_imx.c.obj
 .text.DbgConsole_Init
                0x000000001fff8b80       0x60 CMakeFiles/blinking_imx_demo.dir/home/fdsa/Desktop/Tirocinio/2021_03_11/GpioRead/platform/utilities/src/debug_console_imx.c.obj
                0x000000001fff8b80                DbgConsole_Init
 .text._write   0x000000001fff8be0       0x34 CMakeFiles/blinking_imx_demo.dir/home/fdsa/Desktop/Tirocinio/2021_03_11/GpioRead/platform/utilities/src/debug_console_imx.c.obj
                0x000000001fff8be0                _write
 .text._read    0x000000001fff8c14       0x28 CMakeFiles/blinking_imx_demo.dir/home/fdsa/Desktop/Tirocinio/2021_03_11/GpioRead/platform/utilities/src/debug_console_imx.c.obj
                0x000000001fff8c14                _read
 .text.debug_printf
                0x000000001fff8c3c       0x38 CMakeFiles/blinking_imx_demo.dir/home/fdsa/Desktop/Tirocinio/2021_03_11/GpioRead/platform/utilities/src/debug_console_imx.c.obj
                0x000000001fff8c3c                debug_printf
 .text.mknumstr
                0x000000001fff8c74       0x7c CMakeFiles/blinking_imx_demo.dir/home/fdsa/Desktop/Tirocinio/2021_03_11/GpioRead/platform/utilities/src/print_scan.c.obj
 .text.fput_pad
                0x000000001fff8cf0       0x2e CMakeFiles/blinking_imx_demo.dir/home/fdsa/Desktop/Tirocinio/2021_03_11/GpioRead/platform/utilities/src/print_scan.c.obj
 *fill*         0x000000001fff8d1e        0x2 
 .text._doprint
                0x000000001fff8d20      0x518 CMakeFiles/blinking_imx_demo.dir/home/fdsa/Desktop/Tirocinio/2021_03_11/GpioRead/platform/utilities/src/print_scan.c.obj
                0x000000001fff8d20                _doprint
 .text.vListInitialise
                0x000000001fff9238       0x16 CMakeFiles/blinking_imx_demo.dir/home/fdsa/Desktop/Tirocinio/2021_03_11/GpioRead/rtos/FreeRTOS/Source/list.c.obj
                0x000000001fff9238                vListInitialise
 .text.vListInitialiseItem
                0x000000001fff924e        0x6 CMakeFiles/blinking_imx_demo.dir/home/fdsa/Desktop/Tirocinio/2021_03_11/GpioRead/rtos/FreeRTOS/Source/list.c.obj
                0x000000001fff924e                vListInitialiseItem
 .text.vListInsertEnd
                0x000000001fff9254       0x16 CMakeFiles/blinking_imx_demo.dir/home/fdsa/Desktop/Tirocinio/2021_03_11/GpioRead/rtos/FreeRTOS/Source/list.c.obj
                0x000000001fff9254                vListInsertEnd
 .text.vListInsert
                0x000000001fff926a       0x32 CMakeFiles/blinking_imx_demo.dir/home/fdsa/Desktop/Tirocinio/2021_03_11/GpioRead/rtos/FreeRTOS/Source/list.c.obj
                0x000000001fff926a                vListInsert
 .text.uxListRemove
                0x000000001fff929c       0x24 CMakeFiles/blinking_imx_demo.dir/home/fdsa/Desktop/Tirocinio/2021_03_11/GpioRead/rtos/FreeRTOS/Source/list.c.obj
                0x000000001fff929c                uxListRemove
 .text.prvTaskExitError
                0x000000001fff92c0       0x34 CMakeFiles/blinking_imx_demo.dir/home/fdsa/Desktop/Tirocinio/2021_03_11/GpioRead/rtos/FreeRTOS/Source/portable/GCC/ARM_CM4F/port.c.obj
 .text.prvPortStartFirstTask
                0x000000001fff92f4       0x20 CMakeFiles/blinking_imx_demo.dir/home/fdsa/Desktop/Tirocinio/2021_03_11/GpioRead/rtos/FreeRTOS/Source/portable/GCC/ARM_CM4F/port.c.obj
 .text.vPortEnableVFP
                0x000000001fff9314       0x14 CMakeFiles/blinking_imx_demo.dir/home/fdsa/Desktop/Tirocinio/2021_03_11/GpioRead/rtos/FreeRTOS/Source/portable/GCC/ARM_CM4F/port.c.obj
 .text.pxPortInitialiseStack
                0x000000001fff9328       0x28 CMakeFiles/blinking_imx_demo.dir/home/fdsa/Desktop/Tirocinio/2021_03_11/GpioRead/rtos/FreeRTOS/Source/portable/GCC/ARM_CM4F/port.c.obj
                0x000000001fff9328                pxPortInitialiseStack
 .text.SVC_Handler
                0x000000001fff9350       0x20 CMakeFiles/blinking_imx_demo.dir/home/fdsa/Desktop/Tirocinio/2021_03_11/GpioRead/rtos/FreeRTOS/Source/portable/GCC/ARM_CM4F/port.c.obj
                0x000000001fff9350                SVC_Handler
 .text.vPortEnterCritical
                0x000000001fff9370       0x44 CMakeFiles/blinking_imx_demo.dir/home/fdsa/Desktop/Tirocinio/2021_03_11/GpioRead/rtos/FreeRTOS/Source/portable/GCC/ARM_CM4F/port.c.obj
                0x000000001fff9370                vPortEnterCritical
 .text.vPortExitCritical
                0x000000001fff93b4       0x2c CMakeFiles/blinking_imx_demo.dir/home/fdsa/Desktop/Tirocinio/2021_03_11/GpioRead/rtos/FreeRTOS/Source/portable/GCC/ARM_CM4F/port.c.obj
                0x000000001fff93b4                vPortExitCritical
 .text.PendSV_Handler
                0x000000001fff93e0       0x60 CMakeFiles/blinking_imx_demo.dir/home/fdsa/Desktop/Tirocinio/2021_03_11/GpioRead/rtos/FreeRTOS/Source/portable/GCC/ARM_CM4F/port.c.obj
                0x000000001fff93e0                PendSV_Handler
 .text.SysTick_Handler
                0x000000001fff9440       0x30 CMakeFiles/blinking_imx_demo.dir/home/fdsa/Desktop/Tirocinio/2021_03_11/GpioRead/rtos/FreeRTOS/Source/portable/GCC/ARM_CM4F/port.c.obj
                0x000000001fff9440                SysTick_Handler
 .text.vPortSetupTimerInterrupt
                0x000000001fff9470       0x14 CMakeFiles/blinking_imx_demo.dir/home/fdsa/Desktop/Tirocinio/2021_03_11/GpioRead/rtos/FreeRTOS/Source/portable/GCC/ARM_CM4F/port.c.obj
                0x000000001fff9470                vPortSetupTimerInterrupt
 .text.xPortStartScheduler
                0x000000001fff9484       0xf8 CMakeFiles/blinking_imx_demo.dir/home/fdsa/Desktop/Tirocinio/2021_03_11/GpioRead/rtos/FreeRTOS/Source/portable/GCC/ARM_CM4F/port.c.obj
                0x000000001fff9484                xPortStartScheduler
 .text.vPortValidateInterruptPriority
                0x000000001fff957c       0x5c CMakeFiles/blinking_imx_demo.dir/home/fdsa/Desktop/Tirocinio/2021_03_11/GpioRead/rtos/FreeRTOS/Source/portable/GCC/ARM_CM4F/port.c.obj
                0x000000001fff957c                vPortValidateInterruptPriority
 .text.prvHeapInit
                0x000000001fff95d8       0x2c CMakeFiles/blinking_imx_demo.dir/home/fdsa/Desktop/Tirocinio/2021_03_11/GpioRead/rtos/FreeRTOS/Source/portable/MemMang/heap_2.c.obj
 .text.pvPortMalloc
                0x000000001fff9604       0xa4 CMakeFiles/blinking_imx_demo.dir/home/fdsa/Desktop/Tirocinio/2021_03_11/GpioRead/rtos/FreeRTOS/Source/portable/MemMang/heap_2.c.obj
                0x000000001fff9604                pvPortMalloc
 .text.vPortFree
                0x000000001fff96a8       0x40 CMakeFiles/blinking_imx_demo.dir/home/fdsa/Desktop/Tirocinio/2021_03_11/GpioRead/rtos/FreeRTOS/Source/portable/MemMang/heap_2.c.obj
                0x000000001fff96a8                vPortFree
 .text.prvIsQueueEmpty
                0x000000001fff96e8       0x1a CMakeFiles/blinking_imx_demo.dir/home/fdsa/Desktop/Tirocinio/2021_03_11/GpioRead/rtos/FreeRTOS/Source/queue.c.obj
 .text.prvCopyDataFromQueue
                0x000000001fff9702       0x22 CMakeFiles/blinking_imx_demo.dir/home/fdsa/Desktop/Tirocinio/2021_03_11/GpioRead/rtos/FreeRTOS/Source/queue.c.obj
 .text.prvUnlockQueue
                0x000000001fff9724       0x6a CMakeFiles/blinking_imx_demo.dir/home/fdsa/Desktop/Tirocinio/2021_03_11/GpioRead/rtos/FreeRTOS/Source/queue.c.obj
 .text.xQueueGenericReset
                0x000000001fff978e       0x82 CMakeFiles/blinking_imx_demo.dir/home/fdsa/Desktop/Tirocinio/2021_03_11/GpioRead/rtos/FreeRTOS/Source/queue.c.obj
                0x000000001fff978e                xQueueGenericReset
 .text.xQueueGenericCreate
                0x000000001fff9810       0x5e CMakeFiles/blinking_imx_demo.dir/home/fdsa/Desktop/Tirocinio/2021_03_11/GpioRead/rtos/FreeRTOS/Source/queue.c.obj
                0x000000001fff9810                xQueueGenericCreate
 .text.xQueueGiveFromISR
                0x000000001fff986e       0xae CMakeFiles/blinking_imx_demo.dir/home/fdsa/Desktop/Tirocinio/2021_03_11/GpioRead/rtos/FreeRTOS/Source/queue.c.obj
                0x000000001fff986e                xQueueGiveFromISR
 .text.xQueueGenericReceive
                0x000000001fff991c      0x158 CMakeFiles/blinking_imx_demo.dir/home/fdsa/Desktop/Tirocinio/2021_03_11/GpioRead/rtos/FreeRTOS/Source/queue.c.obj
                0x000000001fff991c                xQueueGenericReceive
 .text.prvIdleTask
                0x000000001fff9a74        0x2 CMakeFiles/blinking_imx_demo.dir/home/fdsa/Desktop/Tirocinio/2021_03_11/GpioRead/rtos/FreeRTOS/Source/tasks.c.obj
 *fill*         0x000000001fff9a76        0x2 
 .text.prvResetNextTaskUnblockTime
                0x000000001fff9a78       0x2c CMakeFiles/blinking_imx_demo.dir/home/fdsa/Desktop/Tirocinio/2021_03_11/GpioRead/rtos/FreeRTOS/Source/tasks.c.obj
 .text.prvAllocateTCBAndStack
                0x000000001fff9aa4       0x2e CMakeFiles/blinking_imx_demo.dir/home/fdsa/Desktop/Tirocinio/2021_03_11/GpioRead/rtos/FreeRTOS/Source/tasks.c.obj
 .text.prvInitialiseTCBVariables
                0x000000001fff9ad2       0x4e CMakeFiles/blinking_imx_demo.dir/home/fdsa/Desktop/Tirocinio/2021_03_11/GpioRead/rtos/FreeRTOS/Source/tasks.c.obj
 .text.prvInitialiseTaskLists
                0x000000001fff9b20       0x5c CMakeFiles/blinking_imx_demo.dir/home/fdsa/Desktop/Tirocinio/2021_03_11/GpioRead/rtos/FreeRTOS/Source/tasks.c.obj
 .text.prvAddCurrentTaskToDelayedList
                0x000000001fff9b7c       0x54 CMakeFiles/blinking_imx_demo.dir/home/fdsa/Desktop/Tirocinio/2021_03_11/GpioRead/rtos/FreeRTOS/Source/tasks.c.obj
 .text.xTaskGenericCreate
                0x000000001fff9bd0      0x13c CMakeFiles/blinking_imx_demo.dir/home/fdsa/Desktop/Tirocinio/2021_03_11/GpioRead/rtos/FreeRTOS/Source/tasks.c.obj
                0x000000001fff9bd0                xTaskGenericCreate
 .text.vTaskStartScheduler
                0x000000001fff9d0c       0x74 CMakeFiles/blinking_imx_demo.dir/home/fdsa/Desktop/Tirocinio/2021_03_11/GpioRead/rtos/FreeRTOS/Source/tasks.c.obj
                0x000000001fff9d0c                vTaskStartScheduler
 .text.vTaskSuspendAll
                0x000000001fff9d80       0x10 CMakeFiles/blinking_imx_demo.dir/home/fdsa/Desktop/Tirocinio/2021_03_11/GpioRead/rtos/FreeRTOS/Source/tasks.c.obj
                0x000000001fff9d80                vTaskSuspendAll
 .text.xTaskIncrementTick
                0x000000001fff9d90      0x118 CMakeFiles/blinking_imx_demo.dir/home/fdsa/Desktop/Tirocinio/2021_03_11/GpioRead/rtos/FreeRTOS/Source/tasks.c.obj
                0x000000001fff9d90                xTaskIncrementTick
 .text.xTaskResumeAll
                0x000000001fff9ea8       0xf8 CMakeFiles/blinking_imx_demo.dir/home/fdsa/Desktop/Tirocinio/2021_03_11/GpioRead/rtos/FreeRTOS/Source/tasks.c.obj
                0x000000001fff9ea8                xTaskResumeAll
 .text.vTaskDelay
                0x000000001fff9fa0       0x7c CMakeFiles/blinking_imx_demo.dir/home/fdsa/Desktop/Tirocinio/2021_03_11/GpioRead/rtos/FreeRTOS/Source/tasks.c.obj
                0x000000001fff9fa0                vTaskDelay
 .text.vTaskSwitchContext
                0x000000001fffa01c       0x98 CMakeFiles/blinking_imx_demo.dir/home/fdsa/Desktop/Tirocinio/2021_03_11/GpioRead/rtos/FreeRTOS/Source/tasks.c.obj
                0x000000001fffa01c                vTaskSwitchContext
 .text.vTaskPlaceOnEventList
                0x000000001fffa0b4       0x70 CMakeFiles/blinking_imx_demo.dir/home/fdsa/Desktop/Tirocinio/2021_03_11/GpioRead/rtos/FreeRTOS/Source/tasks.c.obj
                0x000000001fffa0b4                vTaskPlaceOnEventList
 .text.xTaskRemoveFromEventList
                0x000000001fffa124       0x8c CMakeFiles/blinking_imx_demo.dir/home/fdsa/Desktop/Tirocinio/2021_03_11/GpioRead/rtos/FreeRTOS/Source/tasks.c.obj
                0x000000001fffa124                xTaskRemoveFromEventList
 .text.vTaskSetTimeOutState
                0x000000001fffa1b0       0x2c CMakeFiles/blinking_imx_demo.dir/home/fdsa/Desktop/Tirocinio/2021_03_11/GpioRead/rtos/FreeRTOS/Source/tasks.c.obj
                0x000000001fffa1b0                vTaskSetTimeOutState
 .text.xTaskCheckForTimeOut
                0x000000001fffa1dc       0x80 CMakeFiles/blinking_imx_demo.dir/home/fdsa/Desktop/Tirocinio/2021_03_11/GpioRead/rtos/FreeRTOS/Source/tasks.c.obj
                0x000000001fffa1dc                xTaskCheckForTimeOut
 .text.vTaskMissedYield
                0x000000001fffa25c        0xc CMakeFiles/blinking_imx_demo.dir/home/fdsa/Desktop/Tirocinio/2021_03_11/GpioRead/rtos/FreeRTOS/Source/tasks.c.obj
                0x000000001fffa25c                vTaskMissedYield
 .text.BOARD_ClockInit
                0x000000001fffa268       0x80 CMakeFiles/blinking_imx_demo.dir/home/fdsa/Desktop/Tirocinio/2021_03_11/GpioRead/examples/imx7_colibri_m4/board.c.obj
                0x000000001fffa268                BOARD_ClockInit
 .text.dbg_uart_init
                0x000000001fffa2e8       0x60 CMakeFiles/blinking_imx_demo.dir/home/fdsa/Desktop/Tirocinio/2021_03_11/GpioRead/examples/imx7_colibri_m4/board.c.obj
                0x000000001fffa2e8                dbg_uart_init
 .text.BOARD_RdcInit
                0x000000001fffa348       0x10 CMakeFiles/blinking_imx_demo.dir/home/fdsa/Desktop/Tirocinio/2021_03_11/GpioRead/examples/imx7_colibri_m4/board.c.obj
                0x000000001fffa348                BOARD_RdcInit
 .text.get_uart_clock_freq
                0x000000001fffa358       0xd4 CMakeFiles/blinking_imx_demo.dir/home/fdsa/Desktop/Tirocinio/2021_03_11/GpioRead/examples/imx7_colibri_m4/clock_freq.c.obj
                0x000000001fffa358                get_uart_clock_freq
 .text.configure_gpio_pin
                0x000000001fffa42c       0x2c CMakeFiles/blinking_imx_demo.dir/home/fdsa/Desktop/Tirocinio/2021_03_11/GpioRead/examples/imx7_colibri_m4/gpio_pins.c.obj
                0x000000001fffa42c                configure_gpio_pin
 .text.configure_uart_pins
                0x000000001fffa458       0x2c CMakeFiles/blinking_imx_demo.dir/home/fdsa/Desktop/Tirocinio/2021_03_11/GpioRead/examples/imx7_colibri_m4/pin_mux.c.obj
                0x000000001fffa458                configure_uart_pins
 .text.GPIO_Ctrl_InitLedPin
                0x000000001fffa484       0x34 CMakeFiles/blinking_imx_demo.dir/home/fdsa/Desktop/Tirocinio/2021_03_11/GpioRead/examples/imx7_colibri_m4/demo_apps/blinking_imx_demo/gpio_ctrl.c.obj
 .text.GPIO_Ctrl_InitKeyPin
                0x000000001fffa4b8       0x40 CMakeFiles/blinking_imx_demo.dir/home/fdsa/Desktop/Tirocinio/2021_03_11/GpioRead/examples/imx7_colibri_m4/demo_apps/blinking_imx_demo/gpio_ctrl.c.obj
 .text.GPIO_Ctrl_Init
                0x000000001fffa4f8       0x20 CMakeFiles/blinking_imx_demo.dir/home/fdsa/Desktop/Tirocinio/2021_03_11/GpioRead/examples/imx7_colibri_m4/demo_apps/blinking_imx_demo/gpio_ctrl.c.obj
                0x000000001fffa4f8                GPIO_Ctrl_Init
 .text.GPIO_Ctrl_ToggleLed
                0x000000001fffa518       0x30 CMakeFiles/blinking_imx_demo.dir/home/fdsa/Desktop/Tirocinio/2021_03_11/GpioRead/examples/imx7_colibri_m4/demo_apps/blinking_imx_demo/gpio_ctrl.c.obj
                0x000000001fffa518                GPIO_Ctrl_ToggleLed
 .text.GPIO_Ctrl_WaitKeyPressed
                0x000000001fffa548       0xb4 CMakeFiles/blinking_imx_demo.dir/home/fdsa/Desktop/Tirocinio/2021_03_11/GpioRead/examples/imx7_colibri_m4/demo_apps/blinking_imx_demo/gpio_ctrl.c.obj
                0x000000001fffa548                GPIO_Ctrl_WaitKeyPressed
 .text.GPIO2_INT31_16_Handler
                0x000000001fffa5fc       0x80 CMakeFiles/blinking_imx_demo.dir/home/fdsa/Desktop/Tirocinio/2021_03_11/GpioRead/examples/imx7_colibri_m4/demo_apps/blinking_imx_demo/gpio_ctrl.c.obj
                0x000000001fffa5fc                GPIO2_INT31_16_Handler
 .text.Hw_Timer_Init
                0x000000001fffa67c       0x54 CMakeFiles/blinking_imx_demo.dir/home/fdsa/Desktop/Tirocinio/2021_03_11/GpioRead/examples/imx7_colibri_m4/demo_apps/blinking_imx_demo/gpt_timer.c.obj
                0x000000001fffa67c                Hw_Timer_Init
 .text.Hw_Timer_Delay
                0x000000001fffa6d0       0xe0 CMakeFiles/blinking_imx_demo.dir/home/fdsa/Desktop/Tirocinio/2021_03_11/GpioRead/examples/imx7_colibri_m4/demo_apps/blinking_imx_demo/gpt_timer.c.obj
                0x000000001fffa6d0                Hw_Timer_Delay
 .text.GPT3_Handler
                0x000000001fffa7b0       0x4c CMakeFiles/blinking_imx_demo.dir/home/fdsa/Desktop/Tirocinio/2021_03_11/GpioRead/examples/imx7_colibri_m4/demo_apps/blinking_imx_demo/gpt_timer.c.obj
                0x000000001fffa7b0                GPT3_Handler
 .text.hardware_init
                0x000000001fffa7fc       0x74 CMakeFiles/blinking_imx_demo.dir/home/fdsa/Desktop/Tirocinio/2021_03_11/GpioRead/examples/imx7_colibri_m4/demo_apps/blinking_imx_demo/hardware_init.c.obj
                0x000000001fffa7fc                hardware_init
 .text.ToggleTask
                0x000000001fffa870       0x14 CMakeFiles/blinking_imx_demo.dir/home/fdsa/Desktop/Tirocinio/2021_03_11/GpioRead/examples/imx7_colibri_m4/demo_apps/blinking_imx_demo/main.c.obj
                0x000000001fffa870                ToggleTask
 .text.SwitchTask
                0x000000001fffa884       0x38 CMakeFiles/blinking_imx_demo.dir/home/fdsa/Desktop/Tirocinio/2021_03_11/GpioRead/examples/imx7_colibri_m4/demo_apps/blinking_imx_demo/main.c.obj
                0x000000001fffa884                SwitchTask
 .text.main     0x000000001fffa8bc       0x60 CMakeFiles/blinking_imx_demo.dir/home/fdsa/Desktop/Tirocinio/2021_03_11/GpioRead/examples/imx7_colibri_m4/demo_apps/blinking_imx_demo/main.c.obj
                0x000000001fffa8bc                main
 .text.__assert_func
                0x000000001fffa91c       0x3c /home/fdsa/Downloads/gcc-arm-none-eabi-10-2020-q4-major/bin/../lib/gcc/arm-none-eabi/10.2.1/../../../../arm-none-eabi/lib/thumb/v7e-m+fp/hard/libc_nano.a(lib_a-assert.o)
                0x000000001fffa91c                __assert_func
 .text.exit     0x000000001fffa958       0x28 /home/fdsa/Downloads/gcc-arm-none-eabi-10-2020-q4-major/bin/../lib/gcc/arm-none-eabi/10.2.1/../../../../arm-none-eabi/lib/thumb/v7e-m+fp/hard/libc_nano.a(lib_a-exit.o)
                0x000000001fffa958                exit
 .text.fprintf  0x000000001fffa980       0x24 /home/fdsa/Downloads/gcc-arm-none-eabi-10-2020-q4-major/bin/../lib/gcc/arm-none-eabi/10.2.1/../../../../arm-none-eabi/lib/thumb/v7e-m+fp/hard/libc_nano.a(lib_a-fprintf.o)
                0x000000001fffa980                fprintf
                0x000000001fffa980                fiprintf
 .text.__libc_init_array
                0x000000001fffa9a4       0x48 /home/fdsa/Downloads/gcc-arm-none-eabi-10-2020-q4-major/bin/../lib/gcc/arm-none-eabi/10.2.1/../../../../arm-none-eabi/lib/thumb/v7e-m+fp/hard/libc_nano.a(lib_a-init.o)
                0x000000001fffa9a4                __libc_init_array
 .text.memcpy   0x000000001fffa9ec       0x1c /home/fdsa/Downloads/gcc-arm-none-eabi-10-2020-q4-major/bin/../lib/gcc/arm-none-eabi/10.2.1/../../../../arm-none-eabi/lib/thumb/v7e-m+fp/hard/libc_nano.a(lib_a-memcpy-stub.o)
                0x000000001fffa9ec                memcpy
 .text.memset   0x000000001fffaa08       0x10 /home/fdsa/Downloads/gcc-arm-none-eabi-10-2020-q4-major/bin/../lib/gcc/arm-none-eabi/10.2.1/../../../../arm-none-eabi/lib/thumb/v7e-m+fp/hard/libc_nano.a(lib_a-memset.o)
                0x000000001fffaa08                memset
 .text.__sfputc_r
                0x000000001fffaa18       0x2e /home/fdsa/Downloads/gcc-arm-none-eabi-10-2020-q4-major/bin/../lib/gcc/arm-none-eabi/10.2.1/../../../../arm-none-eabi/lib/thumb/v7e-m+fp/hard/libc_nano.a(lib_a-nano-vfprintf.o)
 .text.__sfputs_r
                0x000000001fffaa46       0x24 /home/fdsa/Downloads/gcc-arm-none-eabi-10-2020-q4-major/bin/../lib/gcc/arm-none-eabi/10.2.1/../../../../arm-none-eabi/lib/thumb/v7e-m+fp/hard/libc_nano.a(lib_a-nano-vfprintf.o)
                0x000000001fffaa46                __sfputs_r
 *fill*         0x000000001fffaa6a        0x2 
 .text._vfprintf_r
                0x000000001fffaa6c      0x260 /home/fdsa/Downloads/gcc-arm-none-eabi-10-2020-q4-major/bin/../lib/gcc/arm-none-eabi/10.2.1/../../../../arm-none-eabi/lib/thumb/v7e-m+fp/hard/libc_nano.a(lib_a-nano-vfprintf.o)
                0x000000001fffaa6c                _vfiprintf_r
                0x000000001fffaa6c                _vfprintf_r
 .text._printf_common
                0x000000001fffaccc       0xda /home/fdsa/Downloads/gcc-arm-none-eabi-10-2020-q4-major/bin/../lib/gcc/arm-none-eabi/10.2.1/../../../../arm-none-eabi/lib/thumb/v7e-m+fp/hard/libc_nano.a(lib_a-nano-vfprintf_i.o)
                0x000000001fffaccc                _printf_common
 *fill*         0x000000001fffada6        0x2 
 .text._printf_i
                0x000000001fffada8      0x24c /home/fdsa/Downloads/gcc-arm-none-eabi-10-2020-q4-major/bin/../lib/gcc/arm-none-eabi/10.2.1/../../../../arm-none-eabi/lib/thumb/v7e-m+fp/hard/libc_nano.a(lib_a-nano-vfprintf_i.o)
                0x000000001fffada8                _printf_i
 .text.__swbuf_r
                0x000000001fffaff4       0xa4 /home/fdsa/Downloads/gcc-arm-none-eabi-10-2020-q4-major/bin/../lib/gcc/arm-none-eabi/10.2.1/../../../../arm-none-eabi/lib/thumb/v7e-m+fp/hard/libc_nano.a(lib_a-wbuf.o)
                0x000000001fffaff4                __swbuf_r
 .text.__swsetup_r
                0x000000001fffb098       0xdc /home/fdsa/Downloads/gcc-arm-none-eabi-10-2020-q4-major/bin/../lib/gcc/arm-none-eabi/10.2.1/../../../../arm-none-eabi/lib/thumb/v7e-m+fp/hard/libc_nano.a(lib_a-wsetup.o)
                0x000000001fffb098                __swsetup_r
 .text.abort    0x000000001fffb174        0xe /home/fdsa/Downloads/gcc-arm-none-eabi-10-2020-q4-major/bin/../lib/gcc/arm-none-eabi/10.2.1/../../../../arm-none-eabi/lib/thumb/v7e-m+fp/hard/libc_nano.a(lib_a-abort.o)
                0x000000001fffb174                abort
 *fill*         0x000000001fffb182        0x2 
 .text.__sflush_r
                0x000000001fffb184      0x10c /home/fdsa/Downloads/gcc-arm-none-eabi-10-2020-q4-major/bin/../lib/gcc/arm-none-eabi/10.2.1/../../../../arm-none-eabi/lib/thumb/v7e-m+fp/hard/libc_nano.a(lib_a-fflush.o)
                0x000000001fffb184                __sflush_r
 .text._fflush_r
                0x000000001fffb290       0x78 /home/fdsa/Downloads/gcc-arm-none-eabi-10-2020-q4-major/bin/../lib/gcc/arm-none-eabi/10.2.1/../../../../arm-none-eabi/lib/thumb/v7e-m+fp/hard/libc_nano.a(lib_a-fflush.o)
                0x000000001fffb290                _fflush_r
 .text.std      0x000000001fffb308       0x48 /home/fdsa/Downloads/gcc-arm-none-eabi-10-2020-q4-major/bin/../lib/gcc/arm-none-eabi/10.2.1/../../../../arm-none-eabi/lib/thumb/v7e-m+fp/hard/libc_nano.a(lib_a-findfp.o)
 .text._cleanup_r
                0x000000001fffb350        0xc /home/fdsa/Downloads/gcc-arm-none-eabi-10-2020-q4-major/bin/../lib/gcc/arm-none-eabi/10.2.1/../../../../arm-none-eabi/lib/thumb/v7e-m+fp/hard/libc_nano.a(lib_a-findfp.o)
                0x000000001fffb350                _cleanup_r
 .text.__sfmoreglue
                0x000000001fffb35c       0x2c /home/fdsa/Downloads/gcc-arm-none-eabi-10-2020-q4-major/bin/../lib/gcc/arm-none-eabi/10.2.1/../../../../arm-none-eabi/lib/thumb/v7e-m+fp/hard/libc_nano.a(lib_a-findfp.o)
                0x000000001fffb35c                __sfmoreglue
 .text.__sfp_lock_acquire
                0x000000001fffb388        0xc /home/fdsa/Downloads/gcc-arm-none-eabi-10-2020-q4-major/bin/../lib/gcc/arm-none-eabi/10.2.1/../../../../arm-none-eabi/lib/thumb/v7e-m+fp/hard/libc_nano.a(lib_a-findfp.o)
                0x000000001fffb388                __sfp_lock_acquire
 .text.__sfp_lock_release
                0x000000001fffb394        0xc /home/fdsa/Downloads/gcc-arm-none-eabi-10-2020-q4-major/bin/../lib/gcc/arm-none-eabi/10.2.1/../../../../arm-none-eabi/lib/thumb/v7e-m+fp/hard/libc_nano.a(lib_a-findfp.o)
                0x000000001fffb394                __sfp_lock_release
 .text.__sinit_lock_acquire
                0x000000001fffb3a0        0xc /home/fdsa/Downloads/gcc-arm-none-eabi-10-2020-q4-major/bin/../lib/gcc/arm-none-eabi/10.2.1/../../../../arm-none-eabi/lib/thumb/v7e-m+fp/hard/libc_nano.a(lib_a-findfp.o)
                0x000000001fffb3a0                __sinit_lock_acquire
 .text.__sinit_lock_release
                0x000000001fffb3ac        0xc /home/fdsa/Downloads/gcc-arm-none-eabi-10-2020-q4-major/bin/../lib/gcc/arm-none-eabi/10.2.1/../../../../arm-none-eabi/lib/thumb/v7e-m+fp/hard/libc_nano.a(lib_a-findfp.o)
                0x000000001fffb3ac                __sinit_lock_release
 .text.__sinit  0x000000001fffb3b8       0x70 /home/fdsa/Downloads/gcc-arm-none-eabi-10-2020-q4-major/bin/../lib/gcc/arm-none-eabi/10.2.1/../../../../arm-none-eabi/lib/thumb/v7e-m+fp/hard/libc_nano.a(lib_a-findfp.o)
                0x000000001fffb3b8                __sinit
 .text.__sfp    0x000000001fffb428       0x8c /home/fdsa/Downloads/gcc-arm-none-eabi-10-2020-q4-major/bin/../lib/gcc/arm-none-eabi/10.2.1/../../../../arm-none-eabi/lib/thumb/v7e-m+fp/hard/libc_nano.a(lib_a-findfp.o)
                0x000000001fffb428                __sfp
 .text._fwalk_reent
                0x000000001fffb4b4       0x3e /home/fdsa/Downloads/gcc-arm-none-eabi-10-2020-q4-major/bin/../lib/gcc/arm-none-eabi/10.2.1/../../../../arm-none-eabi/lib/thumb/v7e-m+fp/hard/libc_nano.a(lib_a-fwalk.o)
                0x000000001fffb4b4                _fwalk_reent
 .text.__retarget_lock_init_recursive
                0x000000001fffb4f2        0x2 /home/fdsa/Downloads/gcc-arm-none-eabi-10-2020-q4-major/bin/../lib/gcc/arm-none-eabi/10.2.1/../../../../arm-none-eabi/lib/thumb/v7e-m+fp/hard/libc_nano.a(lib_a-lock.o)
                0x000000001fffb4f2                __retarget_lock_init_recursive
 .text.__retarget_lock_acquire_recursive
                0x000000001fffb4f4        0x2 /home/fdsa/Downloads/gcc-arm-none-eabi-10-2020-q4-major/bin/../lib/gcc/arm-none-eabi/10.2.1/../../../../arm-none-eabi/lib/thumb/v7e-m+fp/hard/libc_nano.a(lib_a-lock.o)
                0x000000001fffb4f4                __retarget_lock_acquire_recursive
 .text.__retarget_lock_release_recursive
                0x000000001fffb4f6        0x2 /home/fdsa/Downloads/gcc-arm-none-eabi-10-2020-q4-major/bin/../lib/gcc/arm-none-eabi/10.2.1/../../../../arm-none-eabi/lib/thumb/v7e-m+fp/hard/libc_nano.a(lib_a-lock.o)
                0x000000001fffb4f6                __retarget_lock_release_recursive
 .text.__swhatbuf_r
                0x000000001fffb4f8       0x4a /home/fdsa/Downloads/gcc-arm-none-eabi-10-2020-q4-major/bin/../lib/gcc/arm-none-eabi/10.2.1/../../../../arm-none-eabi/lib/thumb/v7e-m+fp/hard/libc_nano.a(lib_a-makebuf.o)
                0x000000001fffb4f8                __swhatbuf_r
 *fill*         0x000000001fffb542        0x2 
 .text.__smakebuf_r
                0x000000001fffb544       0x80 /home/fdsa/Downloads/gcc-arm-none-eabi-10-2020-q4-major/bin/../lib/gcc/arm-none-eabi/10.2.1/../../../../arm-none-eabi/lib/thumb/v7e-m+fp/hard/libc_nano.a(lib_a-makebuf.o)
                0x000000001fffb544                __smakebuf_r
 .text._free_r  0x000000001fffb5c4       0x98 /home/fdsa/Downloads/gcc-arm-none-eabi-10-2020-q4-major/bin/../lib/gcc/arm-none-eabi/10.2.1/../../../../arm-none-eabi/lib/thumb/v7e-m+fp/hard/libc_nano.a(lib_a-nano-freer.o)
                0x000000001fffb5c4                _free_r
 .text._malloc_r
                0x000000001fffb65c       0xb4 /home/fdsa/Downloads/gcc-arm-none-eabi-10-2020-q4-major/bin/../lib/gcc/arm-none-eabi/10.2.1/../../../../arm-none-eabi/lib/thumb/v7e-m+fp/hard/libc_nano.a(lib_a-nano-mallocr.o)
                0x000000001fffb65c                _malloc_r
 .text._sbrk_r  0x000000001fffb710       0x20 /home/fdsa/Downloads/gcc-arm-none-eabi-10-2020-q4-major/bin/../lib/gcc/arm-none-eabi/10.2.1/../../../../arm-none-eabi/lib/thumb/v7e-m+fp/hard/libc_nano.a(lib_a-sbrkr.o)
                0x000000001fffb710                _sbrk_r
 .text._raise_r
                0x000000001fffb730       0x50 /home/fdsa/Downloads/gcc-arm-none-eabi-10-2020-q4-major/bin/../lib/gcc/arm-none-eabi/10.2.1/../../../../arm-none-eabi/lib/thumb/v7e-m+fp/hard/libc_nano.a(lib_a-signal.o)
                0x000000001fffb730                _raise_r
 .text.raise    0x000000001fffb780       0x10 /home/fdsa/Downloads/gcc-arm-none-eabi-10-2020-q4-major/bin/../lib/gcc/arm-none-eabi/10.2.1/../../../../arm-none-eabi/lib/thumb/v7e-m+fp/hard/libc_nano.a(lib_a-signal.o)
                0x000000001fffb780                raise
 .text._kill_r  0x000000001fffb790       0x24 /home/fdsa/Downloads/gcc-arm-none-eabi-10-2020-q4-major/bin/../lib/gcc/arm-none-eabi/10.2.1/../../../../arm-none-eabi/lib/thumb/v7e-m+fp/hard/libc_nano.a(lib_a-signalr.o)
                0x000000001fffb790                _kill_r
 .text._getpid_r
                0x000000001fffb7b4        0x4 /home/fdsa/Downloads/gcc-arm-none-eabi-10-2020-q4-major/bin/../lib/gcc/arm-none-eabi/10.2.1/../../../../arm-none-eabi/lib/thumb/v7e-m+fp/hard/libc_nano.a(lib_a-signalr.o)
                0x000000001fffb7b4                _getpid_r
 .text.__sread  0x000000001fffb7b8       0x22 /home/fdsa/Downloads/gcc-arm-none-eabi-10-2020-q4-major/bin/../lib/gcc/arm-none-eabi/10.2.1/../../../../arm-none-eabi/lib/thumb/v7e-m+fp/hard/libc_nano.a(lib_a-stdio.o)
                0x000000001fffb7b8                __sread
 .text.__swrite
                0x000000001fffb7da       0x38 /home/fdsa/Downloads/gcc-arm-none-eabi-10-2020-q4-major/bin/../lib/gcc/arm-none-eabi/10.2.1/../../../../arm-none-eabi/lib/thumb/v7e-m+fp/hard/libc_nano.a(lib_a-stdio.o)
                0x000000001fffb7da                __swrite
 .text.__sseek  0x000000001fffb812       0x24 /home/fdsa/Downloads/gcc-arm-none-eabi-10-2020-q4-major/bin/../lib/gcc/arm-none-eabi/10.2.1/../../../../arm-none-eabi/lib/thumb/v7e-m+fp/hard/libc_nano.a(lib_a-stdio.o)
                0x000000001fffb812                __sseek
 .text.__sclose
                0x000000001fffb836        0x8 /home/fdsa/Downloads/gcc-arm-none-eabi-10-2020-q4-major/bin/../lib/gcc/arm-none-eabi/10.2.1/../../../../arm-none-eabi/lib/thumb/v7e-m+fp/hard/libc_nano.a(lib_a-stdio.o)
                0x000000001fffb836                __sclose
 *fill*         0x000000001fffb83e        0x2 
 .text._write_r
                0x000000001fffb840       0x24 /home/fdsa/Downloads/gcc-arm-none-eabi-10-2020-q4-major/bin/../lib/gcc/arm-none-eabi/10.2.1/../../../../arm-none-eabi/lib/thumb/v7e-m+fp/hard/libc_nano.a(lib_a-writer.o)
                0x000000001fffb840                _write_r
 .text._close_r
                0x000000001fffb864       0x20 /home/fdsa/Downloads/gcc-arm-none-eabi-10-2020-q4-major/bin/../lib/gcc/arm-none-eabi/10.2.1/../../../../arm-none-eabi/lib/thumb/v7e-m+fp/hard/libc_nano.a(lib_a-closer.o)
                0x000000001fffb864                _close_r
 .text._fstat_r
                0x000000001fffb884       0x24 /home/fdsa/Downloads/gcc-arm-none-eabi-10-2020-q4-major/bin/../lib/gcc/arm-none-eabi/10.2.1/../../../../arm-none-eabi/lib/thumb/v7e-m+fp/hard/libc_nano.a(lib_a-fstatr.o)
                0x000000001fffb884                _fstat_r
 .text._isatty_r
                0x000000001fffb8a8       0x20 /home/fdsa/Downloads/gcc-arm-none-eabi-10-2020-q4-major/bin/../lib/gcc/arm-none-eabi/10.2.1/../../../../arm-none-eabi/lib/thumb/v7e-m+fp/hard/libc_nano.a(lib_a-isattyr.o)
                0x000000001fffb8a8                _isatty_r
 .text._lseek_r
                0x000000001fffb8c8       0x24 /home/fdsa/Downloads/gcc-arm-none-eabi-10-2020-q4-major/bin/../lib/gcc/arm-none-eabi/10.2.1/../../../../arm-none-eabi/lib/thumb/v7e-m+fp/hard/libc_nano.a(lib_a-lseekr.o)
                0x000000001fffb8c8                _lseek_r
 .text.__malloc_lock
                0x000000001fffb8ec        0xc /home/fdsa/Downloads/gcc-arm-none-eabi-10-2020-q4-major/bin/../lib/gcc/arm-none-eabi/10.2.1/../../../../arm-none-eabi/lib/thumb/v7e-m+fp/hard/libc_nano.a(lib_a-mlock.o)
                0x000000001fffb8ec                __malloc_lock
 .text.__malloc_unlock
                0x000000001fffb8f8        0xc /home/fdsa/Downloads/gcc-arm-none-eabi-10-2020-q4-major/bin/../lib/gcc/arm-none-eabi/10.2.1/../../../../arm-none-eabi/lib/thumb/v7e-m+fp/hard/libc_nano.a(lib_a-mlock.o)
                0x000000001fffb8f8                __malloc_unlock
 .text._read_r  0x000000001fffb904       0x24 /home/fdsa/Downloads/gcc-arm-none-eabi-10-2020-q4-major/bin/../lib/gcc/arm-none-eabi/10.2.1/../../../../arm-none-eabi/lib/thumb/v7e-m+fp/hard/libc_nano.a(lib_a-readr.o)
                0x000000001fffb904                _read_r
 .text._close   0x000000001fffb928       0x10 /home/fdsa/Downloads/gcc-arm-none-eabi-10-2020-q4-major/bin/../lib/gcc/arm-none-eabi/10.2.1/../../../../arm-none-eabi/lib/thumb/v7e-m+fp/hard/libnosys.a(close.o)
                0x000000001fffb928                _close
 .text._fstat   0x000000001fffb938       0x10 /home/fdsa/Downloads/gcc-arm-none-eabi-10-2020-q4-major/bin/../lib/gcc/arm-none-eabi/10.2.1/../../../../arm-none-eabi/lib/thumb/v7e-m+fp/hard/libnosys.a(fstat.o)
                0x000000001fffb938                _fstat
 .text._getpid  0x000000001fffb948       0x10 /home/fdsa/Downloads/gcc-arm-none-eabi-10-2020-q4-major/bin/../lib/gcc/arm-none-eabi/10.2.1/../../../../arm-none-eabi/lib/thumb/v7e-m+fp/hard/libnosys.a(getpid.o)
                0x000000001fffb948                _getpid
 .text._isatty  0x000000001fffb958       0x10 /home/fdsa/Downloads/gcc-arm-none-eabi-10-2020-q4-major/bin/../lib/gcc/arm-none-eabi/10.2.1/../../../../arm-none-eabi/lib/thumb/v7e-m+fp/hard/libnosys.a(isatty.o)
                0x000000001fffb958                _isatty
 .text._kill    0x000000001fffb968       0x10 /home/fdsa/Downloads/gcc-arm-none-eabi-10-2020-q4-major/bin/../lib/gcc/arm-none-eabi/10.2.1/../../../../arm-none-eabi/lib/thumb/v7e-m+fp/hard/libnosys.a(kill.o)
                0x000000001fffb968                _kill
 .text._lseek   0x000000001fffb978       0x10 /home/fdsa/Downloads/gcc-arm-none-eabi-10-2020-q4-major/bin/../lib/gcc/arm-none-eabi/10.2.1/../../../../arm-none-eabi/lib/thumb/v7e-m+fp/hard/libnosys.a(lseek.o)
                0x000000001fffb978                _lseek
 .text._sbrk    0x000000001fffb988       0x1c /home/fdsa/Downloads/gcc-arm-none-eabi-10-2020-q4-major/bin/../lib/gcc/arm-none-eabi/10.2.1/../../../../arm-none-eabi/lib/thumb/v7e-m+fp/hard/libnosys.a(sbrk.o)
                0x000000001fffb988                _sbrk
 .text._exit    0x000000001fffb9a4        0x4 /home/fdsa/Downloads/gcc-arm-none-eabi-10-2020-q4-major/bin/../lib/gcc/arm-none-eabi/10.2.1/../../../../arm-none-eabi/lib/thumb/v7e-m+fp/hard/libnosys.a(_exit.o)
                0x000000001fffb9a4                _exit
 *(.rodata)
 .rodata        0x000000001fffb9a8        0x6 CMakeFiles/blinking_imx_demo.dir/home/fdsa/Desktop/Tirocinio/2021_03_11/GpioRead/examples/imx7_colibri_m4/demo_apps/blinking_imx_demo/gpt_timer.c.obj
 *(.rodata*)
 *fill*         0x000000001fffb9ae        0x2 
 .rodata.CCM_SetRootDivider.str1.4
                0x000000001fffb9b0       0x66 CMakeFiles/blinking_imx_demo.dir/home/fdsa/Desktop/Tirocinio/2021_03_11/GpioRead/platform/drivers/src/ccm_imx7d.c.obj
 *fill*         0x000000001fffba16        0x2 
 .rodata.CCM_GetRootDivider.str1.4
                0x000000001fffba18        0xc CMakeFiles/blinking_imx_demo.dir/home/fdsa/Desktop/Tirocinio/2021_03_11/GpioRead/platform/drivers/src/ccm_imx7d.c.obj
 .rodata.__func__.0
                0x000000001fffba24        0xf CMakeFiles/blinking_imx_demo.dir/home/fdsa/Desktop/Tirocinio/2021_03_11/GpioRead/platform/drivers/src/ccm_imx7d.c.obj
 *fill*         0x000000001fffba33        0x1 
 .rodata.__func__.1
                0x000000001fffba34       0x13 CMakeFiles/blinking_imx_demo.dir/home/fdsa/Desktop/Tirocinio/2021_03_11/GpioRead/platform/drivers/src/ccm_imx7d.c.obj
 *fill*         0x000000001fffba47        0x1 
 .rodata.GPIO_WritePinOutput.str1.4
                0x000000001fffba48       0x5d CMakeFiles/blinking_imx_demo.dir/home/fdsa/Desktop/Tirocinio/2021_03_11/GpioRead/platform/drivers/src/gpio_imx.c.obj
 *fill*         0x000000001fffbaa5        0x3 
 .rodata.__func__.1
                0x000000001fffbaa8       0x13 CMakeFiles/blinking_imx_demo.dir/home/fdsa/Desktop/Tirocinio/2021_03_11/GpioRead/platform/drivers/src/gpio_imx.c.obj
 *fill*         0x000000001fffbabb        0x1 
 .rodata.__func__.2
                0x000000001fffbabc       0x14 CMakeFiles/blinking_imx_demo.dir/home/fdsa/Desktop/Tirocinio/2021_03_11/GpioRead/platform/drivers/src/gpio_imx.c.obj
 .rodata.GPT_Init.str1.4
                0x000000001fffbad0       0x58 CMakeFiles/blinking_imx_demo.dir/home/fdsa/Desktop/Tirocinio/2021_03_11/GpioRead/platform/drivers/src/gpt.c.obj
 .rodata.GPT_SetClockSource.str1.4
                0x000000001fffbb28       0x1c CMakeFiles/blinking_imx_demo.dir/home/fdsa/Desktop/Tirocinio/2021_03_11/GpioRead/platform/drivers/src/gpt.c.obj
 .rodata.__func__.0
                0x000000001fffbb44       0x13 CMakeFiles/blinking_imx_demo.dir/home/fdsa/Desktop/Tirocinio/2021_03_11/GpioRead/platform/drivers/src/gpt.c.obj
 *fill*         0x000000001fffbb57        0x1 
 .rodata.__func__.1
                0x000000001fffbb58        0x9 CMakeFiles/blinking_imx_demo.dir/home/fdsa/Desktop/Tirocinio/2021_03_11/GpioRead/platform/drivers/src/gpt.c.obj
 *fill*         0x000000001fffbb61        0x3 
 .rodata.UART_Init.str1.4
                0x000000001fffbb64       0x51 CMakeFiles/blinking_imx_demo.dir/home/fdsa/Desktop/Tirocinio/2021_03_11/GpioRead/platform/drivers/src/uart_imx.c.obj
                                         0x5d (size before relaxing)
 *fill*         0x000000001fffbbb5        0x3 
 .rodata.UART_SetModemMode.str1.4
                0x000000001fffbbb8       0x39 CMakeFiles/blinking_imx_demo.dir/home/fdsa/Desktop/Tirocinio/2021_03_11/GpioRead/platform/drivers/src/uart_imx.c.obj
 *fill*         0x000000001fffbbf1        0x3 
 .rodata.__func__.2
                0x000000001fffbbf4       0x12 CMakeFiles/blinking_imx_demo.dir/home/fdsa/Desktop/Tirocinio/2021_03_11/GpioRead/platform/drivers/src/uart_imx.c.obj
 *fill*         0x000000001fffbc06        0x2 
 .rodata.__func__.4
                0x000000001fffbc08        0xa CMakeFiles/blinking_imx_demo.dir/home/fdsa/Desktop/Tirocinio/2021_03_11/GpioRead/platform/drivers/src/uart_imx.c.obj
 *fill*         0x000000001fffbc12        0x2 
 .rodata.vTaskStartScheduler.str1.4
                0x000000001fffbc14        0x5 CMakeFiles/blinking_imx_demo.dir/home/fdsa/Desktop/Tirocinio/2021_03_11/GpioRead/rtos/FreeRTOS/Source/tasks.c.obj
 *fill*         0x000000001fffbc19        0x3 
 .rodata.configure_gpio_pin.str1.4
                0x000000001fffbc1c       0x5e CMakeFiles/blinking_imx_demo.dir/home/fdsa/Desktop/Tirocinio/2021_03_11/GpioRead/examples/imx7_colibri_m4/gpio_pins.c.obj
 *fill*         0x000000001fffbc7a        0x2 
 .rodata.str1.4
                0x000000001fffbc7c       0x78 CMakeFiles/blinking_imx_demo.dir/home/fdsa/Desktop/Tirocinio/2021_03_11/GpioRead/examples/imx7_colibri_m4/gpio_pins.c.obj
 .rodata.__func__.0
                0x000000001fffbcf4       0x13 CMakeFiles/blinking_imx_demo.dir/home/fdsa/Desktop/Tirocinio/2021_03_11/GpioRead/examples/imx7_colibri_m4/gpio_pins.c.obj
 *fill*         0x000000001fffbd07        0x1 
 .rodata.GPIO_Ctrl_WaitKeyPressed.str1.4
                0x000000001fffbd08       0xe6 CMakeFiles/blinking_imx_demo.dir/home/fdsa/Desktop/Tirocinio/2021_03_11/GpioRead/examples/imx7_colibri_m4/demo_apps/blinking_imx_demo/gpio_ctrl.c.obj
                                         0xf2 (size before relaxing)
 *fill*         0x000000001fffbdee        0x2 
 .rodata.__func__.0
                0x000000001fffbdf0       0x12 CMakeFiles/blinking_imx_demo.dir/home/fdsa/Desktop/Tirocinio/2021_03_11/GpioRead/examples/imx7_colibri_m4/demo_apps/blinking_imx_demo/gpio_ctrl.c.obj
 *fill*         0x000000001fffbe02        0x2 
 .rodata.__func__.1
                0x000000001fffbe04       0x15 CMakeFiles/blinking_imx_demo.dir/home/fdsa/Desktop/Tirocinio/2021_03_11/GpioRead/examples/imx7_colibri_m4/demo_apps/blinking_imx_demo/gpio_ctrl.c.obj
 *fill*         0x000000001fffbe19        0x3 
 .rodata.Hw_Timer_Delay.str1.4
                0x000000001fffbe1c      0x103 CMakeFiles/blinking_imx_demo.dir/home/fdsa/Desktop/Tirocinio/2021_03_11/GpioRead/examples/imx7_colibri_m4/demo_apps/blinking_imx_demo/gpt_timer.c.obj
 *fill*         0x000000001fffbf1f        0x1 
 .rodata.__func__.1
                0x000000001fffbf20       0x11 CMakeFiles/blinking_imx_demo.dir/home/fdsa/Desktop/Tirocinio/2021_03_11/GpioRead/examples/imx7_colibri_m4/demo_apps/blinking_imx_demo/gpt_timer.c.obj
 *fill*         0x000000001fffbf31        0x3 
 .rodata.__func__.2
                0x000000001fffbf34       0x14 CMakeFiles/blinking_imx_demo.dir/home/fdsa/Desktop/Tirocinio/2021_03_11/GpioRead/examples/imx7_colibri_m4/demo_apps/blinking_imx_demo/gpt_timer.c.obj
 .rodata.SwitchTask.str1.4
                0x000000001fffbf48       0x29 CMakeFiles/blinking_imx_demo.dir/home/fdsa/Desktop/Tirocinio/2021_03_11/GpioRead/examples/imx7_colibri_m4/demo_apps/blinking_imx_demo/main.c.obj
 *fill*         0x000000001fffbf71        0x3 
 .rodata.main.str1.4
                0x000000001fffbf74       0x50 CMakeFiles/blinking_imx_demo.dir/home/fdsa/Desktop/Tirocinio/2021_03_11/GpioRead/examples/imx7_colibri_m4/demo_apps/blinking_imx_demo/main.c.obj
 .rodata.__assert_func.str1.1
                0x000000001fffbfc4       0x3c /home/fdsa/Downloads/gcc-arm-none-eabi-10-2020-q4-major/bin/../lib/gcc/arm-none-eabi/10.2.1/../../../../arm-none-eabi/lib/thumb/v7e-m+fp/hard/libc_nano.a(lib_a-assert.o)
                                         0x3d (size before relaxing)
 .rodata._global_impure_ptr
                0x000000001fffc000        0x4 /home/fdsa/Downloads/gcc-arm-none-eabi-10-2020-q4-major/bin/../lib/gcc/arm-none-eabi/10.2.1/../../../../arm-none-eabi/lib/thumb/v7e-m+fp/hard/libc_nano.a(lib_a-impure.o)
                0x000000001fffc000                _global_impure_ptr
 .rodata._vfprintf_r.str1.1
                0x000000001fffc004       0x11 /home/fdsa/Downloads/gcc-arm-none-eabi-10-2020-q4-major/bin/../lib/gcc/arm-none-eabi/10.2.1/../../../../arm-none-eabi/lib/thumb/v7e-m+fp/hard/libc_nano.a(lib_a-nano-vfprintf.o)
 .rodata._printf_i.str1.1
                0x000000001fffc015       0x22 /home/fdsa/Downloads/gcc-arm-none-eabi-10-2020-q4-major/bin/../lib/gcc/arm-none-eabi/10.2.1/../../../../arm-none-eabi/lib/thumb/v7e-m+fp/hard/libc_nano.a(lib_a-nano-vfprintf_i.o)
 *fill*         0x000000001fffc037        0x1 
 .rodata.__sf_fake_stderr
                0x000000001fffc038       0x20 /home/fdsa/Downloads/gcc-arm-none-eabi-10-2020-q4-major/bin/../lib/gcc/arm-none-eabi/10.2.1/../../../../arm-none-eabi/lib/thumb/v7e-m+fp/hard/libc_nano.a(lib_a-findfp.o)
                0x000000001fffc038                __sf_fake_stderr
 .rodata.__sf_fake_stdin
                0x000000001fffc058       0x20 /home/fdsa/Downloads/gcc-arm-none-eabi-10-2020-q4-major/bin/../lib/gcc/arm-none-eabi/10.2.1/../../../../arm-none-eabi/lib/thumb/v7e-m+fp/hard/libc_nano.a(lib_a-findfp.o)
                0x000000001fffc058                __sf_fake_stdin
 .rodata.__sf_fake_stdout
                0x000000001fffc078       0x20 /home/fdsa/Downloads/gcc-arm-none-eabi-10-2020-q4-major/bin/../lib/gcc/arm-none-eabi/10.2.1/../../../../arm-none-eabi/lib/thumb/v7e-m+fp/hard/libc_nano.a(lib_a-findfp.o)
                0x000000001fffc078                __sf_fake_stdout
 *(.glue_7)
 .glue_7        0x000000001fffc098        0x0 linker stubs
 *(.glue_7t)
 .glue_7t       0x000000001fffc098        0x0 linker stubs
 *(.eh_frame)
 .eh_frame      0x000000001fffc098        0x0 /home/fdsa/Downloads/gcc-arm-none-eabi-10-2020-q4-major/bin/../lib/gcc/arm-none-eabi/10.2.1/thumb/v7e-m+fp/hard/crtbegin.o
 *(.init)
 .init          0x000000001fffc098        0x4 /home/fdsa/Downloads/gcc-arm-none-eabi-10-2020-q4-major/bin/../lib/gcc/arm-none-eabi/10.2.1/thumb/v7e-m+fp/hard/crti.o
                0x000000001fffc098                _init
 .init          0x000000001fffc09c        0x8 /home/fdsa/Downloads/gcc-arm-none-eabi-10-2020-q4-major/bin/../lib/gcc/arm-none-eabi/10.2.1/thumb/v7e-m+fp/hard/crtn.o
 *(.fini)
 .fini          0x000000001fffc0a4        0x4 /home/fdsa/Downloads/gcc-arm-none-eabi-10-2020-q4-major/bin/../lib/gcc/arm-none-eabi/10.2.1/thumb/v7e-m+fp/hard/crti.o
                0x000000001fffc0a4                _fini
 .fini          0x000000001fffc0a8        0x8 /home/fdsa/Downloads/gcc-arm-none-eabi-10-2020-q4-major/bin/../lib/gcc/arm-none-eabi/10.2.1/thumb/v7e-m+fp/hard/crtn.o
                0x000000001fffc0b0                . = ALIGN (0x4)

.vfp11_veneer   0x000000001fffc0b0        0x0
 .vfp11_veneer  0x000000001fffc0b0        0x0 linker stubs

.v4_bx          0x000000001fffc0b0        0x0
 .v4_bx         0x000000001fffc0b0        0x0 linker stubs

.iplt           0x000000001fffc0b0        0x0
 .iplt          0x000000001fffc0b0        0x0 /home/fdsa/Downloads/gcc-arm-none-eabi-10-2020-q4-major/bin/../lib/gcc/arm-none-eabi/10.2.1/thumb/v7e-m+fp/hard/crtbegin.o

.ARM.extab
 *(.ARM.extab* .gnu.linkonce.armextab.*)

.ARM            0x000000001fffc0b0        0x8
                0x000000001fffc0b0                __exidx_start = .
 *(.ARM.exidx*)
 .ARM.exidx     0x000000001fffc0b0        0x8 /home/fdsa/Downloads/gcc-arm-none-eabi-10-2020-q4-major/bin/../lib/gcc/arm-none-eabi/10.2.1/../../../../arm-none-eabi/lib/thumb/v7e-m+fp/hard/crt0.o
                                         0x10 (size before relaxing)
 .ARM.exidx     0x000000001fffc0b8        0x0 /home/fdsa/Downloads/gcc-arm-none-eabi-10-2020-q4-major/bin/../lib/gcc/arm-none-eabi/10.2.1/thumb/v7e-m+fp/hard/libgcc.a(_udivmoddi4.o)
                                          0x8 (size before relaxing)
                0x000000001fffc0b8                __exidx_end = .

.rel.dyn        0x000000001fffc0b8        0x0
 .rel.iplt      0x000000001fffc0b8        0x0 /home/fdsa/Downloads/gcc-arm-none-eabi-10-2020-q4-major/bin/../lib/gcc/arm-none-eabi/10.2.1/thumb/v7e-m+fp/hard/crtbegin.o

.ctors          0x000000001fffc0b8        0x0
                0x000000001fffc0b8                __CTOR_LIST__ = .
 *crtbegin.o(.ctors)
 *crtbegin?.o(.ctors)
 *(EXCLUDE_FILE(*crtend.o *crtend?.o) .ctors)
 *(SORT_BY_NAME(.ctors.*))
 *(.ctors)
                0x000000001fffc0b8                __CTOR_END__ = .

.dtors          0x000000001fffc0b8        0x0
                0x000000001fffc0b8                __DTOR_LIST__ = .
 *crtbegin.o(.dtors)
 *crtbegin?.o(.dtors)
 *(EXCLUDE_FILE(*crtend.o *crtend?.o) .dtors)
 *(SORT_BY_NAME(.dtors.*))
 *(.dtors)
                0x000000001fffc0b8                __DTOR_END__ = .

.preinit_array  0x000000001fffc0b8        0x0
                0x000000001fffc0b8                PROVIDE (__preinit_array_start = .)
 *(.preinit_array*)
                0x000000001fffc0b8                PROVIDE (__preinit_array_end = .)

.init_array     0x000000001fffc0b8        0x4
                0x000000001fffc0b8                PROVIDE (__init_array_start = .)
 *(SORT_BY_NAME(.init_array.*))
 *(.init_array*)
 .init_array    0x000000001fffc0b8        0x4 /home/fdsa/Downloads/gcc-arm-none-eabi-10-2020-q4-major/bin/../lib/gcc/arm-none-eabi/10.2.1/thumb/v7e-m+fp/hard/crtbegin.o
                0x000000001fffc0bc                PROVIDE (__init_array_end = .)

.fini_array     0x000000001fffc0bc        0x4
                [!provide]                        PROVIDE (__fini_array_start = .)
 *(SORT_BY_NAME(.fini_array.*))
 *(.fini_array*)
 .fini_array    0x000000001fffc0bc        0x4 /home/fdsa/Downloads/gcc-arm-none-eabi-10-2020-q4-major/bin/../lib/gcc/arm-none-eabi/10.2.1/thumb/v7e-m+fp/hard/crtbegin.o
                [!provide]                        PROVIDE (__fini_array_end = .)

.data           0x0000000020000000       0xa8
                0x0000000020000000                . = ALIGN (0x4)
 *(.data)
 *(.data*)
 .data.uxCriticalNesting
                0x0000000020000000        0x4 CMakeFiles/blinking_imx_demo.dir/home/fdsa/Desktop/Tirocinio/2021_03_11/GpioRead/rtos/FreeRTOS/Source/portable/GCC/ARM_CM4F/port.c.obj
 .data.xFreeBytesRemaining
                0x0000000020000004        0x4 CMakeFiles/blinking_imx_demo.dir/home/fdsa/Desktop/Tirocinio/2021_03_11/GpioRead/rtos/FreeRTOS/Source/portable/MemMang/heap_2.c.obj
 .data.gpioKeyFunc3
                0x0000000020000008       0x1c CMakeFiles/blinking_imx_demo.dir/home/fdsa/Desktop/Tirocinio/2021_03_11/GpioRead/examples/imx7_colibri_m4/gpio_pins.c.obj
                0x0000000020000008                gpioKeyFunc3
 .data.gpioLed  0x0000000020000024       0x1c CMakeFiles/blinking_imx_demo.dir/home/fdsa/Desktop/Tirocinio/2021_03_11/GpioRead/examples/imx7_colibri_m4/gpio_pins.c.obj
                0x0000000020000024                gpioLed
 .data.blinkingInterval
                0x0000000020000040        0x4 CMakeFiles/blinking_imx_demo.dir/home/fdsa/Desktop/Tirocinio/2021_03_11/GpioRead/examples/imx7_colibri_m4/demo_apps/blinking_imx_demo/main.c.obj
 .data._impure_ptr
                0x0000000020000044        0x4 /home/fdsa/Downloads/gcc-arm-none-eabi-10-2020-q4-major/bin/../lib/gcc/arm-none-eabi/10.2.1/../../../../arm-none-eabi/lib/thumb/v7e-m+fp/hard/libc_nano.a(lib_a-impure.o)
                0x0000000020000044                _impure_ptr
 .data.impure_data
                0x0000000020000048       0x60 /home/fdsa/Downloads/gcc-arm-none-eabi-10-2020-q4-major/bin/../lib/gcc/arm-none-eabi/10.2.1/../../../../arm-none-eabi/lib/thumb/v7e-m+fp/hard/libc_nano.a(lib_a-impure.o)
 *(.jcr*)
                0x00000000200000a8                . = ALIGN (0x4)

.igot.plt       0x00000000200000a8        0x0
 .igot.plt      0x00000000200000a8        0x0 /home/fdsa/Downloads/gcc-arm-none-eabi-10-2020-q4-major/bin/../lib/gcc/arm-none-eabi/10.2.1/thumb/v7e-m+fp/hard/crtbegin.o

.bss            0x00000000200000a8     0x5150
                0x00000000200000a8                . = ALIGN (0x4)
                0x00000000200000a8                __START_BSS = .
                0x00000000200000a8                __bss_start__ = .
 *(.bss)
 .bss           0x00000000200000a8       0x1c /home/fdsa/Downloads/gcc-arm-none-eabi-10-2020-q4-major/bin/../lib/gcc/arm-none-eabi/10.2.1/thumb/v7e-m+fp/hard/crtbegin.o
 *(.bss*)
 .bss.s_debugConsole
                0x00000000200000c4       0x10 CMakeFiles/blinking_imx_demo.dir/home/fdsa/Desktop/Tirocinio/2021_03_11/GpioRead/platform/utilities/src/debug_console_imx.c.obj
 .bss.ucMaxSysCallPriority
                0x00000000200000d4        0x1 CMakeFiles/blinking_imx_demo.dir/home/fdsa/Desktop/Tirocinio/2021_03_11/GpioRead/rtos/FreeRTOS/Source/portable/GCC/ARM_CM4F/port.c.obj
 *fill*         0x00000000200000d5        0x3 
 .bss.ulMaxPRIGROUPValue
                0x00000000200000d8        0x4 CMakeFiles/blinking_imx_demo.dir/home/fdsa/Desktop/Tirocinio/2021_03_11/GpioRead/rtos/FreeRTOS/Source/portable/GCC/ARM_CM4F/port.c.obj
 .bss.ucHeap    0x00000000200000dc     0x5000 CMakeFiles/blinking_imx_demo.dir/home/fdsa/Desktop/Tirocinio/2021_03_11/GpioRead/rtos/FreeRTOS/Source/portable/MemMang/heap_2.c.obj
 .bss.xEnd      0x00000000200050dc        0x8 CMakeFiles/blinking_imx_demo.dir/home/fdsa/Desktop/Tirocinio/2021_03_11/GpioRead/rtos/FreeRTOS/Source/portable/MemMang/heap_2.c.obj
 .bss.xHeapHasBeenInitialised.0
                0x00000000200050e4        0x4 CMakeFiles/blinking_imx_demo.dir/home/fdsa/Desktop/Tirocinio/2021_03_11/GpioRead/rtos/FreeRTOS/Source/portable/MemMang/heap_2.c.obj
 .bss.xStart    0x00000000200050e8        0x8 CMakeFiles/blinking_imx_demo.dir/home/fdsa/Desktop/Tirocinio/2021_03_11/GpioRead/rtos/FreeRTOS/Source/portable/MemMang/heap_2.c.obj
 .bss.pxCurrentTCB
                0x00000000200050f0        0x4 CMakeFiles/blinking_imx_demo.dir/home/fdsa/Desktop/Tirocinio/2021_03_11/GpioRead/rtos/FreeRTOS/Source/tasks.c.obj
                0x00000000200050f0                pxCurrentTCB
 .bss.pxDelayedTaskList
                0x00000000200050f4        0x4 CMakeFiles/blinking_imx_demo.dir/home/fdsa/Desktop/Tirocinio/2021_03_11/GpioRead/rtos/FreeRTOS/Source/tasks.c.obj
 .bss.pxOverflowDelayedTaskList
                0x00000000200050f8        0x4 CMakeFiles/blinking_imx_demo.dir/home/fdsa/Desktop/Tirocinio/2021_03_11/GpioRead/rtos/FreeRTOS/Source/tasks.c.obj
 .bss.pxReadyTasksLists
                0x00000000200050fc       0x64 CMakeFiles/blinking_imx_demo.dir/home/fdsa/Desktop/Tirocinio/2021_03_11/GpioRead/rtos/FreeRTOS/Source/tasks.c.obj
 .bss.uxCurrentNumberOfTasks
                0x0000000020005160        0x4 CMakeFiles/blinking_imx_demo.dir/home/fdsa/Desktop/Tirocinio/2021_03_11/GpioRead/rtos/FreeRTOS/Source/tasks.c.obj
 .bss.uxPendedTicks
                0x0000000020005164        0x4 CMakeFiles/blinking_imx_demo.dir/home/fdsa/Desktop/Tirocinio/2021_03_11/GpioRead/rtos/FreeRTOS/Source/tasks.c.obj
 .bss.uxSchedulerSuspended
                0x0000000020005168        0x4 CMakeFiles/blinking_imx_demo.dir/home/fdsa/Desktop/Tirocinio/2021_03_11/GpioRead/rtos/FreeRTOS/Source/tasks.c.obj
 .bss.uxTaskNumber
                0x000000002000516c        0x4 CMakeFiles/blinking_imx_demo.dir/home/fdsa/Desktop/Tirocinio/2021_03_11/GpioRead/rtos/FreeRTOS/Source/tasks.c.obj
 .bss.uxTopReadyPriority
                0x0000000020005170        0x4 CMakeFiles/blinking_imx_demo.dir/home/fdsa/Desktop/Tirocinio/2021_03_11/GpioRead/rtos/FreeRTOS/Source/tasks.c.obj
 .bss.xDelayedTaskList1
                0x0000000020005174       0x14 CMakeFiles/blinking_imx_demo.dir/home/fdsa/Desktop/Tirocinio/2021_03_11/GpioRead/rtos/FreeRTOS/Source/tasks.c.obj
 .bss.xDelayedTaskList2
                0x0000000020005188       0x14 CMakeFiles/blinking_imx_demo.dir/home/fdsa/Desktop/Tirocinio/2021_03_11/GpioRead/rtos/FreeRTOS/Source/tasks.c.obj
 .bss.xNextTaskUnblockTime
                0x000000002000519c        0x4 CMakeFiles/blinking_imx_demo.dir/home/fdsa/Desktop/Tirocinio/2021_03_11/GpioRead/rtos/FreeRTOS/Source/tasks.c.obj
 .bss.xNumOfOverflows
                0x00000000200051a0        0x4 CMakeFiles/blinking_imx_demo.dir/home/fdsa/Desktop/Tirocinio/2021_03_11/GpioRead/rtos/FreeRTOS/Source/tasks.c.obj
 .bss.xPendingReadyList
                0x00000000200051a4       0x14 CMakeFiles/blinking_imx_demo.dir/home/fdsa/Desktop/Tirocinio/2021_03_11/GpioRead/rtos/FreeRTOS/Source/tasks.c.obj
 .bss.xSchedulerRunning
                0x00000000200051b8        0x4 CMakeFiles/blinking_imx_demo.dir/home/fdsa/Desktop/Tirocinio/2021_03_11/GpioRead/rtos/FreeRTOS/Source/tasks.c.obj
 .bss.xSuspendedTaskList
                0x00000000200051bc       0x14 CMakeFiles/blinking_imx_demo.dir/home/fdsa/Desktop/Tirocinio/2021_03_11/GpioRead/rtos/FreeRTOS/Source/tasks.c.obj
 .bss.xTickCount
                0x00000000200051d0        0x4 CMakeFiles/blinking_imx_demo.dir/home/fdsa/Desktop/Tirocinio/2021_03_11/GpioRead/rtos/FreeRTOS/Source/tasks.c.obj
 .bss.xYieldPending
                0x00000000200051d4        0x4 CMakeFiles/blinking_imx_demo.dir/home/fdsa/Desktop/Tirocinio/2021_03_11/GpioRead/rtos/FreeRTOS/Source/tasks.c.obj
 .bss.on.2      0x00000000200051d8        0x1 CMakeFiles/blinking_imx_demo.dir/home/fdsa/Desktop/Tirocinio/2021_03_11/GpioRead/examples/imx7_colibri_m4/demo_apps/blinking_imx_demo/gpio_ctrl.c.obj
 *fill*         0x00000000200051d9        0x3 
 .bss.xSemaphore
                0x00000000200051dc        0x4 CMakeFiles/blinking_imx_demo.dir/home/fdsa/Desktop/Tirocinio/2021_03_11/GpioRead/examples/imx7_colibri_m4/demo_apps/blinking_imx_demo/gpio_ctrl.c.obj
 .bss.xSemaphore
                0x00000000200051e0        0x4 CMakeFiles/blinking_imx_demo.dir/home/fdsa/Desktop/Tirocinio/2021_03_11/GpioRead/examples/imx7_colibri_m4/demo_apps/blinking_imx_demo/gpt_timer.c.obj
 .bss.__lock___malloc_recursive_mutex
                0x00000000200051e4        0x1 /home/fdsa/Downloads/gcc-arm-none-eabi-10-2020-q4-major/bin/../lib/gcc/arm-none-eabi/10.2.1/../../../../arm-none-eabi/lib/thumb/v7e-m+fp/hard/libc_nano.a(lib_a-lock.o)
                0x00000000200051e4                __lock___malloc_recursive_mutex
 .bss.__lock___sfp_recursive_mutex
                0x00000000200051e5        0x1 /home/fdsa/Downloads/gcc-arm-none-eabi-10-2020-q4-major/bin/../lib/gcc/arm-none-eabi/10.2.1/../../../../arm-none-eabi/lib/thumb/v7e-m+fp/hard/libc_nano.a(lib_a-lock.o)
                0x00000000200051e5                __lock___sfp_recursive_mutex
 .bss.__lock___sinit_recursive_mutex
                0x00000000200051e6        0x1 /home/fdsa/Downloads/gcc-arm-none-eabi-10-2020-q4-major/bin/../lib/gcc/arm-none-eabi/10.2.1/../../../../arm-none-eabi/lib/thumb/v7e-m+fp/hard/libc_nano.a(lib_a-lock.o)
                0x00000000200051e6                __lock___sinit_recursive_mutex
 *fill*         0x00000000200051e7        0x1 
 .bss.__malloc_free_list
                0x00000000200051e8        0x4 /home/fdsa/Downloads/gcc-arm-none-eabi-10-2020-q4-major/bin/../lib/gcc/arm-none-eabi/10.2.1/../../../../arm-none-eabi/lib/thumb/v7e-m+fp/hard/libc_nano.a(lib_a-nano-mallocr.o)
                0x00000000200051e8                __malloc_free_list
 .bss.__malloc_sbrk_start
                0x00000000200051ec        0x4 /home/fdsa/Downloads/gcc-arm-none-eabi-10-2020-q4-major/bin/../lib/gcc/arm-none-eabi/10.2.1/../../../../arm-none-eabi/lib/thumb/v7e-m+fp/hard/libc_nano.a(lib_a-nano-mallocr.o)
                0x00000000200051ec                __malloc_sbrk_start
 .bss.errno     0x00000000200051f0        0x4 /home/fdsa/Downloads/gcc-arm-none-eabi-10-2020-q4-major/bin/../lib/gcc/arm-none-eabi/10.2.1/../../../../arm-none-eabi/lib/thumb/v7e-m+fp/hard/libc_nano.a(lib_a-reent.o)
                0x00000000200051f0                errno
 .bss.heap_end.0
                0x00000000200051f4        0x4 /home/fdsa/Downloads/gcc-arm-none-eabi-10-2020-q4-major/bin/../lib/gcc/arm-none-eabi/10.2.1/../../../../arm-none-eabi/lib/thumb/v7e-m+fp/hard/libnosys.a(sbrk.o)
 *(COMMON)
                0x00000000200051f8                . = ALIGN (0x4)
                0x00000000200051f8                __bss_end__ = .
                0x00000000200051f8                __END_BSS = .

.heap           0x00000000200051f8      0x200
                0x00000000200051f8                . = ALIGN (0x8)
                0x00000000200051f8                __end__ = .
                0x00000000200051f8                PROVIDE (end = .)
                0x00000000200051f8                __HeapBase = .
                0x00000000200053f8                . = (. + HEAP_SIZE)
 *fill*         0x00000000200051f8      0x200 
                0x00000000200053f8                __HeapLimit = .

.stack          0x00000000200053f8      0x400
                0x00000000200053f8                . = ALIGN (0x8)
                0x00000000200057f8                . = (. + STACK_SIZE)
 *fill*         0x00000000200053f8      0x400 
                0x0000000020008000                __StackTop = (ORIGIN (m_data) + LENGTH (m_data))
                0x0000000020007c00                __StackLimit = (__StackTop - STACK_SIZE)
                0x0000000020008000                PROVIDE (__stack = __StackTop)

.ARM.attributes
                0x0000000000000000       0x30
 *(.ARM.attributes)
 .ARM.attributes
                0x0000000000000000       0x1e /home/fdsa/Downloads/gcc-arm-none-eabi-10-2020-q4-major/bin/../lib/gcc/arm-none-eabi/10.2.1/thumb/v7e-m+fp/hard/crti.o
 .ARM.attributes
                0x000000000000001e       0x34 /home/fdsa/Downloads/gcc-arm-none-eabi-10-2020-q4-major/bin/../lib/gcc/arm-none-eabi/10.2.1/thumb/v7e-m+fp/hard/crtbegin.o
 .ARM.attributes
                0x0000000000000052       0x1c /home/fdsa/Downloads/gcc-arm-none-eabi-10-2020-q4-major/bin/../lib/gcc/arm-none-eabi/10.2.1/../../../../arm-none-eabi/lib/thumb/v7e-m+fp/hard/crt0.o
 .ARM.attributes
                0x000000000000006e       0x1f CMakeFiles/blinking_imx_demo.dir/home/fdsa/Desktop/Tirocinio/2021_03_11/GpioRead/platform/devices/MCIMX7D/startup/gcc/startup_MCIMX7D_M4.S.obj
 .ARM.attributes
                0x000000000000008d       0x34 CMakeFiles/blinking_imx_demo.dir/home/fdsa/Desktop/Tirocinio/2021_03_11/GpioRead/platform/devices/MCIMX7D/startup/system_MCIMX7D_M4.c.obj
 .ARM.attributes
                0x00000000000000c1       0x34 CMakeFiles/blinking_imx_demo.dir/home/fdsa/Desktop/Tirocinio/2021_03_11/GpioRead/platform/drivers/src/ccm_analog_imx7d.c.obj
 .ARM.attributes
                0x00000000000000f5       0x34 CMakeFiles/blinking_imx_demo.dir/home/fdsa/Desktop/Tirocinio/2021_03_11/GpioRead/platform/drivers/src/ccm_imx7d.c.obj
 .ARM.attributes
                0x0000000000000129       0x34 CMakeFiles/blinking_imx_demo.dir/home/fdsa/Desktop/Tirocinio/2021_03_11/GpioRead/platform/drivers/src/gpio_imx.c.obj
 .ARM.attributes
                0x000000000000015d       0x34 CMakeFiles/blinking_imx_demo.dir/home/fdsa/Desktop/Tirocinio/2021_03_11/GpioRead/platform/drivers/src/gpt.c.obj
 .ARM.attributes
                0x0000000000000191       0x34 CMakeFiles/blinking_imx_demo.dir/home/fdsa/Desktop/Tirocinio/2021_03_11/GpioRead/platform/drivers/src/rdc_semaphore.c.obj
 .ARM.attributes
                0x00000000000001c5       0x34 CMakeFiles/blinking_imx_demo.dir/home/fdsa/Desktop/Tirocinio/2021_03_11/GpioRead/platform/drivers/src/uart_imx.c.obj
 .ARM.attributes
                0x00000000000001f9       0x34 CMakeFiles/blinking_imx_demo.dir/home/fdsa/Desktop/Tirocinio/2021_03_11/GpioRead/platform/utilities/src/debug_console_imx.c.obj
 .ARM.attributes
                0x000000000000022d       0x34 CMakeFiles/blinking_imx_demo.dir/home/fdsa/Desktop/Tirocinio/2021_03_11/GpioRead/platform/utilities/src/print_scan.c.obj
 .ARM.attributes
                0x0000000000000261       0x34 CMakeFiles/blinking_imx_demo.dir/home/fdsa/Desktop/Tirocinio/2021_03_11/GpioRead/rtos/FreeRTOS/Source/list.c.obj
 .ARM.attributes
                0x0000000000000295       0x34 CMakeFiles/blinking_imx_demo.dir/home/fdsa/Desktop/Tirocinio/2021_03_11/GpioRead/rtos/FreeRTOS/Source/portable/GCC/ARM_CM4F/port.c.obj
 .ARM.attributes
                0x00000000000002c9       0x34 CMakeFiles/blinking_imx_demo.dir/home/fdsa/Desktop/Tirocinio/2021_03_11/GpioRead/rtos/FreeRTOS/Source/portable/MemMang/heap_2.c.obj
 .ARM.attributes
                0x00000000000002fd       0x34 CMakeFiles/blinking_imx_demo.dir/home/fdsa/Desktop/Tirocinio/2021_03_11/GpioRead/rtos/FreeRTOS/Source/queue.c.obj
 .ARM.attributes
                0x0000000000000331       0x34 CMakeFiles/blinking_imx_demo.dir/home/fdsa/Desktop/Tirocinio/2021_03_11/GpioRead/rtos/FreeRTOS/Source/tasks.c.obj
 .ARM.attributes
                0x0000000000000365       0x34 CMakeFiles/blinking_imx_demo.dir/home/fdsa/Desktop/Tirocinio/2021_03_11/GpioRead/examples/imx7_colibri_m4/board.c.obj
 .ARM.attributes
                0x0000000000000399       0x34 CMakeFiles/blinking_imx_demo.dir/home/fdsa/Desktop/Tirocinio/2021_03_11/GpioRead/examples/imx7_colibri_m4/clock_freq.c.obj
 .ARM.attributes
                0x00000000000003cd       0x34 CMakeFiles/blinking_imx_demo.dir/home/fdsa/Desktop/Tirocinio/2021_03_11/GpioRead/examples/imx7_colibri_m4/gpio_pins.c.obj
 .ARM.attributes
                0x0000000000000401       0x34 CMakeFiles/blinking_imx_demo.dir/home/fdsa/Desktop/Tirocinio/2021_03_11/GpioRead/examples/imx7_colibri_m4/pin_mux.c.obj
 .ARM.attributes
                0x0000000000000435       0x34 CMakeFiles/blinking_imx_demo.dir/home/fdsa/Desktop/Tirocinio/2021_03_11/GpioRead/examples/imx7_colibri_m4/demo_apps/blinking_imx_demo/gpio_ctrl.c.obj
 .ARM.attributes
                0x0000000000000469       0x34 CMakeFiles/blinking_imx_demo.dir/home/fdsa/Desktop/Tirocinio/2021_03_11/GpioRead/examples/imx7_colibri_m4/demo_apps/blinking_imx_demo/gpt_timer.c.obj
 .ARM.attributes
                0x000000000000049d       0x34 CMakeFiles/blinking_imx_demo.dir/home/fdsa/Desktop/Tirocinio/2021_03_11/GpioRead/examples/imx7_colibri_m4/demo_apps/blinking_imx_demo/hardware_init.c.obj
 .ARM.attributes
                0x00000000000004d1       0x34 CMakeFiles/blinking_imx_demo.dir/home/fdsa/Desktop/Tirocinio/2021_03_11/GpioRead/examples/imx7_colibri_m4/demo_apps/blinking_imx_demo/main.c.obj
 .ARM.attributes
                0x0000000000000505       0x34 /home/fdsa/Downloads/gcc-arm-none-eabi-10-2020-q4-major/bin/../lib/gcc/arm-none-eabi/10.2.1/../../../../arm-none-eabi/lib/thumb/v7e-m+fp/hard/libc_nano.a(lib_a-assert.o)
 .ARM.attributes
                0x0000000000000539       0x34 /home/fdsa/Downloads/gcc-arm-none-eabi-10-2020-q4-major/bin/../lib/gcc/arm-none-eabi/10.2.1/../../../../arm-none-eabi/lib/thumb/v7e-m+fp/hard/libc_nano.a(lib_a-exit.o)
 .ARM.attributes
                0x000000000000056d       0x34 /home/fdsa/Downloads/gcc-arm-none-eabi-10-2020-q4-major/bin/../lib/gcc/arm-none-eabi/10.2.1/../../../../arm-none-eabi/lib/thumb/v7e-m+fp/hard/libc_nano.a(lib_a-fprintf.o)
 .ARM.attributes
                0x00000000000005a1       0x32 /home/fdsa/Downloads/gcc-arm-none-eabi-10-2020-q4-major/bin/../lib/gcc/arm-none-eabi/10.2.1/../../../../arm-none-eabi/lib/thumb/v7e-m+fp/hard/libc_nano.a(lib_a-impure.o)
 .ARM.attributes
                0x00000000000005d3       0x34 /home/fdsa/Downloads/gcc-arm-none-eabi-10-2020-q4-major/bin/../lib/gcc/arm-none-eabi/10.2.1/../../../../arm-none-eabi/lib/thumb/v7e-m+fp/hard/libc_nano.a(lib_a-init.o)
 .ARM.attributes
                0x0000000000000607       0x34 /home/fdsa/Downloads/gcc-arm-none-eabi-10-2020-q4-major/bin/../lib/gcc/arm-none-eabi/10.2.1/../../../../arm-none-eabi/lib/thumb/v7e-m+fp/hard/libc_nano.a(lib_a-memcpy-stub.o)
 .ARM.attributes
                0x000000000000063b       0x34 /home/fdsa/Downloads/gcc-arm-none-eabi-10-2020-q4-major/bin/../lib/gcc/arm-none-eabi/10.2.1/../../../../arm-none-eabi/lib/thumb/v7e-m+fp/hard/libc_nano.a(lib_a-memset.o)
 .ARM.attributes
                0x000000000000066f       0x34 /home/fdsa/Downloads/gcc-arm-none-eabi-10-2020-q4-major/bin/../lib/gcc/arm-none-eabi/10.2.1/../../../../arm-none-eabi/lib/thumb/v7e-m+fp/hard/libc_nano.a(lib_a-nano-vfprintf.o)
 .ARM.attributes
                0x00000000000006a3       0x34 /home/fdsa/Downloads/gcc-arm-none-eabi-10-2020-q4-major/bin/../lib/gcc/arm-none-eabi/10.2.1/../../../../arm-none-eabi/lib/thumb/v7e-m+fp/hard/libc_nano.a(lib_a-nano-vfprintf_i.o)
 .ARM.attributes
                0x00000000000006d7       0x17 /home/fdsa/Downloads/gcc-arm-none-eabi-10-2020-q4-major/bin/../lib/gcc/arm-none-eabi/10.2.1/../../../../arm-none-eabi/lib/thumb/v7e-m+fp/hard/libc_nano.a(lib_a-strlen.o)
 .ARM.attributes
                0x00000000000006ee       0x34 /home/fdsa/Downloads/gcc-arm-none-eabi-10-2020-q4-major/bin/../lib/gcc/arm-none-eabi/10.2.1/../../../../arm-none-eabi/lib/thumb/v7e-m+fp/hard/libc_nano.a(lib_a-wbuf.o)
 .ARM.attributes
                0x0000000000000722       0x34 /home/fdsa/Downloads/gcc-arm-none-eabi-10-2020-q4-major/bin/../lib/gcc/arm-none-eabi/10.2.1/../../../../arm-none-eabi/lib/thumb/v7e-m+fp/hard/libc_nano.a(lib_a-wsetup.o)
 .ARM.attributes
                0x0000000000000756       0x34 /home/fdsa/Downloads/gcc-arm-none-eabi-10-2020-q4-major/bin/../lib/gcc/arm-none-eabi/10.2.1/../../../../arm-none-eabi/lib/thumb/v7e-m+fp/hard/libc_nano.a(lib_a-abort.o)
 .ARM.attributes
                0x000000000000078a       0x34 /home/fdsa/Downloads/gcc-arm-none-eabi-10-2020-q4-major/bin/../lib/gcc/arm-none-eabi/10.2.1/../../../../arm-none-eabi/lib/thumb/v7e-m+fp/hard/libc_nano.a(lib_a-fflush.o)
 .ARM.attributes
                0x00000000000007be       0x34 /home/fdsa/Downloads/gcc-arm-none-eabi-10-2020-q4-major/bin/../lib/gcc/arm-none-eabi/10.2.1/../../../../arm-none-eabi/lib/thumb/v7e-m+fp/hard/libc_nano.a(lib_a-findfp.o)
 .ARM.attributes
                0x00000000000007f2       0x34 /home/fdsa/Downloads/gcc-arm-none-eabi-10-2020-q4-major/bin/../lib/gcc/arm-none-eabi/10.2.1/../../../../arm-none-eabi/lib/thumb/v7e-m+fp/hard/libc_nano.a(lib_a-fwalk.o)
 .ARM.attributes
                0x0000000000000826       0x34 /home/fdsa/Downloads/gcc-arm-none-eabi-10-2020-q4-major/bin/../lib/gcc/arm-none-eabi/10.2.1/../../../../arm-none-eabi/lib/thumb/v7e-m+fp/hard/libc_nano.a(lib_a-lock.o)
 .ARM.attributes
                0x000000000000085a       0x34 /home/fdsa/Downloads/gcc-arm-none-eabi-10-2020-q4-major/bin/../lib/gcc/arm-none-eabi/10.2.1/../../../../arm-none-eabi/lib/thumb/v7e-m+fp/hard/libc_nano.a(lib_a-makebuf.o)
 .ARM.attributes
                0x000000000000088e       0x1c /home/fdsa/Downloads/gcc-arm-none-eabi-10-2020-q4-major/bin/../lib/gcc/arm-none-eabi/10.2.1/../../../../arm-none-eabi/lib/thumb/v7e-m+fp/hard/libc_nano.a(lib_a-memchr.o)
 .ARM.attributes
                0x00000000000008aa       0x34 /home/fdsa/Downloads/gcc-arm-none-eabi-10-2020-q4-major/bin/../lib/gcc/arm-none-eabi/10.2.1/../../../../arm-none-eabi/lib/thumb/v7e-m+fp/hard/libc_nano.a(lib_a-nano-freer.o)
 .ARM.attributes
                0x00000000000008de       0x34 /home/fdsa/Downloads/gcc-arm-none-eabi-10-2020-q4-major/bin/../lib/gcc/arm-none-eabi/10.2.1/../../../../arm-none-eabi/lib/thumb/v7e-m+fp/hard/libc_nano.a(lib_a-nano-mallocr.o)
 .ARM.attributes
                0x0000000000000912       0x34 /home/fdsa/Downloads/gcc-arm-none-eabi-10-2020-q4-major/bin/../lib/gcc/arm-none-eabi/10.2.1/../../../../arm-none-eabi/lib/thumb/v7e-m+fp/hard/libc_nano.a(lib_a-sbrkr.o)
 .ARM.attributes
                0x0000000000000946       0x34 /home/fdsa/Downloads/gcc-arm-none-eabi-10-2020-q4-major/bin/../lib/gcc/arm-none-eabi/10.2.1/../../../../arm-none-eabi/lib/thumb/v7e-m+fp/hard/libc_nano.a(lib_a-signal.o)
 .ARM.attributes
                0x000000000000097a       0x34 /home/fdsa/Downloads/gcc-arm-none-eabi-10-2020-q4-major/bin/../lib/gcc/arm-none-eabi/10.2.1/../../../../arm-none-eabi/lib/thumb/v7e-m+fp/hard/libc_nano.a(lib_a-signalr.o)
 .ARM.attributes
                0x00000000000009ae       0x34 /home/fdsa/Downloads/gcc-arm-none-eabi-10-2020-q4-major/bin/../lib/gcc/arm-none-eabi/10.2.1/../../../../arm-none-eabi/lib/thumb/v7e-m+fp/hard/libc_nano.a(lib_a-stdio.o)
 .ARM.attributes