Archive member included to satisfy reference by file (symbol)

/home/fdsa/sdk/gcc-arm-none-eabi-10-2020-q4-major/bin/../lib/gcc/arm-none-eabi/10.2.1/../../../../arm-none-eabi/lib/thumb/v7e-m+fp/hard/libc_nano.a(lib_a-assert.o)
                              CMakeFiles/blinking_imx_demo.dir/home/fdsa/eclipse-workspace/gpio_comunication/platform/drivers/src/ccm_analog_imx7d.c.obj (__assert_func)
/home/fdsa/sdk/gcc-arm-none-eabi-10-2020-q4-major/bin/../lib/gcc/arm-none-eabi/10.2.1/../../../../arm-none-eabi/lib/thumb/v7e-m+fp/hard/libc_nano.a(lib_a-exit.o)
                              /home/fdsa/sdk/gcc-arm-none-eabi-10-2020-q4-major/bin/../lib/gcc/arm-none-eabi/10.2.1/../../../../arm-none-eabi/lib/thumb/v7e-m+fp/hard/crt0.o (exit)
/home/fdsa/sdk/gcc-arm-none-eabi-10-2020-q4-major/bin/../lib/gcc/arm-none-eabi/10.2.1/../../../../arm-none-eabi/lib/thumb/v7e-m+fp/hard/libc_nano.a(lib_a-fprintf.o)
                              /home/fdsa/sdk/gcc-arm-none-eabi-10-2020-q4-major/bin/../lib/gcc/arm-none-eabi/10.2.1/../../../../arm-none-eabi/lib/thumb/v7e-m+fp/hard/libc_nano.a(lib_a-assert.o) (fiprintf)
/home/fdsa/sdk/gcc-arm-none-eabi-10-2020-q4-major/bin/../lib/gcc/arm-none-eabi/10.2.1/../../../../arm-none-eabi/lib/thumb/v7e-m+fp/hard/libc_nano.a(lib_a-impure.o)
                              /home/fdsa/sdk/gcc-arm-none-eabi-10-2020-q4-major/bin/../lib/gcc/arm-none-eabi/10.2.1/../../../../arm-none-eabi/lib/thumb/v7e-m+fp/hard/libc_nano.a(lib_a-exit.o) (_global_impure_ptr)
/home/fdsa/sdk/gcc-arm-none-eabi-10-2020-q4-major/bin/../lib/gcc/arm-none-eabi/10.2.1/../../../../arm-none-eabi/lib/thumb/v7e-m+fp/hard/libc_nano.a(lib_a-init.o)
                              /home/fdsa/sdk/gcc-arm-none-eabi-10-2020-q4-major/bin/../lib/gcc/arm-none-eabi/10.2.1/../../../../arm-none-eabi/lib/thumb/v7e-m+fp/hard/crt0.o (__libc_init_array)
/home/fdsa/sdk/gcc-arm-none-eabi-10-2020-q4-major/bin/../lib/gcc/arm-none-eabi/10.2.1/../../../../arm-none-eabi/lib/thumb/v7e-m+fp/hard/libc_nano.a(lib_a-memcpy-stub.o)
                              CMakeFiles/blinking_imx_demo.dir/home/fdsa/eclipse-workspace/gpio_comunication/rtos/FreeRTOS/Source/queue.c.obj (memcpy)
/home/fdsa/sdk/gcc-arm-none-eabi-10-2020-q4-major/bin/../lib/gcc/arm-none-eabi/10.2.1/../../../../arm-none-eabi/lib/thumb/v7e-m+fp/hard/libc_nano.a(lib_a-memset.o)
                              /home/fdsa/sdk/gcc-arm-none-eabi-10-2020-q4-major/bin/../lib/gcc/arm-none-eabi/10.2.1/../../../../arm-none-eabi/lib/thumb/v7e-m+fp/hard/crt0.o (memset)
/home/fdsa/sdk/gcc-arm-none-eabi-10-2020-q4-major/bin/../lib/gcc/arm-none-eabi/10.2.1/../../../../arm-none-eabi/lib/thumb/v7e-m+fp/hard/libc_nano.a(lib_a-nano-vfprintf.o)
                              /home/fdsa/sdk/gcc-arm-none-eabi-10-2020-q4-major/bin/../lib/gcc/arm-none-eabi/10.2.1/../../../../arm-none-eabi/lib/thumb/v7e-m+fp/hard/libc_nano.a(lib_a-fprintf.o) (_vfprintf_r)
/home/fdsa/sdk/gcc-arm-none-eabi-10-2020-q4-major/bin/../lib/gcc/arm-none-eabi/10.2.1/../../../../arm-none-eabi/lib/thumb/v7e-m+fp/hard/libc_nano.a(lib_a-nano-vfprintf_i.o)
                              /home/fdsa/sdk/gcc-arm-none-eabi-10-2020-q4-major/bin/../lib/gcc/arm-none-eabi/10.2.1/../../../../arm-none-eabi/lib/thumb/v7e-m+fp/hard/libc_nano.a(lib_a-nano-vfprintf.o) (_printf_i)
/home/fdsa/sdk/gcc-arm-none-eabi-10-2020-q4-major/bin/../lib/gcc/arm-none-eabi/10.2.1/../../../../arm-none-eabi/lib/thumb/v7e-m+fp/hard/libc_nano.a(lib_a-strlen.o)
                              CMakeFiles/blinking_imx_demo.dir/home/fdsa/eclipse-workspace/gpio_comunication/platform/utilities/src/print_scan.c.obj (strlen)
/home/fdsa/sdk/gcc-arm-none-eabi-10-2020-q4-major/bin/../lib/gcc/arm-none-eabi/10.2.1/../../../../arm-none-eabi/lib/thumb/v7e-m+fp/hard/libc_nano.a(lib_a-wbuf.o)
                              /home/fdsa/sdk/gcc-arm-none-eabi-10-2020-q4-major/bin/../lib/gcc/arm-none-eabi/10.2.1/../../../../arm-none-eabi/lib/thumb/v7e-m+fp/hard/libc_nano.a(lib_a-nano-vfprintf.o) (__swbuf_r)
/home/fdsa/sdk/gcc-arm-none-eabi-10-2020-q4-major/bin/../lib/gcc/arm-none-eabi/10.2.1/../../../../arm-none-eabi/lib/thumb/v7e-m+fp/hard/libc_nano.a(lib_a-wsetup.o)
                              /home/fdsa/sdk/gcc-arm-none-eabi-10-2020-q4-major/bin/../lib/gcc/arm-none-eabi/10.2.1/../../../../arm-none-eabi/lib/thumb/v7e-m+fp/hard/libc_nano.a(lib_a-nano-vfprintf.o) (__swsetup_r)
/home/fdsa/sdk/gcc-arm-none-eabi-10-2020-q4-major/bin/../lib/gcc/arm-none-eabi/10.2.1/../../../../arm-none-eabi/lib/thumb/v7e-m+fp/hard/libc_nano.a(lib_a-abort.o)
                              /home/fdsa/sdk/gcc-arm-none-eabi-10-2020-q4-major/bin/../lib/gcc/arm-none-eabi/10.2.1/../../../../arm-none-eabi/lib/thumb/v7e-m+fp/hard/libc_nano.a(lib_a-assert.o) (abort)
/home/fdsa/sdk/gcc-arm-none-eabi-10-2020-q4-major/bin/../lib/gcc/arm-none-eabi/10.2.1/../../../../arm-none-eabi/lib/thumb/v7e-m+fp/hard/libc_nano.a(lib_a-fflush.o)
[...]
Memory Configuration

Name             Origin             Length             Attributes
m_interrupts     0x0000000000000000 0x0000000000000240 xr
m_text           0x000000001fff8000 0x0000000000008000 xr
m_data           0x0000000020000000 0x0000000000008000 rw
*default*        0x0000000000000000 0xffffffffffffffff

Linker script and memory map

LOAD /home/fdsa/sdk/gcc-arm-none-eabi-10-2020-q4-major/bin/../lib/gcc/arm-none-eabi/10.2.1/thumb/v7e-m+fp/hard/crti.o
LOAD /home/fdsa/sdk/gcc-arm-none-eabi-10-2020-q4-major/bin/../lib/gcc/arm-none-eabi/10.2.1/thumb/v7e-m+fp/hard/crtbegin.o
LOAD /home/fdsa/sdk/gcc-arm-none-eabi-10-2020-q4-major/bin/../lib/gcc/arm-none-eabi/10.2.1/../../../../arm-none-eabi/lib/thumb/v7e-m+fp/hard/crt0.o
                0x0000000000000400                __stack_size__ = 0x400
                0x0000000000000200                __heap_size__ = 0x200
LOAD CMakeFiles/blinking_imx_demo.dir/home/fdsa/eclipse-workspace/gpio_comunication/platform/devices/MCIMX7D/startup/gcc/startup_MCIMX7D_M4.S.obj
LOAD CMakeFiles/blinking_imx_demo.dir/home/fdsa/eclipse-workspace/gpio_comunication/platform/devices/MCIMX7D/startup/system_MCIMX7D_M4.c.obj
LOAD CMakeFiles/blinking_imx_demo.dir/home/fdsa/eclipse-workspace/gpio_comunication/platform/drivers/src/ccm_analog_imx7d.c.obj
LOAD CMakeFiles/blinking_imx_demo.dir/home/fdsa/eclipse-workspace/gpio_comunication/platform/drivers/src/ccm_imx7d.c.obj
LOAD CMakeFiles/blinking_imx_demo.dir/home/fdsa/eclipse-workspace/gpio_comunication/platform/drivers/src/gpio_imx.c.obj
LOAD CMakeFiles/blinking_imx_demo.dir/home/fdsa/eclipse-workspace/gpio_comunication/platform/drivers/src/gpt.c.obj
LOAD CMakeFiles/blinking_imx_demo.dir/home/fdsa/eclipse-workspace/gpio_comunication/platform/drivers/src/lmem.c.obj
LOAD CMakeFiles/blinking_imx_demo.dir/home/fdsa/eclipse-workspace/gpio_comunication/platform/drivers/src/rdc.c.obj
LOAD CMakeFiles/blinking_imx_demo.dir/home/fdsa/eclipse-workspace/gpio_comunication/platform/drivers/src/rdc_semaphore.c.obj
LOAD CMakeFiles/blinking_imx_demo.dir/home/fdsa/eclipse-workspace/gpio_comunication/platform/drivers/src/uart_imx.c.obj
LOAD CMakeFiles/blinking_imx_demo.dir/home/fdsa/eclipse-workspace/gpio_comunication/platform/drivers/src/wdog_imx.c.obj
LOAD CMakeFiles/blinking_imx_demo.dir/home/fdsa/eclipse-workspace/gpio_comunication/platform/utilities/src/debug_console_imx.c.obj
LOAD CMakeFiles/blinking_imx_demo.dir/home/fdsa/eclipse-workspace/gpio_comunication/platform/utilities/src/print_scan.c.obj
LOAD CMakeFiles/blinking_imx_demo.dir/home/fdsa/eclipse-workspace/gpio_comunication/rtos/FreeRTOS/Source/croutine.c.obj
LOAD CMakeFiles/blinking_imx_demo.dir/home/fdsa/eclipse-workspace/gpio_comunication/rtos/FreeRTOS/Source/event_groups.c.obj
LOAD CMakeFiles/blinking_imx_demo.dir/home/fdsa/eclipse-workspace/gpio_comunication/rtos/FreeRTOS/Source/list.c.obj
LOAD CMakeFiles/blinking_imx_demo.dir/home/fdsa/eclipse-workspace/gpio_comunication/rtos/FreeRTOS/Source/portable/GCC/ARM_CM4F/port.c.obj
LOAD CMakeFiles/blinking_imx_demo.dir/home/fdsa/eclipse-workspace/gpio_comunication/rtos/FreeRTOS/Source/portable/MemMang/heap_2.c.obj
LOAD CMakeFiles/blinking_imx_demo.dir/home/fdsa/eclipse-workspace/gpio_comunication/rtos/FreeRTOS/Source/queue.c.obj
LOAD CMakeFiles/blinking_imx_demo.dir/home/fdsa/eclipse-workspace/gpio_comunication/rtos/FreeRTOS/Source/tasks.c.obj
LOAD CMakeFiles/blinking_imx_demo.dir/home/fdsa/eclipse-workspace/gpio_comunication/rtos/FreeRTOS/Source/timers.c.obj
LOAD CMakeFiles/blinking_imx_demo.dir/home/fdsa/eclipse-workspace/gpio_comunication/examples/imx7_colibri_m4/board.c.obj
LOAD CMakeFiles/blinking_imx_demo.dir/home/fdsa/eclipse-workspace/gpio_comunication/examples/imx7_colibri_m4/clock_freq.c.obj
LOAD CMakeFiles/blinking_imx_demo.dir/home/fdsa/eclipse-workspace/gpio_comunication/examples/imx7_colibri_m4/gpio_pins.c.obj
LOAD CMakeFiles/blinking_imx_demo.dir/home/fdsa/eclipse-workspace/gpio_comunication/examples/imx7_colibri_m4/pin_mux.c.obj
LOAD CMakeFiles/blinking_imx_demo.dir/home/fdsa/eclipse-workspace/gpio_comunication/examples/imx7_colibri_m4/demo_apps/blinking_imx_demo/gpio_ctrl.c.obj
LOAD CMakeFiles/blinking_imx_demo.dir/home/fdsa/eclipse-workspace/gpio_comunication/examples/imx7_colibri_m4/demo_apps/blinking_imx_demo/gpt_timer.c.obj
LOAD CMakeFiles/blinking_imx_demo.dir/home/fdsa/eclipse-workspace/gpio_comunication/examples/imx7_colibri_m4/demo_apps/blinking_imx_demo/hardware_init.c.obj
LOAD CMakeFiles/blinking_imx_demo.dir/home/fdsa/eclipse-workspace/gpio_comunication/examples/imx7_colibri_m4/demo_apps/blinking_imx_demo/main.c.obj
START GROUP
LOAD /home/fdsa/sdk/gcc-arm-none-eabi-10-2020-q4-major/bin/../lib/gcc/arm-none-eabi/10.2.1/../../../../arm-none-eabi/lib/thumb/v7e-m+fp/hard/libm.a
LOAD /home/fdsa/sdk/gcc-arm-none-eabi-10-2020-q4-major/bin/../lib/gcc/arm-none-eabi/10.2.1/../../../../arm-none-eabi/lib/thumb/v7e-m+fp/hard/libc_nano.a
LOAD /home/fdsa/sdk/gcc-arm-none-eabi-10-2020-q4-major/bin/../lib/gcc/arm-none-eabi/10.2.1/thumb/v7e-m+fp/hard/libgcc.a
LOAD /home/fdsa/sdk/gcc-arm-none-eabi-10-2020-q4-major/bin/../lib/gcc/arm-none-eabi/10.2.1/../../../../arm-none-eabi/lib/thumb/v7e-m+fp/hard/libnosys.a
END GROUP
START GROUP
LOAD /home/fdsa/sdk/gcc-arm-none-eabi-10-2020-q4-major/bin/../lib/gcc/arm-none-eabi/10.2.1/thumb/v7e-m+fp/hard/libgcc.a
LOAD /home/fdsa/sdk/gcc-arm-none-eabi-10-2020-q4-major/bin/../lib/gcc/arm-none-eabi/10.2.1/../../../../arm-none-eabi/lib/thumb/v7e-m+fp/hard/libc_nano.a
END GROUP
START GROUP
LOAD /home/fdsa/sdk/gcc-arm-none-eabi-10-2020-q4-major/bin/../lib/gcc/arm-none-eabi/10.2.1/thumb/v7e-m+fp/hard/libgcc.a
LOAD /home/fdsa/sdk/gcc-arm-none-eabi-10-2020-q4-major/bin/../lib/gcc/arm-none-eabi/10.2.1/../../../../arm-none-eabi/lib/thumb/v7e-m+fp/hard/libc_nano.a
LOAD /home/fdsa/sdk/gcc-arm-none-eabi-10-2020-q4-major/bin/../lib/gcc/arm-none-eabi/10.2.1/../../../../arm-none-eabi/lib/thumb/v7e-m+fp/hard/libnosys.a
END GROUP
START GROUP
LOAD /home/fdsa/sdk/gcc-arm-none-eabi-10-2020-q4-major/bin/../lib/gcc/arm-none-eabi/10.2.1/thumb/v7e-m+fp/hard/libgcc.a
LOAD /home/fdsa/sdk/gcc-arm-none-eabi-10-2020-q4-major/bin/../lib/gcc/arm-none-eabi/10.2.1/../../../../arm-none-eabi/lib/thumb/v7e-m+fp/hard/libc_nano.a
LOAD /home/fdsa/sdk/gcc-arm-none-eabi-10-2020-q4-major/bin/../lib/gcc/arm-none-eabi/10.2.1/../../../../arm-none-eabi/lib/thumb/v7e-m+fp/hard/libnosys.a
END GROUP
LOAD /home/fdsa/sdk/gcc-arm-none-eabi-10-2020-q4-major/bin/../lib/gcc/arm-none-eabi/10.2.1/thumb/v7e-m+fp/hard/crtend.o
LOAD /home/fdsa/sdk/gcc-arm-none-eabi-10-2020-q4-major/bin/../lib/gcc/arm-none-eabi/10.2.1/thumb/v7e-m+fp/hard/crtn.o
                0x000000001fff8000                TCML_code = 0x1fff8000
                0x0000000020000000                TCMU_system = 0x20000000
                0x0000000000000000                OCRAM_S_code = 0x0
                0x0000000000180000                OCRAM_S_system = 0x180000
                0x0000000000900000                OCRAM_code = 0x900000
                0x0000000020200000                OCRAM_system = 0x20200000
                0x0000000000920000                OCRAM_EPDC_code = 0x920000
                0x0000000020220000                OCRAM_EPDC_system = 0x20220000
                0x0000000010000000                DDR_code = 0x10000000
                0x0000000080000000                DDR_system = 0x80000000
                0x0000000000000200                HEAP_SIZE = DEFINED (__heap_size__)?__heap_size__:0x400
                0x0000000000000400                STACK_SIZE = DEFINED (__stack_size__)?__stack_size__:0x400
                0x0000000000000000                __FLASH_START = ORIGIN (m_interrupts)
                0x0000000020000000                __FLASH_END = (ORIGIN (m_text) + LENGTH (m_text))

.interrupts     0x0000000000000000      0x240
                0x0000000000000000                __VECTOR_TABLE = .
                0x0000000000000000                . = ALIGN (0x4)
 *(.isr_vector)
 .isr_vector    0x0000000000000000      0x240 CMakeFiles/blinking_imx_demo.dir/home/fdsa/eclipse-workspace/gpio_comunication/platform/devices/MCIMX7D/startup/gcc/startup_MCIMX7D_M4.S.obj
                0x0000000000000000                __isr_vector
                0x0000000000000240                . = ALIGN (0x4)

.text           0x000000001fff8000     0x3c34
                0x000000001fff8000                . = ALIGN (0x4)
 *(.text)
 .text          0x000000001fff8000       0x40 /home/fdsa/sdk/gcc-arm-none-eabi-10-2020-q4-major/bin/../lib/gcc/arm-none-eabi/10.2.1/thumb/v7e-m+fp/hard/crtbegin.o
 .text          0x000000001fff8040       0x7c /home/fdsa/sdk/gcc-arm-none-eabi-10-2020-q4-major/bin/../lib/gcc/arm-none-eabi/10.2.1/../../../../arm-none-eabi/lib/thumb/v7e-m+fp/hard/crt0.o
                0x000000001fff8040                _stack_init
                0x000000001fff8048                _mainCRTStartup
                0x000000001fff8048                _start
 .text          0x000000001fff80bc       0x24 CMakeFiles/blinking_imx_demo.dir/home/fdsa/eclipse-workspace/gpio_comunication/platform/devices/MCIMX7D/startup/gcc/startup_MCIMX7D_M4.S.obj
                0x000000001fff80bc                Reset_Handler
                0x000000001fff80dc                ENET2_MAC0_TRANS1_Handler
                0x000000001fff80dc                SAI3_Handler
                0x000000001fff80dc                DebugMon_Handler
                0x000000001fff80dc                USB_OH3_OTG2_1_Handler
                0x000000001fff80dc                GPIO3_INT31_16_Handler
                0x000000001fff80dc                eCSPI4_Handler
                0x000000001fff80dc                SIM2_Handler
                0x000000001fff80dc                FLEXCAN1_Handler
                0x000000001fff80dc                UART3_Handler
                0x000000001fff80dc                UART2_Handler
                0x000000001fff80dc                GPIO1_INT3_Handler
                0x000000001fff80dc                HardFault_Handler
                0x000000001fff80dc                SNVS_SECURITY_Handler
                0x000000001fff80dc                SEMA4_HS_M4_Handler
                0x000000001fff80dc                GPIO6_INT31_16_Handler
                0x000000001fff80dc                SRC_Handler
                0x000000001fff80dc                GPT2_Handler
                0x000000001fff80dc                CCM2_Handler
                0x000000001fff80dc                I2C1_Handler
                0x000000001fff80dc                CPU_CTI_Handler
                0x000000001fff80dc                NMI_Handler
                0x000000001fff80dc                SAI1_Handler
                0x000000001fff80dc                ENET2_MAC0_IRQ_Handler
                0x000000001fff80dc                KPP_Handler
                0x000000001fff80dc                USB_OTG1_Handler
                0x000000001fff80dc                MIPI_CSI_Handler
                0x000000001fff80dc                WDOG4_Handler
                0x000000001fff80dc                Reserved9_Handler
                0x000000001fff80dc                QSPI_Handler
                0x000000001fff80dc                CAAM_QUEUE_Handler
                0x000000001fff80dc                GPIO2_INT15_0_Handler
                0x000000001fff80dc                PCIE_CTRL4_Handler
                0x000000001fff80dc                uSDHC2_Handler
                0x000000001fff80dc                GPIO1_INT6_Handler
                0x000000001fff80dc                PCIE_CTRL_REQUEST_Handler
                0x000000001fff80dc                SCTR1_Handler
                0x000000001fff80dc                RDC_Handler
                0x000000001fff80dc                EPDC_Handler
                0x000000001fff80dc                CCM1_Handler
                0x000000001fff80dc                UsageFault_Handler
                0x000000001fff80dc                ADC1_Handler
                0x000000001fff80dc                GPIO1_INT0_Handler
                0x000000001fff80dc                Analog_brown_out_Handler
                0x000000001fff80dc                PXP2_Handler
                0x000000001fff80dc                SEMA4_HS_A7_Handler
                0x000000001fff80dc                RTIC_Handler
                0x000000001fff80dc                DefaultISR
                0x000000001fff80dc                GPIO6_INT15_0_Handler
                0x000000001fff80dc                SCTR2_Handler
                0x000000001fff80dc                WDOG3_Handler
                0x000000001fff80dc                USB_OH2_OTG_Handler
                0x000000001fff80dc                SAI2_Handler
                0x000000001fff80dc                GPIO3_INT15_0_Handler
                0x000000001fff80dc                FTM2_Handler
                0x000000001fff80dc                eCSPI1_Handler
                0x000000001fff80dc                GPC_Handler
                0x000000001fff80dc                GPIO1_INT15_0_Handler
                0x000000001fff80dc                UART1_Handler
                0x000000001fff80dc                ENET1_MAC0_TRANS2_Handler
                0x000000001fff80dc                eCSPI3_Handler
                0x000000001fff80dc                BCH_Handler
                0x000000001fff80dc                CAAM_ERROR_Handler
                0x000000001fff80dc                Analog_TempSensor_Handler
                0x000000001fff80dc                PXP1_Handler
                0x000000001fff80dc                SNVS_Handler
                0x000000001fff80dc                GPT4_Handler
                0x000000001fff80dc                GPIO5_INT15_0_Handler
                0x000000001fff80dc                ENET2_MAC0_TRANS2_Handler
                0x000000001fff80dc                GPMI_Handler
                0x000000001fff80dc                I2C4_Handler
                0x000000001fff80dc                CCM_SRC_GPC_Handler
                0x000000001fff80dc                CPU_Handler
                0x000000001fff80dc                UART4_Handler
                0x000000001fff80dc                GPIO1_INT1_Handler
                0x000000001fff80dc                uSDHC3_Handler
                0x000000001fff80dc                EIM_Handler
                0x000000001fff80dc                PWM1_Handler
                0x000000001fff80dc                ENET2_1588_TIMER_IRQ_Handler
                0x000000001fff80dc                UART6_Handler
                0x000000001fff80dc                GPIO1_INT4_Handler
                0x000000001fff80dc                GPIO1_INT31_16_Handler
                0x000000001fff80dc                APBHDMA_Handler
                0x000000001fff80dc                uSDHC1_Handler
                0x000000001fff80dc                DBGMON_Handler
                0x000000001fff80dc                UART7_Handler
                0x000000001fff80dc                SDMA_Handler
                0x000000001fff80dc                GPT1_Handler
                0x000000001fff80dc                PWM3_Handler
                0x000000001fff80dc                PCIE_CTRL2_Handler
                0x000000001fff80dc                MemManage_Handler
                0x000000001fff80dc                GPIO5_INT31_16_Handler
                0x000000001fff80dc                TZASC1_Handler
                0x000000001fff80dc                I2C2_Handler
                0x000000001fff80dc                DAP_Handler
                0x000000001fff80dc                GPIO4_INT15_0_Handler
                0x000000001fff80dc                CSI_Handler
                0x000000001fff80dc                eCSPI2_Handler
                0x000000001fff80dc                ENET1_1588_TIMER_Handler
                0x000000001fff80dc                WDOG2_Handler
                0x000000001fff80dc                FLEXCAN2_Handler
                0x000000001fff80dc                PCIE_CTRL1_Handler
                0x000000001fff80dc                PCIE_CTRL3_Handler
                0x000000001fff80dc                GPIO1_INT5_Handler
                0x000000001fff80dc                CAAM_WRAPPER2_Handler
                0x000000001fff80dc                SNVS_CONSOLIDATED_Handler
                0x000000001fff80dc                CAAM_WRAPPER1_Handler
                0x000000001fff80dc                GPIO4_INT31_16_Handler
                0x000000001fff80dc                GPIO1_INT2_Handler
                0x000000001fff80dc                LCDIF_Handler
                0x000000001fff80dc                UART5_Handler
                0x000000001fff80dc                PERFMON1_Handler
                0x000000001fff80dc                GPIO1_INT7_Handler
                0x000000001fff80dc                I2C3_Handler
                0x000000001fff80dc                CSU_Handler
                0x000000001fff80dc                MIPI_DSI_Handler
                0x000000001fff80dc                PWM2_Handler
                0x000000001fff80dc                GPR_Handler
                0x000000001fff80dc                SIM1_Handler
                0x000000001fff80dc                USB_OTG2_Handler
                0x000000001fff80dc                ENET1_MAC0_TRANS1_Handler
                0x000000001fff80dc                BusFault_Handler
                0x000000001fff80dc                MU_M4_Handler
                0x000000001fff80dc                USB_OH3_OTG2_2_Handler
                0x000000001fff80dc                ENET1_MAC0_Handler
                0x000000001fff80dc                PERFMON2_Handler
                0x000000001fff80dc                GPIO7_INT31_16_Handler
                0x000000001fff80dc                PWM4_Handler
                0x000000001fff80dc                FTM1_Handler
                0x000000001fff80dc                GPIO7_INT15_0_Handler
                0x000000001fff80dc                WDOG1_Handler
                0x000000001fff80dc                MU_A7_Handler
                0x000000001fff80dc                ADC2_Handler
                0x000000001fff80dc                TPR_Handler
 .text          0x000000001fff80e0       0x10 /home/fdsa/sdk/gcc-arm-none-eabi-10-2020-q4-major/bin/../lib/gcc/arm-none-eabi/10.2.1/../../../../arm-none-eabi/lib/thumb/v7e-m+fp/hard/libc_nano.a(lib_a-strlen.o)
                0x000000001fff80e0                strlen
 .text          0x000000001fff80f0       0xa0 /home/fdsa/sdk/gcc-arm-none-eabi-10-2020-q4-major/bin/../lib/gcc/arm-none-eabi/10.2.1/../../../../arm-none-eabi/lib/thumb/v7e-m+fp/hard/libc_nano.a(lib_a-memchr.o)
                0x000000001fff80f0                memchr
 .text          0x000000001fff8190       0x30 /home/fdsa/sdk/gcc-arm-none-eabi-10-2020-q4-major/bin/../lib/gcc/arm-none-eabi/10.2.1/thumb/v7e-m+fp/hard/libgcc.a(_aeabi_uldivmod.o)
                0x000000001fff8190                __aeabi_uldivmod
 .text          0x000000001fff81c0      0x2d0 /home/fdsa/sdk/gcc-arm-none-eabi-10-2020-q4-major/bin/../lib/gcc/arm-none-eabi/10.2.1/thumb/v7e-m+fp/hard/libgcc.a(_udivmoddi4.o)
                0x000000001fff81c0                __udivmoddi4
 .text          0x000000001fff8490        0x4 /home/fdsa/sdk/gcc-arm-none-eabi-10-2020-q4-major/bin/../lib/gcc/arm-none-eabi/10.2.1/thumb/v7e-m+fp/hard/libgcc.a(_dvmd_tls.o)
                0x000000001fff8490                __aeabi_ldiv0
                0x000000001fff8490                __aeabi_idiv0
 *(.text*)
 .text.SystemInit
                0x000000001fff8494      0x108 CMakeFiles/blinking_imx_demo.dir/home/fdsa/eclipse-workspace/gpio_comunication/platform/devices/MCIMX7D/startup/system_MCIMX7D_M4.c.obj
                0x000000001fff8494                SystemInit
 .text.CCM_ANALOG_GetSysPllFreq
                0x000000001fff859c       0x30 CMakeFiles/blinking_imx_demo.dir/home/fdsa/eclipse-workspace/gpio_comunication/platform/drivers/src/ccm_analog_imx7d.c.obj
                0x000000001fff859c                CCM_ANALOG_GetSysPllFreq
 .text.CCM_GetRootDivider
                0x000000001fff85cc       0x30 CMakeFiles/blinking_imx_demo.dir/home/fdsa/eclipse-workspace/gpio_comunication/platform/drivers/src/ccm_imx7d.c.obj
                0x000000001fff85cc                CCM_GetRootDivider
 .text.CCM_UpdateRoot
                0x000000001fff85fc       0x4c CMakeFiles/blinking_imx_demo.dir/home/fdsa/eclipse-workspace/gpio_comunication/platform/drivers/src/ccm_imx7d.c.obj
                0x000000001fff85fc                CCM_UpdateRoot
 .text.GPIO_Init
                0x000000001fff8648       0x84 CMakeFiles/blinking_imx_demo.dir/home/fdsa/eclipse-workspace/gpio_comunication/platform/drivers/src/gpio_imx.c.obj
                0x000000001fff8648                GPIO_Init
 .text.GPIO_WritePinOutput
                0x000000001fff86cc       0x34 CMakeFiles/blinking_imx_demo.dir/home/fdsa/eclipse-workspace/gpio_comunication/platform/drivers/src/gpio_imx.c.obj
                0x000000001fff86cc                GPIO_WritePinOutput
 .text.GPIO_SetPinIntMode
                0x000000001fff8700       0x34 CMakeFiles/blinking_imx_demo.dir/home/fdsa/eclipse-workspace/gpio_comunication/platform/drivers/src/gpio_imx.c.obj
                0x000000001fff8700                GPIO_SetPinIntMode
 .text.GPT_Init
                0x000000001fff8734       0x7c CMakeFiles/blinking_imx_demo.dir/home/fdsa/eclipse-workspace/gpio_comunication/platform/drivers/src/gpt.c.obj
                0x000000001fff8734                GPT_Init
 .text.GPT_SetClockSource
                0x000000001fff87b0       0x34 CMakeFiles/blinking_imx_demo.dir/home/fdsa/eclipse-workspace/gpio_comunication/platform/drivers/src/gpt.c.obj
                0x000000001fff87b0                GPT_SetClockSource
 .text.GPT_SetIntCmd
                0x000000001fff87e4       0x10 CMakeFiles/blinking_imx_demo.dir/home/fdsa/eclipse-workspace/gpio_comunication/platform/drivers/src/gpt.c.obj
                0x000000001fff87e4                GPT_SetIntCmd
 .text.RDC_SEMAPHORE_Lock
                0x000000001fff87f4       0x28 CMakeFiles/blinking_imx_demo.dir/home/fdsa/eclipse-workspace/gpio_comunication/platform/drivers/src/rdc_semaphore.c.obj
                0x000000001fff87f4                RDC_SEMAPHORE_Lock
 .text.RDC_SEMAPHORE_Unlock
                0x000000001fff881c       0x18 CMakeFiles/blinking_imx_demo.dir/home/fdsa/eclipse-workspace/gpio_comunication/platform/drivers/src/rdc_semaphore.c.obj
                0x000000001fff881c                RDC_SEMAPHORE_Unlock
 .text.UART_Deinit
                0x000000001fff8834       0x5e CMakeFiles/blinking_imx_demo.dir/home/fdsa/eclipse-workspace/gpio_comunication/platform/drivers/src/uart_imx.c.obj
                0x000000001fff8834                UART_Deinit
 *fill*         0x000000001fff8892        0x2 
 .text.UART_SetBaudRate
                0x000000001fff8894       0xc0 CMakeFiles/blinking_imx_demo.dir/home/fdsa/eclipse-workspace/gpio_comunication/platform/drivers/src/uart_imx.c.obj
                0x000000001fff8894                UART_SetBaudRate
 .text.UART_Init
                0x000000001fff8954       0x60 CMakeFiles/blinking_imx_demo.dir/home/fdsa/eclipse-workspace/gpio_comunication/platform/drivers/src/uart_imx.c.obj
                0x000000001fff8954                UART_Init
 .text.UART_GetStatusFlag
                0x000000001fff89b4        0xe CMakeFiles/blinking_imx_demo.dir/home/fdsa/eclipse-workspace/gpio_comunication/platform/drivers/src/uart_imx.c.obj
                0x000000001fff89b4                UART_GetStatusFlag
 *fill*         0x000000001fff89c2        0x2 
 .text.UART_SetModemMode
                0x000000001fff89c4       0x3c CMakeFiles/blinking_imx_demo.dir/home/fdsa/eclipse-workspace/gpio_comunication/platform/drivers/src/uart_imx.c.obj
                0x000000001fff89c4                UART_SetModemMode
 .text.debug_putc
                0x000000001fff8a00       0x28 CMakeFiles/blinking_imx_demo.dir/home/fdsa/eclipse-workspace/gpio_comunication/platform/utilities/src/debug_console_imx.c.obj
 .text.UART_ReceiveDataPolling
                0x000000001fff8a28       0x24 CMakeFiles/blinking_imx_demo.dir/home/fdsa/eclipse-workspace/gpio_comunication/platform/utilities/src/debug_console_imx.c.obj
 .text.UART_SendDataPolling
                0x000000001fff8a4c       0x40 CMakeFiles/blinking_imx_demo.dir/home/fdsa/eclipse-workspace/gpio_comunication/platform/utilities/src/debug_console_imx.c.obj
 .text.DbgConsole_Init
                0x000000001fff8a8c       0x5c CMakeFiles/blinking_imx_demo.dir/home/fdsa/eclipse-workspace/gpio_comunication/platform/utilities/src/debug_console_imx.c.obj
                0x000000001fff8a8c                DbgConsole_Init
 .text._write   0x000000001fff8ae8       0x28 CMakeFiles/blinking_imx_demo.dir/home/fdsa/eclipse-workspace/gpio_comunication/platform/utilities/src/debug_console_imx.c.obj
                0x000000001fff8ae8                _write
 .text._read    0x000000001fff8b10       0x20 CMakeFiles/blinking_imx_demo.dir/home/fdsa/eclipse-workspace/gpio_comunication/platform/utilities/src/debug_console_imx.c.obj
                0x000000001fff8b10                _read
 .text.debug_printf
                0x000000001fff8b30       0x38 CMakeFiles/blinking_imx_demo.dir/home/fdsa/eclipse-workspace/gpio_comunication/platform/utilities/src/debug_console_imx.c.obj
                0x000000001fff8b30                debug_printf
 .text.mknumstr
                0x000000001fff8b68       0x7c CMakeFiles/blinking_imx_demo.dir/home/fdsa/eclipse-workspace/gpio_comunication/platform/utilities/src/print_scan.c.obj
 .text.fput_pad.constprop.0
                0x000000001fff8be4       0x26 CMakeFiles/blinking_imx_demo.dir/home/fdsa/eclipse-workspace/gpio_comunication/platform/utilities/src/print_scan.c.obj
 *fill*         0x000000001fff8c0a        0x2 
 .text._doprint
                0x000000001fff8c0c      0x40c CMakeFiles/blinking_imx_demo.dir/home/fdsa/eclipse-workspace/gpio_comunication/platform/utilities/src/print_scan.c.obj
                0x000000001fff8c0c                _doprint
 .text.vListInitialise
                0x000000001fff9018       0x16 CMakeFiles/blinking_imx_demo.dir/home/fdsa/eclipse-workspace/gpio_comunication/rtos/FreeRTOS/Source/list.c.obj
                0x000000001fff9018                vListInitialise
 .text.vListInitialiseItem
                0x000000001fff902e        0x6 CMakeFiles/blinking_imx_demo.dir/home/fdsa/eclipse-workspace/gpio_comunication/rtos/FreeRTOS/Source/list.c.obj
                0x000000001fff902e                vListInitialiseItem
 .text.vListInsertEnd
                0x000000001fff9034       0x18 CMakeFiles/blinking_imx_demo.dir/home/fdsa/eclipse-workspace/gpio_comunication/rtos/FreeRTOS/Source/list.c.obj
                0x000000001fff9034                vListInsertEnd
 .text.vListInsert
                0x000000001fff904c       0x2e CMakeFiles/blinking_imx_demo.dir/home/fdsa/eclipse-workspace/gpio_comunication/rtos/FreeRTOS/Source/list.c.obj
                0x000000001fff904c                vListInsert
 .text.uxListRemove
                0x000000001fff907a       0x1e CMakeFiles/blinking_imx_demo.dir/home/fdsa/eclipse-workspace/gpio_comunication/rtos/FreeRTOS/Source/list.c.obj
                0x000000001fff907a                uxListRemove
 .text.prvTaskExitError
                0x000000001fff9098       0x30 CMakeFiles/blinking_imx_demo.dir/home/fdsa/eclipse-workspace/gpio_comunication/rtos/FreeRTOS/Source/portable/GCC/ARM_CM4F/port.c.obj
 .text.prvPortStartFirstTask
                0x000000001fff90c8       0x20 CMakeFiles/blinking_imx_demo.dir/home/fdsa/eclipse-workspace/gpio_comunication/rtos/FreeRTOS/Source/portable/GCC/ARM_CM4F/port.c.obj
 .text.vPortEnableVFP
                0x000000001fff90e8       0x14 CMakeFiles/blinking_imx_demo.dir/home/fdsa/eclipse-workspace/gpio_comunication/rtos/FreeRTOS/Source/portable/GCC/ARM_CM4F/port.c.obj
 .text.pxPortInitialiseStack
                0x000000001fff90fc       0x24 CMakeFiles/blinking_imx_demo.dir/home/fdsa/eclipse-workspace/gpio_comunication/rtos/FreeRTOS/Source/portable/GCC/ARM_CM4F/port.c.obj
                0x000000001fff90fc                pxPortInitialiseStack
 .text.SVC_Handler
                0x000000001fff9120       0x20 CMakeFiles/blinking_imx_demo.dir/home/fdsa/eclipse-workspace/gpio_comunication/rtos/FreeRTOS/Source/portable/GCC/ARM_CM4F/port.c.obj
                0x000000001fff9120                SVC_Handler
 .text.vPortEnterCritical
                0x000000001fff9140       0x40 CMakeFiles/blinking_imx_demo.dir/home/fdsa/eclipse-workspace/gpio_comunication/rtos/FreeRTOS/Source/portable/GCC/ARM_CM4F/port.c.obj
                0x000000001fff9140                vPortEnterCritical
 .text.vPortExitCritical
                0x000000001fff9180       0x28 CMakeFiles/blinking_imx_demo.dir/home/fdsa/eclipse-workspace/gpio_comunication/rtos/FreeRTOS/Source/portable/GCC/ARM_CM4F/port.c.obj
                0x000000001fff9180                vPortExitCritical
 .text.PendSV_Handler
                0x000000001fff91a8       0x60 CMakeFiles/blinking_imx_demo.dir/home/fdsa/eclipse-workspace/gpio_comunication/rtos/FreeRTOS/Source/portable/GCC/ARM_CM4F/port.c.obj
                0x000000001fff91a8                PendSV_Handler
 .text.SysTick_Handler
                0x000000001fff9208       0x30 CMakeFiles/blinking_imx_demo.dir/home/fdsa/eclipse-workspace/gpio_comunication/rtos/FreeRTOS/Source/portable/GCC/ARM_CM4F/port.c.obj
                0x000000001fff9208                SysTick_Handler
 .text.vPortSetupTimerInterrupt
                0x000000001fff9238       0x14 CMakeFiles/blinking_imx_demo.dir/home/fdsa/eclipse-workspace/gpio_comunication/rtos/FreeRTOS/Source/portable/GCC/ARM_CM4F/port.c.obj
                0x000000001fff9238                vPortSetupTimerInterrupt
 .text.xPortStartScheduler
                0x000000001fff924c       0xf0 CMakeFiles/blinking_imx_demo.dir/home/fdsa/eclipse-workspace/gpio_comunication/rtos/FreeRTOS/Source/portable/GCC/ARM_CM4F/port.c.obj
                0x000000001fff924c                xPortStartScheduler
 .text.vPortValidateInterruptPriority
                0x000000001fff933c       0x5c CMakeFiles/blinking_imx_demo.dir/home/fdsa/eclipse-workspace/gpio_comunication/rtos/FreeRTOS/Source/portable/GCC/ARM_CM4F/port.c.obj
                0x000000001fff933c                vPortValidateInterruptPriority
 .text.pvPortMalloc
                0x000000001fff9398       0xb0 CMakeFiles/blinking_imx_demo.dir/home/fdsa/eclipse-workspace/gpio_comunication/rtos/FreeRTOS/Source/portable/MemMang/heap_2.c.obj
                0x000000001fff9398                pvPortMalloc
 .text.vPortFree
                0x000000001fff9448       0x40 CMakeFiles/blinking_imx_demo.dir/home/fdsa/eclipse-workspace/gpio_comunication/rtos/FreeRTOS/Source/portable/MemMang/heap_2.c.obj
                0x000000001fff9448                vPortFree
 .text.prvCopyDataFromQueue
                0x000000001fff9488       0x2c CMakeFiles/blinking_imx_demo.dir/home/fdsa/eclipse-workspace/gpio_comunication/rtos/FreeRTOS/Source/queue.c.obj
 .text.prvUnlockQueue
                0x000000001fff94b4       0x6c CMakeFiles/blinking_imx_demo.dir/home/fdsa/eclipse-workspace/gpio_comunication/rtos/FreeRTOS/Source/queue.c.obj
 .text.xQueueGenericReset
                0x000000001fff9520       0x7e CMakeFiles/blinking_imx_demo.dir/home/fdsa/eclipse-workspace/gpio_comunication/rtos/FreeRTOS/Source/queue.c.obj
                0x000000001fff9520                xQueueGenericReset
 .text.xQueueGenericCreate
                0x000000001fff959e       0x5c CMakeFiles/blinking_imx_demo.dir/home/fdsa/eclipse-workspace/gpio_comunication/rtos/FreeRTOS/Source/queue.c.obj
                0x000000001fff959e                xQueueGenericCreate
 .text.xQueueGiveFromISR
                0x000000001fff95fa       0xa4 CMakeFiles/blinking_imx_demo.dir/home/fdsa/eclipse-workspace/gpio_comunication/rtos/FreeRTOS/Source/queue.c.obj
                0x000000001fff95fa                xQueueGiveFromISR
 .text.xQueueGenericReceive
                0x000000001fff969e      0x14c CMakeFiles/blinking_imx_demo.dir/home/fdsa/eclipse-workspace/gpio_comunication/rtos/FreeRTOS/Source/queue.c.obj
                0x000000001fff969e                xQueueGenericReceive
 .text.prvIdleTask
                0x000000001fff97ea        0x2 CMakeFiles/blinking_imx_demo.dir/home/fdsa/eclipse-workspace/gpio_comunication/rtos/FreeRTOS/Source/tasks.c.obj
 .text.prvResetNextTaskUnblockTime
                0x000000001fff97ec       0x24 CMakeFiles/blinking_imx_demo.dir/home/fdsa/eclipse-workspace/gpio_comunication/rtos/FreeRTOS/Source/tasks.c.obj
 .text.prvAddCurrentTaskToDelayedList
                0x000000001fff9810       0x50 CMakeFiles/blinking_imx_demo.dir/home/fdsa/eclipse-workspace/gpio_comunication/rtos/FreeRTOS/Source/tasks.c.obj
 .text.xTaskGenericCreate
                0x000000001fff9860      0x1cc CMakeFiles/blinking_imx_demo.dir/home/fdsa/eclipse-workspace/gpio_comunication/rtos/FreeRTOS/Source/tasks.c.obj
                0x000000001fff9860                xTaskGenericCreate
 .text.vTaskStartScheduler
                0x000000001fff9a2c       0x74 CMakeFiles/blinking_imx_demo.dir/home/fdsa/eclipse-workspace/gpio_comunication/rtos/FreeRTOS/Source/tasks.c.obj
                0x000000001fff9a2c                vTaskStartScheduler
 .text.vTaskSuspendAll
                0x000000001fff9aa0       0x10 CMakeFiles/blinking_imx_demo.dir/home/fdsa/eclipse-workspace/gpio_comunication/rtos/FreeRTOS/Source/tasks.c.obj
                0x000000001fff9aa0                vTaskSuspendAll
 .text.xTaskIncrementTick
                0x000000001fff9ab0      0x130 CMakeFiles/blinking_imx_demo.dir/home/fdsa/eclipse-workspace/gpio_comunication/rtos/FreeRTOS/Source/tasks.c.obj
                0x000000001fff9ab0                xTaskIncrementTick
 .text.xTaskResumeAll
                0x000000001fff9be0       0xec CMakeFiles/blinking_imx_demo.dir/home/fdsa/eclipse-workspace/gpio_comunication/rtos/FreeRTOS/Source/tasks.c.obj
                0x000000001fff9be0                xTaskResumeAll
 .text.vTaskDelay
                0x000000001fff9ccc       0x7c CMakeFiles/blinking_imx_demo.dir/home/fdsa/eclipse-workspace/gpio_comunication/rtos/FreeRTOS/Source/tasks.c.obj
                0x000000001fff9ccc                vTaskDelay
 .text.vTaskSwitchContext
                0x000000001fff9d48       0x74 CMakeFiles/blinking_imx_demo.dir/home/fdsa/eclipse-workspace/gpio_comunication/rtos/FreeRTOS/Source/tasks.c.obj
                0x000000001fff9d48                vTaskSwitchContext
 .text.vTaskPlaceOnEventList
                0x000000001fff9dbc       0x70 CMakeFiles/blinking_imx_demo.dir/home/fdsa/eclipse-workspace/gpio_comunication/rtos/FreeRTOS/Source/tasks.c.obj
                0x000000001fff9dbc                vTaskPlaceOnEventList
 .text.xTaskRemoveFromEventList
                0x000000001fff9e2c       0x88 CMakeFiles/blinking_imx_demo.dir/home/fdsa/eclipse-workspace/gpio_comunication/rtos/FreeRTOS/Source/tasks.c.obj
                0x000000001fff9e2c                xTaskRemoveFromEventList
 .text.vTaskSetTimeOutState
                0x000000001fff9eb4       0x2c CMakeFiles/blinking_imx_demo.dir/home/fdsa/eclipse-workspace/gpio_comunication/rtos/FreeRTOS/Source/tasks.c.obj
                0x000000001fff9eb4                vTaskSetTimeOutState
 .text.xTaskCheckForTimeOut
                0x000000001fff9ee0       0x74 CMakeFiles/blinking_imx_demo.dir/home/fdsa/eclipse-workspace/gpio_comunication/rtos/FreeRTOS/Source/tasks.c.obj
                0x000000001fff9ee0                xTaskCheckForTimeOut
 .text.vTaskMissedYield
                0x000000001fff9f54        0xc CMakeFiles/blinking_imx_demo.dir/home/fdsa/eclipse-workspace/gpio_comunication/rtos/FreeRTOS/Source/tasks.c.obj
                0x000000001fff9f54                vTaskMissedYield
 .text.BOARD_ClockInit
                0x000000001fff9f60       0x7c CMakeFiles/blinking_imx_demo.dir/home/fdsa/eclipse-workspace/gpio_comunication/examples/imx7_colibri_m4/board.c.obj
                0x000000001fff9f60                BOARD_ClockInit
 .text.dbg_uart_init
                0x000000001fff9fdc       0x60 CMakeFiles/blinking_imx_demo.dir/home/fdsa/eclipse-workspace/gpio_comunication/examples/imx7_colibri_m4/board.c.obj
                0x000000001fff9fdc                dbg_uart_init
 .text.BOARD_RdcInit
                0x000000001fffa03c       0x10 CMakeFiles/blinking_imx_demo.dir/home/fdsa/eclipse-workspace/gpio_comunication/examples/imx7_colibri_m4/board.c.obj
                0x000000001fffa03c                BOARD_RdcInit
 .text.get_uart_clock_freq
                0x000000001fffa04c       0xcc CMakeFiles/blinking_imx_demo.dir/home/fdsa/eclipse-workspace/gpio_comunication/examples/imx7_colibri_m4/clock_freq.c.obj
                0x000000001fffa04c                get_uart_clock_freq
 .text.configure_gpio_pin
                0x000000001fffa118       0x2c CMakeFiles/blinking_imx_demo.dir/home/fdsa/eclipse-workspace/gpio_comunication/examples/imx7_colibri_m4/gpio_pins.c.obj
                0x000000001fffa118                configure_gpio_pin
 .text.configure_uart_pins
                0x000000001fffa144       0x2c CMakeFiles/blinking_imx_demo.dir/home/fdsa/eclipse-workspace/gpio_comunication/examples/imx7_colibri_m4/pin_mux.c.obj
                0x000000001fffa144                configure_uart_pins
 .text.GPIO_ClearStatusFlag.part.0
                0x000000001fffa170       0x1c CMakeFiles/blinking_imx_demo.dir/home/fdsa/eclipse-workspace/gpio_comunication/examples/imx7_colibri_m4/demo_apps/blinking_imx_demo/gpio_ctrl.c.obj
 .text.GPIO_Ctrl_Init
                0x000000001fffa18c       0x70 CMakeFiles/blinking_imx_demo.dir/home/fdsa/eclipse-workspace/gpio_comunication/examples/imx7_colibri_m4/demo_apps/blinking_imx_demo/gpio_ctrl.c.obj
                0x000000001fffa18c                GPIO_Ctrl_Init
 .text.GPIO_Ctrl_ToggleLed
                0x000000001fffa1fc       0x30 CMakeFiles/blinking_imx_demo.dir/home/fdsa/eclipse-workspace/gpio_comunication/examples/imx7_colibri_m4/demo_apps/blinking_imx_demo/gpio_ctrl.c.obj
                0x000000001fffa1fc                GPIO_Ctrl_ToggleLed
 .text.GPIO_Ctrl_WaitKeyPressed
                0x000000001fffa22c       0x98 CMakeFiles/blinking_imx_demo.dir/home/fdsa/eclipse-workspace/gpio_comunication/examples/imx7_colibri_m4/demo_apps/blinking_imx_demo/gpio_ctrl.c.obj
                0x000000001fffa22c                GPIO_Ctrl_WaitKeyPressed
 .text.GPIO2_INT31_16_Handler
                0x000000001fffa2c4       0x6c CMakeFiles/blinking_imx_demo.dir/home/fdsa/eclipse-workspace/gpio_comunication/examples/imx7_colibri_m4/demo_apps/blinking_imx_demo/gpio_ctrl.c.obj
                0x000000001fffa2c4                GPIO2_INT31_16_Handler
 .text.Hw_Timer_Init
                0x000000001fffa330       0x50 CMakeFiles/blinking_imx_demo.dir/home/fdsa/eclipse-workspace/gpio_comunication/examples/imx7_colibri_m4/demo_apps/blinking_imx_demo/gpt_timer.c.obj
                0x000000001fffa330                Hw_Timer_Init
 .text.Hw_Timer_Delay
                0x000000001fffa380       0x90 CMakeFiles/blinking_imx_demo.dir/home/fdsa/eclipse-workspace/gpio_comunication/examples/imx7_colibri_m4/demo_apps/blinking_imx_demo/gpt_timer.c.obj
                0x000000001fffa380                Hw_Timer_Delay
 .text.GPT3_Handler
                0x000000001fffa410       0x4c CMakeFiles/blinking_imx_demo.dir/home/fdsa/eclipse-workspace/gpio_comunication/examples/imx7_colibri_m4/demo_apps/blinking_imx_demo/gpt_timer.c.obj
                0x000000001fffa410                GPT3_Handler
 .text.hardware_init
                0x000000001fffa45c       0x74 CMakeFiles/blinking_imx_demo.dir/home/fdsa/eclipse-workspace/gpio_comunication/examples/imx7_colibri_m4/demo_apps/blinking_imx_demo/hardware_init.c.obj
                0x000000001fffa45c                hardware_init
 .text.ToggleTask
                0x000000001fffa4d0       0x14 CMakeFiles/blinking_imx_demo.dir/home/fdsa/eclipse-workspace/gpio_comunication/examples/imx7_colibri_m4/demo_apps/blinking_imx_demo/main.c.obj
                0x000000001fffa4d0                ToggleTask
 .text.SwitchTask
                0x000000001fffa4e4       0x38 CMakeFiles/blinking_imx_demo.dir/home/fdsa/eclipse-workspace/gpio_comunication/examples/imx7_colibri_m4/demo_apps/blinking_imx_demo/main.c.obj
                0x000000001fffa4e4                SwitchTask
 .text.startup.main
                0x000000001fffa51c       0x5c CMakeFiles/blinking_imx_demo.dir/home/fdsa/eclipse-workspace/gpio_comunication/examples/imx7_colibri_m4/demo_apps/blinking_imx_demo/main.c.obj
                0x000000001fffa51c                main
 .text.__assert_func
                0x000000001fffa578       0x3c /home/fdsa/sdk/gcc-arm-none-eabi-10-2020-q4-major/bin/../lib/gcc/arm-none-eabi/10.2.1/../../../../arm-none-eabi/lib/thumb/v7e-m+fp/hard/libc_nano.a(lib_a-assert.o)
                0x000000001fffa578                __assert_func
 .text.exit     0x000000001fffa5b4       0x28 /home/fdsa/sdk/gcc-arm-none-eabi-10-2020-q4-major/bin/../lib/gcc/arm-none-eabi/10.2.1/../../../../arm-none-eabi/lib/thumb/v7e-m+fp/hard/libc_nano.a(lib_a-exit.o)
                0x000000001fffa5b4                exit
 .text.fprintf  0x000000001fffa5dc       0x24 /home/fdsa/sdk/gcc-arm-none-eabi-10-2020-q4-major/bin/../lib/gcc/arm-none-eabi/10.2.1/../../../../arm-none-eabi/lib/thumb/v7e-m+fp/hard/libc_nano.a(lib_a-fprintf.o)
                0x000000001fffa5dc                fprintf
                0x000000001fffa5dc                fiprintf
 .text.__libc_init_array
                0x000000001fffa600       0x48 /home/fdsa/sdk/gcc-arm-none-eabi-10-2020-q4-major/bin/../lib/gcc/arm-none-eabi/10.2.1/../../../../arm-none-eabi/lib/thumb/v7e-m+fp/hard/libc_nano.a(lib_a-init.o)
                0x000000001fffa600                __libc_init_array
 .text.memcpy   0x000000001fffa648       0x1c /home/fdsa/sdk/gcc-arm-none-eabi-10-2020-q4-major/bin/../lib/gcc/arm-none-eabi/10.2.1/../../../../arm-none-eabi/lib/thumb/v7e-m+fp/hard/libc_nano.a(lib_a-memcpy-stub.o)
                0x000000001fffa648                memcpy
 .text.memset   0x000000001fffa664       0x10 /home/fdsa/sdk/gcc-arm-none-eabi-10-2020-q4-major/bin/../lib/gcc/arm-none-eabi/10.2.1/../../../../arm-none-eabi/lib/thumb/v7e-m+fp/hard/libc_nano.a(lib_a-memset.o)
                0x000000001fffa664                memset
 .text.__sfputc_r
                0x000000001fffa674       0x2e /home/fdsa/sdk/gcc-arm-none-eabi-10-2020-q4-major/bin/../lib/gcc/arm-none-eabi/10.2.1/../../../../arm-none-eabi/lib/thumb/v7e-m+fp/hard/libc_nano.a(lib_a-nano-vfprintf.o)
 .text.__sfputs_r
                0x000000001fffa6a2       0x24 /home/fdsa/sdk/gcc-arm-none-eabi-10-2020-q4-major/bin/../lib/gcc/arm-none-eabi/10.2.1/../../../../arm-none-eabi/lib/thumb/v7e-m+fp/hard/libc_nano.a(lib_a-nano-vfprintf.o)
                0x000000001fffa6a2                __sfputs_r
 *fill*         0x000000001fffa6c6        0x2 
 .text._vfprintf_r
                0x000000001fffa6c8      0x260 /home/fdsa/sdk/gcc-arm-none-eabi-10-2020-q4-major/bin/../lib/gcc/arm-none-eabi/10.2.1/../../../../arm-none-eabi/lib/thumb/v7e-m+fp/hard/libc_nano.a(lib_a-nano-vfprintf.o)
                0x000000001fffa6c8                _vfiprintf_r
                0x000000001fffa6c8                _vfprintf_r
 .text._printf_common
                0x000000001fffa928       0xda /home/fdsa/sdk/gcc-arm-none-eabi-10-2020-q4-major/bin/../lib/gcc/arm-none-eabi/10.2.1/../../../../arm-none-eabi/lib/thumb/v7e-m+fp/hard/libc_nano.a(lib_a-nano-vfprintf_i.o)
                0x000000001fffa928                _printf_common
 *fill*         0x000000001fffaa02        0x2 
 .text._printf_i
                0x000000001fffaa04      0x24c /home/fdsa/sdk/gcc-arm-none-eabi-10-2020-q4-major/bin/../lib/gcc/arm-none-eabi/10.2.1/../../../../arm-none-eabi/lib/thumb/v7e-m+fp/hard/libc_nano.a(lib_a-nano-vfprintf_i.o)
                0x000000001fffaa04                _printf_i
 .text.__swbuf_r
                0x000000001fffac50       0xa4 /home/fdsa/sdk/gcc-arm-none-eabi-10-2020-q4-major/bin/../lib/gcc/arm-none-eabi/10.2.1/../../../../arm-none-eabi/lib/thumb/v7e-m+fp/hard/libc_nano.a(lib_a-wbuf.o)
                0x000000001fffac50                __swbuf_r
 .text.__swsetup_r
                0x000000001fffacf4       0xdc /home/fdsa/sdk/gcc-arm-none-eabi-10-2020-q4-major/bin/../lib/gcc/arm-none-eabi/10.2.1/../../../../arm-none-eabi/lib/thumb/v7e-m+fp/hard/libc_nano.a(lib_a-wsetup.o)
                0x000000001fffacf4                __swsetup_r
 .text.abort    0x000000001fffadd0        0xe /home/fdsa/sdk/gcc-arm-none-eabi-10-2020-q4-major/bin/../lib/gcc/arm-none-eabi/10.2.1/../../../../arm-none-eabi/lib/thumb/v7e-m+fp/hard/libc_nano.a(lib_a-abort.o)
                0x000000001fffadd0                abort
 *fill*         0x000000001fffadde        0x2 
 .text.__sflush_r
                0x000000001fffade0      0x10c /home/fdsa/sdk/gcc-arm-none-eabi-10-2020-q4-major/bin/../lib/gcc/arm-none-eabi/10.2.1/../../../../arm-none-eabi/lib/thumb/v7e-m+fp/hard/libc_nano.a(lib_a-fflush.o)
                0x000000001fffade0                __sflush_r
 .text._fflush_r
                0x000000001fffaeec       0x78 /home/fdsa/sdk/gcc-arm-none-eabi-10-2020-q4-major/bin/../lib/gcc/arm-none-eabi/10.2.1/../../../../arm-none-eabi/lib/thumb/v7e-m+fp/hard/libc_nano.a(lib_a-fflush.o)
                0x000000001fffaeec                _fflush_r
 .text.std      0x000000001fffaf64       0x48 /home/fdsa/sdk/gcc-arm-none-eabi-10-2020-q4-major/bin/../lib/gcc/arm-none-eabi/10.2.1/../../../../arm-none-eabi/lib/thumb/v7e-m+fp/hard/libc_nano.a(lib_a-findfp.o)
 .text._cleanup_r
                0x000000001fffafac        0xc /home/fdsa/sdk/gcc-arm-none-eabi-10-2020-q4-major/bin/../lib/gcc/arm-none-eabi/10.2.1/../../../../arm-none-eabi/lib/thumb/v7e-m+fp/hard/libc_nano.a(lib_a-findfp.o)
                0x000000001fffafac                _cleanup_r
 .text.__sfmoreglue
                0x000000001fffafb8       0x2c /home/fdsa/sdk/gcc-arm-none-eabi-10-2020-q4-major/bin/../lib/gcc/arm-none-eabi/10.2.1/../../../../arm-none-eabi/lib/thumb/v7e-m+fp/hard/libc_nano.a(lib_a-findfp.o)
                0x000000001fffafb8                __sfmoreglue
 .text.__sfp_lock_acquire
                0x000000001fffafe4        0xc /home/fdsa/sdk/gcc-arm-none-eabi-10-2020-q4-major/bin/../lib/gcc/arm-none-eabi/10.2.1/../../../../arm-none-eabi/lib/thumb/v7e-m+fp/hard/libc_nano.a(lib_a-findfp.o)
                0x000000001fffafe4                __sfp_lock_acquire
 .text.__sfp_lock_release
                0x000000001fffaff0        0xc /home/fdsa/sdk/gcc-arm-none-eabi-10-2020-q4-major/bin/../lib/gcc/arm-none-eabi/10.2.1/../../../../arm-none-eabi/lib/thumb/v7e-m+fp/hard/libc_nano.a(lib_a-findfp.o)
                0x000000001fffaff0                __sfp_lock_release
 .text.__sinit_lock_acquire
                0x000000001fffaffc        0xc /home/fdsa/sdk/gcc-arm-none-eabi-10-2020-q4-major/bin/../lib/gcc/arm-none-eabi/10.2.1/../../../../arm-none-eabi/lib/thumb/v7e-m+fp/hard/libc_nano.a(lib_a-findfp.o)
                0x000000001fffaffc                __sinit_lock_acquire
 .text.__sinit_lock_release
                0x000000001fffb008        0xc /home/fdsa/sdk/gcc-arm-none-eabi-10-2020-q4-major/bin/../lib/gcc/arm-none-eabi/10.2.1/../../../../arm-none-eabi/lib/thumb/v7e-m+fp/hard/libc_nano.a(lib_a-findfp.o)
                0x000000001fffb008                __sinit_lock_release
 .text.__sinit  0x000000001fffb014       0x70 /home/fdsa/sdk/gcc-arm-none-eabi-10-2020-q4-major/bin/../lib/gcc/arm-none-eabi/10.2.1/../../../../arm-none-eabi/lib/thumb/v7e-m+fp/hard/libc_nano.a(lib_a-findfp.o)
                0x000000001fffb014                __sinit
 .text.__sfp    0x000000001fffb084       0x8c /home/fdsa/sdk/gcc-arm-none-eabi-10-2020-q4-major/bin/../lib/gcc/arm-none-eabi/10.2.1/../../../../arm-none-eabi/lib/thumb/v7e-m+fp/hard/libc_nano.a(lib_a-findfp.o)
                0x000000001fffb084                __sfp
 .text._fwalk_reent
                0x000000001fffb110       0x3e /home/fdsa/sdk/gcc-arm-none-eabi-10-2020-q4-major/bin/../lib/gcc/arm-none-eabi/10.2.1/../../../../arm-none-eabi/lib/thumb/v7e-m+fp/hard/libc_nano.a(lib_a-fwalk.o)
                0x000000001fffb110                _fwalk_reent
 .text.__retarget_lock_init_recursive
                0x000000001fffb14e        0x2 /home/fdsa/sdk/gcc-arm-none-eabi-10-2020-q4-major/bin/../lib/gcc/arm-none-eabi/10.2.1/../../../../arm-none-eabi/lib/thumb/v7e-m+fp/hard/libc_nano.a(lib_a-lock.o)
                0x000000001fffb14e                __retarget_lock_init_recursive
 .text.__retarget_lock_acquire_recursive
                0x000000001fffb150        0x2 /home/fdsa/sdk/gcc-arm-none-eabi-10-2020-q4-major/bin/../lib/gcc/arm-none-eabi/10.2.1/../../../../arm-none-eabi/lib/thumb/v7e-m+fp/hard/libc_nano.a(lib_a-lock.o)
                0x000000001fffb150                __retarget_lock_acquire_recursive
 .text.__retarget_lock_release_recursive
                0x000000001fffb152        0x2 /home/fdsa/sdk/gcc-arm-none-eabi-10-2020-q4-major/bin/../lib/gcc/arm-none-eabi/10.2.1/../../../../arm-none-eabi/lib/thumb/v7e-m+fp/hard/libc_nano.a(lib_a-lock.o)
                0x000000001fffb152                __retarget_lock_release_recursive
 .text.__swhatbuf_r
                0x000000001fffb154       0x4a /home/fdsa/sdk/gcc-arm-none-eabi-10-2020-q4-major/bin/../lib/gcc/arm-none-eabi/10.2.1/../../../../arm-none-eabi/lib/thumb/v7e-m+fp/hard/libc_nano.a(lib_a-makebuf.o)
                0x000000001fffb154                __swhatbuf_r
 *fill*         0x000000001fffb19e        0x2 
 .text.__smakebuf_r
                0x000000001fffb1a0       0x80 /home/fdsa/sdk/gcc-arm-none-eabi-10-2020-q4-major/bin/../lib/gcc/arm-none-eabi/10.2.1/../../../../arm-none-eabi/lib/thumb/v7e-m+fp/hard/libc_nano.a(lib_a-makebuf.o)
                0x000000001fffb1a0                __smakebuf_r
 .text._free_r  0x000000001fffb220       0x98 /home/fdsa/sdk/gcc-arm-none-eabi-10-2020-q4-major/bin/../lib/gcc/arm-none-eabi/10.2.1/../../../../arm-none-eabi/lib/thumb/v7e-m+fp/hard/libc_nano.a(lib_a-nano-freer.o)
                0x000000001fffb220                _free_r
 .text._malloc_r
                0x000000001fffb2b8       0xb4 /home/fdsa/sdk/gcc-arm-none-eabi-10-2020-q4-major/bin/../lib/gcc/arm-none-eabi/10.2.1/../../../../arm-none-eabi/lib/thumb/v7e-m+fp/hard/libc_nano.a(lib_a-nano-mallocr.o)
                0x000000001fffb2b8                _malloc_r
 .text._sbrk_r  0x000000001fffb36c       0x20 /home/fdsa/sdk/gcc-arm-none-eabi-10-2020-q4-major/bin/../lib/gcc/arm-none-eabi/10.2.1/../../../../arm-none-eabi/lib/thumb/v7e-m+fp/hard/libc_nano.a(lib_a-sbrkr.o)
                0x000000001fffb36c                _sbrk_r
 .text._raise_r
                0x000000001fffb38c       0x50 /home/fdsa/sdk/gcc-arm-none-eabi-10-2020-q4-major/bin/../lib/gcc/arm-none-eabi/10.2.1/../../../../arm-none-eabi/lib/thumb/v7e-m+fp/hard/libc_nano.a(lib_a-signal.o)
                0x000000001fffb38c                _raise_r
 .text.raise    0x000000001fffb3dc       0x10 /home/fdsa/sdk/gcc-arm-none-eabi-10-2020-q4-major/bin/../lib/gcc/arm-none-eabi/10.2.1/../../../../arm-none-eabi/lib/thumb/v7e-m+fp/hard/libc_nano.a(lib_a-signal.o)
                0x000000001fffb3dc                raise
 .text._kill_r  0x000000001fffb3ec       0x24 /home/fdsa/sdk/gcc-arm-none-eabi-10-2020-q4-major/bin/../lib/gcc/arm-none-eabi/10.2.1/../../../../arm-none-eabi/lib/thumb/v7e-m+fp/hard/libc_nano.a(lib_a-signalr.o)
                0x000000001fffb3ec                _kill_r
 .text._getpid_r
                0x000000001fffb410        0x4 /home/fdsa/sdk/gcc-arm-none-eabi-10-2020-q4-major/bin/../lib/gcc/arm-none-eabi/10.2.1/../../../../arm-none-eabi/lib/thumb/v7e-m+fp/hard/libc_nano.a(lib_a-signalr.o)
                0x000000001fffb410                _getpid_r
 .text.__sread  0x000000001fffb414       0x22 /home/fdsa/sdk/gcc-arm-none-eabi-10-2020-q4-major/bin/../lib/gcc/arm-none-eabi/10.2.1/../../../../arm-none-eabi/lib/thumb/v7e-m+fp/hard/libc_nano.a(lib_a-stdio.o)
                0x000000001fffb414                __sread
 .text.__swrite
                0x000000001fffb436       0x38 /home/fdsa/sdk/gcc-arm-none-eabi-10-2020-q4-major/bin/../lib/gcc/arm-none-eabi/10.2.1/../../../../arm-none-eabi/lib/thumb/v7e-m+fp/hard/libc_nano.a(lib_a-stdio.o)
                0x000000001fffb436                __swrite
 .text.__sseek  0x000000001fffb46e       0x24 /home/fdsa/sdk/gcc-arm-none-eabi-10-2020-q4-major/bin/../lib/gcc/arm-none-eabi/10.2.1/../../../../arm-none-eabi/lib/thumb/v7e-m+fp/hard/libc_nano.a(lib_a-stdio.o)
                0x000000001fffb46e                __sseek
 .text.__sclose
                0x000000001fffb492        0x8 /home/fdsa/sdk/gcc-arm-none-eabi-10-2020-q4-major/bin/../lib/gcc/arm-none-eabi/10.2.1/../../../../arm-none-eabi/lib/thumb/v7e-m+fp/hard/libc_nano.a(lib_a-stdio.o)
                0x000000001fffb492                __sclose
 *fill*         0x000000001fffb49a        0x2 
 .text._write_r
                0x000000001fffb49c       0x24 /home/fdsa/sdk/gcc-arm-none-eabi-10-2020-q4-major/bin/../lib/gcc/arm-none-eabi/10.2.1/../../../../arm-none-eabi/lib/thumb/v7e-m+fp/hard/libc_nano.a(lib_a-writer.o)
                0x000000001fffb49c                _write_r
 .text._close_r
                0x000000001fffb4c0       0x20 /home/fdsa/sdk/gcc-arm-none-eabi-10-2020-q4-major/bin/../lib/gcc/arm-none-eabi/10.2.1/../../../../arm-none-eabi/lib/thumb/v7e-m+fp/hard/libc_nano.a(lib_a-closer.o)
                0x000000001fffb4c0                _close_r
 .text._fstat_r
                0x000000001fffb4e0       0x24 /home/fdsa/sdk/gcc-arm-none-eabi-10-2020-q4-major/bin/../lib/gcc/arm-none-eabi/10.2.1/../../../../arm-none-eabi/lib/thumb/v7e-m+fp/hard/libc_nano.a(lib_a-fstatr.o)
                0x000000001fffb4e0                _fstat_r
 .text._isatty_r
                0x000000001fffb504       0x20 /home/fdsa/sdk/gcc-arm-none-eabi-10-2020-q4-major/bin/../lib/gcc/arm-none-eabi/10.2.1/../../../../arm-none-eabi/lib/thumb/v7e-m+fp/hard/libc_nano.a(lib_a-isattyr.o)
                0x000000001fffb504                _isatty_r
 .text._lseek_r
                0x000000001fffb524       0x24 /home/fdsa/sdk/gcc-arm-none-eabi-10-2020-q4-major/bin/../lib/gcc/arm-none-eabi/10.2.1/../../../../arm-none-eabi/lib/thumb/v7e-m+fp/hard/libc_nano.a(lib_a-lseekr.o)
                0x000000001fffb524                _lseek_r
 .text.__malloc_lock
                0x000000001fffb548        0xc /home/fdsa/sdk/gcc-arm-none-eabi-10-2020-q4-major/bin/../lib/gcc/arm-none-eabi/10.2.1/../../../../arm-none-eabi/lib/thumb/v7e-m+fp/hard/libc_nano.a(lib_a-mlock.o)
                0x000000001fffb548                __malloc_lock
 .text.__malloc_unlock
                0x000000001fffb554        0xc /home/fdsa/sdk/gcc-arm-none-eabi-10-2020-q4-major/bin/../lib/gcc/arm-none-eabi/10.2.1/../../../../arm-none-eabi/lib/thumb/v7e-m+fp/hard/libc_nano.a(lib_a-mlock.o)
                0x000000001fffb554                __malloc_unlock
 .text._read_r  0x000000001fffb560       0x24 /home/fdsa/sdk/gcc-arm-none-eabi-10-2020-q4-major/bin/../lib/gcc/arm-none-eabi/10.2.1/../../../../arm-none-eabi/lib/thumb/v7e-m+fp/hard/libc_nano.a(lib_a-readr.o)
                0x000000001fffb560                _read_r
 .text._close   0x000000001fffb584       0x10 /home/fdsa/sdk/gcc-arm-none-eabi-10-2020-q4-major/bin/../lib/gcc/arm-none-eabi/10.2.1/../../../../arm-none-eabi/lib/thumb/v7e-m+fp/hard/libnosys.a(close.o)
                0x000000001fffb584                _close
 .text._fstat   0x000000001fffb594       0x10 /home/fdsa/sdk/gcc-arm-none-eabi-10-2020-q4-major/bin/../lib/gcc/arm-none-eabi/10.2.1/../../../../arm-none-eabi/lib/thumb/v7e-m+fp/hard/libnosys.a(fstat.o)
                0x000000001fffb594                _fstat
 .text._getpid  0x000000001fffb5a4       0x10 /home/fdsa/sdk/gcc-arm-none-eabi-10-2020-q4-major/bin/../lib/gcc/arm-none-eabi/10.2.1/../../../../arm-none-eabi/lib/thumb/v7e-m+fp/hard/libnosys.a(getpid.o)
                0x000000001fffb5a4                _getpid
 .text._isatty  0x000000001fffb5b4       0x10 /home/fdsa/sdk/gcc-arm-none-eabi-10-2020-q4-major/bin/../lib/gcc/arm-none-eabi/10.2.1/../../../../arm-none-eabi/lib/thumb/v7e-m+fp/hard/libnosys.a(isatty.o)
                0x000000001fffb5b4                _isatty
 .text._kill    0x000000001fffb5c4       0x10 /home/fdsa/sdk/gcc-arm-none-eabi-10-2020-q4-major/bin/../lib/gcc/arm-none-eabi/10.2.1/../../../../arm-none-eabi/lib/thumb/v7e-m+fp/hard/libnosys.a(kill.o)
                0x000000001fffb5c4                _kill
 .text._lseek   0x000000001fffb5d4       0x10 /home/fdsa/sdk/gcc-arm-none-eabi-10-2020-q4-major/bin/../lib/gcc/arm-none-eabi/10.2.1/../../../../arm-none-eabi/lib/thumb/v7e-m+fp/hard/libnosys.a(lseek.o)
                0x000000001fffb5d4                _lseek
 .text._sbrk    0x000000001fffb5e4       0x1c /home/fdsa/sdk/gcc-arm-none-eabi-10-2020-q4-major/bin/../lib/gcc/arm-none-eabi/10.2.1/../../../../arm-none-eabi/lib/thumb/v7e-m+fp/hard/libnosys.a(sbrk.o)
                0x000000001fffb5e4                _sbrk
 .text._exit    0x000000001fffb600        0x4 /home/fdsa/sdk/gcc-arm-none-eabi-10-2020-q4-major/bin/../lib/gcc/arm-none-eabi/10.2.1/../../../../arm-none-eabi/lib/thumb/v7e-m+fp/hard/libnosys.a(_exit.o)
                0x000000001fffb600                _exit
 *(.rodata)
 .rodata        0x000000001fffb604        0x6 CMakeFiles/blinking_imx_demo.dir/home/fdsa/eclipse-workspace/gpio_comunication/examples/imx7_colibri_m4/demo_apps/blinking_imx_demo/gpt_timer.c.obj
 *(.rodata*)
 .rodata.CCM_SetRootDivider.str1.1
                0x000000001fffb60a       0x62 CMakeFiles/blinking_imx_demo.dir/home/fdsa/eclipse-workspace/gpio_comunication/platform/drivers/src/ccm_imx7d.c.obj
 .rodata.CCM_GetRootDivider.str1.1
                0x000000001fffb66c        0xc CMakeFiles/blinking_imx_demo.dir/home/fdsa/eclipse-workspace/gpio_comunication/platform/drivers/src/ccm_imx7d.c.obj
 .rodata.__func__.0
                0x000000001fffb678        0xf CMakeFiles/blinking_imx_demo.dir/home/fdsa/eclipse-workspace/gpio_comunication/platform/drivers/src/ccm_imx7d.c.obj
 .rodata.__func__.1
                0x000000001fffb687       0x13 CMakeFiles/blinking_imx_demo.dir/home/fdsa/eclipse-workspace/gpio_comunication/platform/drivers/src/ccm_imx7d.c.obj
 .rodata.GPIO_WritePinOutput.str1.1
                0x000000001fffb69a       0x58 CMakeFiles/blinking_imx_demo.dir/home/fdsa/eclipse-workspace/gpio_comunication/platform/drivers/src/gpio_imx.c.obj
 .rodata.__func__.1
                0x000000001fffb6f2       0x13 CMakeFiles/blinking_imx_demo.dir/home/fdsa/eclipse-workspace/gpio_comunication/platform/drivers/src/gpio_imx.c.obj
 .rodata.__func__.2
                0x000000001fffb705       0x14 CMakeFiles/blinking_imx_demo.dir/home/fdsa/eclipse-workspace/gpio_comunication/platform/drivers/src/gpio_imx.c.obj
 .rodata.GPT_Init.str1.1
                0x000000001fffb719       0x55 CMakeFiles/blinking_imx_demo.dir/home/fdsa/eclipse-workspace/gpio_comunication/platform/drivers/src/gpt.c.obj
 .rodata.GPT_SetClockSource.str1.1
                0x000000001fffb76e       0x1c CMakeFiles/blinking_imx_demo.dir/home/fdsa/eclipse-workspace/gpio_comunication/platform/drivers/src/gpt.c.obj
 .rodata.__func__.0
                0x000000001fffb78a       0x13 CMakeFiles/blinking_imx_demo.dir/home/fdsa/eclipse-workspace/gpio_comunication/platform/drivers/src/gpt.c.obj
 .rodata.__func__.1
                0x000000001fffb79d        0x9 CMakeFiles/blinking_imx_demo.dir/home/fdsa/eclipse-workspace/gpio_comunication/platform/drivers/src/gpt.c.obj
 .rodata.UART_Init.str1.1
                0x000000001fffb7a6       0x4f CMakeFiles/blinking_imx_demo.dir/home/fdsa/eclipse-workspace/gpio_comunication/platform/drivers/src/uart_imx.c.obj
                                         0x5a (size before relaxing)
 .rodata.UART_SetModemMode.str1.1
                0x000000001fffb7f5       0x39 CMakeFiles/blinking_imx_demo.dir/home/fdsa/eclipse-workspace/gpio_comunication/platform/drivers/src/uart_imx.c.obj
 .rodata.CSWTCH.7
                0x000000001fffb82e        0x6 CMakeFiles/blinking_imx_demo.dir/home/fdsa/eclipse-workspace/gpio_comunication/platform/drivers/src/uart_imx.c.obj
 .rodata.__func__.2
                0x000000001fffb834       0x12 CMakeFiles/blinking_imx_demo.dir/home/fdsa/eclipse-workspace/gpio_comunication/platform/drivers/src/uart_imx.c.obj
 .rodata.__func__.4
                0x000000001fffb846        0xa CMakeFiles/blinking_imx_demo.dir/home/fdsa/eclipse-workspace/gpio_comunication/platform/drivers/src/uart_imx.c.obj
 .rodata.vTaskStartScheduler.str1.1
                0x000000001fffb850        0x5 CMakeFiles/blinking_imx_demo.dir/home/fdsa/eclipse-workspace/gpio_comunication/rtos/FreeRTOS/Source/tasks.c.obj
 .rodata.configure_gpio_pin.str1.1
                0x000000001fffb855       0x5b CMakeFiles/blinking_imx_demo.dir/home/fdsa/eclipse-workspace/gpio_comunication/examples/imx7_colibri_m4/gpio_pins.c.obj
 .rodata.str1.1
                0x000000001fffb8b0       0x48 CMakeFiles/blinking_imx_demo.dir/home/fdsa/eclipse-workspace/gpio_comunication/examples/imx7_colibri_m4/gpio_pins.c.obj
 .rodata.__func__.0
                0x000000001fffb8f8       0x13 CMakeFiles/blinking_imx_demo.dir/home/fdsa/eclipse-workspace/gpio_comunication/examples/imx7_colibri_m4/gpio_pins.c.obj
 .rodata.GPIO_ClearStatusFlag.part.0.str1.1
                0x000000001fffb90b       0x9a CMakeFiles/blinking_imx_demo.dir/home/fdsa/eclipse-workspace/gpio_comunication/examples/imx7_colibri_m4/demo_apps/blinking_imx_demo/gpio_ctrl.c.obj
                                         0xa3 (size before relaxing)
 .rodata.GPIO_Ctrl_WaitKeyPressed.str1.1
                0x000000001fffb9a5       0x39 CMakeFiles/blinking_imx_demo.dir/home/fdsa/eclipse-workspace/gpio_comunication/examples/imx7_colibri_m4/demo_apps/blinking_imx_demo/gpio_ctrl.c.obj
 .rodata.__func__.0
                0x000000001fffb9de       0x12 CMakeFiles/blinking_imx_demo.dir/home/fdsa/eclipse-workspace/gpio_comunication/examples/imx7_colibri_m4/demo_apps/blinking_imx_demo/gpio_ctrl.c.obj
 .rodata.__func__.1
                0x000000001fffb9f0       0x15 CMakeFiles/blinking_imx_demo.dir/home/fdsa/eclipse-workspace/gpio_comunication/examples/imx7_colibri_m4/demo_apps/blinking_imx_demo/gpio_ctrl.c.obj
 .rodata.Hw_Timer_Delay.str1.1
                0x000000001fffba05       0xb8 CMakeFiles/blinking_imx_demo.dir/home/fdsa/eclipse-workspace/gpio_comunication/examples/imx7_colibri_m4/demo_apps/blinking_imx_demo/gpt_timer.c.obj
 .rodata.__func__.1
                0x000000001fffbabd       0x11 CMakeFiles/blinking_imx_demo.dir/home/fdsa/eclipse-workspace/gpio_comunication/examples/imx7_colibri_m4/demo_apps/blinking_imx_demo/gpt_timer.c.obj
 .rodata.SwitchTask.str1.1
                0x000000001fffbace       0x29 CMakeFiles/blinking_imx_demo.dir/home/fdsa/eclipse-workspace/gpio_comunication/examples/imx7_colibri_m4/demo_apps/blinking_imx_demo/main.c.obj
 .rodata.main.str1.1
                0x000000001fffbaf7       0x4f CMakeFiles/blinking_imx_demo.dir/home/fdsa/eclipse-workspace/gpio_comunication/examples/imx7_colibri_m4/demo_apps/blinking_imx_demo/main.c.obj
 .rodata.__assert_func.str1.1
                0x000000001fffbb46       0x3c /home/fdsa/sdk/gcc-arm-none-eabi-10-2020-q4-major/bin/../lib/gcc/arm-none-eabi/10.2.1/../../../../arm-none-eabi/lib/thumb/v7e-m+fp/hard/libc_nano.a(lib_a-assert.o)
                                         0x3d (size before relaxing)
 *fill*         0x000000001fffbb82        0x2 
 .rodata._global_impure_ptr
                0x000000001fffbb84        0x4 /home/fdsa/sdk/gcc-arm-none-eabi-10-2020-q4-major/bin/../lib/gcc/arm-none-eabi/10.2.1/../../../../arm-none-eabi/lib/thumb/v7e-m+fp/hard/libc_nano.a(lib_a-impure.o)
                0x000000001fffbb84                _global_impure_ptr
 .rodata._vfprintf_r.str1.1
                0x000000001fffbb88       0x11 /home/fdsa/sdk/gcc-arm-none-eabi-10-2020-q4-major/bin/../lib/gcc/arm-none-eabi/10.2.1/../../../../arm-none-eabi/lib/thumb/v7e-m+fp/hard/libc_nano.a(lib_a-nano-vfprintf.o)
 .rodata._printf_i.str1.1
                0x000000001fffbb99       0x22 /home/fdsa/sdk/gcc-arm-none-eabi-10-2020-q4-major/bin/../lib/gcc/arm-none-eabi/10.2.1/../../../../arm-none-eabi/lib/thumb/v7e-m+fp/hard/libc_nano.a(lib_a-nano-vfprintf_i.o)
 *fill*         0x000000001fffbbbb        0x1 
 .rodata.__sf_fake_stderr
                0x000000001fffbbbc       0x20 /home/fdsa/sdk/gcc-arm-none-eabi-10-2020-q4-major/bin/../lib/gcc/arm-none-eabi/10.2.1/../../../../arm-none-eabi/lib/thumb/v7e-m+fp/hard/libc_nano.a(lib_a-findfp.o)
                0x000000001fffbbbc                __sf_fake_stderr
 .rodata.__sf_fake_stdin
                0x000000001fffbbdc       0x20 /home/fdsa/sdk/gcc-arm-none-eabi-10-2020-q4-major/bin/../lib/gcc/arm-none-eabi/10.2.1/../../../../arm-none-eabi/lib/thumb/v7e-m+fp/hard/libc_nano.a(lib_a-findfp.o)
                0x000000001fffbbdc                __sf_fake_stdin
 .rodata.__sf_fake_stdout
                0x000000001fffbbfc       0x20 /home/fdsa/sdk/gcc-arm-none-eabi-10-2020-q4-major/bin/../lib/gcc/arm-none-eabi/10.2.1/../../../../arm-none-eabi/lib/thumb/v7e-m+fp/hard/libc_nano.a(lib_a-findfp.o)
                0x000000001fffbbfc                __sf_fake_stdout
 *(.glue_7)
 .glue_7        0x000000001fffbc1c        0x0 linker stubs
 *(.glue_7t)
 .glue_7t       0x000000001fffbc1c        0x0 linker stubs
 *(.eh_frame)
 .eh_frame      0x000000001fffbc1c        0x0 /home/fdsa/sdk/gcc-arm-none-eabi-10-2020-q4-major/bin/../lib/gcc/arm-none-eabi/10.2.1/thumb/v7e-m+fp/hard/crtbegin.o
 *(.init)
 .init          0x000000001fffbc1c        0x4 /home/fdsa/sdk/gcc-arm-none-eabi-10-2020-q4-major/bin/../lib/gcc/arm-none-eabi/10.2.1/thumb/v7e-m+fp/hard/crti.o
                0x000000001fffbc1c                _init
 .init          0x000000001fffbc20        0x8 /home/fdsa/sdk/gcc-arm-none-eabi-10-2020-q4-major/bin/../lib/gcc/arm-none-eabi/10.2.1/thumb/v7e-m+fp/hard/crtn.o
 *(.fini)
 .fini          0x000000001fffbc28        0x4 /home/fdsa/sdk/gcc-arm-none-eabi-10-2020-q4-major/bin/../lib/gcc/arm-none-eabi/10.2.1/thumb/v7e-m+fp/hard/crti.o
                0x000000001fffbc28                _fini
 .fini          0x000000001fffbc2c        0x8 /home/fdsa/sdk/gcc-arm-none-eabi-10-2020-q4-major/bin/../lib/gcc/arm-none-eabi/10.2.1/thumb/v7e-m+fp/hard/crtn.o
                0x000000001fffbc34                . = ALIGN (0x4)

.vfp11_veneer   0x000000001fffbc34        0x0
 .vfp11_veneer  0x000000001fffbc34        0x0 linker stubs

.v4_bx          0x000000001fffbc34        0x0
 .v4_bx         0x000000001fffbc34        0x0 linker stubs

.iplt           0x000000001fffbc34        0x0
 .iplt          0x000000001fffbc34        0x0 /home/fdsa/sdk/gcc-arm-none-eabi-10-2020-q4-major/bin/../lib/gcc/arm-none-eabi/10.2.1/thumb/v7e-m+fp/hard/crtbegin.o

.ARM.extab
 *(.ARM.extab* .gnu.linkonce.armextab.*)

.ARM            0x000000001fffbc34        0x8
                0x000000001fffbc34                __exidx_start = .
 *(.ARM.exidx*)
 .ARM.exidx     0x000000001fffbc34        0x8 /home/fdsa/sdk/gcc-arm-none-eabi-10-2020-q4-major/bin/../lib/gcc/arm-none-eabi/10.2.1/../../../../arm-none-eabi/lib/thumb/v7e-m+fp/hard/crt0.o
                                         0x10 (size before relaxing)
 .ARM.exidx     0x000000001fffbc3c        0x0 /home/fdsa/sdk/gcc-arm-none-eabi-10-2020-q4-major/bin/../lib/gcc/arm-none-eabi/10.2.1/thumb/v7e-m+fp/hard/libgcc.a(_udivmoddi4.o)
                                          0x8 (size before relaxing)
                0x000000001fffbc3c                __exidx_end = .

.rel.dyn        0x000000001fffbc3c        0x0
 .rel.iplt      0x000000001fffbc3c        0x0 /home/fdsa/sdk/gcc-arm-none-eabi-10-2020-q4-major/bin/../lib/gcc/arm-none-eabi/10.2.1/thumb/v7e-m+fp/hard/crtbegin.o

.ctors          0x000000001fffbc3c        0x0
                0x000000001fffbc3c                __CTOR_LIST__ = .
 *crtbegin.o(.ctors)
 *crtbegin?.o(.ctors)
 *(EXCLUDE_FILE(*crtend.o *crtend?.o) .ctors)
 *(SORT_BY_NAME(.ctors.*))
 *(.ctors)
                0x000000001fffbc3c                __CTOR_END__ = .

.dtors          0x000000001fffbc3c        0x0
                0x000000001fffbc3c                __DTOR_LIST__ = .
 *crtbegin.o(.dtors)
 *crtbegin?.o(.dtors)
 *(EXCLUDE_FILE(*crtend.o *crtend?.o) .dtors)
 *(SORT_BY_NAME(.dtors.*))
 *(.dtors)
                0x000000001fffbc3c                __DTOR_END__ = .

.preinit_array  0x000000001fffbc3c        0x0
                0x000000001fffbc3c                PROVIDE (__preinit_array_start = .)
 *(.preinit_array*)
                0x000000001fffbc3c                PROVIDE (__preinit_array_end = .)

.init_array     0x000000001fffbc3c        0x4
                0x000000001fffbc3c                PROVIDE (__init_array_start = .)
 *(SORT_BY_NAME(.init_array.*))
 *(.init_array*)
 .init_array    0x000000001fffbc3c        0x4 /home/fdsa/sdk/gcc-arm-none-eabi-10-2020-q4-major/bin/../lib/gcc/arm-none-eabi/10.2.1/thumb/v7e-m+fp/hard/crtbegin.o
                0x000000001fffbc40                PROVIDE (__init_array_end = .)

.fini_array     0x000000001fffbc40        0x4
                [!provide]                        PROVIDE (__fini_array_start = .)
 *(SORT_BY_NAME(.fini_array.*))
 *(.fini_array*)
 .fini_array    0x000000001fffbc40        0x4 /home/fdsa/sdk/gcc-arm-none-eabi-10-2020-q4-major/bin/../lib/gcc/arm-none-eabi/10.2.1/thumb/v7e-m+fp/hard/crtbegin.o
                [!provide]                        PROVIDE (__fini_array_end = .)

.data           0x0000000020000000       0xa8
                0x0000000020000000                . = ALIGN (0x4)
 *(.data)
 *(.data*)
 .data.uxCriticalNesting
                0x0000000020000000        0x4 CMakeFiles/blinking_imx_demo.dir/home/fdsa/eclipse-workspace/gpio_comunication/rtos/FreeRTOS/Source/portable/GCC/ARM_CM4F/port.c.obj
 .data.xFreeBytesRemaining
                0x0000000020000004        0x4 CMakeFiles/blinking_imx_demo.dir/home/fdsa/eclipse-workspace/gpio_comunication/rtos/FreeRTOS/Source/portable/MemMang/heap_2.c.obj
 .data.gpioKeyFunc1
                0x0000000020000008       0x1c CMakeFiles/blinking_imx_demo.dir/home/fdsa/eclipse-workspace/gpio_comunication/examples/imx7_colibri_m4/gpio_pins.c.obj
                0x0000000020000008                gpioKeyFunc1
 .data.gpioLed  0x0000000020000024       0x1c CMakeFiles/blinking_imx_demo.dir/home/fdsa/eclipse-workspace/gpio_comunication/examples/imx7_colibri_m4/gpio_pins.c.obj
                0x0000000020000024                gpioLed
 .data.blinkingInterval
                0x0000000020000040        0x4 CMakeFiles/blinking_imx_demo.dir/home/fdsa/eclipse-workspace/gpio_comunication/examples/imx7_colibri_m4/demo_apps/blinking_imx_demo/main.c.obj
 .data._impure_ptr
                0x0000000020000044        0x4 /home/fdsa/sdk/gcc-arm-none-eabi-10-2020-q4-major/bin/../lib/gcc/arm-none-eabi/10.2.1/../../../../arm-none-eabi/lib/thumb/v7e-m+fp/hard/libc_nano.a(lib_a-impure.o)
                0x0000000020000044                _impure_ptr
 .data.impure_data
                0x0000000020000048       0x60 /home/fdsa/sdk/gcc-arm-none-eabi-10-2020-q4-major/bin/../lib/gcc/arm-none-eabi/10.2.1/../../../../arm-none-eabi/lib/thumb/v7e-m+fp/hard/libc_nano.a(lib_a-impure.o)
 *(.jcr*)
                0x00000000200000a8                . = ALIGN (0x4)

.igot.plt       0x00000000200000a8        0x0
 .igot.plt      0x00000000200000a8        0x0 /home/fdsa/sdk/gcc-arm-none-eabi-10-2020-q4-major/bin/../lib/gcc/arm-none-eabi/10.2.1/thumb/v7e-m+fp/hard/crtbegin.o

.bss            0x00000000200000a8     0x5150
                0x00000000200000a8                . = ALIGN (0x4)
                0x00000000200000a8                __START_BSS = .
                0x00000000200000a8                __bss_start__ = .
 *(.bss)
 .bss           0x00000000200000a8       0x1c /home/fdsa/sdk/gcc-arm-none-eabi-10-2020-q4-major/bin/../lib/gcc/arm-none-eabi/10.2.1/thumb/v7e-m+fp/hard/crtbegin.o
 *(.bss*)
 .bss.s_debugConsole
                0x00000000200000c4       0x10 CMakeFiles/blinking_imx_demo.dir/home/fdsa/eclipse-workspace/gpio_comunication/platform/utilities/src/debug_console_imx.c.obj
 .bss.ucMaxSysCallPriority
                0x00000000200000d4        0x1 CMakeFiles/blinking_imx_demo.dir/home/fdsa/eclipse-workspace/gpio_comunication/rtos/FreeRTOS/Source/portable/GCC/ARM_CM4F/port.c.obj
 *fill*         0x00000000200000d5        0x3 
 .bss.ulMaxPRIGROUPValue
                0x00000000200000d8        0x4 CMakeFiles/blinking_imx_demo.dir/home/fdsa/eclipse-workspace/gpio_comunication/rtos/FreeRTOS/Source/portable/GCC/ARM_CM4F/port.c.obj
 .bss.ucHeap    0x00000000200000dc     0x5000 CMakeFiles/blinking_imx_demo.dir/home/fdsa/eclipse-workspace/gpio_comunication/rtos/FreeRTOS/Source/portable/MemMang/heap_2.c.obj
 .bss.xEnd      0x00000000200050dc        0x8 CMakeFiles/blinking_imx_demo.dir/home/fdsa/eclipse-workspace/gpio_comunication/rtos/FreeRTOS/Source/portable/MemMang/heap_2.c.obj
 .bss.xHeapHasBeenInitialised.0
                0x00000000200050e4        0x4 CMakeFiles/blinking_imx_demo.dir/home/fdsa/eclipse-workspace/gpio_comunication/rtos/FreeRTOS/Source/portable/MemMang/heap_2.c.obj
 .bss.xStart    0x00000000200050e8        0x8 CMakeFiles/blinking_imx_demo.dir/home/fdsa/eclipse-workspace/gpio_comunication/rtos/FreeRTOS/Source/portable/MemMang/heap_2.c.obj
 .bss.pxCurrentTCB
                0x00000000200050f0        0x4 CMakeFiles/blinking_imx_demo.dir/home/fdsa/eclipse-workspace/gpio_comunication/rtos/FreeRTOS/Source/tasks.c.obj
                0x00000000200050f0                pxCurrentTCB
 .bss.pxDelayedTaskList
                0x00000000200050f4        0x4 CMakeFiles/blinking_imx_demo.dir/home/fdsa/eclipse-workspace/gpio_comunication/rtos/FreeRTOS/Source/tasks.c.obj
 .bss.pxOverflowDelayedTaskList
                0x00000000200050f8        0x4 CMakeFiles/blinking_imx_demo.dir/home/fdsa/eclipse-workspace/gpio_comunication/rtos/FreeRTOS/Source/tasks.c.obj
 .bss.pxReadyTasksLists
                0x00000000200050fc       0x64 CMakeFiles/blinking_imx_demo.dir/home/fdsa/eclipse-workspace/gpio_comunication/rtos/FreeRTOS/Source/tasks.c.obj
 .bss.uxCurrentNumberOfTasks
                0x0000000020005160        0x4 CMakeFiles/blinking_imx_demo.dir/home/fdsa/eclipse-workspace/gpio_comunication/rtos/FreeRTOS/Source/tasks.c.obj
 .bss.uxPendedTicks
                0x0000000020005164        0x4 CMakeFiles/blinking_imx_demo.dir/home/fdsa/eclipse-workspace/gpio_comunication/rtos/FreeRTOS/Source/tasks.c.obj
 .bss.uxSchedulerSuspended
                0x0000000020005168        0x4 CMakeFiles/blinking_imx_demo.dir/home/fdsa/eclipse-workspace/gpio_comunication/rtos/FreeRTOS/Source/tasks.c.obj
 .bss.uxTaskNumber
                0x000000002000516c        0x4 CMakeFiles/blinking_imx_demo.dir/home/fdsa/eclipse-workspace/gpio_comunication/rtos/FreeRTOS/Source/tasks.c.obj
 .bss.uxTopReadyPriority
                0x0000000020005170        0x4 CMakeFiles/blinking_imx_demo.dir/home/fdsa/eclipse-workspace/gpio_comunication/rtos/FreeRTOS/Source/tasks.c.obj
 .bss.xDelayedTaskList1
                0x0000000020005174       0x14 CMakeFiles/blinking_imx_demo.dir/home/fdsa/eclipse-workspace/gpio_comunication/rtos/FreeRTOS/Source/tasks.c.obj
 .bss.xDelayedTaskList2
                0x0000000020005188       0x14 CMakeFiles/blinking_imx_demo.dir/home/fdsa/eclipse-workspace/gpio_comunication/rtos/FreeRTOS/Source/tasks.c.obj
 .bss.xNextTaskUnblockTime
                0x000000002000519c        0x4 CMakeFiles/blinking_imx_demo.dir/home/fdsa/eclipse-workspace/gpio_comunication/rtos/FreeRTOS/Source/tasks.c.obj
 .bss.xNumOfOverflows
                0x00000000200051a0        0x4 CMakeFiles/blinking_imx_demo.dir/home/fdsa/eclipse-workspace/gpio_comunication/rtos/FreeRTOS/Source/tasks.c.obj
 .bss.xPendingReadyList
                0x00000000200051a4       0x14 CMakeFiles/blinking_imx_demo.dir/home/fdsa/eclipse-workspace/gpio_comunication/rtos/FreeRTOS/Source/tasks.c.obj
 .bss.xSchedulerRunning
                0x00000000200051b8        0x4 CMakeFiles/blinking_imx_demo.dir/home/fdsa/eclipse-workspace/gpio_comunication/rtos/FreeRTOS/Source/tasks.c.obj
 .bss.xSuspendedTaskList
                0x00000000200051bc       0x14 CMakeFiles/blinking_imx_demo.dir/home/fdsa/eclipse-workspace/gpio_comunication/rtos/FreeRTOS/Source/tasks.c.obj
 .bss.xTickCount
                0x00000000200051d0        0x4 CMakeFiles/blinking_imx_demo.dir/home/fdsa/eclipse-workspace/gpio_comunication/rtos/FreeRTOS/Source/tasks.c.obj
 .bss.xYieldPending
                0x00000000200051d4        0x4 CMakeFiles/blinking_imx_demo.dir/home/fdsa/eclipse-workspace/gpio_comunication/rtos/FreeRTOS/Source/tasks.c.obj
 .bss.on.2      0x00000000200051d8        0x1 CMakeFiles/blinking_imx_demo.dir/home/fdsa/eclipse-workspace/gpio_comunication/examples/imx7_colibri_m4/demo_apps/blinking_imx_demo/gpio_ctrl.c.obj
 *fill*         0x00000000200051d9        0x3 
 .bss.xSemaphore
                0x00000000200051dc        0x4 CMakeFiles/blinking_imx_demo.dir/home/fdsa/eclipse-workspace/gpio_comunication/examples/imx7_colibri_m4/demo_apps/blinking_imx_demo/gpio_ctrl.c.obj
 .bss.xSemaphore
                0x00000000200051e0        0x4 CMakeFiles/blinking_imx_demo.dir/home/fdsa/eclipse-workspace/gpio_comunication/examples/imx7_colibri_m4/demo_apps/blinking_imx_demo/gpt_timer.c.obj
 .bss.__lock___malloc_recursive_mutex
                0x00000000200051e4        0x1 /home/fdsa/sdk/gcc-arm-none-eabi-10-2020-q4-major/bin/../lib/gcc/arm-none-eabi/10.2.1/../../../../arm-none-eabi/lib/thumb/v7e-m+fp/hard/libc_nano.a(lib_a-lock.o)
                0x00000000200051e4                __lock___malloc_recursive_mutex
 .bss.__lock___sfp_recursive_mutex
                0x00000000200051e5        0x1 /home/fdsa/sdk/gcc-arm-none-eabi-10-2020-q4-major/bin/../lib/gcc/arm-none-eabi/10.2.1/../../../../arm-none-eabi/lib/thumb/v7e-m+fp/hard/libc_nano.a(lib_a-lock.o)
                0x00000000200051e5                __lock___sfp_recursive_mutex
 .bss.__lock___sinit_recursive_mutex
                0x00000000200051e6        0x1 /home/fdsa/sdk/gcc-arm-none-eabi-10-2020-q4-major/bin/../lib/gcc/arm-none-eabi/10.2.1/../../../../arm-none-eabi/lib/thumb/v7e-m+fp/hard/libc_nano.a(lib_a-lock.o)
                0x00000000200051e6                __lock___sinit_recursive_mutex
 *fill*         0x00000000200051e7        0x1 
 .bss.__malloc_free_list
                0x00000000200051e8        0x4 /home/fdsa/sdk/gcc-arm-none-eabi-10-2020-q4-major/bin/../lib/gcc/arm-none-eabi/10.2.1/../../../../arm-none-eabi/lib/thumb/v7e-m+fp/hard/libc_nano.a(lib_a-nano-mallocr.o)
                0x00000000200051e8                __malloc_free_list
 .bss.__malloc_sbrk_start
                0x00000000200051ec        0x4 /home/fdsa/sdk/gcc-arm-none-eabi-10-2020-q4-major/bin/../lib/gcc/arm-none-eabi/10.2.1/../../../../arm-none-eabi/lib/thumb/v7e-m+fp/hard/libc_nano.a(lib_a-nano-mallocr.o)
                0x00000000200051ec                __malloc_sbrk_start
 .bss.errno     0x00000000200051f0        0x4 /home/fdsa/sdk/gcc-arm-none-eabi-10-2020-q4-major/bin/../lib/gcc/arm-none-eabi/10.2.1/../../../../arm-none-eabi/lib/thumb/v7e-m+fp/hard/libc_nano.a(lib_a-reent.o)
                0x00000000200051f0                errno
 .bss.heap_end.0
                0x00000000200051f4        0x4 /home/fdsa/sdk/gcc-arm-none-eabi-10-2020-q4-major/bin/../lib/gcc/arm-none-eabi/10.2.1/../../../../arm-none-eabi/lib/thumb/v7e-m+fp/hard/libnosys.a(sbrk.o)
 *(COMMON)
                0x00000000200051f8                . = ALIGN (0x4)
                0x00000000200051f8                __bss_end__ = .
                0x00000000200051f8                __END_BSS = .

.heap           0x00000000200051f8      0x200
                0x00000000200051f8                . = ALIGN (0x8)
                0x00000000200051f8                __end__ = .
                0x00000000200051f8                PROVIDE (end = .)
                0x00000000200051f8                __HeapBase = .
                0x00000000200053f8                . = (. + HEAP_SIZE)
 *fill*         0x00000000200051f8      0x200 
                0x00000000200053f8                __HeapLimit = .

.stack          0x00000000200053f8      0x400
                0x00000000200053f8                . = ALIGN (0x8)
                0x00000000200057f8                . = (. + STACK_SIZE)
 *fill*         0x00000000200053f8      0x400 
                0x0000000020008000                __StackTop = (ORIGIN (m_data) + LENGTH (m_data))
                0x0000000020007c00                __StackLimit = (__StackTop - STACK_SIZE)
                0x0000000020008000                PROVIDE (__stack = __StackTop)

.ARM.attributes
                0x0000000000000000       0x30
 *(.ARM.attributes)
 .ARM.attributes
                0x0000000000000000       0x1e /home/fdsa/sdk/gcc-arm-none-eabi-10-2020-q4-major/bin/../lib/gcc/arm-none-eabi/10.2.1/thumb/v7e-m+fp/hard/crti.o
 .ARM.attributes
                0x000000000000001e       0x34 /home/fdsa/sdk/gcc-arm-none-eabi-10-2020-q4-major/bin/../lib/gcc/arm-none-eabi/10.2.1/thumb/v7e-m+fp/hard/crtbegin.o
 .ARM.attributes
                0x0000000000000052       0x1c /home/fdsa/sdk/gcc-arm-none-eabi-10-2020-q4-major/bin/../lib/gcc/arm-none-eabi/10.2.1/../../../../arm-none-eabi/lib/thumb/v7e-m+fp/hard/crt0.o
 .ARM.attributes
                0x000000000000006e       0x1f CMakeFiles/blinking_imx_demo.dir/home/fdsa/eclipse-workspace/gpio_comunication/platform/devices/MCIMX7D/startup/gcc/startup_MCIMX7D_M4.S.obj
 .ARM.attributes
                0x000000000000008d       0x34 CMakeFiles/blinking_imx_demo.dir/home/fdsa/eclipse-workspace/gpio_comunication/platform/devices/MCIMX7D/startup/system_MCIMX7D_M4.c.obj
 .ARM.attributes
                0x00000000000000c1       0x34 CMakeFiles/blinking_imx_demo.dir/home/fdsa/eclipse-workspace/gpio_comunication/platform/drivers/src/ccm_analog_imx7d.c.obj
 .ARM.attributes
                0x00000000000000f5       0x34 CMakeFiles/blinking_imx_demo.dir/home/fdsa/eclipse-workspace/gpio_comunication/platform/drivers/src/ccm_imx7d.c.obj
 .ARM.attributes
                0x0000000000000129       0x34 CMakeFiles/blinking_imx_demo.dir/home/fdsa/eclipse-workspace/gpio_comunication/platform/drivers/src/gpio_imx.c.obj
 .ARM.attributes
                0x000000000000015d       0x34 CMakeFiles/blinking_imx_demo.dir/home/fdsa/eclipse-workspace/gpio_comunication/platform/drivers/src/gpt.c.obj
 .ARM.attributes
                0x0000000000000191       0x34 CMakeFiles/blinking_imx_demo.dir/home/fdsa/eclipse-workspace/gpio_comunication/platform/drivers/src/rdc_semaphore.c.obj
 .ARM.attributes
                0x00000000000001c5       0x34 CMakeFiles/blinking_imx_demo.dir/home/fdsa/eclipse-workspace/gpio_comunication/platform/drivers/src/uart_imx.c.obj
 .ARM.attributes
                0x00000000000001f9       0x34 CMakeFiles/blinking_imx_demo.dir/home/fdsa/eclipse-workspace/gpio_comunication/platform/utilities/src/debug_console_imx.c.obj
 .ARM.attributes
                0x000000000000022d       0x34 CMakeFiles/blinking_imx_demo.dir/home/fdsa/eclipse-workspace/gpio_comunication/platform/utilities/src/print_scan.c.obj
 .ARM.attributes
                0x0000000000000261       0x34 CMakeFiles/blinking_imx_demo.dir/home/fdsa/eclipse-workspace/gpio_comunication/rtos/FreeRTOS/Source/list.c.obj
 .ARM.attributes
                0x0000000000000295       0x34 CMakeFiles/blinking_imx_demo.dir/home/fdsa/eclipse-workspace/gpio_comunication/rtos/FreeRTOS/Source/portable/GCC/ARM_CM4F/port.c.obj
 .ARM.attributes
                0x00000000000002c9       0x34 CMakeFiles/blinking_imx_demo.dir/home/fdsa/eclipse-workspace/gpio_comunication/rtos/FreeRTOS/Source/portable/MemMang/heap_2.c.obj
 .ARM.attributes
                0x00000000000002fd       0x34 CMakeFiles/blinking_imx_demo.dir/home/fdsa/eclipse-workspace/gpio_comunication/rtos/FreeRTOS/Source/queue.c.obj
 .ARM.attributes
                0x0000000000000331       0x34 CMakeFiles/blinking_imx_demo.dir/home/fdsa/eclipse-workspace/gpio_comunication/rtos/FreeRTOS/Source/tasks.c.obj
 .ARM.attributes
                0x0000000000000365       0x34 CMakeFiles/blinking_imx_demo.dir/home/fdsa/eclipse-workspace/gpio_comunication/examples/imx7_colibri_m4/board.c.obj
 .ARM.attributes
                0x0000000000000399       0x34 CMakeFiles/blinking_imx_demo.dir/home/fdsa/eclipse-workspace/gpio_comunication/examples/imx7_colibri_m4/clock_freq.c.obj
 .ARM.attributes
                0x00000000000003cd       0x34 CMakeFiles/blinking_imx_demo.dir/home/fdsa/eclipse-workspace/gpio_comunication/examples/imx7_colibri_m4/gpio_pins.c.obj
 .ARM.attributes
                0x0000000000000401       0x34 CMakeFiles/blinking_imx_demo.dir/home/fdsa/eclipse-workspace/gpio_comunication/examples/imx7_colibri_m4/pin_mux.c.obj
 .ARM.attributes
                0x0000000000000435       0x34 CMakeFiles/blinking_imx_demo.dir/home/fdsa/eclipse-workspace/gpio_comunication/examples/imx7_colibri_m4/demo_apps/blinking_imx_demo/gpio_ctrl.c.obj
 .ARM.attributes
                0x0000000000000469       0x34 CMakeFiles/blinking_imx_demo.dir/home/fdsa/eclipse-workspace/gpio_comunication/examples/imx7_colibri_m4/demo_apps/blinking_imx_demo/gpt_timer.c.obj
 .ARM.attributes
                0x000000000000049d       0x34 CMakeFiles/blinking_imx_demo.dir/home/fdsa/eclipse-workspace/gpio_comunication/examples/imx7_colibri_m4/demo_apps/blinking_imx_demo/hardware_init.c.obj
 .ARM.attributes
                0x00000000000004d1       0x34 CMakeFiles/blinking_imx_demo.dir/home/fdsa/eclipse-workspace/gpio_comunication/examples/imx7_colibri_m4/demo_apps/blinking_imx_demo/main.c.obj
 .ARM.attributes
                0x0000000000000505       0x34 /home/fdsa/sdk/gcc-arm-none-eabi-10-2020-q4-major/bin/../lib/gcc/arm-none-eabi/10.2.1/../../../../arm-none-eabi/lib/thumb/v7e-m+fp/hard/libc_nano.a(lib_a-assert.o)
 .ARM.attributes
                0x0000000000000539       0x34 /home/fdsa/sdk/gcc-arm-none-eabi-10-2020-q4-major/bin/../lib/gcc/arm-none-eabi/10.2.1/../../../../arm-none-eabi/lib/thumb/v7e-m+fp/hard/libc_nano.a(lib_a-exit.o)
 .ARM.attributes
                0x000000000000056d       0x34 /home/fdsa/sdk/gcc-arm-none-eabi-10-2020-q4-major/bin/../lib/gcc/arm-none-eabi/10.2.1/../../../../arm-none-eabi/lib/thumb/v7e-m+fp/hard/libc_nano.a(lib_a-fprintf.o)
 .ARM.attributes
                0x00000000000005a1       0x32 /home/fdsa/sdk/gcc-arm-none-eabi-10-2020-q4-major/bin/../lib/gcc/arm-none-eabi/10.2.1/../../../../arm-none-eabi/lib/thumb/v7e-m+fp/hard/libc_nano.a(lib_a-impure.o)
 .ARM.attributes
                0x00000000000005d3       0x34 /home/fdsa/sdk/gcc-arm-none-eabi-10-2020-q4-major/bin/../lib/gcc/arm-none-eabi/10.2.1/../../../../arm-none-eabi/lib/thumb/v7e-m+fp/hard/libc_nano.a(lib_a-init.o)
 .ARM.attributes
                0x0000000000000607       0x34 /home/fdsa/sdk/gcc-arm-none-eabi-10-2020-q4-major/bin/../lib/gcc/arm-none-eabi/10.2.1/../../../../arm-none-eabi/lib/thumb/v7e-m+fp/hard/libc_nano.a(lib_a-memcpy-stub.o)
 .ARM.attributes
                0x000000000000063b       0x34 /home/fdsa/sdk/gcc-arm-none-eabi-10-2020-q4-major/bin/../lib/gcc/arm-none-eabi/10.2.1/../../../../arm-none-eabi/lib/thumb/v7e-m+fp/hard/libc_nano.a(lib_a-memset.o)
 .ARM.attributes
                0x000000000000066f       0x34 /home/fdsa/sdk/gcc-arm-none-eabi-10-2020-q4-major/bin/../lib/gcc/arm-none-eabi/10.2.1/../../../../arm-none-eabi/lib/thumb/v7e-m+fp/hard/libc_nano.a(lib_a-nano-vfprintf.o)
 .ARM.attributes
                0x00000000000006a3       0x34 /home/fdsa/sdk/gcc-arm-none-eabi-10-2020-q4-major/bin/../lib/gcc/arm-none-eabi/10.2.1/../../../../arm-none-eabi/lib/thumb/v7e-m+fp/hard/libc_nano.a(lib_a-nano-vfprintf_i.o)
 .ARM.attributes
                0x00000000000006d7       0x17 /home/fdsa/sdk/gcc-arm-none-eabi-10-2020-q4-major/bin/../lib/gcc/arm-none-eabi/10.2.1/../../../../arm-none-eabi/lib/thumb/v7e-m+fp/hard/libc_nano.a(lib_a-strlen.o)
 .ARM.attributes
                0x00000000000006ee       0x34 /home/fdsa/sdk/gcc-arm-none-eabi-10-2020-q4-major/bin/../lib/gcc/arm-none-eabi/10.2.1/../../../../arm-none-eabi/lib/thumb/v7e-m+fp/hard/libc_nano.a(lib_a-wbuf.o)
 .ARM.attributes
                0x0000000000000722       0x34 /home/fdsa/sdk/gcc-arm-none-eabi-10-2020-q4-major/bin/../lib/gcc/arm-none-eabi/10.2.1/../../../../arm-none-eabi/lib/thumb/v7e-m+fp/hard/libc_nano.a(lib_a-wsetup.o)
 .ARM.attributes
                0x0000000000000756       0x34 /home/fdsa/sdk/gcc-arm-none-eabi-10-2020-q4-major/bin/../lib/gcc/arm-none-eabi/10.2.1/../../../../arm-none-eabi/lib/thumb/v7e-m+fp/hard/libc_nano.a(lib_a-abort.o)
 .ARM.attributes
                0x000000000000078a       0x34 /home/fdsa/sdk/gcc-arm-none-eabi-10-2020-q4-major/bin/../lib/gcc/arm-none-eabi/10.2.1/../../../../arm-none-eabi/lib/thumb/v7e-m+fp/hard/libc_nano.a(lib_a-fflush.o)
 .ARM.attributes
                0x00000000000007be       0x34 /home/fdsa/sdk/gcc-arm-none-eabi-10-2020-q4-major/bin/../lib/gcc/arm-none-eabi/10.2.1/../../../../arm-none-eabi/lib/thumb/v7e-m+fp/hard/libc_nano.a(lib_a-findfp.o)
 .ARM.attributes
                0x00000000000007f2       0x34 /home/fdsa/sdk/gcc-arm-none-eabi-10-2020-q4-major/bin/../lib/gcc/arm-none-eabi/10.2.1/../../../../arm-none-eabi/lib/thumb/v7e-m+fp/hard/libc_nano.a(lib_a-fwalk.o)
 .ARM.attributes
                0x0000000000000826       0x34 /home/fdsa/sdk/gcc-arm-none-eabi-10-2020-q4-major/bin/../lib/gcc/arm-none-eabi/10.2.1/../../../../arm-none-eabi/lib/thumb/v7e-m+fp/hard/libc_nano.a(lib_a-lock.o)
 .ARM.attributes
                0x000000000000085a       0x34 /home/fdsa/sdk/gcc-arm-none-eabi-10-2020-q4-major/bin/../lib/gcc/arm-none-eabi/10.2.1/../../../../arm-none-eabi/lib/thumb/v7e-m+fp/hard/libc_nano.a(lib_a-makebuf.o)
 .ARM.attributes
                0x000000000000088e       0x1c /home/fdsa/sdk/gcc-arm-none-eabi-10-2020-q4-major/bin/../lib/gcc/arm-none-eabi/10.2.1/../../../../arm-none-eabi/lib/thumb/v7e-m+fp/hard/libc_nano.a(lib_a-memchr.o)
 .ARM.attributes
                0x00000000000008aa       0x34 /home/fdsa/sdk/gcc-arm-none-eabi-10-2020-q4-major/bin/../lib/gcc/arm-none-eabi/10.2.1/../../../../arm-none-eabi/lib/thumb/v7e-m+fp/hard/libc_nano.a(lib_a-nano-freer.o)
 .ARM.attributes
                0x00000000000008de       0x34 /home/fdsa/sdk/gcc-arm-none-eabi-10-2020-q4-major/bin/../lib/gcc/arm-none-eabi/10.2.1/../../../../arm-none-eabi/lib/thumb/v7e-m+fp/hard/libc_nano.a(lib_a-nano-mallocr.o)
 .ARM.attributes
                0x0000000000000912       0x34 /home/fdsa/sdk/gcc-arm-none-eabi-10-2020-q4-major/bin/../lib/gcc/arm-none-eabi/10.2.1/../../../../arm-none-eabi/lib/thumb/v7e-m+fp/hard/libc_nano.a(lib_a-sbrkr.o)
 .ARM.attributes
                0x0000000000000946       0x34 /home/fdsa/sdk/gcc-arm-none-eabi-10-2020-q4-major/bin/../lib/gcc/arm-none-eabi/10.2.1/../../../../arm-none-eabi/lib/thumb/v7e-m+fp/hard/libc_nano.a(lib_a-signal.o)
 .ARM.attributes
                0x000000000000097a       0x34 /home/fdsa/sdk/gcc-arm-none-eabi-10-2020-q4-major/bin/../lib/gcc/arm-none-eabi/10.2.1/../../../../arm-none-eabi/lib/thumb/v7e-m+fp/hard/libc_nano.a(lib_a-signalr.o)
 .ARM.attributes
                0x00000000000009ae       0x34 /home/fdsa/sdk/gcc-arm-none-eabi-10-2020-q4-major/bin/../lib/gcc/arm-none-eabi/10.2.1/../../../../arm-none-eabi/lib/thumb/v7e-m+fp/hard/libc_nano.a(lib_a-stdio.o)
 .ARM.attributes
                0x00000000000009e2       0x34 /home/fdsa/sdk/gcc-arm-none-eabi-10-2020-q4-major/bin/../lib/gcc/arm-none-eabi/10.2.1/../../../../arm-none-eabi/lib/thumb/v7e-m+fp/hard/libc_nano.a(lib_a-writer.o)
 .ARM.attributes
                0x0000000000000a16       0x34 /home/fdsa/sdk/gcc-arm-none-eabi-10-2020-q4-major/bin/../lib/gcc/arm-none-eabi/10.2.1/../../../../arm-none-eabi/lib/thumb/v7e-m+fp/hard/libc_nano.a(lib_a-closer.o)
 .ARM.attributes
                0x0000000000000a4a       0x34 /home/fdsa/sdk/gcc-arm-none-eabi-10-2020-q4-major/bin/../lib/gcc/arm-none-eabi/10.2.1/../../../../arm-none-eabi/lib/thumb/v7e-m+fp/hard/libc_nano.a(lib_a-fstatr.o)
 .ARM.attributes
                0x0000000000000a7e       0x34 /home/fdsa/sdk/gcc-arm-none-eabi-10-2020-q4-major/bin/../lib/gcc/arm-none-eabi/10.2.1/../../../../arm-none-eabi/lib/thumb/v7e-m+fp/hard/libc_nano.a(lib_a-isattyr.o)
 .ARM.attributes
                0x0000000000000ab2       0x34 /home/fdsa/sdk/gcc-arm-none-eabi-10-2020-q4-major/bin/../lib/gcc/arm-none-eabi/10.2.1/../../../../arm-none-eabi/lib/thumb/v7e-m+fp/hard/libc_nano.a(lib_a-lseekr.o)
 .ARM.attributes
                0x0000000000000ae6       0x34 /home/fdsa/sdk/gcc-arm-none-eabi-10-2020-q4-major/bin/../lib/gcc/arm-none-eabi/10.2.1/../../../../arm-none-eabi/lib/thumb/v7e-m+fp/hard/libc_nano.a(lib_a-mlock.o)
 .ARM.attributes
                0x0000000000000b1a       0x34 /home/fdsa/sdk/gcc-arm-none-eabi-10-2020-q4-major/bin/../lib/gcc/arm-none-eabi/10.2.1/../../../../arm-none-eabi/lib/thumb/v7e-m+fp/hard/libc_nano.a(lib_a-readr.o)
 .ARM.attributes
                0x0000000000000b4e       0x34 /home/fdsa/sdk/gcc-arm-none-eabi-10-2020-q4-major/bin/../lib/gcc/arm-none-eabi/10.2.1/../../../../arm-none-eabi/lib/thumb/v7e-m+fp/hard/libc_nano.a(lib_a-reent.o)
 .ARM.attributes
                0x0000000000000b82       0x1e /home/fdsa/sdk/gcc-arm-none-eabi-10-2020-q4-major/bin/../lib/gcc/arm-none-eabi/10.2.1/thumb/v7e-m+fp/hard/libgcc.a(_aeabi_uldivmod.o)
 .ARM.attributes
                0x0000000000000ba0       0x34 /home/fdsa/sdk/gcc-arm-none-eabi-10-2020-q4-major/bin/../lib/gcc/arm-none-eabi/10.2.1/thumb/v7e-m+fp/hard/libgcc.a(_udivmoddi4.o)
 .ARM.attributes
                0x0000000000000bd4       0x1e /home/fdsa/sdk/gcc-arm-none-eabi-10-2020-q4-major/bin/../lib/gcc/arm-none-eabi/10.2.1/thumb/v7e-m+fp/hard/libgcc.a(_dvmd_tls.o)
 .ARM.attributes
                0x0000000000000bf2       0x34 /home/fdsa/sdk/gcc-arm-none-eabi-10-2020-q4-major/bin/../lib/gcc/arm-none-eabi/10.2.1/../../../../arm-none-eabi/lib/thumb/v7e-m+fp/hard/libnosys.a(close.o)
 .ARM.attributes
                0x0000000000000c26       0x34 /home/fdsa/sdk/gcc-arm-none-eabi-10-2020-q4-major/bin/../lib/gcc/arm-none-eabi/10.2.1/../../../../arm-none-eabi/lib/thumb/v7e-m+fp/hard/libnosys.a(fstat.o)
 .ARM.attributes
                0x0000000000000c5a       0x34 /home/fdsa/sdk/gcc-arm-none-eabi-10-2020-q4-major/bin/../lib/gcc/arm-none-eabi/10.2.1/../../../../arm-none-eabi/lib/thumb/v7e-m+fp/hard/libnosys.a(getpid.o)
 .ARM.attributes
                0x0000000000000c8e       0x34 /home/fdsa/sdk/gcc-arm-none-eabi-10-2020-q4-major/bin/../lib/gcc/arm-none-eabi/10.2.1/../../../../arm-none-eabi/lib/thumb/v7e-m+fp/hard/libnosys.a(isatty.o)
 .ARM.attributes
                0x0000000000000cc2       0x34 /home/fdsa/sdk/gcc-arm-none-eabi-10-2020-q4-major/bin/../lib/gcc/arm-none-eabi/10.2.1/../../../../arm-none-eabi/lib/thumb/v7e-m+fp/hard/libnosys.a(kill.o)
 .ARM.attributes