Archive member included to satisfy reference by file (symbol)

c:/mingw/bin/bin/../lib/gcc/arm-none-eabi/10.2.1/../../../../arm-none-eabi/lib/thumb/v7e-m+fp/hard\libc_nano.a(lib_a-assert.o)
                              CMakeFiles/blinking_imx_demo.dir/30b4f094e9621763fcab2fafb1009930/platform/drivers/src/ccm_analog_imx7d.c.obj (__assert_func)
c:/mingw/bin/bin/../lib/gcc/arm-none-eabi/10.2.1/../../../../arm-none-eabi/lib/thumb/v7e-m+fp/hard\libc_nano.a(lib_a-exit.o)
                              c:/mingw/bin/bin/../lib/gcc/arm-none-eabi/10.2.1/../../../../arm-none-eabi/lib/thumb/v7e-m+fp/hard/crt0.o (exit)
c:/mingw/bin/bin/../lib/gcc/arm-none-eabi/10.2.1/../../../../arm-none-eabi/lib/thumb/v7e-m+fp/hard\libc_nano.a(lib_a-fprintf.o)
                              c:/mingw/bin/bin/../lib/gcc/arm-none-eabi/10.2.1/../../../../arm-none-eabi/lib/thumb/v7e-m+fp/hard\libc_nano.a(lib_a-assert.o) (fiprintf)
c:/mingw/bin/bin/../lib/gcc/arm-none-eabi/10.2.1/../../../../arm-none-eabi/lib/thumb/v7e-m+fp/hard\libc_nano.a(lib_a-impure.o)
                              c:/mingw/bin/bin/../lib/gcc/arm-none-eabi/10.2.1/../../../../arm-none-eabi/lib/thumb/v7e-m+fp/hard\libc_nano.a(lib_a-exit.o) (_global_impure_ptr)
c:/mingw/bin/bin/../lib/gcc/arm-none-eabi/10.2.1/../../../../arm-none-eabi/lib/thumb/v7e-m+fp/hard\libc_nano.a(lib_a-init.o)
                              c:/mingw/bin/bin/../lib/gcc/arm-none-eabi/10.2.1/../../../../arm-none-eabi/lib/thumb/v7e-m+fp/hard/crt0.o (__libc_init_array)
c:/mingw/bin/bin/../lib/gcc/arm-none-eabi/10.2.1/../../../../arm-none-eabi/lib/thumb/v7e-m+fp/hard\libc_nano.a(lib_a-memcpy-stub.o)
                              CMakeFiles/blinking_imx_demo.dir/e41c18c899352abe30012b71ac82fad3/gpio_comunication/rtos/FreeRTOS/Source/queue.c.obj (memcpy)
c:/mingw/bin/bin/../lib/gcc/arm-none-eabi/10.2.1/../../../../arm-none-eabi/lib/thumb/v7e-m+fp/hard\libc_nano.a(lib_a-memset.o)
                              c:/mingw/bin/bin/../lib/gcc/arm-none-eabi/10.2.1/../../../../arm-none-eabi/lib/thumb/v7e-m+fp/hard/crt0.o (memset)
c:/mingw/bin/bin/../lib/gcc/arm-none-eabi/10.2.1/../../../../arm-none-eabi/lib/thumb/v7e-m+fp/hard\libc_nano.a(lib_a-nano-vfprintf.o)
                              c:/mingw/bin/bin/../lib/gcc/arm-none-eabi/10.2.1/../../../../arm-none-eabi/lib/thumb/v7e-m+fp/hard\libc_nano.a(lib_a-fprintf.o) (_vfprintf_r)
c:/mingw/bin/bin/../lib/gcc/arm-none-eabi/10.2.1/../../../../arm-none-eabi/lib/thumb/v7e-m+fp/hard\libc_nano.a(lib_a-nano-vfprintf_i.o)
                              c:/mingw/bin/bin/../lib/gcc/arm-none-eabi/10.2.1/../../../../arm-none-eabi/lib/thumb/v7e-m+fp/hard\libc_nano.a(lib_a-nano-vfprintf.o) (_printf_i)
c:/mingw/bin/bin/../lib/gcc/arm-none-eabi/10.2.1/../../../../arm-none-eabi/lib/thumb/v7e-m+fp/hard\libc_nano.a(lib_a-strlen.o)
                              CMakeFiles/blinking_imx_demo.dir/30b4f094e9621763fcab2fafb1009930/platform/utilities/src/print_scan.c.obj (strlen)
c:/mingw/bin/bin/../lib/gcc/arm-none-eabi/10.2.1/../../../../arm-none-eabi/lib/thumb/v7e-m+fp/hard\libc_nano.a(lib_a-wbuf.o)
                              c:/mingw/bin/bin/../lib/gcc/arm-none-eabi/10.2.1/../../../../arm-none-eabi/lib/thumb/v7e-m+fp/hard\libc_nano.a(lib_a-nano-vfprintf.o) (__swbuf_r)
c:/mingw/bin/bin/../lib/gcc/arm-none-eabi/10.2.1/../../../../arm-none-eabi/lib/thumb/v7e-m+fp/hard\libc_nano.a(lib_a-wsetup.o)
                              c:/mingw/bin/bin/../lib/gcc/arm-none-eabi/10.2.1/../../../../arm-none-eabi/lib/thumb/v7e-m+fp/hard\libc_nano.a(lib_a-nano-vfprintf.o) (__swsetup_r)
c:/mingw/bin/bin/../lib/gcc/arm-none-eabi/10.2.1/../../../../arm-none-eabi/lib/thumb/v7e-m+fp/hard\libc_nano.a(lib_a-abort.o)
                              c:/mingw/bin/bin/../lib/gcc/arm-none-eabi/10.2.1/../../../../arm-none-eabi/lib/thumb/v7e-m+fp/hard\libc_nano.a(lib_a-assert.o) (abort)
c:/mingw/bin/bin/../lib/gcc/arm-none-eabi/10.2.1/../../../../arm-none-eabi/lib/thumb/v7e-m+fp/hard\libc_nano.a(lib_a-fflush.o)
                              c:/mingw/bin/bin/../lib/gcc/arm-none-eabi/10.2.1/../../../../arm-none-eabi/lib/thumb/v7e-m+fp/hard\libc_nano.a(lib_a-wbuf.o) (_fflush_r)
c:/mingw/bin/bin/../lib/gcc/arm-none-eabi/10.2.1/../../../../arm-none-eabi/lib/thumb/v7e-m+fp/hard\libc_nano.a(lib_a-findfp.o)
                              c:/mingw/bin/bin/../lib/gcc/arm-none-eabi/10.2.1/../../../../arm-none-eabi/lib/thumb/v7e-m+fp/hard\libc_nano.a(lib_a-nano-vfprintf.o) (__sinit)
c:/mingw/bin/bin/../lib/gcc/arm-none-eabi/10.2.1/../../../../arm-none-eabi/lib/thumb/v7e-m+fp/hard\libc_nano.a(lib_a-fvwrite.o)
                              c:/mingw/bin/bin/../lib/gcc/arm-none-eabi/10.2.1/../../../../arm-none-eabi/lib/thumb/v7e-m+fp/hard\libc_nano.a(lib_a-nano-vfprintf.o) (__sfvwrite_r)
c:/mingw/bin/bin/../lib/gcc/arm-none-eabi/10.2.1/../../../../arm-none-eabi/lib/thumb/v7e-m+fp/hard\libc_nano.a(lib_a-fwalk.o)
[...]
Memory Configuration

Name             Origin             Length             Attributes
m_interrupts     0x00000000         0x00000240         xr
m_text           0x1fff8000         0x00008000         xr
m_data           0x20000000         0x00008000         rw
*default*        0x00000000         0xffffffff

Linker script and memory map

LOAD c:/mingw/bin/bin/../lib/gcc/arm-none-eabi/10.2.1/thumb/v7e-m+fp/hard/crti.o
LOAD c:/mingw/bin/bin/../lib/gcc/arm-none-eabi/10.2.1/thumb/v7e-m+fp/hard/crtbegin.o
LOAD c:/mingw/bin/bin/../lib/gcc/arm-none-eabi/10.2.1/../../../../arm-none-eabi/lib/thumb/v7e-m+fp/hard/crt0.o
                0x00000400                __stack_size__ = 0x400
                0x00000200                __heap_size__ = 0x200
LOAD CMakeFiles/blinking_imx_demo.dir/8d1aac8f05fba6e9064178ac07815423/devices/MCIMX7D/startup/gcc/startup_MCIMX7D_M4.S.obj
LOAD CMakeFiles/blinking_imx_demo.dir/30b4f094e9621763fcab2fafb1009930/platform/devices/MCIMX7D/startup/system_MCIMX7D_M4.c.obj
LOAD CMakeFiles/blinking_imx_demo.dir/30b4f094e9621763fcab2fafb1009930/platform/drivers/src/ccm_analog_imx7d.c.obj
LOAD CMakeFiles/blinking_imx_demo.dir/e41c18c899352abe30012b71ac82fad3/gpio_comunication/platform/drivers/src/ccm_imx7d.c.obj
LOAD CMakeFiles/blinking_imx_demo.dir/e41c18c899352abe30012b71ac82fad3/gpio_comunication/platform/drivers/src/gpio_imx.c.obj
LOAD CMakeFiles/blinking_imx_demo.dir/e41c18c899352abe30012b71ac82fad3/gpio_comunication/platform/drivers/src/gpt.c.obj
LOAD CMakeFiles/blinking_imx_demo.dir/e41c18c899352abe30012b71ac82fad3/gpio_comunication/platform/drivers/src/lmem.c.obj
LOAD CMakeFiles/blinking_imx_demo.dir/e41c18c899352abe30012b71ac82fad3/gpio_comunication/platform/drivers/src/rdc.c.obj
LOAD CMakeFiles/blinking_imx_demo.dir/30b4f094e9621763fcab2fafb1009930/platform/drivers/src/rdc_semaphore.c.obj
LOAD CMakeFiles/blinking_imx_demo.dir/e41c18c899352abe30012b71ac82fad3/gpio_comunication/platform/drivers/src/uart_imx.c.obj
LOAD CMakeFiles/blinking_imx_demo.dir/e41c18c899352abe30012b71ac82fad3/gpio_comunication/platform/drivers/src/wdog_imx.c.obj
LOAD CMakeFiles/blinking_imx_demo.dir/30b4f094e9621763fcab2fafb1009930/platform/utilities/src/debug_console_imx.c.obj
LOAD CMakeFiles/blinking_imx_demo.dir/30b4f094e9621763fcab2fafb1009930/platform/utilities/src/print_scan.c.obj
LOAD CMakeFiles/blinking_imx_demo.dir/e41c18c899352abe30012b71ac82fad3/gpio_comunication/rtos/FreeRTOS/Source/croutine.c.obj
LOAD CMakeFiles/blinking_imx_demo.dir/30b4f094e9621763fcab2fafb1009930/rtos/FreeRTOS/Source/event_groups.c.obj
LOAD CMakeFiles/blinking_imx_demo.dir/e41c18c899352abe30012b71ac82fad3/gpio_comunication/rtos/FreeRTOS/Source/list.c.obj
LOAD CMakeFiles/blinking_imx_demo.dir/30b4f094e9621763fcab2fafb1009930/rtos/FreeRTOS/Source/portable/GCC/ARM_CM4F/port.c.obj
LOAD CMakeFiles/blinking_imx_demo.dir/30b4f094e9621763fcab2fafb1009930/rtos/FreeRTOS/Source/portable/MemMang/heap_2.c.obj
LOAD CMakeFiles/blinking_imx_demo.dir/e41c18c899352abe30012b71ac82fad3/gpio_comunication/rtos/FreeRTOS/Source/queue.c.obj
LOAD CMakeFiles/blinking_imx_demo.dir/e41c18c899352abe30012b71ac82fad3/gpio_comunication/rtos/FreeRTOS/Source/tasks.c.obj
LOAD CMakeFiles/blinking_imx_demo.dir/e41c18c899352abe30012b71ac82fad3/gpio_comunication/rtos/FreeRTOS/Source/timers.c.obj
LOAD CMakeFiles/blinking_imx_demo.dir/e41c18c899352abe30012b71ac82fad3/gpio_comunication/examples/imx7_colibri_m4/board.c.obj
LOAD CMakeFiles/blinking_imx_demo.dir/30b4f094e9621763fcab2fafb1009930/examples/imx7_colibri_m4/clock_freq.c.obj
LOAD CMakeFiles/blinking_imx_demo.dir/30b4f094e9621763fcab2fafb1009930/examples/imx7_colibri_m4/gpio_pins.c.obj
LOAD CMakeFiles/blinking_imx_demo.dir/e41c18c899352abe30012b71ac82fad3/gpio_comunication/examples/imx7_colibri_m4/pin_mux.c.obj
LOAD CMakeFiles/blinking_imx_demo.dir/931d4ce9420dc4d8c1a53ec9cdeb57e5/demo_apps/blinking_imx_demo/gpio_ctrl.c.obj
LOAD CMakeFiles/blinking_imx_demo.dir/931d4ce9420dc4d8c1a53ec9cdeb57e5/demo_apps/blinking_imx_demo/gpt_timer.c.obj
LOAD CMakeFiles/blinking_imx_demo.dir/931d4ce9420dc4d8c1a53ec9cdeb57e5/demo_apps/blinking_imx_demo/hardware_init.c.obj
LOAD CMakeFiles/blinking_imx_demo.dir/81025489247cf3b3bcd78fd49015c86f/imx7_colibri_m4/demo_apps/blinking_imx_demo/main.c.obj
START GROUP
LOAD c:/mingw/bin/bin/../lib/gcc/arm-none-eabi/10.2.1/../../../../arm-none-eabi/lib/thumb/v7e-m+fp/hard\libm.a
LOAD c:/mingw/bin/bin/../lib/gcc/arm-none-eabi/10.2.1/../../../../arm-none-eabi/lib/thumb/v7e-m+fp/hard\libc_nano.a
LOAD c:/mingw/bin/bin/../lib/gcc/arm-none-eabi/10.2.1/thumb/v7e-m+fp/hard\libgcc.a
LOAD c:/mingw/bin/bin/../lib/gcc/arm-none-eabi/10.2.1/../../../../arm-none-eabi/lib/thumb/v7e-m+fp/hard\libnosys.a
END GROUP
START GROUP
LOAD c:/mingw/bin/bin/../lib/gcc/arm-none-eabi/10.2.1/thumb/v7e-m+fp/hard\libgcc.a
LOAD c:/mingw/bin/bin/../lib/gcc/arm-none-eabi/10.2.1/../../../../arm-none-eabi/lib/thumb/v7e-m+fp/hard\libc_nano.a
END GROUP
START GROUP
LOAD c:/mingw/bin/bin/../lib/gcc/arm-none-eabi/10.2.1/thumb/v7e-m+fp/hard\libgcc.a
LOAD c:/mingw/bin/bin/../lib/gcc/arm-none-eabi/10.2.1/../../../../arm-none-eabi/lib/thumb/v7e-m+fp/hard\libc_nano.a
LOAD c:/mingw/bin/bin/../lib/gcc/arm-none-eabi/10.2.1/../../../../arm-none-eabi/lib/thumb/v7e-m+fp/hard\libnosys.a
END GROUP
START GROUP
LOAD c:/mingw/bin/bin/../lib/gcc/arm-none-eabi/10.2.1/thumb/v7e-m+fp/hard\libgcc.a
LOAD c:/mingw/bin/bin/../lib/gcc/arm-none-eabi/10.2.1/../../../../arm-none-eabi/lib/thumb/v7e-m+fp/hard\libc_nano.a
LOAD c:/mingw/bin/bin/../lib/gcc/arm-none-eabi/10.2.1/../../../../arm-none-eabi/lib/thumb/v7e-m+fp/hard\libnosys.a
END GROUP
LOAD c:/mingw/bin/bin/../lib/gcc/arm-none-eabi/10.2.1/thumb/v7e-m+fp/hard/crtend.o
LOAD c:/mingw/bin/bin/../lib/gcc/arm-none-eabi/10.2.1/thumb/v7e-m+fp/hard/crtn.o
                0x1fff8000                TCML_code = 0x1fff8000
                0x20000000                TCMU_system = 0x20000000
                0x00000000                OCRAM_S_code = 0x0
                0x00180000                OCRAM_S_system = 0x180000
                0x00900000                OCRAM_code = 0x900000
                0x20200000                OCRAM_system = 0x20200000
                0x00920000                OCRAM_EPDC_code = 0x920000
                0x20220000                OCRAM_EPDC_system = 0x20220000
                0x10000000                DDR_code = 0x10000000
                0x80000000                DDR_system = 0x80000000
                0x00000200                HEAP_SIZE = DEFINED (__heap_size__)?__heap_size__:0x400
                0x00000400                STACK_SIZE = DEFINED (__stack_size__)?__stack_size__:0x400
                0x00000000                __FLASH_START = ORIGIN (m_interrupts)
                0x20000000                __FLASH_END = (ORIGIN (m_text) + LENGTH (m_text))

.interrupts     0x00000000      0x240
                0x00000000                __VECTOR_TABLE = .
                0x00000000                . = ALIGN (0x4)
 *(.isr_vector)
 .isr_vector    0x00000000      0x240 CMakeFiles/blinking_imx_demo.dir/8d1aac8f05fba6e9064178ac07815423/devices/MCIMX7D/startup/gcc/startup_MCIMX7D_M4.S.obj
                0x00000000                __isr_vector
                0x00000240                . = ALIGN (0x4)

.text           0x1fff8000     0x38e8
                0x1fff8000                . = ALIGN (0x4)
 *(.text)
 .text          0x1fff8000       0x40 c:/mingw/bin/bin/../lib/gcc/arm-none-eabi/10.2.1/thumb/v7e-m+fp/hard/crtbegin.o
 .text          0x1fff8040       0x7c c:/mingw/bin/bin/../lib/gcc/arm-none-eabi/10.2.1/../../../../arm-none-eabi/lib/thumb/v7e-m+fp/hard/crt0.o
                0x1fff8040                _stack_init
                0x1fff8048                _start
                0x1fff8048                _mainCRTStartup
 .text          0x1fff80bc       0x24 CMakeFiles/blinking_imx_demo.dir/8d1aac8f05fba6e9064178ac07815423/devices/MCIMX7D/startup/gcc/startup_MCIMX7D_M4.S.obj
                0x1fff80bc                Reset_Handler
                0x1fff80dc                SAI3_Handler
                0x1fff80dc                DebugMon_Handler
                0x1fff80dc                USB_OH3_OTG2_1_Handler
                0x1fff80dc                GPIO3_INT31_16_Handler
                0x1fff80dc                eCSPI4_Handler
                0x1fff80dc                SIM2_Handler
                0x1fff80dc                FLEXCAN1_Handler
                0x1fff80dc                UART3_Handler
                0x1fff80dc                UART2_Handler
                0x1fff80dc                GPIO1_INT3_Handler
                0x1fff80dc                HardFault_Handler
                0x1fff80dc                SNVS_SECURITY_Handler
                0x1fff80dc                SEMA4_HS_M4_Handler
                0x1fff80dc                GPIO6_INT31_16_Handler
                0x1fff80dc                SRC_Handler
                0x1fff80dc                GPT2_Handler
                0x1fff80dc                CCM2_Handler
                0x1fff80dc                I2C1_Handler
                0x1fff80dc                CPU_CTI_Handler
                0x1fff80dc                NMI_Handler
                0x1fff80dc                SAI1_Handler
                0x1fff80dc                ENET2_MAC0_IRQ_Handler
                0x1fff80dc                KPP_Handler
                0x1fff80dc                USB_OTG1_Handler
                0x1fff80dc                MIPI_CSI_Handler
                0x1fff80dc                WDOG4_Handler
                0x1fff80dc                Reserved9_Handler
                0x1fff80dc                QSPI_Handler
                0x1fff80dc                CAAM_QUEUE_Handler
                0x1fff80dc                GPIO2_INT15_0_Handler
                0x1fff80dc                PCIE_CTRL4_Handler
                0x1fff80dc                uSDHC2_Handler
                0x1fff80dc                GPIO1_INT6_Handler
                0x1fff80dc                PCIE_CTRL_REQUEST_Handler
                0x1fff80dc                SCTR1_Handler
                0x1fff80dc                RDC_Handler
                0x1fff80dc                EPDC_Handler
                0x1fff80dc                CCM1_Handler
                0x1fff80dc                UsageFault_Handler
                0x1fff80dc                ADC1_Handler
                0x1fff80dc                GPIO1_INT0_Handler
                0x1fff80dc                Analog_brown_out_Handler
                0x1fff80dc                PXP2_Handler
                0x1fff80dc                SEMA4_HS_A7_Handler
                0x1fff80dc                RTIC_Handler
                0x1fff80dc                DefaultISR
                0x1fff80dc                GPIO6_INT15_0_Handler
                0x1fff80dc                SCTR2_Handler
                0x1fff80dc                WDOG3_Handler
                0x1fff80dc                USB_OH2_OTG_Handler
                0x1fff80dc                SAI2_Handler
                0x1fff80dc                GPIO3_INT15_0_Handler
                0x1fff80dc                FTM2_Handler
                0x1fff80dc                eCSPI1_Handler
                0x1fff80dc                GPC_Handler
                0x1fff80dc                GPIO1_INT15_0_Handler
                0x1fff80dc                UART1_Handler
                0x1fff80dc                ENET1_MAC0_TRANS2_Handler
                0x1fff80dc                eCSPI3_Handler
                0x1fff80dc                BCH_Handler
                0x1fff80dc                ENET2_MAC0_TRANS1_Handler
                0x1fff80dc                CAAM_ERROR_Handler
                0x1fff80dc                Analog_TempSensor_Handler
                0x1fff80dc                PXP1_Handler
                0x1fff80dc                SNVS_Handler
                0x1fff80dc                GPT4_Handler
                0x1fff80dc                ENET2_MAC0_TRANS2_Handler
                0x1fff80dc                GPMI_Handler
                0x1fff80dc                I2C4_Handler
                0x1fff80dc                CCM_SRC_GPC_Handler
                0x1fff80dc                CPU_Handler
                0x1fff80dc                UART4_Handler
                0x1fff80dc                GPIO1_INT1_Handler
                0x1fff80dc                uSDHC3_Handler
                0x1fff80dc                EIM_Handler
                0x1fff80dc                PWM1_Handler
                0x1fff80dc                ENET2_1588_TIMER_IRQ_Handler
                0x1fff80dc                UART6_Handler
                0x1fff80dc                GPIO1_INT4_Handler
                0x1fff80dc                GPIO1_INT31_16_Handler
                0x1fff80dc                APBHDMA_Handler
                0x1fff80dc                uSDHC1_Handler
                0x1fff80dc                DBGMON_Handler
                0x1fff80dc                UART7_Handler
                0x1fff80dc                SDMA_Handler
                0x1fff80dc                GPT1_Handler
                0x1fff80dc                PWM3_Handler
                0x1fff80dc                PCIE_CTRL2_Handler
                0x1fff80dc                MemManage_Handler
                0x1fff80dc                GPIO5_INT31_16_Handler
                0x1fff80dc                TZASC1_Handler
                0x1fff80dc                I2C2_Handler
                0x1fff80dc                DAP_Handler
                0x1fff80dc                GPIO4_INT15_0_Handler
                0x1fff80dc                CSI_Handler
                0x1fff80dc                eCSPI2_Handler
                0x1fff80dc                ENET1_1588_TIMER_Handler
                0x1fff80dc                WDOG2_Handler
                0x1fff80dc                FLEXCAN2_Handler
                0x1fff80dc                PCIE_CTRL1_Handler
                0x1fff80dc                PCIE_CTRL3_Handler
                0x1fff80dc                GPIO1_INT5_Handler
                0x1fff80dc                CAAM_WRAPPER2_Handler
                0x1fff80dc                SNVS_CONSOLIDATED_Handler
                0x1fff80dc                CAAM_WRAPPER1_Handler
                0x1fff80dc                GPIO4_INT31_16_Handler
                0x1fff80dc                GPIO1_INT2_Handler
                0x1fff80dc                LCDIF_Handler
                0x1fff80dc                UART5_Handler
                0x1fff80dc                PERFMON1_Handler
                0x1fff80dc                GPIO1_INT7_Handler
                0x1fff80dc                I2C3_Handler
                0x1fff80dc                CSU_Handler
                0x1fff80dc                MIPI_DSI_Handler
                0x1fff80dc                PWM2_Handler
                0x1fff80dc                GPR_Handler
                0x1fff80dc                SIM1_Handler
                0x1fff80dc                USB_OTG2_Handler
                0x1fff80dc                ENET1_MAC0_TRANS1_Handler
                0x1fff80dc                BusFault_Handler
                0x1fff80dc                MU_M4_Handler
                0x1fff80dc                USB_OH3_OTG2_2_Handler
                0x1fff80dc                ENET1_MAC0_Handler
                0x1fff80dc                PERFMON2_Handler
                0x1fff80dc                GPIO7_INT31_16_Handler
                0x1fff80dc                PWM4_Handler
                0x1fff80dc                GPIO2_INT31_16_Handler
                0x1fff80dc                FTM1_Handler
                0x1fff80dc                GPIO7_INT15_0_Handler
                0x1fff80dc                WDOG1_Handler
                0x1fff80dc                MU_A7_Handler
                0x1fff80dc                ADC2_Handler
                0x1fff80dc                TPR_Handler
 .text          0x1fff80e0       0x10 c:/mingw/bin/bin/../lib/gcc/arm-none-eabi/10.2.1/../../../../arm-none-eabi/lib/thumb/v7e-m+fp/hard\libc_nano.a(lib_a-strlen.o)
                0x1fff80e0                strlen
 .text          0x1fff80f0       0xa0 c:/mingw/bin/bin/../lib/gcc/arm-none-eabi/10.2.1/../../../../arm-none-eabi/lib/thumb/v7e-m+fp/hard\libc_nano.a(lib_a-memchr.o)
                0x1fff80f0                memchr
 *(.text*)
 .text.SystemInit
                0x1fff8190      0x108 CMakeFiles/blinking_imx_demo.dir/30b4f094e9621763fcab2fafb1009930/platform/devices/MCIMX7D/startup/system_MCIMX7D_M4.c.obj
                0x1fff8190                SystemInit
 .text.CCM_ANALOG_GetSysPllFreq
                0x1fff8298       0x30 CMakeFiles/blinking_imx_demo.dir/30b4f094e9621763fcab2fafb1009930/platform/drivers/src/ccm_analog_imx7d.c.obj
                0x1fff8298                CCM_ANALOG_GetSysPllFreq
 .text.CCM_GetRootDivider
                0x1fff82c8       0x30 CMakeFiles/blinking_imx_demo.dir/e41c18c899352abe30012b71ac82fad3/gpio_comunication/platform/drivers/src/ccm_imx7d.c.obj
                0x1fff82c8                CCM_GetRootDivider
 .text.CCM_UpdateRoot
                0x1fff82f8       0x4c CMakeFiles/blinking_imx_demo.dir/e41c18c899352abe30012b71ac82fad3/gpio_comunication/platform/drivers/src/ccm_imx7d.c.obj
                0x1fff82f8                CCM_UpdateRoot
 .text.GPIO_Init
                0x1fff8344       0x84 CMakeFiles/blinking_imx_demo.dir/e41c18c899352abe30012b71ac82fad3/gpio_comunication/platform/drivers/src/gpio_imx.c.obj
                0x1fff8344                GPIO_Init
 .text.GPIO_WritePinOutput
                0x1fff83c8       0x34 CMakeFiles/blinking_imx_demo.dir/e41c18c899352abe30012b71ac82fad3/gpio_comunication/platform/drivers/src/gpio_imx.c.obj
                0x1fff83c8                GPIO_WritePinOutput
 .text.GPIO_SetPinIntMode
                0x1fff83fc       0x34 CMakeFiles/blinking_imx_demo.dir/e41c18c899352abe30012b71ac82fad3/gpio_comunication/platform/drivers/src/gpio_imx.c.obj
                0x1fff83fc                GPIO_SetPinIntMode
 .text.GPT_Init
                0x1fff8430       0x7c CMakeFiles/blinking_imx_demo.dir/e41c18c899352abe30012b71ac82fad3/gpio_comunication/platform/drivers/src/gpt.c.obj
                0x1fff8430                GPT_Init
 .text.GPT_SetClockSource
                0x1fff84ac       0x34 CMakeFiles/blinking_imx_demo.dir/e41c18c899352abe30012b71ac82fad3/gpio_comunication/platform/drivers/src/gpt.c.obj
                0x1fff84ac                GPT_SetClockSource
 .text.GPT_SetIntCmd
                0x1fff84e0       0x10 CMakeFiles/blinking_imx_demo.dir/e41c18c899352abe30012b71ac82fad3/gpio_comunication/platform/drivers/src/gpt.c.obj
                0x1fff84e0                GPT_SetIntCmd
 .text.RDC_SEMAPHORE_Lock
                0x1fff84f0       0x28 CMakeFiles/blinking_imx_demo.dir/30b4f094e9621763fcab2fafb1009930/platform/drivers/src/rdc_semaphore.c.obj
                0x1fff84f0                RDC_SEMAPHORE_Lock
 .text.RDC_SEMAPHORE_Unlock
                0x1fff8518       0x18 CMakeFiles/blinking_imx_demo.dir/30b4f094e9621763fcab2fafb1009930/platform/drivers/src/rdc_semaphore.c.obj
                0x1fff8518                RDC_SEMAPHORE_Unlock
 .text.UART_Deinit
                0x1fff8530       0x5e CMakeFiles/blinking_imx_demo.dir/e41c18c899352abe30012b71ac82fad3/gpio_comunication/platform/drivers/src/uart_imx.c.obj
                0x1fff8530                UART_Deinit
 *fill*         0x1fff858e        0x2 
 .text.UART_SetBaudRate
                0x1fff8590       0xc0 CMakeFiles/blinking_imx_demo.dir/e41c18c899352abe30012b71ac82fad3/gpio_comunication/platform/drivers/src/uart_imx.c.obj
                0x1fff8590                UART_SetBaudRate
 .text.UART_Init
                0x1fff8650       0x60 CMakeFiles/blinking_imx_demo.dir/e41c18c899352abe30012b71ac82fad3/gpio_comunication/platform/drivers/src/uart_imx.c.obj
                0x1fff8650                UART_Init
 .text.UART_GetStatusFlag
                0x1fff86b0        0xe CMakeFiles/blinking_imx_demo.dir/e41c18c899352abe30012b71ac82fad3/gpio_comunication/platform/drivers/src/uart_imx.c.obj
                0x1fff86b0                UART_GetStatusFlag
 *fill*         0x1fff86be        0x2 
 .text.UART_SetModemMode
                0x1fff86c0       0x3c CMakeFiles/blinking_imx_demo.dir/e41c18c899352abe30012b71ac82fad3/gpio_comunication/platform/drivers/src/uart_imx.c.obj
                0x1fff86c0                UART_SetModemMode
 .text.debug_putc
                0x1fff86fc       0x28 CMakeFiles/blinking_imx_demo.dir/30b4f094e9621763fcab2fafb1009930/platform/utilities/src/debug_console_imx.c.obj
 .text.UART_ReceiveDataPolling
                0x1fff8724       0x24 CMakeFiles/blinking_imx_demo.dir/30b4f094e9621763fcab2fafb1009930/platform/utilities/src/debug_console_imx.c.obj
 .text.UART_SendDataPolling
                0x1fff8748       0x40 CMakeFiles/blinking_imx_demo.dir/30b4f094e9621763fcab2fafb1009930/platform/utilities/src/debug_console_imx.c.obj
 .text.DbgConsole_Init
                0x1fff8788       0x5c CMakeFiles/blinking_imx_demo.dir/30b4f094e9621763fcab2fafb1009930/platform/utilities/src/debug_console_imx.c.obj
                0x1fff8788                DbgConsole_Init
 .text._write   0x1fff87e4       0x28 CMakeFiles/blinking_imx_demo.dir/30b4f094e9621763fcab2fafb1009930/platform/utilities/src/debug_console_imx.c.obj
                0x1fff87e4                _write
 .text._read    0x1fff880c       0x20 CMakeFiles/blinking_imx_demo.dir/30b4f094e9621763fcab2fafb1009930/platform/utilities/src/debug_console_imx.c.obj
                0x1fff880c                _read
 .text.debug_printf
                0x1fff882c       0x38 CMakeFiles/blinking_imx_demo.dir/30b4f094e9621763fcab2fafb1009930/platform/utilities/src/debug_console_imx.c.obj
                0x1fff882c                debug_printf
 .text.mknumstr
                0x1fff8864       0x7c CMakeFiles/blinking_imx_demo.dir/30b4f094e9621763fcab2fafb1009930/platform/utilities/src/print_scan.c.obj
 .text.fput_pad.constprop.0
                0x1fff88e0       0x26 CMakeFiles/blinking_imx_demo.dir/30b4f094e9621763fcab2fafb1009930/platform/utilities/src/print_scan.c.obj
 *fill*         0x1fff8906        0x2 
 .text._doprint
                0x1fff8908      0x40c CMakeFiles/blinking_imx_demo.dir/30b4f094e9621763fcab2fafb1009930/platform/utilities/src/print_scan.c.obj
                0x1fff8908                _doprint
 .text.vListInitialise
                0x1fff8d14       0x16 CMakeFiles/blinking_imx_demo.dir/e41c18c899352abe30012b71ac82fad3/gpio_comunication/rtos/FreeRTOS/Source/list.c.obj
                0x1fff8d14                vListInitialise
 .text.vListInitialiseItem
                0x1fff8d2a        0x6 CMakeFiles/blinking_imx_demo.dir/e41c18c899352abe30012b71ac82fad3/gpio_comunication/rtos/FreeRTOS/Source/list.c.obj
                0x1fff8d2a                vListInitialiseItem
 .text.vListInsertEnd
                0x1fff8d30       0x18 CMakeFiles/blinking_imx_demo.dir/e41c18c899352abe30012b71ac82fad3/gpio_comunication/rtos/FreeRTOS/Source/list.c.obj
                0x1fff8d30                vListInsertEnd
 .text.vListInsert
                0x1fff8d48       0x2e CMakeFiles/blinking_imx_demo.dir/e41c18c899352abe30012b71ac82fad3/gpio_comunication/rtos/FreeRTOS/Source/list.c.obj
                0x1fff8d48                vListInsert
 .text.uxListRemove
                0x1fff8d76       0x1e CMakeFiles/blinking_imx_demo.dir/e41c18c899352abe30012b71ac82fad3/gpio_comunication/rtos/FreeRTOS/Source/list.c.obj
                0x1fff8d76                uxListRemove
 .text.prvTaskExitError
                0x1fff8d94       0x30 CMakeFiles/blinking_imx_demo.dir/30b4f094e9621763fcab2fafb1009930/rtos/FreeRTOS/Source/portable/GCC/ARM_CM4F/port.c.obj
 .text.prvPortStartFirstTask
                0x1fff8dc4       0x20 CMakeFiles/blinking_imx_demo.dir/30b4f094e9621763fcab2fafb1009930/rtos/FreeRTOS/Source/portable/GCC/ARM_CM4F/port.c.obj
 .text.vPortEnableVFP
                0x1fff8de4       0x14 CMakeFiles/blinking_imx_demo.dir/30b4f094e9621763fcab2fafb1009930/rtos/FreeRTOS/Source/portable/GCC/ARM_CM4F/port.c.obj
 .text.pxPortInitialiseStack
                0x1fff8df8       0x24 CMakeFiles/blinking_imx_demo.dir/30b4f094e9621763fcab2fafb1009930/rtos/FreeRTOS/Source/portable/GCC/ARM_CM4F/port.c.obj
                0x1fff8df8                pxPortInitialiseStack
 .text.SVC_Handler
                0x1fff8e1c       0x20 CMakeFiles/blinking_imx_demo.dir/30b4f094e9621763fcab2fafb1009930/rtos/FreeRTOS/Source/portable/GCC/ARM_CM4F/port.c.obj
                0x1fff8e1c                SVC_Handler
 .text.vPortEnterCritical
                0x1fff8e3c       0x40 CMakeFiles/blinking_imx_demo.dir/30b4f094e9621763fcab2fafb1009930/rtos/FreeRTOS/Source/portable/GCC/ARM_CM4F/port.c.obj
                0x1fff8e3c                vPortEnterCritical
 .text.vPortExitCritical
                0x1fff8e7c       0x28 CMakeFiles/blinking_imx_demo.dir/30b4f094e9621763fcab2fafb1009930/rtos/FreeRTOS/Source/portable/GCC/ARM_CM4F/port.c.obj
                0x1fff8e7c                vPortExitCritical
 .text.PendSV_Handler
                0x1fff8ea4       0x60 CMakeFiles/blinking_imx_demo.dir/30b4f094e9621763fcab2fafb1009930/rtos/FreeRTOS/Source/portable/GCC/ARM_CM4F/port.c.obj
                0x1fff8ea4                PendSV_Handler
 .text.SysTick_Handler
                0x1fff8f04       0x30 CMakeFiles/blinking_imx_demo.dir/30b4f094e9621763fcab2fafb1009930/rtos/FreeRTOS/Source/portable/GCC/ARM_CM4F/port.c.obj
                0x1fff8f04                SysTick_Handler
 .text.vPortSetupTimerInterrupt
                0x1fff8f34       0x14 CMakeFiles/blinking_imx_demo.dir/30b4f094e9621763fcab2fafb1009930/rtos/FreeRTOS/Source/portable/GCC/ARM_CM4F/port.c.obj
                0x1fff8f34                vPortSetupTimerInterrupt
 .text.xPortStartScheduler
                0x1fff8f48       0xf0 CMakeFiles/blinking_imx_demo.dir/30b4f094e9621763fcab2fafb1009930/rtos/FreeRTOS/Source/portable/GCC/ARM_CM4F/port.c.obj
                0x1fff8f48                xPortStartScheduler
 .text.vPortValidateInterruptPriority
                0x1fff9038       0x5c CMakeFiles/blinking_imx_demo.dir/30b4f094e9621763fcab2fafb1009930/rtos/FreeRTOS/Source/portable/GCC/ARM_CM4F/port.c.obj
                0x1fff9038                vPortValidateInterruptPriority
 .text.pvPortMalloc
                0x1fff9094       0xb0 CMakeFiles/blinking_imx_demo.dir/30b4f094e9621763fcab2fafb1009930/rtos/FreeRTOS/Source/portable/MemMang/heap_2.c.obj
                0x1fff9094                pvPortMalloc
 .text.vPortFree
                0x1fff9144       0x40 CMakeFiles/blinking_imx_demo.dir/30b4f094e9621763fcab2fafb1009930/rtos/FreeRTOS/Source/portable/MemMang/heap_2.c.obj
                0x1fff9144                vPortFree
 .text.prvCopyDataFromQueue
                0x1fff9184       0x2c CMakeFiles/blinking_imx_demo.dir/e41c18c899352abe30012b71ac82fad3/gpio_comunication/rtos/FreeRTOS/Source/queue.c.obj
 .text.prvUnlockQueue
                0x1fff91b0       0x6c CMakeFiles/blinking_imx_demo.dir/e41c18c899352abe30012b71ac82fad3/gpio_comunication/rtos/FreeRTOS/Source/queue.c.obj
 .text.xQueueGenericReset
                0x1fff921c       0x7e CMakeFiles/blinking_imx_demo.dir/e41c18c899352abe30012b71ac82fad3/gpio_comunication/rtos/FreeRTOS/Source/queue.c.obj
                0x1fff921c                xQueueGenericReset
 .text.xQueueGenericCreate
                0x1fff929a       0x5c CMakeFiles/blinking_imx_demo.dir/e41c18c899352abe30012b71ac82fad3/gpio_comunication/rtos/FreeRTOS/Source/queue.c.obj
                0x1fff929a                xQueueGenericCreate
 .text.xQueueGiveFromISR
                0x1fff92f6       0xa4 CMakeFiles/blinking_imx_demo.dir/e41c18c899352abe30012b71ac82fad3/gpio_comunication/rtos/FreeRTOS/Source/queue.c.obj
                0x1fff92f6                xQueueGiveFromISR
 .text.xQueueGenericReceive
                0x1fff939a      0x14c CMakeFiles/blinking_imx_demo.dir/e41c18c899352abe30012b71ac82fad3/gpio_comunication/rtos/FreeRTOS/Source/queue.c.obj
                0x1fff939a                xQueueGenericReceive
 .text.prvIdleTask
                0x1fff94e6        0x2 CMakeFiles/blinking_imx_demo.dir/e41c18c899352abe30012b71ac82fad3/gpio_comunication/rtos/FreeRTOS/Source/tasks.c.obj
 .text.prvResetNextTaskUnblockTime
                0x1fff94e8       0x24 CMakeFiles/blinking_imx_demo.dir/e41c18c899352abe30012b71ac82fad3/gpio_comunication/rtos/FreeRTOS/Source/tasks.c.obj
 .text.prvAddCurrentTaskToDelayedList
                0x1fff950c       0x50 CMakeFiles/blinking_imx_demo.dir/e41c18c899352abe30012b71ac82fad3/gpio_comunication/rtos/FreeRTOS/Source/tasks.c.obj
 .text.xTaskGenericCreate
                0x1fff955c      0x1cc CMakeFiles/blinking_imx_demo.dir/e41c18c899352abe30012b71ac82fad3/gpio_comunication/rtos/FreeRTOS/Source/tasks.c.obj
                0x1fff955c                xTaskGenericCreate
 .text.vTaskStartScheduler
                0x1fff9728       0x74 CMakeFiles/blinking_imx_demo.dir/e41c18c899352abe30012b71ac82fad3/gpio_comunication/rtos/FreeRTOS/Source/tasks.c.obj
                0x1fff9728                vTaskStartScheduler
 .text.vTaskSuspendAll
                0x1fff979c       0x10 CMakeFiles/blinking_imx_demo.dir/e41c18c899352abe30012b71ac82fad3/gpio_comunication/rtos/FreeRTOS/Source/tasks.c.obj
                0x1fff979c                vTaskSuspendAll
 .text.xTaskGetTickCount
                0x1fff97ac        0xc CMakeFiles/blinking_imx_demo.dir/e41c18c899352abe30012b71ac82fad3/gpio_comunication/rtos/FreeRTOS/Source/tasks.c.obj
                0x1fff97ac                xTaskGetTickCount
 .text.xTaskIncrementTick
                0x1fff97b8      0x130 CMakeFiles/blinking_imx_demo.dir/e41c18c899352abe30012b71ac82fad3/gpio_comunication/rtos/FreeRTOS/Source/tasks.c.obj
                0x1fff97b8                xTaskIncrementTick
 .text.xTaskResumeAll
                0x1fff98e8       0xec CMakeFiles/blinking_imx_demo.dir/e41c18c899352abe30012b71ac82fad3/gpio_comunication/rtos/FreeRTOS/Source/tasks.c.obj
                0x1fff98e8                xTaskResumeAll
 .text.vTaskDelay
                0x1fff99d4       0x7c CMakeFiles/blinking_imx_demo.dir/e41c18c899352abe30012b71ac82fad3/gpio_comunication/rtos/FreeRTOS/Source/tasks.c.obj
                0x1fff99d4                vTaskDelay
 .text.vTaskSwitchContext
                0x1fff9a50       0x74 CMakeFiles/blinking_imx_demo.dir/e41c18c899352abe30012b71ac82fad3/gpio_comunication/rtos/FreeRTOS/Source/tasks.c.obj
                0x1fff9a50                vTaskSwitchContext
 .text.vTaskPlaceOnEventList
                0x1fff9ac4       0x70 CMakeFiles/blinking_imx_demo.dir/e41c18c899352abe30012b71ac82fad3/gpio_comunication/rtos/FreeRTOS/Source/tasks.c.obj
                0x1fff9ac4                vTaskPlaceOnEventList
 .text.xTaskRemoveFromEventList
                0x1fff9b34       0x88 CMakeFiles/blinking_imx_demo.dir/e41c18c899352abe30012b71ac82fad3/gpio_comunication/rtos/FreeRTOS/Source/tasks.c.obj
                0x1fff9b34                xTaskRemoveFromEventList
 .text.vTaskSetTimeOutState
                0x1fff9bbc       0x2c CMakeFiles/blinking_imx_demo.dir/e41c18c899352abe30012b71ac82fad3/gpio_comunication/rtos/FreeRTOS/Source/tasks.c.obj
                0x1fff9bbc                vTaskSetTimeOutState
 .text.xTaskCheckForTimeOut
                0x1fff9be8       0x74 CMakeFiles/blinking_imx_demo.dir/e41c18c899352abe30012b71ac82fad3/gpio_comunication/rtos/FreeRTOS/Source/tasks.c.obj
                0x1fff9be8                xTaskCheckForTimeOut
 .text.vTaskMissedYield
                0x1fff9c5c        0xc CMakeFiles/blinking_imx_demo.dir/e41c18c899352abe30012b71ac82fad3/gpio_comunication/rtos/FreeRTOS/Source/tasks.c.obj
                0x1fff9c5c                vTaskMissedYield
 .text.BOARD_ClockInit
                0x1fff9c68       0x7c CMakeFiles/blinking_imx_demo.dir/e41c18c899352abe30012b71ac82fad3/gpio_comunication/examples/imx7_colibri_m4/board.c.obj
                0x1fff9c68                BOARD_ClockInit
 .text.dbg_uart_init
                0x1fff9ce4       0x60 CMakeFiles/blinking_imx_demo.dir/e41c18c899352abe30012b71ac82fad3/gpio_comunication/examples/imx7_colibri_m4/board.c.obj
                0x1fff9ce4                dbg_uart_init
 .text.BOARD_RdcInit
                0x1fff9d44       0x10 CMakeFiles/blinking_imx_demo.dir/e41c18c899352abe30012b71ac82fad3/gpio_comunication/examples/imx7_colibri_m4/board.c.obj
                0x1fff9d44                BOARD_RdcInit
 .text.get_uart_clock_freq
                0x1fff9d54       0xcc CMakeFiles/blinking_imx_demo.dir/30b4f094e9621763fcab2fafb1009930/examples/imx7_colibri_m4/clock_freq.c.obj
                0x1fff9d54                get_uart_clock_freq
 .text.configure_gpio_pin
                0x1fff9e20       0x2c CMakeFiles/blinking_imx_demo.dir/30b4f094e9621763fcab2fafb1009930/examples/imx7_colibri_m4/gpio_pins.c.obj
                0x1fff9e20                configure_gpio_pin
 .text.configure_uart_pins
                0x1fff9e4c       0x2c CMakeFiles/blinking_imx_demo.dir/e41c18c899352abe30012b71ac82fad3/gpio_comunication/examples/imx7_colibri_m4/pin_mux.c.obj
                0x1fff9e4c                configure_uart_pins
 .text.GPIO_ClearStatusFlag.part.0
                0x1fff9e78       0x1c CMakeFiles/blinking_imx_demo.dir/931d4ce9420dc4d8c1a53ec9cdeb57e5/demo_apps/blinking_imx_demo/gpio_ctrl.c.obj
 .text.GPIO_Ctrl_Init
                0x1fff9e94       0xbc CMakeFiles/blinking_imx_demo.dir/931d4ce9420dc4d8c1a53ec9cdeb57e5/demo_apps/blinking_imx_demo/gpio_ctrl.c.obj
                0x1fff9e94                GPIO_Ctrl_Init
 .text.GPIO_Ctrl_Led_ON
                0x1fff9f50        0xa CMakeFiles/blinking_imx_demo.dir/931d4ce9420dc4d8c1a53ec9cdeb57e5/demo_apps/blinking_imx_demo/gpio_ctrl.c.obj
                0x1fff9f50                GPIO_Ctrl_Led_ON
 .text.GPIO_Ctrl_Led_OFF
                0x1fff9f5a        0xa CMakeFiles/blinking_imx_demo.dir/931d4ce9420dc4d8c1a53ec9cdeb57e5/demo_apps/blinking_imx_demo/gpio_ctrl.c.obj
                0x1fff9f5a                GPIO_Ctrl_Led_OFF
 .text.GPIO_Ctrl_WaitKeyPressed
                0x1fff9f64       0x8c CMakeFiles/blinking_imx_demo.dir/931d4ce9420dc4d8c1a53ec9cdeb57e5/demo_apps/blinking_imx_demo/gpio_ctrl.c.obj
                0x1fff9f64                GPIO_Ctrl_WaitKeyPressed
 .text.GPIO5_INT15_0_Handler
                0x1fff9ff0       0x6c CMakeFiles/blinking_imx_demo.dir/931d4ce9420dc4d8c1a53ec9cdeb57e5/demo_apps/blinking_imx_demo/gpio_ctrl.c.obj
                0x1fff9ff0                GPIO5_INT15_0_Handler
 .text.Hw_Timer_Init
                0x1fffa05c       0x50 CMakeFiles/blinking_imx_demo.dir/931d4ce9420dc4d8c1a53ec9cdeb57e5/demo_apps/blinking_imx_demo/gpt_timer.c.obj
                0x1fffa05c                Hw_Timer_Init
 .text.GPT3_Handler
                0x1fffa0ac       0x4c CMakeFiles/blinking_imx_demo.dir/931d4ce9420dc4d8c1a53ec9cdeb57e5/demo_apps/blinking_imx_demo/gpt_timer.c.obj
                0x1fffa0ac                GPT3_Handler
 .text.hardware_init
                0x1fffa0f8       0x74 CMakeFiles/blinking_imx_demo.dir/931d4ce9420dc4d8c1a53ec9cdeb57e5/demo_apps/blinking_imx_demo/hardware_init.c.obj
                0x1fffa0f8                hardware_init
 .text.ToggleTask
                0x1fffa16c       0x98 CMakeFiles/blinking_imx_demo.dir/81025489247cf3b3bcd78fd49015c86f/imx7_colibri_m4/demo_apps/blinking_imx_demo/main.c.obj
                0x1fffa16c                ToggleTask
 .text.SwitchTask
                0x1fffa204       0x50 CMakeFiles/blinking_imx_demo.dir/81025489247cf3b3bcd78fd49015c86f/imx7_colibri_m4/demo_apps/blinking_imx_demo/main.c.obj
                0x1fffa204                SwitchTask
 .text.startup.main
                0x1fffa254       0x5c CMakeFiles/blinking_imx_demo.dir/81025489247cf3b3bcd78fd49015c86f/imx7_colibri_m4/demo_apps/blinking_imx_demo/main.c.obj
                0x1fffa254                main
 .text.__assert_func
                0x1fffa2b0       0x3c c:/mingw/bin/bin/../lib/gcc/arm-none-eabi/10.2.1/../../../../arm-none-eabi/lib/thumb/v7e-m+fp/hard\libc_nano.a(lib_a-assert.o)
                0x1fffa2b0                __assert_func
 .text.exit     0x1fffa2ec       0x28 c:/mingw/bin/bin/../lib/gcc/arm-none-eabi/10.2.1/../../../../arm-none-eabi/lib/thumb/v7e-m+fp/hard\libc_nano.a(lib_a-exit.o)
                0x1fffa2ec                exit
 .text.fprintf  0x1fffa314       0x24 c:/mingw/bin/bin/../lib/gcc/arm-none-eabi/10.2.1/../../../../arm-none-eabi/lib/thumb/v7e-m+fp/hard\libc_nano.a(lib_a-fprintf.o)
                0x1fffa314                fiprintf
                0x1fffa314                fprintf
 .text.__libc_init_array
                0x1fffa338       0x48 c:/mingw/bin/bin/../lib/gcc/arm-none-eabi/10.2.1/../../../../arm-none-eabi/lib/thumb/v7e-m+fp/hard\libc_nano.a(lib_a-init.o)
                0x1fffa338                __libc_init_array
 .text.memcpy   0x1fffa380       0x1c c:/mingw/bin/bin/../lib/gcc/arm-none-eabi/10.2.1/../../../../arm-none-eabi/lib/thumb/v7e-m+fp/hard\libc_nano.a(lib_a-memcpy-stub.o)
                0x1fffa380                memcpy
 .text.memset   0x1fffa39c       0x10 c:/mingw/bin/bin/../lib/gcc/arm-none-eabi/10.2.1/../../../../arm-none-eabi/lib/thumb/v7e-m+fp/hard\libc_nano.a(lib_a-memset.o)
                0x1fffa39c                memset
 .text.__sfputc_r
                0x1fffa3ac       0x2e c:/mingw/bin/bin/../lib/gcc/arm-none-eabi/10.2.1/../../../../arm-none-eabi/lib/thumb/v7e-m+fp/hard\libc_nano.a(lib_a-nano-vfprintf.o)
 .text.__sfputs_r
                0x1fffa3da       0x24 c:/mingw/bin/bin/../lib/gcc/arm-none-eabi/10.2.1/../../../../arm-none-eabi/lib/thumb/v7e-m+fp/hard\libc_nano.a(lib_a-nano-vfprintf.o)
                0x1fffa3da                __sfputs_r
 *fill*         0x1fffa3fe        0x2 
 .text._vfprintf_r
                0x1fffa400      0x260 c:/mingw/bin/bin/../lib/gcc/arm-none-eabi/10.2.1/../../../../arm-none-eabi/lib/thumb/v7e-m+fp/hard\libc_nano.a(lib_a-nano-vfprintf.o)
                0x1fffa400                _vfprintf_r
                0x1fffa400                _vfiprintf_r
 .text._printf_common
                0x1fffa660       0xda c:/mingw/bin/bin/../lib/gcc/arm-none-eabi/10.2.1/../../../../arm-none-eabi/lib/thumb/v7e-m+fp/hard\libc_nano.a(lib_a-nano-vfprintf_i.o)
                0x1fffa660                _printf_common
 *fill*         0x1fffa73a        0x2 
 .text._printf_i
                0x1fffa73c      0x24c c:/mingw/bin/bin/../lib/gcc/arm-none-eabi/10.2.1/../../../../arm-none-eabi/lib/thumb/v7e-m+fp/hard\libc_nano.a(lib_a-nano-vfprintf_i.o)
                0x1fffa73c                _printf_i
 .text.__swbuf_r
                0x1fffa988       0xa4 c:/mingw/bin/bin/../lib/gcc/arm-none-eabi/10.2.1/../../../../arm-none-eabi/lib/thumb/v7e-m+fp/hard\libc_nano.a(lib_a-wbuf.o)
                0x1fffa988                __swbuf_r
 .text.__swsetup_r
                0x1fffaa2c       0xdc c:/mingw/bin/bin/../lib/gcc/arm-none-eabi/10.2.1/../../../../arm-none-eabi/lib/thumb/v7e-m+fp/hard\libc_nano.a(lib_a-wsetup.o)
                0x1fffaa2c                __swsetup_r
 .text.abort    0x1fffab08        0xe c:/mingw/bin/bin/../lib/gcc/arm-none-eabi/10.2.1/../../../../arm-none-eabi/lib/thumb/v7e-m+fp/hard\libc_nano.a(lib_a-abort.o)
                0x1fffab08                abort
 *fill*         0x1fffab16        0x2 
 .text.__sflush_r
                0x1fffab18      0x10c c:/mingw/bin/bin/../lib/gcc/arm-none-eabi/10.2.1/../../../../arm-none-eabi/lib/thumb/v7e-m+fp/hard\libc_nano.a(lib_a-fflush.o)
                0x1fffab18                __sflush_r
 .text._fflush_r
                0x1fffac24       0x78 c:/mingw/bin/bin/../lib/gcc/arm-none-eabi/10.2.1/../../../../arm-none-eabi/lib/thumb/v7e-m+fp/hard\libc_nano.a(lib_a-fflush.o)
                0x1fffac24                _fflush_r
 .text.std      0x1fffac9c       0x48 c:/mingw/bin/bin/../lib/gcc/arm-none-eabi/10.2.1/../../../../arm-none-eabi/lib/thumb/v7e-m+fp/hard\libc_nano.a(lib_a-findfp.o)
 .text._cleanup_r
                0x1ffface4        0xc c:/mingw/bin/bin/../lib/gcc/arm-none-eabi/10.2.1/../../../../arm-none-eabi/lib/thumb/v7e-m+fp/hard\libc_nano.a(lib_a-findfp.o)
                0x1ffface4                _cleanup_r
 .text.__sfmoreglue
                0x1fffacf0       0x2c c:/mingw/bin/bin/../lib/gcc/arm-none-eabi/10.2.1/../../../../arm-none-eabi/lib/thumb/v7e-m+fp/hard\libc_nano.a(lib_a-findfp.o)
                0x1fffacf0                __sfmoreglue
 .text.__sfp_lock_acquire
                0x1fffad1c        0xc c:/mingw/bin/bin/../lib/gcc/arm-none-eabi/10.2.1/../../../../arm-none-eabi/lib/thumb/v7e-m+fp/hard\libc_nano.a(lib_a-findfp.o)
                0x1fffad1c                __sfp_lock_acquire
 .text.__sfp_lock_release
                0x1fffad28        0xc c:/mingw/bin/bin/../lib/gcc/arm-none-eabi/10.2.1/../../../../arm-none-eabi/lib/thumb/v7e-m+fp/hard\libc_nano.a(lib_a-findfp.o)
                0x1fffad28                __sfp_lock_release
 .text.__sinit_lock_acquire
                0x1fffad34        0xc c:/mingw/bin/bin/../lib/gcc/arm-none-eabi/10.2.1/../../../../arm-none-eabi/lib/thumb/v7e-m+fp/hard\libc_nano.a(lib_a-findfp.o)
                0x1fffad34                __sinit_lock_acquire
 .text.__sinit_lock_release
                0x1fffad40        0xc c:/mingw/bin/bin/../lib/gcc/arm-none-eabi/10.2.1/../../../../arm-none-eabi/lib/thumb/v7e-m+fp/hard\libc_nano.a(lib_a-findfp.o)
                0x1fffad40                __sinit_lock_release
 .text.__sinit  0x1fffad4c       0x70 c:/mingw/bin/bin/../lib/gcc/arm-none-eabi/10.2.1/../../../../arm-none-eabi/lib/thumb/v7e-m+fp/hard\libc_nano.a(lib_a-findfp.o)
                0x1fffad4c                __sinit
 .text.__sfp    0x1fffadbc       0x8c c:/mingw/bin/bin/../lib/gcc/arm-none-eabi/10.2.1/../../../../arm-none-eabi/lib/thumb/v7e-m+fp/hard\libc_nano.a(lib_a-findfp.o)
                0x1fffadbc                __sfp
 .text._fwalk_reent
                0x1fffae48       0x3e c:/mingw/bin/bin/../lib/gcc/arm-none-eabi/10.2.1/../../../../arm-none-eabi/lib/thumb/v7e-m+fp/hard\libc_nano.a(lib_a-fwalk.o)
                0x1fffae48                _fwalk_reent
 .text.__retarget_lock_init_recursive
                0x1fffae86        0x2 c:/mingw/bin/bin/../lib/gcc/arm-none-eabi/10.2.1/../../../../arm-none-eabi/lib/thumb/v7e-m+fp/hard\libc_nano.a(lib_a-lock.o)
                0x1fffae86                __retarget_lock_init_recursive
 .text.__retarget_lock_acquire_recursive
                0x1fffae88        0x2 c:/mingw/bin/bin/../lib/gcc/arm-none-eabi/10.2.1/../../../../arm-none-eabi/lib/thumb/v7e-m+fp/hard\libc_nano.a(lib_a-lock.o)
                0x1fffae88                __retarget_lock_acquire_recursive
 .text.__retarget_lock_release_recursive
                0x1fffae8a        0x2 c:/mingw/bin/bin/../lib/gcc/arm-none-eabi/10.2.1/../../../../arm-none-eabi/lib/thumb/v7e-m+fp/hard\libc_nano.a(lib_a-lock.o)
                0x1fffae8a                __retarget_lock_release_recursive
 .text.__swhatbuf_r
                0x1fffae8c       0x4a c:/mingw/bin/bin/../lib/gcc/arm-none-eabi/10.2.1/../../../../arm-none-eabi/lib/thumb/v7e-m+fp/hard\libc_nano.a(lib_a-makebuf.o)
                0x1fffae8c                __swhatbuf_r
 *fill*         0x1fffaed6        0x2 
 .text.__smakebuf_r
                0x1fffaed8       0x80 c:/mingw/bin/bin/../lib/gcc/arm-none-eabi/10.2.1/../../../../arm-none-eabi/lib/thumb/v7e-m+fp/hard\libc_nano.a(lib_a-makebuf.o)
                0x1fffaed8                __smakebuf_r
 .text._free_r  0x1fffaf58       0x98 c:/mingw/bin/bin/../lib/gcc/arm-none-eabi/10.2.1/../../../../arm-none-eabi/lib/thumb/v7e-m+fp/hard\libc_nano.a(lib_a-nano-freer.o)
                0x1fffaf58                _free_r
 .text._malloc_r
                0x1fffaff0       0xb4 c:/mingw/bin/bin/../lib/gcc/arm-none-eabi/10.2.1/../../../../arm-none-eabi/lib/thumb/v7e-m+fp/hard\libc_nano.a(lib_a-nano-mallocr.o)
                0x1fffaff0                _malloc_r
 .text._sbrk_r  0x1fffb0a4       0x20 c:/mingw/bin/bin/../lib/gcc/arm-none-eabi/10.2.1/../../../../arm-none-eabi/lib/thumb/v7e-m+fp/hard\libc_nano.a(lib_a-sbrkr.o)
                0x1fffb0a4                _sbrk_r
 .text._raise_r
                0x1fffb0c4       0x50 c:/mingw/bin/bin/../lib/gcc/arm-none-eabi/10.2.1/../../../../arm-none-eabi/lib/thumb/v7e-m+fp/hard\libc_nano.a(lib_a-signal.o)
                0x1fffb0c4                _raise_r
 .text.raise    0x1fffb114       0x10 c:/mingw/bin/bin/../lib/gcc/arm-none-eabi/10.2.1/../../../../arm-none-eabi/lib/thumb/v7e-m+fp/hard\libc_nano.a(lib_a-signal.o)
                0x1fffb114                raise
 .text._kill_r  0x1fffb124       0x24 c:/mingw/bin/bin/../lib/gcc/arm-none-eabi/10.2.1/../../../../arm-none-eabi/lib/thumb/v7e-m+fp/hard\libc_nano.a(lib_a-signalr.o)
                0x1fffb124                _kill_r
 .text._getpid_r
                0x1fffb148        0x4 c:/mingw/bin/bin/../lib/gcc/arm-none-eabi/10.2.1/../../../../arm-none-eabi/lib/thumb/v7e-m+fp/hard\libc_nano.a(lib_a-signalr.o)
                0x1fffb148                _getpid_r
 .text.__sread  0x1fffb14c       0x22 c:/mingw/bin/bin/../lib/gcc/arm-none-eabi/10.2.1/../../../../arm-none-eabi/lib/thumb/v7e-m+fp/hard\libc_nano.a(lib_a-stdio.o)
                0x1fffb14c                __sread
 .text.__swrite
                0x1fffb16e       0x38 c:/mingw/bin/bin/../lib/gcc/arm-none-eabi/10.2.1/../../../../arm-none-eabi/lib/thumb/v7e-m+fp/hard\libc_nano.a(lib_a-stdio.o)
                0x1fffb16e                __swrite
 .text.__sseek  0x1fffb1a6       0x24 c:/mingw/bin/bin/../lib/gcc/arm-none-eabi/10.2.1/../../../../arm-none-eabi/lib/thumb/v7e-m+fp/hard\libc_nano.a(lib_a-stdio.o)
                0x1fffb1a6                __sseek
 .text.__sclose
                0x1fffb1ca        0x8 c:/mingw/bin/bin/../lib/gcc/arm-none-eabi/10.2.1/../../../../arm-none-eabi/lib/thumb/v7e-m+fp/hard\libc_nano.a(lib_a-stdio.o)
                0x1fffb1ca                __sclose
 *fill*         0x1fffb1d2        0x2 
 .text._write_r
                0x1fffb1d4       0x24 c:/mingw/bin/bin/../lib/gcc/arm-none-eabi/10.2.1/../../../../arm-none-eabi/lib/thumb/v7e-m+fp/hard\libc_nano.a(lib_a-writer.o)
                0x1fffb1d4                _write_r
 .text._close_r
                0x1fffb1f8       0x20 c:/mingw/bin/bin/../lib/gcc/arm-none-eabi/10.2.1/../../../../arm-none-eabi/lib/thumb/v7e-m+fp/hard\libc_nano.a(lib_a-closer.o)
                0x1fffb1f8                _close_r
 .text._fstat_r
                0x1fffb218       0x24 c:/mingw/bin/bin/../lib/gcc/arm-none-eabi/10.2.1/../../../../arm-none-eabi/lib/thumb/v7e-m+fp/hard\libc_nano.a(lib_a-fstatr.o)
                0x1fffb218                _fstat_r
 .text._isatty_r
                0x1fffb23c       0x20 c:/mingw/bin/bin/../lib/gcc/arm-none-eabi/10.2.1/../../../../arm-none-eabi/lib/thumb/v7e-m+fp/hard\libc_nano.a(lib_a-isattyr.o)
                0x1fffb23c                _isatty_r
 .text._lseek_r
                0x1fffb25c       0x24 c:/mingw/bin/bin/../lib/gcc/arm-none-eabi/10.2.1/../../../../arm-none-eabi/lib/thumb/v7e-m+fp/hard\libc_nano.a(lib_a-lseekr.o)
                0x1fffb25c                _lseek_r
 .text.__malloc_lock
                0x1fffb280        0xc c:/mingw/bin/bin/../lib/gcc/arm-none-eabi/10.2.1/../../../../arm-none-eabi/lib/thumb/v7e-m+fp/hard\libc_nano.a(lib_a-mlock.o)
                0x1fffb280                __malloc_lock
 .text.__malloc_unlock
                0x1fffb28c        0xc c:/mingw/bin/bin/../lib/gcc/arm-none-eabi/10.2.1/../../../../arm-none-eabi/lib/thumb/v7e-m+fp/hard\libc_nano.a(lib_a-mlock.o)
                0x1fffb28c                __malloc_unlock
 .text._read_r  0x1fffb298       0x24 c:/mingw/bin/bin/../lib/gcc/arm-none-eabi/10.2.1/../../../../arm-none-eabi/lib/thumb/v7e-m+fp/hard\libc_nano.a(lib_a-readr.o)
                0x1fffb298                _read_r
 .text._close   0x1fffb2bc       0x10 c:/mingw/bin/bin/../lib/gcc/arm-none-eabi/10.2.1/../../../../arm-none-eabi/lib/thumb/v7e-m+fp/hard\libnosys.a(close.o)
                0x1fffb2bc                _close
 .text._fstat   0x1fffb2cc       0x10 c:/mingw/bin/bin/../lib/gcc/arm-none-eabi/10.2.1/../../../../arm-none-eabi/lib/thumb/v7e-m+fp/hard\libnosys.a(fstat.o)
                0x1fffb2cc                _fstat
 .text._getpid  0x1fffb2dc       0x10 c:/mingw/bin/bin/../lib/gcc/arm-none-eabi/10.2.1/../../../../arm-none-eabi/lib/thumb/v7e-m+fp/hard\libnosys.a(getpid.o)
                0x1fffb2dc                _getpid
 .text._isatty  0x1fffb2ec       0x10 c:/mingw/bin/bin/../lib/gcc/arm-none-eabi/10.2.1/../../../../arm-none-eabi/lib/thumb/v7e-m+fp/hard\libnosys.a(isatty.o)
                0x1fffb2ec                _isatty
 .text._kill    0x1fffb2fc       0x10 c:/mingw/bin/bin/../lib/gcc/arm-none-eabi/10.2.1/../../../../arm-none-eabi/lib/thumb/v7e-m+fp/hard\libnosys.a(kill.o)
                0x1fffb2fc                _kill
 .text._lseek   0x1fffb30c       0x10 c:/mingw/bin/bin/../lib/gcc/arm-none-eabi/10.2.1/../../../../arm-none-eabi/lib/thumb/v7e-m+fp/hard\libnosys.a(lseek.o)
                0x1fffb30c                _lseek
 .text._sbrk    0x1fffb31c       0x1c c:/mingw/bin/bin/../lib/gcc/arm-none-eabi/10.2.1/../../../../arm-none-eabi/lib/thumb/v7e-m+fp/hard\libnosys.a(sbrk.o)
                0x1fffb31c                _sbrk
 .text._exit    0x1fffb338        0x4 c:/mingw/bin/bin/../lib/gcc/arm-none-eabi/10.2.1/../../../../arm-none-eabi/lib/thumb/v7e-m+fp/hard\libnosys.a(_exit.o)
                0x1fffb338                _exit
 *(.rodata)
 .rodata        0x1fffb33c        0x8 CMakeFiles/blinking_imx_demo.dir/931d4ce9420dc4d8c1a53ec9cdeb57e5/demo_apps/blinking_imx_demo/gpio_ctrl.c.obj
 .rodata        0x1fffb344        0x6 CMakeFiles/blinking_imx_demo.dir/931d4ce9420dc4d8c1a53ec9cdeb57e5/demo_apps/blinking_imx_demo/gpt_timer.c.obj
 *(.rodata*)
 .rodata.CCM_SetRootDivider.str1.1
                0x1fffb34a       0x6f CMakeFiles/blinking_imx_demo.dir/e41c18c899352abe30012b71ac82fad3/gpio_comunication/platform/drivers/src/ccm_imx7d.c.obj
 .rodata.CCM_GetRootDivider.str1.1
                0x1fffb3b9        0xc CMakeFiles/blinking_imx_demo.dir/e41c18c899352abe30012b71ac82fad3/gpio_comunication/platform/drivers/src/ccm_imx7d.c.obj
 .rodata.__func__.0
                0x1fffb3c5        0xf CMakeFiles/blinking_imx_demo.dir/e41c18c899352abe30012b71ac82fad3/gpio_comunication/platform/drivers/src/ccm_imx7d.c.obj
 .rodata.__func__.1
                0x1fffb3d4       0x13 CMakeFiles/blinking_imx_demo.dir/e41c18c899352abe30012b71ac82fad3/gpio_comunication/platform/drivers/src/ccm_imx7d.c.obj
 .rodata.GPIO_WritePinOutput.str1.1
                0x1fffb3e7       0x65 CMakeFiles/blinking_imx_demo.dir/e41c18c899352abe30012b71ac82fad3/gpio_comunication/platform/drivers/src/gpio_imx.c.obj
 .rodata.__func__.1
                0x1fffb44c       0x13 CMakeFiles/blinking_imx_demo.dir/e41c18c899352abe30012b71ac82fad3/gpio_comunication/platform/drivers/src/gpio_imx.c.obj
 .rodata.__func__.2
                0x1fffb45f       0x14 CMakeFiles/blinking_imx_demo.dir/e41c18c899352abe30012b71ac82fad3/gpio_comunication/platform/drivers/src/gpio_imx.c.obj
 .rodata.GPT_Init.str1.1
                0x1fffb473       0x62 CMakeFiles/blinking_imx_demo.dir/e41c18c899352abe30012b71ac82fad3/gpio_comunication/platform/drivers/src/gpt.c.obj
 .rodata.GPT_SetClockSource.str1.1
                0x1fffb4d5       0x1c CMakeFiles/blinking_imx_demo.dir/e41c18c899352abe30012b71ac82fad3/gpio_comunication/platform/drivers/src/gpt.c.obj
 .rodata.__func__.0
                0x1fffb4f1       0x13 CMakeFiles/blinking_imx_demo.dir/e41c18c899352abe30012b71ac82fad3/gpio_comunication/platform/drivers/src/gpt.c.obj
 .rodata.__func__.1
                0x1fffb504        0x9 CMakeFiles/blinking_imx_demo.dir/e41c18c899352abe30012b71ac82fad3/gpio_comunication/platform/drivers/src/gpt.c.obj
 .rodata.UART_Init.str1.1
                0x1fffb50d       0x5c CMakeFiles/blinking_imx_demo.dir/e41c18c899352abe30012b71ac82fad3/gpio_comunication/platform/drivers/src/uart_imx.c.obj
                                 0x67 (size before relaxing)
 .rodata.UART_SetModemMode.str1.1
                0x1fffb569       0x39 CMakeFiles/blinking_imx_demo.dir/e41c18c899352abe30012b71ac82fad3/gpio_comunication/platform/drivers/src/uart_imx.c.obj
 .rodata.CSWTCH.7
                0x1fffb5a2        0x6 CMakeFiles/blinking_imx_demo.dir/e41c18c899352abe30012b71ac82fad3/gpio_comunication/platform/drivers/src/uart_imx.c.obj
 .rodata.__func__.2
                0x1fffb5a8       0x12 CMakeFiles/blinking_imx_demo.dir/e41c18c899352abe30012b71ac82fad3/gpio_comunication/platform/drivers/src/uart_imx.c.obj
 .rodata.__func__.4
                0x1fffb5ba        0xa CMakeFiles/blinking_imx_demo.dir/e41c18c899352abe30012b71ac82fad3/gpio_comunication/platform/drivers/src/uart_imx.c.obj
 .rodata.vTaskStartScheduler.str1.1
                0x1fffb5c4        0x5 CMakeFiles/blinking_imx_demo.dir/e41c18c899352abe30012b71ac82fad3/gpio_comunication/rtos/FreeRTOS/Source/tasks.c.obj
 .rodata.configure_gpio_pin.str1.1
                0x1fffb5c9       0x68 CMakeFiles/blinking_imx_demo.dir/30b4f094e9621763fcab2fafb1009930/examples/imx7_colibri_m4/gpio_pins.c.obj
 .rodata.str1.1
                0x1fffb631       0x60 CMakeFiles/blinking_imx_demo.dir/30b4f094e9621763fcab2fafb1009930/examples/imx7_colibri_m4/gpio_pins.c.obj
 .rodata.__func__.0
                0x1fffb691       0x13 CMakeFiles/blinking_imx_demo.dir/30b4f094e9621763fcab2fafb1009930/examples/imx7_colibri_m4/gpio_pins.c.obj
 .rodata.GPIO_ClearStatusFlag.part.0.str1.1
                0x1fffb6a4       0x5c CMakeFiles/blinking_imx_demo.dir/931d4ce9420dc4d8c1a53ec9cdeb57e5/demo_apps/blinking_imx_demo/gpio_ctrl.c.obj
                                 0x65 (size before relaxing)
 .rodata.GPIO_Ctrl_Init.str1.1
                0x1fffb700       0x21 CMakeFiles/blinking_imx_demo.dir/931d4ce9420dc4d8c1a53ec9cdeb57e5/demo_apps/blinking_imx_demo/gpio_ctrl.c.obj
 .rodata.__func__.0
                0x1fffb721       0x12 CMakeFiles/blinking_imx_demo.dir/931d4ce9420dc4d8c1a53ec9cdeb57e5/demo_apps/blinking_imx_demo/gpio_ctrl.c.obj
 .rodata.__func__.1
                0x1fffb733       0x15 CMakeFiles/blinking_imx_demo.dir/931d4ce9420dc4d8c1a53ec9cdeb57e5/demo_apps/blinking_imx_demo/gpio_ctrl.c.obj
 .rodata.ToggleTask.str1.1
                0x1fffb748       0x2e CMakeFiles/blinking_imx_demo.dir/81025489247cf3b3bcd78fd49015c86f/imx7_colibri_m4/demo_apps/blinking_imx_demo/main.c.obj
 .rodata.SwitchTask.str1.1
                0x1fffb776       0x11 CMakeFiles/blinking_imx_demo.dir/81025489247cf3b3bcd78fd49015c86f/imx7_colibri_m4/demo_apps/blinking_imx_demo/main.c.obj
 .rodata.main.str1.1
                0x1fffb787       0x74 CMakeFiles/blinking_imx_demo.dir/81025489247cf3b3bcd78fd49015c86f/imx7_colibri_m4/demo_apps/blinking_imx_demo/main.c.obj
 .rodata.__assert_func.str1.1
                0x1fffb7fb       0x3c c:/mingw/bin/bin/../lib/gcc/arm-none-eabi/10.2.1/../../../../arm-none-eabi/lib/thumb/v7e-m+fp/hard\libc_nano.a(lib_a-assert.o)
                                 0x3d (size before relaxing)
 *fill*         0x1fffb837        0x1 
 .rodata._global_impure_ptr
                0x1fffb838        0x4 c:/mingw/bin/bin/../lib/gcc/arm-none-eabi/10.2.1/../../../../arm-none-eabi/lib/thumb/v7e-m+fp/hard\libc_nano.a(lib_a-impure.o)
                0x1fffb838                _global_impure_ptr
 .rodata._vfprintf_r.str1.1
                0x1fffb83c       0x11 c:/mingw/bin/bin/../lib/gcc/arm-none-eabi/10.2.1/../../../../arm-none-eabi/lib/thumb/v7e-m+fp/hard\libc_nano.a(lib_a-nano-vfprintf.o)
 .rodata._printf_i.str1.1
                0x1fffb84d       0x22 c:/mingw/bin/bin/../lib/gcc/arm-none-eabi/10.2.1/../../../../arm-none-eabi/lib/thumb/v7e-m+fp/hard\libc_nano.a(lib_a-nano-vfprintf_i.o)
 *fill*         0x1fffb86f        0x1 
 .rodata.__sf_fake_stderr
                0x1fffb870       0x20 c:/mingw/bin/bin/../lib/gcc/arm-none-eabi/10.2.1/../../../../arm-none-eabi/lib/thumb/v7e-m+fp/hard\libc_nano.a(lib_a-findfp.o)
                0x1fffb870                __sf_fake_stderr
 .rodata.__sf_fake_stdin
                0x1fffb890       0x20 c:/mingw/bin/bin/../lib/gcc/arm-none-eabi/10.2.1/../../../../arm-none-eabi/lib/thumb/v7e-m+fp/hard\libc_nano.a(lib_a-findfp.o)
                0x1fffb890                __sf_fake_stdin
 .rodata.__sf_fake_stdout
                0x1fffb8b0       0x20 c:/mingw/bin/bin/../lib/gcc/arm-none-eabi/10.2.1/../../../../arm-none-eabi/lib/thumb/v7e-m+fp/hard\libc_nano.a(lib_a-findfp.o)
                0x1fffb8b0                __sf_fake_stdout
 *(.glue_7)
 .glue_7        0x1fffb8d0        0x0 linker stubs
 *(.glue_7t)
 .glue_7t       0x1fffb8d0        0x0 linker stubs
 *(.eh_frame)
 .eh_frame      0x1fffb8d0        0x0 c:/mingw/bin/bin/../lib/gcc/arm-none-eabi/10.2.1/thumb/v7e-m+fp/hard/crtbegin.o
 *(.init)
 .init          0x1fffb8d0        0x4 c:/mingw/bin/bin/../lib/gcc/arm-none-eabi/10.2.1/thumb/v7e-m+fp/hard/crti.o
                0x1fffb8d0                _init
 .init          0x1fffb8d4        0x8 c:/mingw/bin/bin/../lib/gcc/arm-none-eabi/10.2.1/thumb/v7e-m+fp/hard/crtn.o
 *(.fini)
 .fini          0x1fffb8dc        0x4 c:/mingw/bin/bin/../lib/gcc/arm-none-eabi/10.2.1/thumb/v7e-m+fp/hard/crti.o
                0x1fffb8dc                _fini
 .fini          0x1fffb8e0        0x8 c:/mingw/bin/bin/../lib/gcc/arm-none-eabi/10.2.1/thumb/v7e-m+fp/hard/crtn.o
                0x1fffb8e8                . = ALIGN (0x4)

.vfp11_veneer   0x1fffb8e8        0x0
 .vfp11_veneer  0x1fffb8e8        0x0 linker stubs

.v4_bx          0x1fffb8e8        0x0
 .v4_bx         0x1fffb8e8        0x0 linker stubs

.iplt           0x1fffb8e8        0x0
 .iplt          0x1fffb8e8        0x0 c:/mingw/bin/bin/../lib/gcc/arm-none-eabi/10.2.1/thumb/v7e-m+fp/hard/crtbegin.o

.ARM.extab
 *(.ARM.extab* .gnu.linkonce.armextab.*)

.ARM            0x1fffb8e8        0x8
                0x1fffb8e8                __exidx_start = .
 *(.ARM.exidx*)
 .ARM.exidx     0x1fffb8e8        0x8 c:/mingw/bin/bin/../lib/gcc/arm-none-eabi/10.2.1/../../../../arm-none-eabi/lib/thumb/v7e-m+fp/hard/crt0.o
                                 0x10 (size before relaxing)
                0x1fffb8f0                __exidx_end = .

.rel.dyn        0x1fffb8f0        0x0
 .rel.iplt      0x1fffb8f0        0x0 c:/mingw/bin/bin/../lib/gcc/arm-none-eabi/10.2.1/thumb/v7e-m+fp/hard/crtbegin.o

.ctors          0x1fffb8f0        0x0
                0x1fffb8f0                __CTOR_LIST__ = .
 *crtbegin.o(.ctors)
 *crtbegin?.o(.ctors)
 *(EXCLUDE_FILE(*crtend.o *crtend?.o) .ctors)
 *(SORT_BY_NAME(.ctors.*))
 *(.ctors)
                0x1fffb8f0                __CTOR_END__ = .

.dtors          0x1fffb8f0        0x0
                0x1fffb8f0                __DTOR_LIST__ = .
 *crtbegin.o(.dtors)
 *crtbegin?.o(.dtors)
 *(EXCLUDE_FILE(*crtend.o *crtend?.o) .dtors)
 *(SORT_BY_NAME(.dtors.*))
 *(.dtors)
                0x1fffb8f0                __DTOR_END__ = .

.preinit_array  0x1fffb8f0        0x0
                0x1fffb8f0                PROVIDE (__preinit_array_start = .)
 *(.preinit_array*)
                0x1fffb8f0                PROVIDE (__preinit_array_end = .)

.init_array     0x1fffb8f0        0x4
                0x1fffb8f0                PROVIDE (__init_array_start = .)
 *(SORT_BY_NAME(.init_array.*))
 *(.init_array*)
 .init_array    0x1fffb8f0        0x4 c:/mingw/bin/bin/../lib/gcc/arm-none-eabi/10.2.1/thumb/v7e-m+fp/hard/crtbegin.o
                0x1fffb8f4                PROVIDE (__init_array_end = .)

.fini_array     0x1fffb8f4        0x4
                [!provide]                PROVIDE (__fini_array_start = .)
 *(SORT_BY_NAME(.fini_array.*))
 *(.fini_array*)
 .fini_array    0x1fffb8f4        0x4 c:/mingw/bin/bin/../lib/gcc/arm-none-eabi/10.2.1/thumb/v7e-m+fp/hard/crtbegin.o
                [!provide]                PROVIDE (__fini_array_end = .)

.data           0x20000000       0xe0
                0x20000000                . = ALIGN (0x4)
 *(.data)
 *(.data*)
 .data.uxCriticalNesting
                0x20000000        0x4 CMakeFiles/blinking_imx_demo.dir/30b4f094e9621763fcab2fafb1009930/rtos/FreeRTOS/Source/portable/GCC/ARM_CM4F/port.c.obj
 .data.xFreeBytesRemaining
                0x20000004        0x4 CMakeFiles/blinking_imx_demo.dir/30b4f094e9621763fcab2fafb1009930/rtos/FreeRTOS/Source/portable/MemMang/heap_2.c.obj
 .data.gpioKeyFunc_CynexoFrontButton
                0x20000008       0x1c CMakeFiles/blinking_imx_demo.dir/30b4f094e9621763fcab2fafb1009930/examples/imx7_colibri_m4/gpio_pins.c.obj
                0x20000008                gpioKeyFunc_CynexoFrontButton
 .data.gpioLed_CynexoRGBLed_Blue
                0x20000024       0x1c CMakeFiles/blinking_imx_demo.dir/30b4f094e9621763fcab2fafb1009930/examples/imx7_colibri_m4/gpio_pins.c.obj
                0x20000024                gpioLed_CynexoRGBLed_Blue
 .data.gpioLed_CynexoRGBLed_Green
                0x20000040       0x1c CMakeFiles/blinking_imx_demo.dir/30b4f094e9621763fcab2fafb1009930/examples/imx7_colibri_m4/gpio_pins.c.obj
                0x20000040                gpioLed_CynexoRGBLed_Green
 .data.gpioLed_CynexoRGBLed_Red
                0x2000005c       0x1c CMakeFiles/blinking_imx_demo.dir/30b4f094e9621763fcab2fafb1009930/examples/imx7_colibri_m4/gpio_pins.c.obj
                0x2000005c                gpioLed_CynexoRGBLed_Red
 .data.prevColor
                0x20000078        0x1 CMakeFiles/blinking_imx_demo.dir/81025489247cf3b3bcd78fd49015c86f/imx7_colibri_m4/demo_apps/blinking_imx_demo/main.c.obj
 *fill*         0x20000079        0x3 
 .data._impure_ptr
                0x2000007c        0x4 c:/mingw/bin/bin/../lib/gcc/arm-none-eabi/10.2.1/../../../../arm-none-eabi/lib/thumb/v7e-m+fp/hard\libc_nano.a(lib_a-impure.o)
                0x2000007c                _impure_ptr
 .data.impure_data
                0x20000080       0x60 c:/mingw/bin/bin/../lib/gcc/arm-none-eabi/10.2.1/../../../../arm-none-eabi/lib/thumb/v7e-m+fp/hard\libc_nano.a(lib_a-impure.o)
 *(.jcr*)
                0x200000e0                . = ALIGN (0x4)

.igot.plt       0x200000e0        0x0
 .igot.plt      0x200000e0        0x0 c:/mingw/bin/bin/../lib/gcc/arm-none-eabi/10.2.1/thumb/v7e-m+fp/hard/crtbegin.o

.bss            0x200000e0     0x514c
                0x200000e0                . = ALIGN (0x4)
                0x200000e0                __START_BSS = .
                0x200000e0                __bss_start__ = .
 *(.bss)
 .bss           0x200000e0       0x1c c:/mingw/bin/bin/../lib/gcc/arm-none-eabi/10.2.1/thumb/v7e-m+fp/hard/crtbegin.o
 *(.bss*)
 .bss.s_debugConsole
                0x200000fc       0x10 CMakeFiles/blinking_imx_demo.dir/30b4f094e9621763fcab2fafb1009930/platform/utilities/src/debug_console_imx.c.obj
 .bss.ucMaxSysCallPriority
                0x2000010c        0x1 CMakeFiles/blinking_imx_demo.dir/30b4f094e9621763fcab2fafb1009930/rtos/FreeRTOS/Source/portable/GCC/ARM_CM4F/port.c.obj
 *fill*         0x2000010d        0x3 
 .bss.ulMaxPRIGROUPValue
                0x20000110        0x4 CMakeFiles/blinking_imx_demo.dir/30b4f094e9621763fcab2fafb1009930/rtos/FreeRTOS/Source/portable/GCC/ARM_CM4F/port.c.obj
 .bss.ucHeap    0x20000114     0x5000 CMakeFiles/blinking_imx_demo.dir/30b4f094e9621763fcab2fafb1009930/rtos/FreeRTOS/Source/portable/MemMang/heap_2.c.obj
 .bss.xEnd      0x20005114        0x8 CMakeFiles/blinking_imx_demo.dir/30b4f094e9621763fcab2fafb1009930/rtos/FreeRTOS/Source/portable/MemMang/heap_2.c.obj
 .bss.xHeapHasBeenInitialised.0
                0x2000511c        0x4 CMakeFiles/blinking_imx_demo.dir/30b4f094e9621763fcab2fafb1009930/rtos/FreeRTOS/Source/portable/MemMang/heap_2.c.obj
 .bss.xStart    0x20005120        0x8 CMakeFiles/blinking_imx_demo.dir/30b4f094e9621763fcab2fafb1009930/rtos/FreeRTOS/Source/portable/MemMang/heap_2.c.obj
 .bss.pxCurrentTCB
                0x20005128        0x4 CMakeFiles/blinking_imx_demo.dir/e41c18c899352abe30012b71ac82fad3/gpio_comunication/rtos/FreeRTOS/Source/tasks.c.obj
                0x20005128                pxCurrentTCB
 .bss.pxDelayedTaskList
                0x2000512c        0x4 CMakeFiles/blinking_imx_demo.dir/e41c18c899352abe30012b71ac82fad3/gpio_comunication/rtos/FreeRTOS/Source/tasks.c.obj
 .bss.pxOverflowDelayedTaskList
                0x20005130        0x4 CMakeFiles/blinking_imx_demo.dir/e41c18c899352abe30012b71ac82fad3/gpio_comunication/rtos/FreeRTOS/Source/tasks.c.obj
 .bss.pxReadyTasksLists
                0x20005134       0x64 CMakeFiles/blinking_imx_demo.dir/e41c18c899352abe30012b71ac82fad3/gpio_comunication/rtos/FreeRTOS/Source/tasks.c.obj
 .bss.uxCurrentNumberOfTasks
                0x20005198        0x4 CMakeFiles/blinking_imx_demo.dir/e41c18c899352abe30012b71ac82fad3/gpio_comunication/rtos/FreeRTOS/Source/tasks.c.obj
 .bss.uxPendedTicks
                0x2000519c        0x4 CMakeFiles/blinking_imx_demo.dir/e41c18c899352abe30012b71ac82fad3/gpio_comunication/rtos/FreeRTOS/Source/tasks.c.obj
 .bss.uxSchedulerSuspended
                0x200051a0        0x4 CMakeFiles/blinking_imx_demo.dir/e41c18c899352abe30012b71ac82fad3/gpio_comunication/rtos/FreeRTOS/Source/tasks.c.obj
 .bss.uxTaskNumber
                0x200051a4        0x4 CMakeFiles/blinking_imx_demo.dir/e41c18c899352abe30012b71ac82fad3/gpio_comunication/rtos/FreeRTOS/Source/tasks.c.obj
 .bss.uxTopReadyPriority
                0x200051a8        0x4 CMakeFiles/blinking_imx_demo.dir/e41c18c899352abe30012b71ac82fad3/gpio_comunication/rtos/FreeRTOS/Source/tasks.c.obj
 .bss.xDelayedTaskList1
                0x200051ac       0x14 CMakeFiles/blinking_imx_demo.dir/e41c18c899352abe30012b71ac82fad3/gpio_comunication/rtos/FreeRTOS/Source/tasks.c.obj
 .bss.xDelayedTaskList2
                0x200051c0       0x14 CMakeFiles/blinking_imx_demo.dir/e41c18c899352abe30012b71ac82fad3/gpio_comunication/rtos/FreeRTOS/Source/tasks.c.obj
 .bss.xNextTaskUnblockTime
                0x200051d4        0x4 CMakeFiles/blinking_imx_demo.dir/e41c18c899352abe30012b71ac82fad3/gpio_comunication/rtos/FreeRTOS/Source/tasks.c.obj
 .bss.xNumOfOverflows
                0x200051d8        0x4 CMakeFiles/blinking_imx_demo.dir/e41c18c899352abe30012b71ac82fad3/gpio_comunication/rtos/FreeRTOS/Source/tasks.c.obj
 .bss.xPendingReadyList
                0x200051dc       0x14 CMakeFiles/blinking_imx_demo.dir/e41c18c899352abe30012b71ac82fad3/gpio_comunication/rtos/FreeRTOS/Source/tasks.c.obj
 .bss.xSchedulerRunning
                0x200051f0        0x4 CMakeFiles/blinking_imx_demo.dir/e41c18c899352abe30012b71ac82fad3/gpio_comunication/rtos/FreeRTOS/Source/tasks.c.obj
 .bss.xSuspendedTaskList
                0x200051f4       0x14 CMakeFiles/blinking_imx_demo.dir/e41c18c899352abe30012b71ac82fad3/gpio_comunication/rtos/FreeRTOS/Source/tasks.c.obj
 .bss.xTickCount
                0x20005208        0x4 CMakeFiles/blinking_imx_demo.dir/e41c18c899352abe30012b71ac82fad3/gpio_comunication/rtos/FreeRTOS/Source/tasks.c.obj
 .bss.xYieldPending
                0x2000520c        0x4 CMakeFiles/blinking_imx_demo.dir/e41c18c899352abe30012b71ac82fad3/gpio_comunication/rtos/FreeRTOS/Source/tasks.c.obj
 .bss.xSemaphore
                0x20005210        0x4 CMakeFiles/blinking_imx_demo.dir/931d4ce9420dc4d8c1a53ec9cdeb57e5/demo_apps/blinking_imx_demo/gpio_ctrl.c.obj
 .bss.xSemaphore
                0x20005214        0x4 CMakeFiles/blinking_imx_demo.dir/931d4ce9420dc4d8c1a53ec9cdeb57e5/demo_apps/blinking_imx_demo/gpt_timer.c.obj
 .bss.currentColor
                0x20005218        0x1 CMakeFiles/blinking_imx_demo.dir/81025489247cf3b3bcd78fd49015c86f/imx7_colibri_m4/demo_apps/blinking_imx_demo/main.c.obj
 .bss.__lock___malloc_recursive_mutex
                0x20005219        0x1 c:/mingw/bin/bin/../lib/gcc/arm-none-eabi/10.2.1/../../../../arm-none-eabi/lib/thumb/v7e-m+fp/hard\libc_nano.a(lib_a-lock.o)
                0x20005219                __lock___malloc_recursive_mutex
 .bss.__lock___sfp_recursive_mutex
                0x2000521a        0x1 c:/mingw/bin/bin/../lib/gcc/arm-none-eabi/10.2.1/../../../../arm-none-eabi/lib/thumb/v7e-m+fp/hard\libc_nano.a(lib_a-lock.o)
                0x2000521a                __lock___sfp_recursive_mutex
 .bss.__lock___sinit_recursive_mutex
                0x2000521b        0x1 c:/mingw/bin/bin/../lib/gcc/arm-none-eabi/10.2.1/../../../../arm-none-eabi/lib/thumb/v7e-m+fp/hard\libc_nano.a(lib_a-lock.o)
                0x2000521b                __lock___sinit_recursive_mutex
 .bss.__malloc_free_list
                0x2000521c        0x4 c:/mingw/bin/bin/../lib/gcc/arm-none-eabi/10.2.1/../../../../arm-none-eabi/lib/thumb/v7e-m+fp/hard\libc_nano.a(lib_a-nano-mallocr.o)
                0x2000521c                __malloc_free_list
 .bss.__malloc_sbrk_start
                0x20005220        0x4 c:/mingw/bin/bin/../lib/gcc/arm-none-eabi/10.2.1/../../../../arm-none-eabi/lib/thumb/v7e-m+fp/hard\libc_nano.a(lib_a-nano-mallocr.o)
                0x20005220                __malloc_sbrk_start
 .bss.errno     0x20005224        0x4 c:/mingw/bin/bin/../lib/gcc/arm-none-eabi/10.2.1/../../../../arm-none-eabi/lib/thumb/v7e-m+fp/hard\libc_nano.a(lib_a-reent.o)
                0x20005224                errno
 .bss.heap_end.0
                0x20005228        0x4 c:/mingw/bin/bin/../lib/gcc/arm-none-eabi/10.2.1/../../../../arm-none-eabi/lib/thumb/v7e-m+fp/hard\libnosys.a(sbrk.o)
 *(COMMON)
                0x2000522c                . = ALIGN (0x4)
                0x2000522c                __bss_end__ = .
                0x2000522c                __END_BSS = .

.heap           0x2000522c      0x204
                0x20005230                . = ALIGN (0x8)
 *fill*         0x2000522c        0x4 
                0x20005230                __end__ = .
                0x20005230                PROVIDE (end = .)
                0x20005230                __HeapBase = .
                0x20005430                . = (. + HEAP_SIZE)
 *fill*         0x20005230      0x200 
                0x20005430                __HeapLimit = .

.stack          0x20005430      0x400
                0x20005430                . = ALIGN (0x8)
                0x20005830                . = (. + STACK_SIZE)
 *fill*         0x20005430      0x400 
                0x20008000                __StackTop = (ORIGIN (m_data) + LENGTH (m_data))
                0x20007c00                __StackLimit = (__StackTop - STACK_SIZE)
                0x20008000                PROVIDE (__stack = __StackTop)

.ARM.attributes
                0x00000000       0x30
 *(.ARM.attributes)
 .ARM.attributes
                0x00000000       0x1e c:/mingw/bin/bin/../lib/gcc/arm-none-eabi/10.2.1/thumb/v7e-m+fp/hard/crti.o
 .ARM.attributes
                0x0000001e       0x34 c:/mingw/bin/bin/../lib/gcc/arm-none-eabi/10.2.1/thumb/v7e-m+fp/hard/crtbegin.o
 .ARM.attributes
                0x00000052       0x1c c:/mingw/bin/bin/../lib/gcc/arm-none-eabi/10.2.1/../../../../arm-none-eabi/lib/thumb/v7e-m+fp/hard/crt0.o
 .ARM.attributes
                0x0000006e       0x1f CMakeFiles/blinking_imx_demo.dir/8d1aac8f05fba6e9064178ac07815423/devices/MCIMX7D/startup/gcc/startup_MCIMX7D_M4.S.obj
 .ARM.attributes
                0x0000008d       0x34 CMakeFiles/blinking_imx_demo.dir/30b4f094e9621763fcab2fafb1009930/platform/devices/MCIMX7D/startup/system_MCIMX7D_M4.c.obj
 .ARM.attributes
                0x000000c1       0x34 CMakeFiles/blinking_imx_demo.dir/30b4f094e9621763fcab2fafb1009930/platform/drivers/src/ccm_analog_imx7d.c.obj
 .ARM.attributes
                0x000000f5       0x34 CMakeFiles/blinking_imx_demo.dir/e41c18c899352abe30012b71ac82fad3/gpio_comunication/platform/drivers/src/ccm_imx7d.c.obj
 .ARM.attributes
                0x00000129       0x34 CMakeFiles/blinking_imx_demo.dir/e41c18c899352abe30012b71ac82fad3/gpio_comunication/platform/drivers/src/gpio_imx.c.obj
 .ARM.attributes
                0x0000015d       0x34 CMakeFiles/blinking_imx_demo.dir/e41c18c899352abe30012b71ac82fad3/gpio_comunication/platform/drivers/src/gpt.c.obj
 .ARM.attributes
                0x00000191       0x34 CMakeFiles/blinking_imx_demo.dir/30b4f094e9621763fcab2fafb1009930/platform/drivers/src/rdc_semaphore.c.obj
 .ARM.attributes
                0x000001c5       0x34 CMakeFiles/blinking_imx_demo.dir/e41c18c899352abe30012b71ac82fad3/gpio_comunication/platform/drivers/src/uart_imx.c.obj
 .ARM.attributes
                0x000001f9       0x34 CMakeFiles/blinking_imx_demo.dir/30b4f094e9621763fcab2fafb1009930/platform/utilities/src/debug_console_imx.c.obj
 .ARM.attributes
                0x0000022d       0x34 CMakeFiles/blinking_imx_demo.dir/30b4f094e9621763fcab2fafb1009930/platform/utilities/src/print_scan.c.obj
 .ARM.attributes
                0x00000261       0x34 CMakeFiles/blinking_imx_demo.dir/e41c18c899352abe30012b71ac82fad3/gpio_comunication/rtos/FreeRTOS/Source/list.c.obj
 .ARM.attributes
                0x00000295       0x34 CMakeFiles/blinking_imx_demo.dir/30b4f094e9621763fcab2fafb1009930/rtos/FreeRTOS/Source/portable/GCC/ARM_CM4F/port.c.obj
 .ARM.attributes
                0x000002c9       0x34 CMakeFiles/blinking_imx_demo.dir/30b4f094e9621763fcab2fafb1009930/rtos/FreeRTOS/Source/portable/MemMang/heap_2.c.obj
 .ARM.attributes
                0x000002fd       0x34 CMakeFiles/blinking_imx_demo.dir/e41c18c899352abe30012b71ac82fad3/gpio_comunication/rtos/FreeRTOS/Source/queue.c.obj
 .ARM.attributes
                0x00000331       0x34 CMakeFiles/blinking_imx_demo.dir/e41c18c899352abe30012b71ac82fad3/gpio_comunication/rtos/FreeRTOS/Source/tasks.c.obj
 .ARM.attributes
                0x00000365       0x34 CMakeFiles/blinking_imx_demo.dir/e41c18c899352abe30012b71ac82fad3/gpio_comunication/examples/imx7_colibri_m4/board.c.obj
 .ARM.attributes
                0x00000399       0x34 CMakeFiles/blinking_imx_demo.dir/30b4f094e9621763fcab2fafb1009930/examples/imx7_colibri_m4/clock_freq.c.obj
 .ARM.attributes
                0x000003cd       0x34 CMakeFiles/blinking_imx_demo.dir/30b4f094e9621763fcab2fafb1009930/examples/imx7_colibri_m4/gpio_pins.c.obj
 .ARM.attributes
                0x00000401       0x34 CMakeFiles/blinking_imx_demo.dir/e41c18c899352abe30012b71ac82fad3/gpio_comunication/examples/imx7_colibri_m4/pin_mux.c.obj
 .ARM.attributes
                0x00000435       0x34 CMakeFiles/blinking_imx_demo.dir/931d4ce9420dc4d8c1a53ec9cdeb57e5/demo_apps/blinking_imx_demo/gpio_ctrl.c.obj
 .ARM.attributes
                0x00000469       0x34 CMakeFiles/blinking_imx_demo.dir/931d4ce9420dc4d8c1a53ec9cdeb57e5/demo_apps/blinking_imx_demo/gpt_timer.c.obj
 .ARM.attributes
                0x0000049d       0x34 CMakeFiles/blinking_imx_demo.dir/931d4ce9420dc4d8c1a53ec9cdeb57e5/demo_apps/blinking_imx_demo/hardware_init.c.obj
 .ARM.attributes
                0x000004d1       0x34 CMakeFiles/blinking_imx_demo.dir/81025489247cf3b3bcd78fd49015c86f/imx7_colibri_m4/demo_apps/blinking_imx_demo/main.c.obj
 .ARM.attributes
                0x00000505       0x34 c:/mingw/bin/bin/../lib/gcc/arm-none-eabi/10.2.1/../../../../arm-none-eabi/lib/thumb/v7e-m+fp/hard\libc_nano.a(lib_a-assert.o)
 .ARM.attributes
                0x00000539       0x34 c:/mingw/bin/bin/../lib/gcc/arm-none-eabi/10.2.1/../../../../arm-none-eabi/lib/thumb/v7e-m+fp/hard\libc_nano.a(lib_a-exit.o)
 .ARM.attributes
                0x0000056d       0x34 c:/mingw/bin/bin/../lib/gcc/arm-none-eabi/10.2.1/../../../../arm-none-eabi/lib/thumb/v7e-m+fp/hard\libc_nano.a(lib_a-fprintf.o)
 .ARM.attributes
                0x000005a1       0x32 c:/mingw/bin/bin/../lib/gcc/arm-none-eabi/10.2.1/../../../../arm-none-eabi/lib/thumb/v7e-m+fp/hard\libc_nano.a(lib_a-impure.o)
 .ARM.attributes
                0x000005d3       0x34 c:/mingw/bin/bin/../lib/gcc/arm-none-eabi/10.2.1/../../../../arm-none-eabi/lib/thumb/v7e-m+fp/hard\libc_nano.a(lib_a-init.o)
 .ARM.attributes
                0x00000607       0x34 c:/mingw/bin/bin/../lib/gcc/arm-none-eabi/10.2.1/../../../../arm-none-eabi/lib/thumb/v7e-m+fp/hard\libc_nano.a(lib_a-memcpy-stub.o)
 .ARM.attributes
                0x0000063b       0x34 c:/mingw/bin/bin/../lib/gcc/arm-none-eabi/10.2.1/../../../../arm-none-eabi/lib/thumb/v7e-m+fp/hard\libc_nano.a(lib_a-memset.o)
 .ARM.attributes
                0x0000066f       0x34 c:/mingw/bin/bin/../lib/gcc/arm-none-eabi/10.2.1/../../../../arm-none-eabi/lib/thumb/v7e-m+fp/hard\libc_nano.a(lib_a-nano-vfprintf.o)
 .ARM.attributes
                0x000006a3       0x34 c:/mingw/bin/bin/../lib/gcc/arm-none-eabi/10.2.1/../../../../arm-none-eabi/lib/thumb/v7e-m+fp/hard\libc_nano.a(lib_a-nano-vfprintf_i.o)
 .ARM.attributes
                0x000006d7       0x17 c:/mingw/bin/bin/../lib/gcc/arm-none-eabi/10.2.1/../../../../arm-none-eabi/lib/thumb/v7e-m+fp/hard\libc_nano.a(lib_a-strlen.o)
 .ARM.attributes
                0x000006ee       0x34 c:/mingw/bin/bin/../lib/gcc/arm-none-eabi/10.2.1/../../../../arm-none-eabi/lib/thumb/v7e-m+fp/hard\libc_nano.a(lib_a-wbuf.o)
 .ARM.attributes
                0x00000722       0x34 c:/mingw/bin/bin/../lib/gcc/arm-none-eabi/10.2.1/../../../../arm-none-eabi/lib/thumb/v7e-m+fp/hard\libc_nano.a(lib_a-wsetup.o)
 .ARM.attributes
                0x00000756       0x34 c:/mingw/bin/bin/../lib/gcc/arm-none-eabi/10.2.1/../../../../arm-none-eabi/lib/thumb/v7e-m+fp/hard\libc_nano.a(lib_a-abort.o)
 .ARM.attributes
                0x0000078a       0x34 c:/mingw/bin/bin/../lib/gcc/arm-none-eabi/10.2.1/../../../../arm-none-eabi/lib/thumb/v7e-m+fp/hard\libc_nano.a(lib_a-fflush.o)
 .ARM.attributes
                0x000007be       0x34 c:/mingw/bin/bin/../lib/gcc/arm-none-eabi/10.2.1/../../../../arm-none-eabi/lib/thumb/v7e-m+fp/hard\libc_nano.a(lib_a-findfp.o)
 .ARM.attributes
                0x000007f2       0x34 c:/mingw/bin/bin/../lib/gcc/arm-none-eabi/10.2.1/../../../../arm-none-eabi/lib/thumb/v7e-m+fp/hard\libc_nano.a(lib_a-fwalk.o)
 .ARM.attributes
                0x00000826       0x34 c:/mingw/bin/bin/../lib/gcc/arm-none-eabi/10.2.1/../../../../arm-none-eabi/lib/thumb/v7e-m+fp/hard\libc_nano.a(lib_a-lock.o)
 .ARM.attributes
                0x0000085a       0x34 c:/mingw/bin/bin/../lib/gcc/arm-none-eabi/10.2.1/../../../../arm-none-eabi/lib/thumb/v7e-m+fp/hard\libc_nano.a(lib_a-makebuf.o)
 .ARM.attributes
                0x0000088e       0x1c c:/mingw/bin/bin/../lib/gcc/arm-none-eabi/10.2.1/../../../../arm-none-eabi/lib/thumb/v7e-m+fp/hard\libc_nano.a(lib_a-memchr.o)
 .ARM.attributes
                0x000008aa       0x34 c:/mingw/bin/bin/../lib/gcc/arm-none-eabi/10.2.1/../../../../arm-none-eabi/lib/thumb/v7e-m+fp/hard\libc_nano.a(lib_a-nano-freer.o)
 .ARM.attributes
                0x000008de       0x34 c:/mingw/bin/bin/../lib/gcc/arm-none-eabi/10.2.1/../../../../arm-none-eabi/lib/thumb/v7e-m+fp/hard\libc_nano.a(lib_a-nano-mallocr.o)
 .ARM.attributes
                0x00000912       0x34 c:/mingw/bin/bin/../lib/gcc/arm-none-eabi/10.2.1/../../../../arm-none-eabi/lib/thumb/v7e-m+fp/hard\libc_nano.a(lib_a-sbrkr.o)
 .ARM.attributes
                0x00000946       0x34 c:/mingw/bin/bin/../lib/gcc/arm-none-eabi/10.2.1/../../../../arm-none-eabi/lib/thumb/v7e-m+fp/hard\libc_nano.a(lib_a-signal.o)
 .ARM.attributes
                0x0000097a       0x34 c:/mingw/bin/bin/../lib/gcc/arm-none-eabi/10.2.1/../../../../arm-none-eabi/lib/thumb/v7e-m+fp/hard\libc_nano.a(lib_a-signalr.o)
 .ARM.attributes
                0x000009ae       0x34 c:/mingw/bin/bin/../lib/gcc/arm-none-eabi/10.2.1/../../../../arm-none-eabi/lib/thumb/v7e-m+fp/hard\libc_nano.a(lib_a-stdio.o)
 .ARM.attributes
                0x000009e2       0x34 c:/mingw/bin/bin/../lib/gcc/arm-none-eabi/10.2.1/../../../../arm-none-eabi/lib/thumb/v7e-m+fp/hard\libc_nano.a(lib_a-writer.o)
 .ARM.attributes
                0x00000a16       0x34 c:/mingw/bin/bin/../lib/gcc/arm-none-eabi/10.2.1/../../../../arm-none-eabi/lib/thumb/v7e-m+fp/hard\libc_nano.a(lib_a-closer.o)
 .ARM.attributes
                0x00000a4a       0x34 c:/mingw/bin/bin/../lib/gcc/arm-none-eabi/10.2.1/../../../../arm-none-eabi/lib/thumb/v7e-m+fp/hard\libc_nano.a(lib_a-fstatr.o)
 .ARM.attributes
                0x00000a7e       0x34 c:/mingw/bin/bin/../lib/gcc/arm-none-eabi/10.2.1/../../../../arm-none-eabi/lib/thumb/v7e-m+fp/hard\libc_nano.a(lib_a-isattyr.o)
 .ARM.attributes
                0x00000ab2       0x34 c:/mingw/bin/bin/../lib/gcc/arm-none-eabi/10.2.1/../../../../arm-none-eabi/lib/thumb/v7e-m+fp/hard\libc_nano.a(lib_a-lseekr.o)
 .ARM.attributes
                0x00000ae6       0x34 c:/mingw/bin/bin/../lib/gcc/arm-none-eabi/10.2.1/../../../../arm-none-eabi/lib/thumb/v7e-m+fp/hard\libc_nano.a(lib_a-mlock.o)
 .ARM.attributes
                0x00000b1a       0x34 c:/mingw/bin/bin/../lib/gcc/arm-none-eabi/10.2.1/../../../../arm-none-eabi/lib/thumb/v7e-m+fp/hard\libc_nano.a(lib_a-readr.o)
 .ARM.attributes
                0x00000b4e       0x34 c:/mingw/bin/bin/../lib/gcc/arm-none-eabi/10.2.1/../../../../arm-none-eabi/lib/thumb/v7e-m+fp/hard\libc_nano.a(lib_a-reent.o)
 .ARM.attributes
                0x00000b82       0x34 c:/mingw/bin/bin/../lib/gcc/arm-none-eabi/10.2.1/../../../../arm-none-eabi/lib/thumb/v7e-m+fp/hard\libnosys.a(close.o)
 .ARM.attributes
                0x00000bb6       0x34 c:/mingw/bin/bin/../lib/gcc/arm-none-eabi/10.2.1/../../../../arm-none-eabi/lib/thumb/v7e-m+fp/hard\libnosys.a(fstat.o)
 .ARM.attributes
                0x00000bea       0x34 c:/mingw/bin/bin/../lib/gcc/arm-none-eabi/10.2.1/../../../../arm-none-eabi/lib/thumb/v7e-m+fp/hard\libnosys.a(getpid.o)
 .ARM.attributes
                0x00000c1e       0x34 c:/mingw/bin/bin/../lib/gcc/arm-none-eabi/10.2.1/../../../../arm-none-eabi/lib/thumb/v7e-m+fp/hard\libnosys.a(isatty.o)
 .ARM.attributes
                0x00000c52       0x34 c:/mingw/bin/bin/../lib/gcc/arm-none-eabi/10.2.1/../../../../arm-none-eabi/lib/thumb/v7e-m+fp/hard\libnosys.a(kill.o)
 .ARM.attributes
                0x00000c86       0x34 c:/mingw/bin/bin/../lib/gcc/arm-none-eabi/10.2.1/../../../../arm-none-eabi/lib/thumb/v7e-m+fp/hard\libnosys.a(lseek.o)
 .ARM.attributes
                0x00000cba       0x34 c:/mingw/bin/bin/../lib/gcc/arm-none-eabi/10.2.1/../../../../arm-none-eabi/lib/thumb/v7e-m+fp/hard\libnosys.a(sbrk.o)
 .ARM.attributes
                0x00000cee       0x34 c:/mingw/bin/bin/../lib/gcc/arm-none-eabi/10.2.1/../../../../arm-none-eabi/lib/thumb/v7e-m+fp/hard\libnosys.a(_exit.o)
 .ARM.attributes
                0x00000d22       0x1e c:/mingw/bin/bin/../lib/gcc/arm-none-eabi/10.2.1/thumb/v7e-m+fp/hard/crtn.o
                0x00000001                ASSERT ((__StackLimit >= __HeapLimit), region m_data overflowed with stack and heap)
OUTPUT(blinking_imx_demo.elf elf32-littlearm)
LOAD linker stubs

.comment        0x00000000       0x4d
 .comment       0x00000000       0x4d CMakeFiles/blinking_imx_demo.dir/30b4f094e9621763fcab2fafb1009930/platform/devices/MCIMX7D/startup/system_MCIMX7D_M4.c.obj
                                 0x4e (size before relaxing)
 .comment       0x0000004d       0x4e CMakeFiles/blinking_imx_demo.dir/30b4f094e9621763fcab2fafb1009930/platform/drivers/src/ccm_analog_imx7d.c.obj
 .comment       0x0000004d       0x4e CMakeFiles/blinking_imx_demo.dir/e41c18c899352abe30012b71ac82fad3/gpio_comunication/platform/drivers/src/ccm_imx7d.c.obj
 .comment       0x0000004d       0x4e CMakeFiles/blinking_imx_demo.dir/e41c18c899352abe30012b71ac82fad3/gpio_comunication/platform/drivers/src/gpio_imx.c.obj
 .comment       0x0000004d       0x4e CMakeFiles/blinking_imx_demo.dir/e41c18c899352abe30012b71ac82fad3/gpio_comunication/platform/drivers/src/gpt.c.obj
 .comment       0x0000004d       0x4e CMakeFiles/blinking_imx_demo.dir/30b4f094e9621763fcab2fafb1009930/platform/drivers/src/rdc_semaphore.c.obj
 .comment       0x0000004d       0x4e CMakeFiles/blinking_imx_demo.dir/e41c18c899352abe30012b71ac82fad3/gpio_comunication/platform/drivers/src/uart_imx.c.obj
 .comment       0x0000004d       0x4e CMakeFiles/blinking_imx_demo.dir/30b4f094e9621763fcab2fafb1009930/platform/utilities/src/debug_console_imx.c.obj
 .comment       0x0000004d       0x4e CMakeFiles/blinking_imx_demo.dir/30b4f094e9621763fcab2fafb1009930/platform/utilities/src/print_scan.c.obj
 .comment       0x0000004d       0x4e CMakeFiles/blinking_imx_demo.dir/e41c18c899352abe30012b71ac82fad3/gpio_comunication/rtos/FreeRTOS/Source/list.c.obj
 .comment       0x0000004d       0x4e CMakeFiles/blinking_imx_demo.dir/30b4f094e9621763fcab2fafb1009930/rtos/FreeRTOS/Source/portable/GCC/ARM_CM4F/port.c.obj
 .comment       0x0000004d       0x4e CMakeFiles/blinking_imx_demo.dir/30b4f094e9621763fcab2fafb1009930/rtos/FreeRTOS/Source/portable/MemMang/heap_2.c.obj
 .comment       0x0000004d       0x4e CMakeFiles/blinking_imx_demo.dir/e41c18c899352abe30012b71ac82fad3/gpio_comunication/rtos/FreeRTOS/Source/queue.c.obj
 .comment       0x0000004d       0x4e CMakeFiles/blinking_imx_demo.dir/e41c18c899352abe30012b71ac82fad3/gpio_comunication/rtos/FreeRTOS/Source/tasks.c.obj
 .comment       0x0000004d       0x4e CMakeFiles/blinking_imx_demo.dir/e41c18c899352abe30012b71ac82fad3/gpio_comunication/examples/imx7_colibri_m4/board.c.obj
 .comment       0x0000004d       0x4e CMakeFiles/blinking_imx_demo.dir/30b4f094e9621763fcab2fafb1009930/examples/imx7_colibri_m4/clock_freq.c.obj
 .comment       0x0000004d       0x4e CMakeFiles/blinking_imx_demo.dir/30b4f094e9621763fcab2fafb1009930/examples/imx7_colibri_m4/gpio_pins.c.obj
 .comment       0x0000004d       0x4e CMakeFiles/blinking_imx_demo.dir/e41c18c899352abe30012b71ac82fad3/gpio_comunication/examples/imx7_colibri_m4/pin_mux.c.obj
 .comment       0x0000004d       0x4e CMakeFiles/blinking_imx_demo.dir/931d4ce9420dc4d8c1a53ec9cdeb57e5/demo_apps/blinking_imx_demo/gpio_ctrl.c.obj
 .comment       0x0000004d       0x4e CMakeFiles/blinking_imx_demo.dir/931d4ce9420dc4d8c1a53ec9cdeb57e5/demo_apps/blinking_imx_demo/gpt_timer.c.obj
 .comment       0x0000004d       0x4e CMakeFiles/blinking_imx_demo.dir/931d4ce9420dc4d8c1a53ec9cdeb57e5/demo_apps/blinking_imx_demo/hardware_init.c.obj
 .comment       0x0000004d       0x4e CMakeFiles/blinking_imx_demo.dir/81025489247cf3b3bcd78fd49015c86f/imx7_colibri_m4/demo_apps/blinking_imx_demo/main.c.obj

.debug_frame    0x00000000      0xa9c
 .debug_frame   0x00000000       0x40 c:/mingw/bin/bin/../lib/gcc/arm-none-eabi/10.2.1/../../../../arm-none-eabi/lib/thumb/v7e-m+fp/hard\libc_nano.a(lib_a-assert.o)
 .debug_frame   0x00000040       0x28 c:/mingw/bin/bin/../lib/gcc/arm-none-eabi/10.2.1/../../../../arm-none-eabi/lib/thumb/v7e-m+fp/hard\libc_nano.a(lib_a-exit.o)
 .debug_frame   0x00000068       0x64 c:/mingw/bin/bin/../lib/gcc/arm-none-eabi/10.2.1/../../../../arm-none-eabi/lib/thumb/v7e-m+fp/hard\libc_nano.a(lib_a-fprintf.o)
 .debug_frame   0x000000cc       0x2c c:/mingw/bin/bin/../lib/gcc/arm-none-eabi/10.2.1/../../../../arm-none-eabi/lib/thumb/v7e-m+fp/hard\libc_nano.a(lib_a-init.o)
 .debug_frame   0x000000f8       0x28 c:/mingw/bin/bin/../lib/gcc/arm-none-eabi/10.2.1/../../../../arm-none-eabi/lib/thumb/v7e-m+fp/hard\libc_nano.a(lib_a-memcpy-stub.o)
 .debug_frame   0x00000120       0x20 c:/mingw/bin/bin/../lib/gcc/arm-none-eabi/10.2.1/../../../../arm-none-eabi/lib/thumb/v7e-m+fp/hard\libc_nano.a(lib_a-memset.o)
 .debug_frame   0x00000140       0xac c:/mingw/bin/bin/../lib/gcc/arm-none-eabi/10.2.1/../../../../arm-none-eabi/lib/thumb/v7e-m+fp/hard\libc_nano.a(lib_a-nano-vfprintf.o)
 .debug_frame   0x000001ec       0x60 c:/mingw/bin/bin/../lib/gcc/arm-none-eabi/10.2.1/../../../../arm-none-eabi/lib/thumb/v7e-m+fp/hard\libc_nano.a(lib_a-nano-vfprintf_i.o)
 .debug_frame   0x0000024c       0x40 c:/mingw/bin/bin/../lib/gcc/arm-none-eabi/10.2.1/../../../../arm-none-eabi/lib/thumb/v7e-m+fp/hard\libc_nano.a(lib_a-wbuf.o)
 .debug_frame   0x0000028c       0x2c c:/mingw/bin/bin/../lib/gcc/arm-none-eabi/10.2.1/../../../../arm-none-eabi/lib/thumb/v7e-m+fp/hard\libc_nano.a(lib_a-wsetup.o)
 .debug_frame   0x000002b8       0x28 c:/mingw/bin/bin/../lib/gcc/arm-none-eabi/10.2.1/../../../../arm-none-eabi/lib/thumb/v7e-m+fp/hard\libc_nano.a(lib_a-abort.o)
 .debug_frame   0x000002e0       0x5c c:/mingw/bin/bin/../lib/gcc/arm-none-eabi/10.2.1/../../../../arm-none-eabi/lib/thumb/v7e-m+fp/hard\libc_nano.a(lib_a-fflush.o)
 .debug_frame   0x0000033c      0x14c c:/mingw/bin/bin/../lib/gcc/arm-none-eabi/10.2.1/../../../../arm-none-eabi/lib/thumb/v7e-m+fp/hard\libc_nano.a(lib_a-findfp.o)
 .debug_frame   0x00000488       0x54 c:/mingw/bin/bin/../lib/gcc/arm-none-eabi/10.2.1/../../../../arm-none-eabi/lib/thumb/v7e-m+fp/hard\libc_nano.a(lib_a-fwalk.o)
 .debug_frame   0x000004dc       0xb0 c:/mingw/bin/bin/../lib/gcc/arm-none-eabi/10.2.1/../../../../arm-none-eabi/lib/thumb/v7e-m+fp/hard\libc_nano.a(lib_a-lock.o)
 .debug_frame   0x0000058c       0x58 c:/mingw/bin/bin/../lib/gcc/arm-none-eabi/10.2.1/../../../../arm-none-eabi/lib/thumb/v7e-m+fp/hard\libc_nano.a(lib_a-makebuf.o)
 .debug_frame   0x000005e4       0x38 c:/mingw/bin/bin/../lib/gcc/arm-none-eabi/10.2.1/../../../../arm-none-eabi/lib/thumb/v7e-m+fp/hard\libc_nano.a(lib_a-nano-freer.o)
 .debug_frame   0x0000061c       0x30 c:/mingw/bin/bin/../lib/gcc/arm-none-eabi/10.2.1/../../../../arm-none-eabi/lib/thumb/v7e-m+fp/hard\libc_nano.a(lib_a-nano-mallocr.o)
 .debug_frame   0x0000064c       0x2c c:/mingw/bin/bin/../lib/gcc/arm-none-eabi/10.2.1/../../../../arm-none-eabi/lib/thumb/v7e-m+fp/hard\libc_nano.a(lib_a-sbrkr.o)
 .debug_frame   0x00000678       0xcc c:/mingw/bin/bin/../lib/gcc/arm-none-eabi/10.2.1/../../../../arm-none-eabi/lib/thumb/v7e-m+fp/hard\libc_nano.a(lib_a-signal.o)
 .debug_frame   0x00000744       0x3c c:/mingw/bin/bin/../lib/gcc/arm-none-eabi/10.2.1/../../../../arm-none-eabi/lib/thumb/v7e-m+fp/hard\libc_nano.a(lib_a-signalr.o)
 .debug_frame   0x00000780       0x88 c:/mingw/bin/bin/../lib/gcc/arm-none-eabi/10.2.1/../../../../arm-none-eabi/lib/thumb/v7e-m+fp/hard\libc_nano.a(lib_a-stdio.o)
 .debug_frame   0x00000808       0x2c c:/mingw/bin/bin/../lib/gcc/arm-none-eabi/10.2.1/../../../../arm-none-eabi/lib/thumb/v7e-m+fp/hard\libc_nano.a(lib_a-writer.o)
 .debug_frame   0x00000834       0x2c c:/mingw/bin/bin/../lib/gcc/arm-none-eabi/10.2.1/../../../../arm-none-eabi/lib/thumb/v7e-m+fp/hard\libc_nano.a(lib_a-closer.o)
 .debug_frame   0x00000860       0x2c c:/mingw/bin/bin/../lib/gcc/arm-none-eabi/10.2.1/../../../../arm-none-eabi/lib/thumb/v7e-m+fp/hard\libc_nano.a(lib_a-fstatr.o)
 .debug_frame   0x0000088c       0x2c c:/mingw/bin/bin/../lib/gcc/arm-none-eabi/10.2.1/../../../../arm-none-eabi/lib/thumb/v7e-m+fp/hard\libc_nano.a(lib_a-isattyr.o)
 .debug_frame   0x000008b8       0x2c c:/mingw/bin/bin/../lib/gcc/arm-none-eabi/10.2.1/../../../../arm-none-eabi/lib/thumb/v7e-m+fp/hard\libc_nano.a(lib_a-lseekr.o)
 .debug_frame   0x000008e4       0x30 c:/mingw/bin/bin/../lib/gcc/arm-none-eabi/10.2.1/../../../../arm-none-eabi/lib/thumb/v7e-m+fp/hard\libc_nano.a(lib_a-mlock.o)
 .debug_frame   0x00000914       0x2c c:/mingw/bin/bin/../lib/gcc/arm-none-eabi/10.2.1/../../../../arm-none-eabi/lib/thumb/v7e-m+fp/hard\libc_nano.a(lib_a-readr.o)
 .debug_frame   0x00000940       0x5c c:/mingw/bin/bin/../lib/gcc/arm-none-eabi/10.2.1/../../../../arm-none-eabi/lib/thumb/v7e-m+fp/hard\libc_nano.a(lib_a-reent.o)
 .debug_frame   0x0000099c       0x20 c:/mingw/bin/bin/../lib/gcc/arm-none-eabi/10.2.1/../../../../arm-none-eabi/lib/thumb/v7e-m+fp/hard\libnosys.a(close.o)
 .debug_frame   0x000009bc       0x20 c:/mingw/bin/bin/../lib/gcc/arm-none-eabi/10.2.1/../../../../arm-none-eabi/lib/thumb/v7e-m+fp/hard\libnosys.a(fstat.o)
 .debug_frame   0x000009dc       0x20 c:/mingw/bin/bin/../lib/gcc/arm-none-eabi/10.2.1/../../../../arm-none-eabi/lib/thumb/v7e-m+fp/hard\libnosys.a(getpid.o)
 .debug_frame   0x000009fc       0x20 c:/mingw/bin/bin/../lib/gcc/arm-none-eabi/10.2.1/../../../../arm-none-eabi/lib/thumb/v7e-m+fp/hard\libnosys.a(isatty.o)
 .debug_frame   0x00000a1c       0x20 c:/mingw/bin/bin/../lib/gcc/arm-none-eabi/10.2.1/../../../../arm-none-eabi/lib/thumb/v7e-m+fp/hard\libnosys.a(kill.o)
 .debug_frame   0x00000a3c       0x20 c:/mingw/bin/bin/../lib/gcc/arm-none-eabi/10.2.1/../../../../arm-none-eabi/lib/thumb/v7e-m+fp/hard\libnosys.a(lseek.o)
 .debug_frame   0x00000a5c       0x20 c:/mingw/bin/bin/../lib/gcc/arm-none-eabi/10.2.1/../../../../arm-none-eabi/lib/thumb/v7e-m+fp/hard\libnosys.a(sbrk.o)
 .debug_frame   0x00000a7c       0x20 c:/mingw/bin/bin/../lib/gcc/arm-none-eabi/10.2.1/../../../../arm-none-eabi/lib/thumb/v7e-m+fp/hard\libnosys.a(_exit.o)

.stab           0x00000000       0x9c
 .stab          0x00000000       0x24 c:/mingw/bin/bin/../lib/gcc/arm-none-eabi/10.2.1/../../../../arm-none-eabi/lib/thumb/v7e-m+fp/hard\libnosys.a(close.o)
 .stab          0x00000024       0x18 c:/mingw/bin/bin/../lib/gcc/arm-none-eabi/10.2.1/../../../../arm-none-eabi/lib/thumb/v7e-m+fp/hard\libnosys.a(fstat.o)
                                 0x24 (size before relaxing)
 .stab          0x0000003c       0x18 c:/mingw/bin/bin/../lib/gcc/arm-none-eabi/10.2.1/../../../../arm-none-eabi/lib/thumb/v7e-m+fp/hard\libnosys.a(getpid.o)
                                 0x24 (size before relaxing)
 .stab          0x00000054       0x18 c:/mingw/bin/bin/../lib/gcc/arm-none-eabi/10.2.1/../../../../arm-none-eabi/lib/thumb/v7e-m+fp/hard\libnosys.a(isatty.o)
                                 0x24 (size before relaxing)
 .stab          0x0000006c       0x18 c:/mingw/bin/bin/../lib/gcc/arm-none-eabi/10.2.1/../../../../arm-none-eabi/lib/thumb/v7e-m+fp/hard\libnosys.a(kill.o)
                                 0x24 (size before relaxing)
 .stab          0x00000084       0x18 c:/mingw/bin/bin/../lib/gcc/arm-none-eabi/10.2.1/../../../../arm-none-eabi/lib/thumb/v7e-m+fp/hard\libnosys.a(lseek.o)
                                 0x24 (size before relaxing)

.stabstr        0x00000000      0x14f
 .stabstr       0x00000000      0x14f c:/mingw/bin/bin/../lib/gcc/arm-none-eabi/10.2.1/../../../../arm-none-eabi/lib/thumb/v7e-m+fp/hard\libnosys.a(close.o)