Archive member included to satisfy reference by file (symbol)

/home/fdsa/opt/gcc-arm-none-eabi-10-2020-q4-major/bin/../lib/gcc/arm-none-eabi/10.2.1/../../../../arm-none-eabi/lib/thumb/v7e-m+fp/hard/libc_nano.a(lib_a-assert.o)
                              CMakeFiles/i2c_interrupt_sensor_imx7d.dir/home/fdsa/freertos-colibri-imx7/platform/drivers/src/ccm_analog_imx7d.c.obj (__assert_func)
/home/fdsa/opt/gcc-arm-none-eabi-10-2020-q4-major/bin/../lib/gcc/arm-none-eabi/10.2.1/../../../../arm-none-eabi/lib/thumb/v7e-m+fp/hard/libc_nano.a(lib_a-exit.o)
                              /home/fdsa/opt/gcc-arm-none-eabi-10-2020-q4-major/bin/../lib/gcc/arm-none-eabi/10.2.1/../../../../arm-none-eabi/lib/thumb/v7e-m+fp/hard/crt0.o (exit)
/home/fdsa/opt/gcc-arm-none-eabi-10-2020-q4-major/bin/../lib/gcc/arm-none-eabi/10.2.1/../../../../arm-none-eabi/lib/thumb/v7e-m+fp/hard/libc_nano.a(lib_a-fprintf.o)
                              /home/fdsa/opt/gcc-arm-none-eabi-10-2020-q4-major/bin/../lib/gcc/arm-none-eabi/10.2.1/../../../../arm-none-eabi/lib/thumb/v7e-m+fp/hard/libc_nano.a(lib_a-assert.o) (fiprintf)
/home/fdsa/opt/gcc-arm-none-eabi-10-2020-q4-major/bin/../lib/gcc/arm-none-eabi/10.2.1/../../../../arm-none-eabi/lib/thumb/v7e-m+fp/hard/libc_nano.a(lib_a-impure.o)
                              /home/fdsa/opt/gcc-arm-none-eabi-10-2020-q4-major/bin/../lib/gcc/arm-none-eabi/10.2.1/../../../../arm-none-eabi/lib/thumb/v7e-m+fp/hard/libc_nano.a(lib_a-exit.o) (_global_impure_ptr)
/home/fdsa/opt/gcc-arm-none-eabi-10-2020-q4-major/bin/../lib/gcc/arm-none-eabi/10.2.1/../../../../arm-none-eabi/lib/thumb/v7e-m+fp/hard/libc_nano.a(lib_a-init.o)
                              /home/fdsa/opt/gcc-arm-none-eabi-10-2020-q4-major/bin/../lib/gcc/arm-none-eabi/10.2.1/../../../../arm-none-eabi/lib/thumb/v7e-m+fp/hard/crt0.o (__libc_init_array)
/home/fdsa/opt/gcc-arm-none-eabi-10-2020-q4-major/bin/../lib/gcc/arm-none-eabi/10.2.1/../../../../arm-none-eabi/lib/thumb/v7e-m+fp/hard/libc_nano.a(lib_a-memset.o)
                              /home/fdsa/opt/gcc-arm-none-eabi-10-2020-q4-major/bin/../lib/gcc/arm-none-eabi/10.2.1/../../../../arm-none-eabi/lib/thumb/v7e-m+fp/hard/crt0.o (memset)
/home/fdsa/opt/gcc-arm-none-eabi-10-2020-q4-major/bin/../lib/gcc/arm-none-eabi/10.2.1/../../../../arm-none-eabi/lib/thumb/v7e-m+fp/hard/libc_nano.a(lib_a-nano-vfprintf.o)
                              /home/fdsa/opt/gcc-arm-none-eabi-10-2020-q4-major/bin/../lib/gcc/arm-none-eabi/10.2.1/../../../../arm-none-eabi/lib/thumb/v7e-m+fp/hard/libc_nano.a(lib_a-fprintf.o) (_vfprintf_r)
/home/fdsa/opt/gcc-arm-none-eabi-10-2020-q4-major/bin/../lib/gcc/arm-none-eabi/10.2.1/../../../../arm-none-eabi/lib/thumb/v7e-m+fp/hard/libc_nano.a(lib_a-nano-vfprintf_i.o)
                              /home/fdsa/opt/gcc-arm-none-eabi-10-2020-q4-major/bin/../lib/gcc/arm-none-eabi/10.2.1/../../../../arm-none-eabi/lib/thumb/v7e-m+fp/hard/libc_nano.a(lib_a-nano-vfprintf.o) (_printf_i)
/home/fdsa/opt/gcc-arm-none-eabi-10-2020-q4-major/bin/../lib/gcc/arm-none-eabi/10.2.1/../../../../arm-none-eabi/lib/thumb/v7e-m+fp/hard/libc_nano.a(lib_a-strlen.o)
                              CMakeFiles/i2c_interrupt_sensor_imx7d.dir/home/fdsa/freertos-colibri-imx7/platform/utilities/src/print_scan.c.obj (strlen)
/home/fdsa/opt/gcc-arm-none-eabi-10-2020-q4-major/bin/../lib/gcc/arm-none-eabi/10.2.1/../../../../arm-none-eabi/lib/thumb/v7e-m+fp/hard/libc_nano.a(lib_a-wbuf.o)
                              /home/fdsa/opt/gcc-arm-none-eabi-10-2020-q4-major/bin/../lib/gcc/arm-none-eabi/10.2.1/../../../../arm-none-eabi/lib/thumb/v7e-m+fp/hard/libc_nano.a(lib_a-nano-vfprintf.o) (__swbuf_r)
/home/fdsa/opt/gcc-arm-none-eabi-10-2020-q4-major/bin/../lib/gcc/arm-none-eabi/10.2.1/../../../../arm-none-eabi/lib/thumb/v7e-m+fp/hard/libc_nano.a(lib_a-wsetup.o)
                              /home/fdsa/opt/gcc-arm-none-eabi-10-2020-q4-major/bin/../lib/gcc/arm-none-eabi/10.2.1/../../../../arm-none-eabi/lib/thumb/v7e-m+fp/hard/libc_nano.a(lib_a-nano-vfprintf.o) (__swsetup_r)
/home/fdsa/opt/gcc-arm-none-eabi-10-2020-q4-major/bin/../lib/gcc/arm-none-eabi/10.2.1/../../../../arm-none-eabi/lib/thumb/v7e-m+fp/hard/libc_nano.a(lib_a-abort.o)
                              /home/fdsa/opt/gcc-arm-none-eabi-10-2020-q4-major/bin/../lib/gcc/arm-none-eabi/10.2.1/../../../../arm-none-eabi/lib/thumb/v7e-m+fp/hard/libc_nano.a(lib_a-assert.o) (abort)
/home/fdsa/opt/gcc-arm-none-eabi-10-2020-q4-major/bin/../lib/gcc/arm-none-eabi/10.2.1/../../../../arm-none-eabi/lib/thumb/v7e-m+fp/hard/libc_nano.a(lib_a-fflush.o)
                              /home/fdsa/opt/gcc-arm-none-eabi-10-2020-q4-major/bin/../lib/gcc/arm-none-eabi/10.2.1/../../../../arm-none-eabi/lib/thumb/v7e-m+fp/hard/libc_nano.a(lib_a-wbuf.o) (_fflush_r)
/home/fdsa/opt/gcc-arm-none-eabi-10-2020-q4-major/bin/../lib/gcc/arm-none-eabi/10.2.1/../../../../arm-none-eabi/lib/thumb/v7e-m+fp/hard/libc_nano.a(lib_a-findfp.o)
[...]
Memory Configuration

Name             Origin             Length             Attributes
m_interrupts     0x0000000000000000 0x0000000000000240 xr
m_text           0x000000001fff8000 0x0000000000008000 xr
m_data           0x0000000020000000 0x0000000000008000 rw
*default*        0x0000000000000000 0xffffffffffffffff

Linker script and memory map

LOAD /home/fdsa/opt/gcc-arm-none-eabi-10-2020-q4-major/bin/../lib/gcc/arm-none-eabi/10.2.1/thumb/v7e-m+fp/hard/crti.o
LOAD /home/fdsa/opt/gcc-arm-none-eabi-10-2020-q4-major/bin/../lib/gcc/arm-none-eabi/10.2.1/thumb/v7e-m+fp/hard/crtbegin.o
LOAD /home/fdsa/opt/gcc-arm-none-eabi-10-2020-q4-major/bin/../lib/gcc/arm-none-eabi/10.2.1/../../../../arm-none-eabi/lib/thumb/v7e-m+fp/hard/crt0.o
                0x0000000000000400                __stack_size__ = 0x400
                0x0000000000000200                __heap_size__ = 0x200
LOAD CMakeFiles/i2c_interrupt_sensor_imx7d.dir/home/fdsa/freertos-colibri-imx7/platform/devices/MCIMX7D/startup/gcc/startup_MCIMX7D_M4.S.obj
LOAD CMakeFiles/i2c_interrupt_sensor_imx7d.dir/home/fdsa/freertos-colibri-imx7/platform/devices/MCIMX7D/startup/system_MCIMX7D_M4.c.obj
LOAD CMakeFiles/i2c_interrupt_sensor_imx7d.dir/home/fdsa/freertos-colibri-imx7/platform/drivers/src/ccm_analog_imx7d.c.obj
LOAD CMakeFiles/i2c_interrupt_sensor_imx7d.dir/home/fdsa/freertos-colibri-imx7/platform/drivers/src/ccm_imx7d.c.obj
LOAD CMakeFiles/i2c_interrupt_sensor_imx7d.dir/home/fdsa/freertos-colibri-imx7/platform/drivers/src/gpt.c.obj
LOAD CMakeFiles/i2c_interrupt_sensor_imx7d.dir/home/fdsa/freertos-colibri-imx7/platform/drivers/src/i2c_imx.c.obj
LOAD CMakeFiles/i2c_interrupt_sensor_imx7d.dir/home/fdsa/freertos-colibri-imx7/platform/drivers/src/rdc.c.obj
LOAD CMakeFiles/i2c_interrupt_sensor_imx7d.dir/home/fdsa/freertos-colibri-imx7/platform/drivers/src/uart_imx.c.obj
LOAD CMakeFiles/i2c_interrupt_sensor_imx7d.dir/home/fdsa/freertos-colibri-imx7/platform/utilities/src/debug_console_imx.c.obj
LOAD CMakeFiles/i2c_interrupt_sensor_imx7d.dir/home/fdsa/freertos-colibri-imx7/platform/utilities/src/print_scan.c.obj
LOAD CMakeFiles/i2c_interrupt_sensor_imx7d.dir/home/fdsa/freertos-colibri-imx7/examples/imx7_colibri_m4/board.c.obj
LOAD CMakeFiles/i2c_interrupt_sensor_imx7d.dir/home/fdsa/freertos-colibri-imx7/examples/imx7_colibri_m4/clock_freq.c.obj
LOAD CMakeFiles/i2c_interrupt_sensor_imx7d.dir/home/fdsa/freertos-colibri-imx7/examples/imx7_colibri_m4/gpio_pins.c.obj
LOAD CMakeFiles/i2c_interrupt_sensor_imx7d.dir/home/fdsa/freertos-colibri-imx7/examples/imx7_colibri_m4/pin_mux.c.obj
LOAD CMakeFiles/i2c_interrupt_sensor_imx7d.dir/home/fdsa/freertos-colibri-imx7/examples/imx7_colibri_m4/driver_examples/i2c_imx/i2c_interrupt_sensor_imx7d/hardware_init.c.obj
LOAD CMakeFiles/i2c_interrupt_sensor_imx7d.dir/home/fdsa/freertos-colibri-imx7/examples/imx7_colibri_m4/driver_examples/i2c_imx/i2c_interrupt_sensor_imx7d/main.c.obj
START GROUP
LOAD /home/fdsa/opt/gcc-arm-none-eabi-10-2020-q4-major/bin/../lib/gcc/arm-none-eabi/10.2.1/../../../../arm-none-eabi/lib/thumb/v7e-m+fp/hard/libm.a
LOAD /home/fdsa/opt/gcc-arm-none-eabi-10-2020-q4-major/bin/../lib/gcc/arm-none-eabi/10.2.1/../../../../arm-none-eabi/lib/thumb/v7e-m+fp/hard/libc_nano.a
LOAD /home/fdsa/opt/gcc-arm-none-eabi-10-2020-q4-major/bin/../lib/gcc/arm-none-eabi/10.2.1/thumb/v7e-m+fp/hard/libgcc.a
LOAD /home/fdsa/opt/gcc-arm-none-eabi-10-2020-q4-major/bin/../lib/gcc/arm-none-eabi/10.2.1/../../../../arm-none-eabi/lib/thumb/v7e-m+fp/hard/libnosys.a
END GROUP
START GROUP
LOAD /home/fdsa/opt/gcc-arm-none-eabi-10-2020-q4-major/bin/../lib/gcc/arm-none-eabi/10.2.1/thumb/v7e-m+fp/hard/libgcc.a
LOAD /home/fdsa/opt/gcc-arm-none-eabi-10-2020-q4-major/bin/../lib/gcc/arm-none-eabi/10.2.1/../../../../arm-none-eabi/lib/thumb/v7e-m+fp/hard/libg_nano.a
LOAD /home/fdsa/opt/gcc-arm-none-eabi-10-2020-q4-major/bin/../lib/gcc/arm-none-eabi/10.2.1/../../../../arm-none-eabi/lib/thumb/v7e-m+fp/hard/libc_nano.a
END GROUP
START GROUP
LOAD /home/fdsa/opt/gcc-arm-none-eabi-10-2020-q4-major/bin/../lib/gcc/arm-none-eabi/10.2.1/thumb/v7e-m+fp/hard/libgcc.a
LOAD /home/fdsa/opt/gcc-arm-none-eabi-10-2020-q4-major/bin/../lib/gcc/arm-none-eabi/10.2.1/../../../../arm-none-eabi/lib/thumb/v7e-m+fp/hard/libc_nano.a
LOAD /home/fdsa/opt/gcc-arm-none-eabi-10-2020-q4-major/bin/../lib/gcc/arm-none-eabi/10.2.1/../../../../arm-none-eabi/lib/thumb/v7e-m+fp/hard/libnosys.a
END GROUP
START GROUP
LOAD /home/fdsa/opt/gcc-arm-none-eabi-10-2020-q4-major/bin/../lib/gcc/arm-none-eabi/10.2.1/thumb/v7e-m+fp/hard/libgcc.a
LOAD /home/fdsa/opt/gcc-arm-none-eabi-10-2020-q4-major/bin/../lib/gcc/arm-none-eabi/10.2.1/../../../../arm-none-eabi/lib/thumb/v7e-m+fp/hard/libc_nano.a
LOAD /home/fdsa/opt/gcc-arm-none-eabi-10-2020-q4-major/bin/../lib/gcc/arm-none-eabi/10.2.1/../../../../arm-none-eabi/lib/thumb/v7e-m+fp/hard/libnosys.a
END GROUP
LOAD /home/fdsa/opt/gcc-arm-none-eabi-10-2020-q4-major/bin/../lib/gcc/arm-none-eabi/10.2.1/thumb/v7e-m+fp/hard/crtend.o
LOAD /home/fdsa/opt/gcc-arm-none-eabi-10-2020-q4-major/bin/../lib/gcc/arm-none-eabi/10.2.1/thumb/v7e-m+fp/hard/crtn.o
                0x000000001fff8000                TCML_code = 0x1fff8000
                0x0000000020000000                TCMU_system = 0x20000000
                0x0000000000000000                OCRAM_S_code = 0x0
                0x0000000000180000                OCRAM_S_system = 0x180000
                0x0000000000900000                OCRAM_code = 0x900000
                0x0000000020200000                OCRAM_system = 0x20200000
                0x0000000000920000                OCRAM_EPDC_code = 0x920000
                0x0000000020220000                OCRAM_EPDC_system = 0x20220000
                0x0000000010000000                DDR_code = 0x10000000
                0x0000000080000000                DDR_system = 0x80000000
                0x0000000000000200                HEAP_SIZE = DEFINED (__heap_size__)?__heap_size__:0x400
                0x0000000000000400                STACK_SIZE = DEFINED (__stack_size__)?__stack_size__:0x400
                0x0000000000000000                __FLASH_START = ORIGIN (m_interrupts)
                0x0000000020000000                __FLASH_END = (ORIGIN (m_text) + LENGTH (m_text))

.interrupts     0x0000000000000000      0x240
                0x0000000000000000                __VECTOR_TABLE = .
                0x0000000000000000                . = ALIGN (0x4)
 *(.isr_vector)
 .isr_vector    0x0000000000000000      0x240 CMakeFiles/i2c_interrupt_sensor_imx7d.dir/home/fdsa/freertos-colibri-imx7/platform/devices/MCIMX7D/startup/gcc/startup_MCIMX7D_M4.S.obj
                0x0000000000000000                __isr_vector
                0x0000000000000240                . = ALIGN (0x4)

.text           0x000000001fff8000     0x358c
                0x000000001fff8000                . = ALIGN (0x4)
 *(.text)
 .text          0x000000001fff8000       0x40 /home/fdsa/opt/gcc-arm-none-eabi-10-2020-q4-major/bin/../lib/gcc/arm-none-eabi/10.2.1/thumb/v7e-m+fp/hard/crtbegin.o
 .text          0x000000001fff8040       0x7c /home/fdsa/opt/gcc-arm-none-eabi-10-2020-q4-major/bin/../lib/gcc/arm-none-eabi/10.2.1/../../../../arm-none-eabi/lib/thumb/v7e-m+fp/hard/crt0.o
                0x000000001fff8040                _stack_init
                0x000000001fff8048                _mainCRTStartup
                0x000000001fff8048                _start
 .text          0x000000001fff80bc       0x24 CMakeFiles/i2c_interrupt_sensor_imx7d.dir/home/fdsa/freertos-colibri-imx7/platform/devices/MCIMX7D/startup/gcc/startup_MCIMX7D_M4.S.obj
                0x000000001fff80bc                Reset_Handler
                0x000000001fff80dc                ENET2_MAC0_TRANS1_Handler
                0x000000001fff80dc                SAI3_Handler
                0x000000001fff80dc                DebugMon_Handler
                0x000000001fff80dc                USB_OH3_OTG2_1_Handler
                0x000000001fff80dc                GPIO3_INT31_16_Handler
                0x000000001fff80dc                eCSPI4_Handler
                0x000000001fff80dc                SIM2_Handler
                0x000000001fff80dc                FLEXCAN1_Handler
                0x000000001fff80dc                UART3_Handler
                0x000000001fff80dc                UART2_Handler
                0x000000001fff80dc                GPIO1_INT3_Handler
                0x000000001fff80dc                HardFault_Handler
                0x000000001fff80dc                SNVS_SECURITY_Handler
                0x000000001fff80dc                SEMA4_HS_M4_Handler
                0x000000001fff80dc                SysTick_Handler
                0x000000001fff80dc                GPIO6_INT31_16_Handler
                0x000000001fff80dc                SRC_Handler
                0x000000001fff80dc                GPT2_Handler
                0x000000001fff80dc                CCM2_Handler
                0x000000001fff80dc                I2C1_Handler
                0x000000001fff80dc                CPU_CTI_Handler
                0x000000001fff80dc                PendSV_Handler
                0x000000001fff80dc                NMI_Handler
                0x000000001fff80dc                SAI1_Handler
                0x000000001fff80dc                ENET2_MAC0_IRQ_Handler
                0x000000001fff80dc                KPP_Handler
                0x000000001fff80dc                USB_OTG1_Handler
                0x000000001fff80dc                MIPI_CSI_Handler
                0x000000001fff80dc                WDOG4_Handler
                0x000000001fff80dc                Reserved9_Handler
                0x000000001fff80dc                QSPI_Handler
                0x000000001fff80dc                CAAM_QUEUE_Handler
                0x000000001fff80dc                GPIO2_INT15_0_Handler
                0x000000001fff80dc                PCIE_CTRL4_Handler
                0x000000001fff80dc                uSDHC2_Handler
                0x000000001fff80dc                GPIO1_INT6_Handler
                0x000000001fff80dc                PCIE_CTRL_REQUEST_Handler
                0x000000001fff80dc                SCTR1_Handler
                0x000000001fff80dc                RDC_Handler
                0x000000001fff80dc                EPDC_Handler
                0x000000001fff80dc                CCM1_Handler
                0x000000001fff80dc                UsageFault_Handler
                0x000000001fff80dc                ADC1_Handler
                0x000000001fff80dc                GPIO1_INT0_Handler
                0x000000001fff80dc                Analog_brown_out_Handler
                0x000000001fff80dc                PXP2_Handler
                0x000000001fff80dc                SEMA4_HS_A7_Handler
                0x000000001fff80dc                RTIC_Handler
                0x000000001fff80dc                DefaultISR
                0x000000001fff80dc                GPIO6_INT15_0_Handler
                0x000000001fff80dc                SCTR2_Handler
                0x000000001fff80dc                WDOG3_Handler
                0x000000001fff80dc                USB_OH2_OTG_Handler
                0x000000001fff80dc                SAI2_Handler
                0x000000001fff80dc                GPIO3_INT15_0_Handler
                0x000000001fff80dc                FTM2_Handler
                0x000000001fff80dc                eCSPI1_Handler
                0x000000001fff80dc                GPC_Handler
                0x000000001fff80dc                GPIO1_INT15_0_Handler
                0x000000001fff80dc                UART1_Handler
                0x000000001fff80dc                ENET1_MAC0_TRANS2_Handler
                0x000000001fff80dc                eCSPI3_Handler
                0x000000001fff80dc                BCH_Handler
                0x000000001fff80dc                CAAM_ERROR_Handler
                0x000000001fff80dc                Analog_TempSensor_Handler
                0x000000001fff80dc                PXP1_Handler
                0x000000001fff80dc                SNVS_Handler
                0x000000001fff80dc                GPT4_Handler
                0x000000001fff80dc                GPIO5_INT15_0_Handler
                0x000000001fff80dc                ENET2_MAC0_TRANS2_Handler
                0x000000001fff80dc                GPMI_Handler
                0x000000001fff80dc                CCM_SRC_GPC_Handler
                0x000000001fff80dc                CPU_Handler
                0x000000001fff80dc                UART4_Handler
                0x000000001fff80dc                GPIO1_INT1_Handler
                0x000000001fff80dc                uSDHC3_Handler
                0x000000001fff80dc                EIM_Handler
                0x000000001fff80dc                PWM1_Handler
                0x000000001fff80dc                ENET2_1588_TIMER_IRQ_Handler
                0x000000001fff80dc                UART6_Handler
                0x000000001fff80dc                GPIO1_INT4_Handler
                0x000000001fff80dc                GPIO1_INT31_16_Handler
                0x000000001fff80dc                APBHDMA_Handler
                0x000000001fff80dc                uSDHC1_Handler
                0x000000001fff80dc                DBGMON_Handler
                0x000000001fff80dc                UART7_Handler
                0x000000001fff80dc                SDMA_Handler
                0x000000001fff80dc                GPT1_Handler
                0x000000001fff80dc                PWM3_Handler
                0x000000001fff80dc                PCIE_CTRL2_Handler
                0x000000001fff80dc                MemManage_Handler
                0x000000001fff80dc                GPIO5_INT31_16_Handler
                0x000000001fff80dc                TZASC1_Handler
                0x000000001fff80dc                I2C2_Handler
                0x000000001fff80dc                SVC_Handler
                0x000000001fff80dc                DAP_Handler
                0x000000001fff80dc                GPIO4_INT15_0_Handler
                0x000000001fff80dc                CSI_Handler
                0x000000001fff80dc                eCSPI2_Handler
                0x000000001fff80dc                ENET1_1588_TIMER_Handler
                0x000000001fff80dc                WDOG2_Handler
                0x000000001fff80dc                FLEXCAN2_Handler
                0x000000001fff80dc                PCIE_CTRL1_Handler
                0x000000001fff80dc                PCIE_CTRL3_Handler
                0x000000001fff80dc                GPT3_Handler
                0x000000001fff80dc                GPIO1_INT5_Handler
                0x000000001fff80dc                CAAM_WRAPPER2_Handler
                0x000000001fff80dc                SNVS_CONSOLIDATED_Handler
                0x000000001fff80dc                CAAM_WRAPPER1_Handler
                0x000000001fff80dc                GPIO4_INT31_16_Handler
                0x000000001fff80dc                GPIO1_INT2_Handler
                0x000000001fff80dc                LCDIF_Handler
                0x000000001fff80dc                UART5_Handler
                0x000000001fff80dc                PERFMON1_Handler
                0x000000001fff80dc                GPIO1_INT7_Handler
                0x000000001fff80dc                I2C3_Handler
                0x000000001fff80dc                CSU_Handler
                0x000000001fff80dc                MIPI_DSI_Handler
                0x000000001fff80dc                PWM2_Handler
                0x000000001fff80dc                GPR_Handler
                0x000000001fff80dc                SIM1_Handler
                0x000000001fff80dc                USB_OTG2_Handler
                0x000000001fff80dc                ENET1_MAC0_TRANS1_Handler
                0x000000001fff80dc                BusFault_Handler
                0x000000001fff80dc                MU_M4_Handler
                0x000000001fff80dc                USB_OH3_OTG2_2_Handler
                0x000000001fff80dc                ENET1_MAC0_Handler
                0x000000001fff80dc                PERFMON2_Handler
                0x000000001fff80dc                GPIO7_INT31_16_Handler
                0x000000001fff80dc                PWM4_Handler
                0x000000001fff80dc                GPIO2_INT31_16_Handler
                0x000000001fff80dc                FTM1_Handler
                0x000000001fff80dc                GPIO7_INT15_0_Handler
                0x000000001fff80dc                WDOG1_Handler
                0x000000001fff80dc                MU_A7_Handler
                0x000000001fff80dc                ADC2_Handler
                0x000000001fff80dc                TPR_Handler
 .text          0x000000001fff80e0       0x10 /home/fdsa/opt/gcc-arm-none-eabi-10-2020-q4-major/bin/../lib/gcc/arm-none-eabi/10.2.1/../../../../arm-none-eabi/lib/thumb/v7e-m+fp/hard/libc_nano.a(lib_a-strlen.o)
                0x000000001fff80e0                strlen
 .text          0x000000001fff80f0       0xa0 /home/fdsa/opt/gcc-arm-none-eabi-10-2020-q4-major/bin/../lib/gcc/arm-none-eabi/10.2.1/../../../../arm-none-eabi/lib/thumb/v7e-m+fp/hard/libc_nano.a(lib_a-memchr.o)
                0x000000001fff80f0                memchr
 .text          0x000000001fff8190      0x254 /home/fdsa/opt/gcc-arm-none-eabi-10-2020-q4-major/bin/../lib/gcc/arm-none-eabi/10.2.1/thumb/v7e-m+fp/hard/libgcc.a(_arm_muldf3.o)
                0x000000001fff8190                __aeabi_dmul
                0x000000001fff8190                __muldf3
 .text          0x000000001fff83e4      0x378 /home/fdsa/opt/gcc-arm-none-eabi-10-2020-q4-major/bin/../lib/gcc/arm-none-eabi/10.2.1/thumb/v7e-m+fp/hard/libgcc.a(_arm_addsubdf3.o)
                0x000000001fff83e4                __aeabi_drsub
                0x000000001fff83ec                __aeabi_dsub
                0x000000001fff83ec                __subdf3
                0x000000001fff83f0                __adddf3
                0x000000001fff83f0                __aeabi_dadd
                0x000000001fff8668                __aeabi_ui2d
                0x000000001fff8668                __floatunsidf
                0x000000001fff8688                __floatsidf
                0x000000001fff8688                __aeabi_i2d
                0x000000001fff86ac                __extendsfdf2
                0x000000001fff86ac                __aeabi_f2d
                0x000000001fff86f0                __aeabi_ul2d
                0x000000001fff86f0                __floatundidf
                0x000000001fff8700                __floatdidf
                0x000000001fff8700                __aeabi_l2d
 .text          0x000000001fff875c       0xa0 /home/fdsa/opt/gcc-arm-none-eabi-10-2020-q4-major/bin/../lib/gcc/arm-none-eabi/10.2.1/thumb/v7e-m+fp/hard/libgcc.a(_arm_truncdfsf2.o)
                0x000000001fff875c                __aeabi_d2f
                0x000000001fff875c                __truncdfsf2
 *(.text*)
 .text.SystemInit
                0x000000001fff87fc      0x10c CMakeFiles/i2c_interrupt_sensor_imx7d.dir/home/fdsa/freertos-colibri-imx7/platform/devices/MCIMX7D/startup/system_MCIMX7D_M4.c.obj
                0x000000001fff87fc                SystemInit
 .text.CCM_ANALOG_GetSysPllFreq
                0x000000001fff8908       0x34 CMakeFiles/i2c_interrupt_sensor_imx7d.dir/home/fdsa/freertos-colibri-imx7/platform/drivers/src/ccm_analog_imx7d.c.obj
                0x000000001fff8908                CCM_ANALOG_GetSysPllFreq
 .text.CCM_GetRootDivider
                0x000000001fff893c       0x34 CMakeFiles/i2c_interrupt_sensor_imx7d.dir/home/fdsa/freertos-colibri-imx7/platform/drivers/src/ccm_imx7d.c.obj
                0x000000001fff893c                CCM_GetRootDivider
 .text.CCM_UpdateRoot
                0x000000001fff8970       0x58 CMakeFiles/i2c_interrupt_sensor_imx7d.dir/home/fdsa/freertos-colibri-imx7/platform/drivers/src/ccm_imx7d.c.obj
                0x000000001fff8970                CCM_UpdateRoot
 .text.I2C_Deinit
                0x000000001fff89c8       0x16 CMakeFiles/i2c_interrupt_sensor_imx7d.dir/home/fdsa/freertos-colibri-imx7/platform/drivers/src/i2c_imx.c.obj
                0x000000001fff89c8                I2C_Deinit
 *fill*         0x000000001fff89de        0x2 
 .text.I2C_SetBaudRate
                0x000000001fff89e0       0x5c CMakeFiles/i2c_interrupt_sensor_imx7d.dir/home/fdsa/freertos-colibri-imx7/platform/drivers/src/i2c_imx.c.obj
                0x000000001fff89e0                I2C_SetBaudRate
 .text.I2C_Init
                0x000000001fff8a3c       0x70 CMakeFiles/i2c_interrupt_sensor_imx7d.dir/home/fdsa/freertos-colibri-imx7/platform/drivers/src/i2c_imx.c.obj
                0x000000001fff8a3c                I2C_Init
 .text.I2C_SetAckBit
                0x000000001fff8aac       0x1c CMakeFiles/i2c_interrupt_sensor_imx7d.dir/home/fdsa/freertos-colibri-imx7/platform/drivers/src/i2c_imx.c.obj
                0x000000001fff8aac                I2C_SetAckBit
 .text.I2C_SetIntCmd
                0x000000001fff8ac8       0x1c CMakeFiles/i2c_interrupt_sensor_imx7d.dir/home/fdsa/freertos-colibri-imx7/platform/drivers/src/i2c_imx.c.obj
                0x000000001fff8ac8                I2C_SetIntCmd
 .text.UART_Deinit
                0x000000001fff8ae4       0x60 CMakeFiles/i2c_interrupt_sensor_imx7d.dir/home/fdsa/freertos-colibri-imx7/platform/drivers/src/uart_imx.c.obj
                0x000000001fff8ae4                UART_Deinit
 .text.UART_SetBaudRate
                0x000000001fff8b44      0x104 CMakeFiles/i2c_interrupt_sensor_imx7d.dir/home/fdsa/freertos-colibri-imx7/platform/drivers/src/uart_imx.c.obj
                0x000000001fff8b44                UART_SetBaudRate
 .text.UART_Init
                0x000000001fff8c48       0x64 CMakeFiles/i2c_interrupt_sensor_imx7d.dir/home/fdsa/freertos-colibri-imx7/platform/drivers/src/uart_imx.c.obj
                0x000000001fff8c48                UART_Init
 .text.UART_GetStatusFlag
                0x000000001fff8cac        0xe CMakeFiles/i2c_interrupt_sensor_imx7d.dir/home/fdsa/freertos-colibri-imx7/platform/drivers/src/uart_imx.c.obj
                0x000000001fff8cac                UART_GetStatusFlag
 *fill*         0x000000001fff8cba        0x2 
 .text.UART_SetModemMode
                0x000000001fff8cbc       0x44 CMakeFiles/i2c_interrupt_sensor_imx7d.dir/home/fdsa/freertos-colibri-imx7/platform/drivers/src/uart_imx.c.obj
                0x000000001fff8cbc                UART_SetModemMode
 .text.debug_putc
                0x000000001fff8d00       0x2c CMakeFiles/i2c_interrupt_sensor_imx7d.dir/home/fdsa/freertos-colibri-imx7/platform/utilities/src/debug_console_imx.c.obj
 .text.UART_ReceiveDataPolling
                0x000000001fff8d2c       0x26 CMakeFiles/i2c_interrupt_sensor_imx7d.dir/home/fdsa/freertos-colibri-imx7/platform/utilities/src/debug_console_imx.c.obj
 *fill*         0x000000001fff8d52        0x2 
 .text.UART_SendDataPolling
                0x000000001fff8d54       0x3c CMakeFiles/i2c_interrupt_sensor_imx7d.dir/home/fdsa/freertos-colibri-imx7/platform/utilities/src/debug_console_imx.c.obj
 .text.DbgConsole_Init
                0x000000001fff8d90       0x60 CMakeFiles/i2c_interrupt_sensor_imx7d.dir/home/fdsa/freertos-colibri-imx7/platform/utilities/src/debug_console_imx.c.obj
                0x000000001fff8d90                DbgConsole_Init
 .text._write   0x000000001fff8df0       0x34 CMakeFiles/i2c_interrupt_sensor_imx7d.dir/home/fdsa/freertos-colibri-imx7/platform/utilities/src/debug_console_imx.c.obj
                0x000000001fff8df0                _write
 .text._read    0x000000001fff8e24       0x28 CMakeFiles/i2c_interrupt_sensor_imx7d.dir/home/fdsa/freertos-colibri-imx7/platform/utilities/src/debug_console_imx.c.obj
                0x000000001fff8e24                _read
 .text.debug_printf
                0x000000001fff8e4c       0x38 CMakeFiles/i2c_interrupt_sensor_imx7d.dir/home/fdsa/freertos-colibri-imx7/platform/utilities/src/debug_console_imx.c.obj
                0x000000001fff8e4c                debug_printf
 .text.mknumstr
                0x000000001fff8e84       0x7c CMakeFiles/i2c_interrupt_sensor_imx7d.dir/home/fdsa/freertos-colibri-imx7/platform/utilities/src/print_scan.c.obj
 .text.fput_pad
                0x000000001fff8f00       0x2e CMakeFiles/i2c_interrupt_sensor_imx7d.dir/home/fdsa/freertos-colibri-imx7/platform/utilities/src/print_scan.c.obj
 *fill*         0x000000001fff8f2e        0x2 
 .text._doprint
                0x000000001fff8f30      0x518 CMakeFiles/i2c_interrupt_sensor_imx7d.dir/home/fdsa/freertos-colibri-imx7/platform/utilities/src/print_scan.c.obj
                0x000000001fff8f30                _doprint
 .text.BOARD_ClockInit
                0x000000001fff9448       0x80 CMakeFiles/i2c_interrupt_sensor_imx7d.dir/home/fdsa/freertos-colibri-imx7/examples/imx7_colibri_m4/board.c.obj
                0x000000001fff9448                BOARD_ClockInit
 .text.dbg_uart_init
                0x000000001fff94c8       0x60 CMakeFiles/i2c_interrupt_sensor_imx7d.dir/home/fdsa/freertos-colibri-imx7/examples/imx7_colibri_m4/board.c.obj
                0x000000001fff94c8                dbg_uart_init
 .text.BOARD_RdcInit
                0x000000001fff9528       0x10 CMakeFiles/i2c_interrupt_sensor_imx7d.dir/home/fdsa/freertos-colibri-imx7/examples/imx7_colibri_m4/board.c.obj
                0x000000001fff9528                BOARD_RdcInit
 .text.get_i2c_clock_freq
                0x000000001fff9538       0xdc CMakeFiles/i2c_interrupt_sensor_imx7d.dir/home/fdsa/freertos-colibri-imx7/examples/imx7_colibri_m4/clock_freq.c.obj
                0x000000001fff9538                get_i2c_clock_freq
 .text.get_uart_clock_freq
                0x000000001fff9614       0xd4 CMakeFiles/i2c_interrupt_sensor_imx7d.dir/home/fdsa/freertos-colibri-imx7/examples/imx7_colibri_m4/clock_freq.c.obj
                0x000000001fff9614                get_uart_clock_freq
 .text.configure_i2c_pins
                0x000000001fff96e8       0xb8 CMakeFiles/i2c_interrupt_sensor_imx7d.dir/home/fdsa/freertos-colibri-imx7/examples/imx7_colibri_m4/pin_mux.c.obj
                0x000000001fff96e8                configure_i2c_pins
 .text.configure_uart_pins
                0x000000001fff97a0       0x2c CMakeFiles/i2c_interrupt_sensor_imx7d.dir/home/fdsa/freertos-colibri-imx7/examples/imx7_colibri_m4/pin_mux.c.obj
                0x000000001fff97a0                configure_uart_pins
 .text.hardware_init
                0x000000001fff97cc       0x5c CMakeFiles/i2c_interrupt_sensor_imx7d.dir/home/fdsa/freertos-colibri-imx7/examples/imx7_colibri_m4/driver_examples/i2c_imx/i2c_interrupt_sensor_imx7d/hardware_init.c.obj
                0x000000001fff97cc                hardware_init
 .text.I2C_XFER_IsBusy
                0x000000001fff9828        0xc CMakeFiles/i2c_interrupt_sensor_imx7d.dir/home/fdsa/freertos-colibri-imx7/examples/imx7_colibri_m4/driver_examples/i2c_imx/i2c_interrupt_sensor_imx7d/main.c.obj
 .text.I2C_XFER_Config
                0x000000001fff9834       0x48 CMakeFiles/i2c_interrupt_sensor_imx7d.dir/home/fdsa/freertos-colibri-imx7/examples/imx7_colibri_m4/driver_examples/i2c_imx/i2c_interrupt_sensor_imx7d/main.c.obj
 .text.I2C_XFER_Write
                0x000000001fff987c       0xa4 CMakeFiles/i2c_interrupt_sensor_imx7d.dir/home/fdsa/freertos-colibri-imx7/examples/imx7_colibri_m4/driver_examples/i2c_imx/i2c_interrupt_sensor_imx7d/main.c.obj
 .text.I2C_XFER_Read
                0x000000001fff9920       0xd4 CMakeFiles/i2c_interrupt_sensor_imx7d.dir/home/fdsa/freertos-colibri-imx7/examples/imx7_colibri_m4/driver_examples/i2c_imx/i2c_interrupt_sensor_imx7d/main.c.obj
 .text.report_abs
                0x000000001fff99f4       0xc4 CMakeFiles/i2c_interrupt_sensor_imx7d.dir/home/fdsa/freertos-colibri-imx7/examples/imx7_colibri_m4/driver_examples/i2c_imx/i2c_interrupt_sensor_imx7d/main.c.obj
 .text.main     0x000000001fff9ab8      0x1ac CMakeFiles/i2c_interrupt_sensor_imx7d.dir/home/fdsa/freertos-colibri-imx7/examples/imx7_colibri_m4/driver_examples/i2c_imx/i2c_interrupt_sensor_imx7d/main.c.obj
                0x000000001fff9ab8                main
 .text.I2C4_Handler
                0x000000001fff9c64      0x190 CMakeFiles/i2c_interrupt_sensor_imx7d.dir/home/fdsa/freertos-colibri-imx7/examples/imx7_colibri_m4/driver_examples/i2c_imx/i2c_interrupt_sensor_imx7d/main.c.obj
                0x000000001fff9c64                I2C4_Handler
 .text.__assert_func
                0x000000001fff9df4       0x3c /home/fdsa/opt/gcc-arm-none-eabi-10-2020-q4-major/bin/../lib/gcc/arm-none-eabi/10.2.1/../../../../arm-none-eabi/lib/thumb/v7e-m+fp/hard/libc_nano.a(lib_a-assert.o)
                0x000000001fff9df4                __assert_func
 .text.exit     0x000000001fff9e30       0x28 /home/fdsa/opt/gcc-arm-none-eabi-10-2020-q4-major/bin/../lib/gcc/arm-none-eabi/10.2.1/../../../../arm-none-eabi/lib/thumb/v7e-m+fp/hard/libc_nano.a(lib_a-exit.o)
                0x000000001fff9e30                exit
 .text.fprintf  0x000000001fff9e58       0x24 /home/fdsa/opt/gcc-arm-none-eabi-10-2020-q4-major/bin/../lib/gcc/arm-none-eabi/10.2.1/../../../../arm-none-eabi/lib/thumb/v7e-m+fp/hard/libc_nano.a(lib_a-fprintf.o)
                0x000000001fff9e58                fprintf
                0x000000001fff9e58                fiprintf
 .text.__libc_init_array
                0x000000001fff9e7c       0x48 /home/fdsa/opt/gcc-arm-none-eabi-10-2020-q4-major/bin/../lib/gcc/arm-none-eabi/10.2.1/../../../../arm-none-eabi/lib/thumb/v7e-m+fp/hard/libc_nano.a(lib_a-init.o)
                0x000000001fff9e7c                __libc_init_array
 .text.memset   0x000000001fff9ec4       0x10 /home/fdsa/opt/gcc-arm-none-eabi-10-2020-q4-major/bin/../lib/gcc/arm-none-eabi/10.2.1/../../../../arm-none-eabi/lib/thumb/v7e-m+fp/hard/libc_nano.a(lib_a-memset.o)
                0x000000001fff9ec4                memset
 .text.__sfputc_r
                0x000000001fff9ed4       0x2e /home/fdsa/opt/gcc-arm-none-eabi-10-2020-q4-major/bin/../lib/gcc/arm-none-eabi/10.2.1/../../../../arm-none-eabi/lib/thumb/v7e-m+fp/hard/libc_nano.a(lib_a-nano-vfprintf.o)
 .text.__sfputs_r
                0x000000001fff9f02       0x24 /home/fdsa/opt/gcc-arm-none-eabi-10-2020-q4-major/bin/../lib/gcc/arm-none-eabi/10.2.1/../../../../arm-none-eabi/lib/thumb/v7e-m+fp/hard/libc_nano.a(lib_a-nano-vfprintf.o)
                0x000000001fff9f02                __sfputs_r
 *fill*         0x000000001fff9f26        0x2 
 .text._vfprintf_r
                0x000000001fff9f28      0x260 /home/fdsa/opt/gcc-arm-none-eabi-10-2020-q4-major/bin/../lib/gcc/arm-none-eabi/10.2.1/../../../../arm-none-eabi/lib/thumb/v7e-m+fp/hard/libc_nano.a(lib_a-nano-vfprintf.o)
                0x000000001fff9f28                _vfiprintf_r
                0x000000001fff9f28                _vfprintf_r
 .text._printf_common
                0x000000001fffa188       0xda /home/fdsa/opt/gcc-arm-none-eabi-10-2020-q4-major/bin/../lib/gcc/arm-none-eabi/10.2.1/../../../../arm-none-eabi/lib/thumb/v7e-m+fp/hard/libc_nano.a(lib_a-nano-vfprintf_i.o)
                0x000000001fffa188                _printf_common
 *fill*         0x000000001fffa262        0x2 
 .text._printf_i
                0x000000001fffa264      0x24c /home/fdsa/opt/gcc-arm-none-eabi-10-2020-q4-major/bin/../lib/gcc/arm-none-eabi/10.2.1/../../../../arm-none-eabi/lib/thumb/v7e-m+fp/hard/libc_nano.a(lib_a-nano-vfprintf_i.o)
                0x000000001fffa264                _printf_i
 .text.__swbuf_r
                0x000000001fffa4b0       0xa4 /home/fdsa/opt/gcc-arm-none-eabi-10-2020-q4-major/bin/../lib/gcc/arm-none-eabi/10.2.1/../../../../arm-none-eabi/lib/thumb/v7e-m+fp/hard/libc_nano.a(lib_a-wbuf.o)
                0x000000001fffa4b0                __swbuf_r
 .text.__swsetup_r
                0x000000001fffa554       0xdc /home/fdsa/opt/gcc-arm-none-eabi-10-2020-q4-major/bin/../lib/gcc/arm-none-eabi/10.2.1/../../../../arm-none-eabi/lib/thumb/v7e-m+fp/hard/libc_nano.a(lib_a-wsetup.o)
                0x000000001fffa554                __swsetup_r
 .text.abort    0x000000001fffa630        0xe /home/fdsa/opt/gcc-arm-none-eabi-10-2020-q4-major/bin/../lib/gcc/arm-none-eabi/10.2.1/../../../../arm-none-eabi/lib/thumb/v7e-m+fp/hard/libc_nano.a(lib_a-abort.o)
                0x000000001fffa630                abort
 *fill*         0x000000001fffa63e        0x2 
 .text.__sflush_r
                0x000000001fffa640      0x10c /home/fdsa/opt/gcc-arm-none-eabi-10-2020-q4-major/bin/../lib/gcc/arm-none-eabi/10.2.1/../../../../arm-none-eabi/lib/thumb/v7e-m+fp/hard/libc_nano.a(lib_a-fflush.o)
                0x000000001fffa640                __sflush_r
 .text._fflush_r
                0x000000001fffa74c       0x78 /home/fdsa/opt/gcc-arm-none-eabi-10-2020-q4-major/bin/../lib/gcc/arm-none-eabi/10.2.1/../../../../arm-none-eabi/lib/thumb/v7e-m+fp/hard/libc_nano.a(lib_a-fflush.o)
                0x000000001fffa74c                _fflush_r
 .text.std      0x000000001fffa7c4       0x48 /home/fdsa/opt/gcc-arm-none-eabi-10-2020-q4-major/bin/../lib/gcc/arm-none-eabi/10.2.1/../../../../arm-none-eabi/lib/thumb/v7e-m+fp/hard/libc_nano.a(lib_a-findfp.o)
 .text._cleanup_r
                0x000000001fffa80c        0xc /home/fdsa/opt/gcc-arm-none-eabi-10-2020-q4-major/bin/../lib/gcc/arm-none-eabi/10.2.1/../../../../arm-none-eabi/lib/thumb/v7e-m+fp/hard/libc_nano.a(lib_a-findfp.o)
                0x000000001fffa80c                _cleanup_r
 .text.__sfmoreglue
                0x000000001fffa818       0x2c /home/fdsa/opt/gcc-arm-none-eabi-10-2020-q4-major/bin/../lib/gcc/arm-none-eabi/10.2.1/../../../../arm-none-eabi/lib/thumb/v7e-m+fp/hard/libc_nano.a(lib_a-findfp.o)
                0x000000001fffa818                __sfmoreglue
 .text.__sfp_lock_acquire
                0x000000001fffa844        0xc /home/fdsa/opt/gcc-arm-none-eabi-10-2020-q4-major/bin/../lib/gcc/arm-none-eabi/10.2.1/../../../../arm-none-eabi/lib/thumb/v7e-m+fp/hard/libc_nano.a(lib_a-findfp.o)
                0x000000001fffa844                __sfp_lock_acquire
 .text.__sfp_lock_release
                0x000000001fffa850        0xc /home/fdsa/opt/gcc-arm-none-eabi-10-2020-q4-major/bin/../lib/gcc/arm-none-eabi/10.2.1/../../../../arm-none-eabi/lib/thumb/v7e-m+fp/hard/libc_nano.a(lib_a-findfp.o)
                0x000000001fffa850                __sfp_lock_release
 .text.__sinit_lock_acquire
                0x000000001fffa85c        0xc /home/fdsa/opt/gcc-arm-none-eabi-10-2020-q4-major/bin/../lib/gcc/arm-none-eabi/10.2.1/../../../../arm-none-eabi/lib/thumb/v7e-m+fp/hard/libc_nano.a(lib_a-findfp.o)
                0x000000001fffa85c                __sinit_lock_acquire
 .text.__sinit_lock_release
                0x000000001fffa868        0xc /home/fdsa/opt/gcc-arm-none-eabi-10-2020-q4-major/bin/../lib/gcc/arm-none-eabi/10.2.1/../../../../arm-none-eabi/lib/thumb/v7e-m+fp/hard/libc_nano.a(lib_a-findfp.o)
                0x000000001fffa868                __sinit_lock_release
 .text.__sinit  0x000000001fffa874       0x70 /home/fdsa/opt/gcc-arm-none-eabi-10-2020-q4-major/bin/../lib/gcc/arm-none-eabi/10.2.1/../../../../arm-none-eabi/lib/thumb/v7e-m+fp/hard/libc_nano.a(lib_a-findfp.o)
                0x000000001fffa874                __sinit
 .text.__sfp    0x000000001fffa8e4       0x8c /home/fdsa/opt/gcc-arm-none-eabi-10-2020-q4-major/bin/../lib/gcc/arm-none-eabi/10.2.1/../../../../arm-none-eabi/lib/thumb/v7e-m+fp/hard/libc_nano.a(lib_a-findfp.o)
                0x000000001fffa8e4                __sfp
 .text._fwalk_reent
                0x000000001fffa970       0x3e /home/fdsa/opt/gcc-arm-none-eabi-10-2020-q4-major/bin/../lib/gcc/arm-none-eabi/10.2.1/../../../../arm-none-eabi/lib/thumb/v7e-m+fp/hard/libc_nano.a(lib_a-fwalk.o)
                0x000000001fffa970                _fwalk_reent
 .text.__retarget_lock_init_recursive
                0x000000001fffa9ae        0x2 /home/fdsa/opt/gcc-arm-none-eabi-10-2020-q4-major/bin/../lib/gcc/arm-none-eabi/10.2.1/../../../../arm-none-eabi/lib/thumb/v7e-m+fp/hard/libc_nano.a(lib_a-lock.o)
                0x000000001fffa9ae                __retarget_lock_init_recursive
 .text.__retarget_lock_acquire_recursive
                0x000000001fffa9b0        0x2 /home/fdsa/opt/gcc-arm-none-eabi-10-2020-q4-major/bin/../lib/gcc/arm-none-eabi/10.2.1/../../../../arm-none-eabi/lib/thumb/v7e-m+fp/hard/libc_nano.a(lib_a-lock.o)
                0x000000001fffa9b0                __retarget_lock_acquire_recursive
 .text.__retarget_lock_release_recursive
                0x000000001fffa9b2        0x2 /home/fdsa/opt/gcc-arm-none-eabi-10-2020-q4-major/bin/../lib/gcc/arm-none-eabi/10.2.1/../../../../arm-none-eabi/lib/thumb/v7e-m+fp/hard/libc_nano.a(lib_a-lock.o)
                0x000000001fffa9b2                __retarget_lock_release_recursive
 .text.__swhatbuf_r
                0x000000001fffa9b4       0x4a /home/fdsa/opt/gcc-arm-none-eabi-10-2020-q4-major/bin/../lib/gcc/arm-none-eabi/10.2.1/../../../../arm-none-eabi/lib/thumb/v7e-m+fp/hard/libc_nano.a(lib_a-makebuf.o)
                0x000000001fffa9b4                __swhatbuf_r
 *fill*         0x000000001fffa9fe        0x2 
 .text.__smakebuf_r
                0x000000001fffaa00       0x80 /home/fdsa/opt/gcc-arm-none-eabi-10-2020-q4-major/bin/../lib/gcc/arm-none-eabi/10.2.1/../../../../arm-none-eabi/lib/thumb/v7e-m+fp/hard/libc_nano.a(lib_a-makebuf.o)
                0x000000001fffaa00                __smakebuf_r
 .text._free_r  0x000000001fffaa80       0x98 /home/fdsa/opt/gcc-arm-none-eabi-10-2020-q4-major/bin/../lib/gcc/arm-none-eabi/10.2.1/../../../../arm-none-eabi/lib/thumb/v7e-m+fp/hard/libc_nano.a(lib_a-nano-freer.o)
                0x000000001fffaa80                _free_r
 .text._malloc_r
                0x000000001fffab18       0xb4 /home/fdsa/opt/gcc-arm-none-eabi-10-2020-q4-major/bin/../lib/gcc/arm-none-eabi/10.2.1/../../../../arm-none-eabi/lib/thumb/v7e-m+fp/hard/libc_nano.a(lib_a-nano-mallocr.o)
                0x000000001fffab18                _malloc_r
 .text._sbrk_r  0x000000001fffabcc       0x20 /home/fdsa/opt/gcc-arm-none-eabi-10-2020-q4-major/bin/../lib/gcc/arm-none-eabi/10.2.1/../../../../arm-none-eabi/lib/thumb/v7e-m+fp/hard/libc_nano.a(lib_a-sbrkr.o)
                0x000000001fffabcc                _sbrk_r
 .text._raise_r
                0x000000001fffabec       0x50 /home/fdsa/opt/gcc-arm-none-eabi-10-2020-q4-major/bin/../lib/gcc/arm-none-eabi/10.2.1/../../../../arm-none-eabi/lib/thumb/v7e-m+fp/hard/libc_nano.a(lib_a-signal.o)
                0x000000001fffabec                _raise_r
 .text.raise    0x000000001fffac3c       0x10 /home/fdsa/opt/gcc-arm-none-eabi-10-2020-q4-major/bin/../lib/gcc/arm-none-eabi/10.2.1/../../../../arm-none-eabi/lib/thumb/v7e-m+fp/hard/libc_nano.a(lib_a-signal.o)
                0x000000001fffac3c                raise
 .text._kill_r  0x000000001fffac4c       0x24 /home/fdsa/opt/gcc-arm-none-eabi-10-2020-q4-major/bin/../lib/gcc/arm-none-eabi/10.2.1/../../../../arm-none-eabi/lib/thumb/v7e-m+fp/hard/libc_nano.a(lib_a-signalr.o)
                0x000000001fffac4c                _kill_r
 .text._getpid_r
                0x000000001fffac70        0x4 /home/fdsa/opt/gcc-arm-none-eabi-10-2020-q4-major/bin/../lib/gcc/arm-none-eabi/10.2.1/../../../../arm-none-eabi/lib/thumb/v7e-m+fp/hard/libc_nano.a(lib_a-signalr.o)
                0x000000001fffac70                _getpid_r
 .text.__sread  0x000000001fffac74       0x22 /home/fdsa/opt/gcc-arm-none-eabi-10-2020-q4-major/bin/../lib/gcc/arm-none-eabi/10.2.1/../../../../arm-none-eabi/lib/thumb/v7e-m+fp/hard/libc_nano.a(lib_a-stdio.o)
                0x000000001fffac74                __sread
 .text.__swrite
                0x000000001fffac96       0x38 /home/fdsa/opt/gcc-arm-none-eabi-10-2020-q4-major/bin/../lib/gcc/arm-none-eabi/10.2.1/../../../../arm-none-eabi/lib/thumb/v7e-m+fp/hard/libc_nano.a(lib_a-stdio.o)
                0x000000001fffac96                __swrite
 .text.__sseek  0x000000001fffacce       0x24 /home/fdsa/opt/gcc-arm-none-eabi-10-2020-q4-major/bin/../lib/gcc/arm-none-eabi/10.2.1/../../../../arm-none-eabi/lib/thumb/v7e-m+fp/hard/libc_nano.a(lib_a-stdio.o)
                0x000000001fffacce                __sseek
 .text.__sclose
                0x000000001fffacf2        0x8 /home/fdsa/opt/gcc-arm-none-eabi-10-2020-q4-major/bin/../lib/gcc/arm-none-eabi/10.2.1/../../../../arm-none-eabi/lib/thumb/v7e-m+fp/hard/libc_nano.a(lib_a-stdio.o)
                0x000000001fffacf2                __sclose
 *fill*         0x000000001fffacfa        0x2 
 .text._write_r
                0x000000001fffacfc       0x24 /home/fdsa/opt/gcc-arm-none-eabi-10-2020-q4-major/bin/../lib/gcc/arm-none-eabi/10.2.1/../../../../arm-none-eabi/lib/thumb/v7e-m+fp/hard/libc_nano.a(lib_a-writer.o)
                0x000000001fffacfc                _write_r
 .text._close_r
                0x000000001fffad20       0x20 /home/fdsa/opt/gcc-arm-none-eabi-10-2020-q4-major/bin/../lib/gcc/arm-none-eabi/10.2.1/../../../../arm-none-eabi/lib/thumb/v7e-m+fp/hard/libc_nano.a(lib_a-closer.o)
                0x000000001fffad20                _close_r
 .text._fstat_r
                0x000000001fffad40       0x24 /home/fdsa/opt/gcc-arm-none-eabi-10-2020-q4-major/bin/../lib/gcc/arm-none-eabi/10.2.1/../../../../arm-none-eabi/lib/thumb/v7e-m+fp/hard/libc_nano.a(lib_a-fstatr.o)
                0x000000001fffad40                _fstat_r
 .text._isatty_r
                0x000000001fffad64       0x20 /home/fdsa/opt/gcc-arm-none-eabi-10-2020-q4-major/bin/../lib/gcc/arm-none-eabi/10.2.1/../../../../arm-none-eabi/lib/thumb/v7e-m+fp/hard/libc_nano.a(lib_a-isattyr.o)
                0x000000001fffad64                _isatty_r
 .text._lseek_r
                0x000000001fffad84       0x24 /home/fdsa/opt/gcc-arm-none-eabi-10-2020-q4-major/bin/../lib/gcc/arm-none-eabi/10.2.1/../../../../arm-none-eabi/lib/thumb/v7e-m+fp/hard/libc_nano.a(lib_a-lseekr.o)
                0x000000001fffad84                _lseek_r
 .text.__malloc_lock
                0x000000001fffada8        0xc /home/fdsa/opt/gcc-arm-none-eabi-10-2020-q4-major/bin/../lib/gcc/arm-none-eabi/10.2.1/../../../../arm-none-eabi/lib/thumb/v7e-m+fp/hard/libc_nano.a(lib_a-mlock.o)
                0x000000001fffada8                __malloc_lock
 .text.__malloc_unlock
                0x000000001fffadb4        0xc /home/fdsa/opt/gcc-arm-none-eabi-10-2020-q4-major/bin/../lib/gcc/arm-none-eabi/10.2.1/../../../../arm-none-eabi/lib/thumb/v7e-m+fp/hard/libc_nano.a(lib_a-mlock.o)
                0x000000001fffadb4                __malloc_unlock
 .text._read_r  0x000000001fffadc0       0x24 /home/fdsa/opt/gcc-arm-none-eabi-10-2020-q4-major/bin/../lib/gcc/arm-none-eabi/10.2.1/../../../../arm-none-eabi/lib/thumb/v7e-m+fp/hard/libc_nano.a(lib_a-readr.o)
                0x000000001fffadc0                _read_r
 .text._close   0x000000001fffade4       0x10 /home/fdsa/opt/gcc-arm-none-eabi-10-2020-q4-major/bin/../lib/gcc/arm-none-eabi/10.2.1/../../../../arm-none-eabi/lib/thumb/v7e-m+fp/hard/libnosys.a(close.o)
                0x000000001fffade4                _close
 .text._fstat   0x000000001fffadf4       0x10 /home/fdsa/opt/gcc-arm-none-eabi-10-2020-q4-major/bin/../lib/gcc/arm-none-eabi/10.2.1/../../../../arm-none-eabi/lib/thumb/v7e-m+fp/hard/libnosys.a(fstat.o)
                0x000000001fffadf4                _fstat
 .text._getpid  0x000000001fffae04       0x10 /home/fdsa/opt/gcc-arm-none-eabi-10-2020-q4-major/bin/../lib/gcc/arm-none-eabi/10.2.1/../../../../arm-none-eabi/lib/thumb/v7e-m+fp/hard/libnosys.a(getpid.o)
                0x000000001fffae04                _getpid
 .text._isatty  0x000000001fffae14       0x10 /home/fdsa/opt/gcc-arm-none-eabi-10-2020-q4-major/bin/../lib/gcc/arm-none-eabi/10.2.1/../../../../arm-none-eabi/lib/thumb/v7e-m+fp/hard/libnosys.a(isatty.o)
                0x000000001fffae14                _isatty
 .text._kill    0x000000001fffae24       0x10 /home/fdsa/opt/gcc-arm-none-eabi-10-2020-q4-major/bin/../lib/gcc/arm-none-eabi/10.2.1/../../../../arm-none-eabi/lib/thumb/v7e-m+fp/hard/libnosys.a(kill.o)
                0x000000001fffae24                _kill
 .text._lseek   0x000000001fffae34       0x10 /home/fdsa/opt/gcc-arm-none-eabi-10-2020-q4-major/bin/../lib/gcc/arm-none-eabi/10.2.1/../../../../arm-none-eabi/lib/thumb/v7e-m+fp/hard/libnosys.a(lseek.o)
                0x000000001fffae34                _lseek
 .text._sbrk    0x000000001fffae44       0x1c /home/fdsa/opt/gcc-arm-none-eabi-10-2020-q4-major/bin/../lib/gcc/arm-none-eabi/10.2.1/../../../../arm-none-eabi/lib/thumb/v7e-m+fp/hard/libnosys.a(sbrk.o)
                0x000000001fffae44                _sbrk
 .text._exit    0x000000001fffae60        0x4 /home/fdsa/opt/gcc-arm-none-eabi-10-2020-q4-major/bin/../lib/gcc/arm-none-eabi/10.2.1/../../../../arm-none-eabi/lib/thumb/v7e-m+fp/hard/libnosys.a(_exit.o)
                0x000000001fffae60                _exit
 *(.rodata)
 *(.rodata*)
 .rodata.CCM_SetRootDivider.str1.4
                0x000000001fffae64       0x56 CMakeFiles/i2c_interrupt_sensor_imx7d.dir/home/fdsa/freertos-colibri-imx7/platform/drivers/src/ccm_imx7d.c.obj
 *fill*         0x000000001fffaeba        0x2 
 .rodata.CCM_GetRootDivider.str1.4
                0x000000001fffaebc        0xc CMakeFiles/i2c_interrupt_sensor_imx7d.dir/home/fdsa/freertos-colibri-imx7/platform/drivers/src/ccm_imx7d.c.obj
 .rodata.__func__.0
                0x000000001fffaec8        0xf CMakeFiles/i2c_interrupt_sensor_imx7d.dir/home/fdsa/freertos-colibri-imx7/platform/drivers/src/ccm_imx7d.c.obj
 *fill*         0x000000001fffaed7        0x1 
 .rodata.__func__.1
                0x000000001fffaed8       0x13 CMakeFiles/i2c_interrupt_sensor_imx7d.dir/home/fdsa/freertos-colibri-imx7/platform/drivers/src/ccm_imx7d.c.obj
 *fill*         0x000000001fffaeeb        0x1 
 .rodata.I2C_SetBaudRate.str1.4
                0x000000001fffaeec       0x54 CMakeFiles/i2c_interrupt_sensor_imx7d.dir/home/fdsa/freertos-colibri-imx7/platform/drivers/src/i2c_imx.c.obj
 .rodata.I2C_Init.str1.4
                0x000000001fffaf40       0xc5 CMakeFiles/i2c_interrupt_sensor_imx7d.dir/home/fdsa/freertos-colibri-imx7/platform/drivers/src/i2c_imx.c.obj
 *fill*         0x000000001fffb005        0x3 
 .rodata.__func__.0
                0x000000001fffb008       0x10 CMakeFiles/i2c_interrupt_sensor_imx7d.dir/home/fdsa/freertos-colibri-imx7/platform/drivers/src/i2c_imx.c.obj
 .rodata.__func__.1
                0x000000001fffb018       0x14 CMakeFiles/i2c_interrupt_sensor_imx7d.dir/home/fdsa/freertos-colibri-imx7/platform/drivers/src/i2c_imx.c.obj
 .rodata.__func__.2
                0x000000001fffb02c        0x9 CMakeFiles/i2c_interrupt_sensor_imx7d.dir/home/fdsa/freertos-colibri-imx7/platform/drivers/src/i2c_imx.c.obj
 *fill*         0x000000001fffb035        0x3 
 .rodata.i2cClkDivTab
                0x000000001fffb038      0x190 CMakeFiles/i2c_interrupt_sensor_imx7d.dir/home/fdsa/freertos-colibri-imx7/platform/drivers/src/i2c_imx.c.obj
 .rodata.UART_Init.str1.4
                0x000000001fffb1c8       0x41 CMakeFiles/i2c_interrupt_sensor_imx7d.dir/home/fdsa/freertos-colibri-imx7/platform/drivers/src/uart_imx.c.obj
                                         0x4d (size before relaxing)
 *fill*         0x000000001fffb209        0x3 
 .rodata.UART_SetModemMode.str1.4
                0x000000001fffb20c       0x39 CMakeFiles/i2c_interrupt_sensor_imx7d.dir/home/fdsa/freertos-colibri-imx7/platform/drivers/src/uart_imx.c.obj
 *fill*         0x000000001fffb245        0x3 
 .rodata.__func__.2
                0x000000001fffb248       0x12 CMakeFiles/i2c_interrupt_sensor_imx7d.dir/home/fdsa/freertos-colibri-imx7/platform/drivers/src/uart_imx.c.obj
 *fill*         0x000000001fffb25a        0x2 
 .rodata.__func__.4
                0x000000001fffb25c        0xa CMakeFiles/i2c_interrupt_sensor_imx7d.dir/home/fdsa/freertos-colibri-imx7/platform/drivers/src/uart_imx.c.obj
 *fill*         0x000000001fffb266        0x2 
 .rodata.report_abs.str1.4
                0x000000001fffb268       0x26 CMakeFiles/i2c_interrupt_sensor_imx7d.dir/home/fdsa/freertos-colibri-imx7/examples/imx7_colibri_m4/driver_examples/i2c_imx/i2c_interrupt_sensor_imx7d/main.c.obj
 *fill*         0x000000001fffb28e        0x2 
 .rodata.main.str1.4
                0x000000001fffb290      0x210 CMakeFiles/i2c_interrupt_sensor_imx7d.dir/home/fdsa/freertos-colibri-imx7/examples/imx7_colibri_m4/driver_examples/i2c_imx/i2c_interrupt_sensor_imx7d/main.c.obj
 .rodata.__assert_func.str1.1
                0x000000001fffb4a0       0x3c /home/fdsa/opt/gcc-arm-none-eabi-10-2020-q4-major/bin/../lib/gcc/arm-none-eabi/10.2.1/../../../../arm-none-eabi/lib/thumb/v7e-m+fp/hard/libc_nano.a(lib_a-assert.o)
                                         0x3d (size before relaxing)
 .rodata._global_impure_ptr
                0x000000001fffb4dc        0x4 /home/fdsa/opt/gcc-arm-none-eabi-10-2020-q4-major/bin/../lib/gcc/arm-none-eabi/10.2.1/../../../../arm-none-eabi/lib/thumb/v7e-m+fp/hard/libc_nano.a(lib_a-impure.o)
                0x000000001fffb4dc                _global_impure_ptr
 .rodata._vfprintf_r.str1.1
                0x000000001fffb4e0       0x11 /home/fdsa/opt/gcc-arm-none-eabi-10-2020-q4-major/bin/../lib/gcc/arm-none-eabi/10.2.1/../../../../arm-none-eabi/lib/thumb/v7e-m+fp/hard/libc_nano.a(lib_a-nano-vfprintf.o)
 .rodata._printf_i.str1.1
                0x000000001fffb4f1       0x22 /home/fdsa/opt/gcc-arm-none-eabi-10-2020-q4-major/bin/../lib/gcc/arm-none-eabi/10.2.1/../../../../arm-none-eabi/lib/thumb/v7e-m+fp/hard/libc_nano.a(lib_a-nano-vfprintf_i.o)
 *fill*         0x000000001fffb513        0x1 
 .rodata.__sf_fake_stderr
                0x000000001fffb514       0x20 /home/fdsa/opt/gcc-arm-none-eabi-10-2020-q4-major/bin/../lib/gcc/arm-none-eabi/10.2.1/../../../../arm-none-eabi/lib/thumb/v7e-m+fp/hard/libc_nano.a(lib_a-findfp.o)
                0x000000001fffb514                __sf_fake_stderr
 .rodata.__sf_fake_stdin
                0x000000001fffb534       0x20 /home/fdsa/opt/gcc-arm-none-eabi-10-2020-q4-major/bin/../lib/gcc/arm-none-eabi/10.2.1/../../../../arm-none-eabi/lib/thumb/v7e-m+fp/hard/libc_nano.a(lib_a-findfp.o)
                0x000000001fffb534                __sf_fake_stdin
 .rodata.__sf_fake_stdout
                0x000000001fffb554       0x20 /home/fdsa/opt/gcc-arm-none-eabi-10-2020-q4-major/bin/../lib/gcc/arm-none-eabi/10.2.1/../../../../arm-none-eabi/lib/thumb/v7e-m+fp/hard/libc_nano.a(lib_a-findfp.o)
                0x000000001fffb554                __sf_fake_stdout
 *(.glue_7)
 .glue_7        0x000000001fffb574        0x0 linker stubs
 *(.glue_7t)
 .glue_7t       0x000000001fffb574        0x0 linker stubs
 *(.eh_frame)
 .eh_frame      0x000000001fffb574        0x0 /home/fdsa/opt/gcc-arm-none-eabi-10-2020-q4-major/bin/../lib/gcc/arm-none-eabi/10.2.1/thumb/v7e-m+fp/hard/crtbegin.o
 *(.init)
 .init          0x000000001fffb574        0x4 /home/fdsa/opt/gcc-arm-none-eabi-10-2020-q4-major/bin/../lib/gcc/arm-none-eabi/10.2.1/thumb/v7e-m+fp/hard/crti.o
                0x000000001fffb574                _init
 .init          0x000000001fffb578        0x8 /home/fdsa/opt/gcc-arm-none-eabi-10-2020-q4-major/bin/../lib/gcc/arm-none-eabi/10.2.1/thumb/v7e-m+fp/hard/crtn.o
 *(.fini)
 .fini          0x000000001fffb580        0x4 /home/fdsa/opt/gcc-arm-none-eabi-10-2020-q4-major/bin/../lib/gcc/arm-none-eabi/10.2.1/thumb/v7e-m+fp/hard/crti.o
                0x000000001fffb580                _fini
 .fini          0x000000001fffb584        0x8 /home/fdsa/opt/gcc-arm-none-eabi-10-2020-q4-major/bin/../lib/gcc/arm-none-eabi/10.2.1/thumb/v7e-m+fp/hard/crtn.o
                0x000000001fffb58c                . = ALIGN (0x4)

.vfp11_veneer   0x000000001fffb58c        0x0
 .vfp11_veneer  0x000000001fffb58c        0x0 linker stubs

.v4_bx          0x000000001fffb58c        0x0
 .v4_bx         0x000000001fffb58c        0x0 linker stubs

.iplt           0x000000001fffb58c        0x0
 .iplt          0x000000001fffb58c        0x0 /home/fdsa/opt/gcc-arm-none-eabi-10-2020-q4-major/bin/../lib/gcc/arm-none-eabi/10.2.1/thumb/v7e-m+fp/hard/crtbegin.o

.ARM.extab
 *(.ARM.extab* .gnu.linkonce.armextab.*)

.ARM            0x000000001fffb58c        0x8
                0x000000001fffb58c                __exidx_start = .
 *(.ARM.exidx*)
 .ARM.exidx     0x000000001fffb58c        0x8 /home/fdsa/opt/gcc-arm-none-eabi-10-2020-q4-major/bin/../lib/gcc/arm-none-eabi/10.2.1/../../../../arm-none-eabi/lib/thumb/v7e-m+fp/hard/crt0.o
                                         0x10 (size before relaxing)
                0x000000001fffb594                __exidx_end = .

.rel.dyn        0x000000001fffb594        0x0
 .rel.iplt      0x000000001fffb594        0x0 /home/fdsa/opt/gcc-arm-none-eabi-10-2020-q4-major/bin/../lib/gcc/arm-none-eabi/10.2.1/thumb/v7e-m+fp/hard/crtbegin.o

.ctors          0x000000001fffb594        0x0
                0x000000001fffb594                __CTOR_LIST__ = .
 *crtbegin.o(.ctors)
 *crtbegin?.o(.ctors)
 *(EXCLUDE_FILE(*crtend.o *crtend?.o) .ctors)
 *(SORT_BY_NAME(.ctors.*))
 *(.ctors)
                0x000000001fffb594                __CTOR_END__ = .

.dtors          0x000000001fffb594        0x0
                0x000000001fffb594                __DTOR_LIST__ = .
 *crtbegin.o(.dtors)
 *crtbegin?.o(.dtors)
 *(EXCLUDE_FILE(*crtend.o *crtend?.o) .dtors)
 *(SORT_BY_NAME(.dtors.*))
 *(.dtors)
                0x000000001fffb594                __DTOR_END__ = .

.preinit_array  0x000000001fffb594        0x0
                0x000000001fffb594                PROVIDE (__preinit_array_start = .)
 *(.preinit_array*)
                0x000000001fffb594                PROVIDE (__preinit_array_end = .)

.init_array     0x000000001fffb594        0x4
                0x000000001fffb594                PROVIDE (__init_array_start = .)
 *(SORT_BY_NAME(.init_array.*))
 *(.init_array*)
 .init_array    0x000000001fffb594        0x4 /home/fdsa/opt/gcc-arm-none-eabi-10-2020-q4-major/bin/../lib/gcc/arm-none-eabi/10.2.1/thumb/v7e-m+fp/hard/crtbegin.o
                0x000000001fffb598                PROVIDE (__init_array_end = .)

.fini_array     0x000000001fffb598        0x4
                [!provide]                        PROVIDE (__fini_array_start = .)
 *(SORT_BY_NAME(.fini_array.*))
 *(.fini_array*)
 .fini_array    0x000000001fffb598        0x4 /home/fdsa/opt/gcc-arm-none-eabi-10-2020-q4-major/bin/../lib/gcc/arm-none-eabi/10.2.1/thumb/v7e-m+fp/hard/crtbegin.o
                [!provide]                        PROVIDE (__fini_array_end = .)

.data           0x0000000020000000       0x64
                0x0000000020000000                . = ALIGN (0x4)
 *(.data)
 *(.data*)
 .data._impure_ptr
                0x0000000020000000        0x4 /home/fdsa/opt/gcc-arm-none-eabi-10-2020-q4-major/bin/../lib/gcc/arm-none-eabi/10.2.1/../../../../arm-none-eabi/lib/thumb/v7e-m+fp/hard/libc_nano.a(lib_a-impure.o)
                0x0000000020000000                _impure_ptr
 .data.impure_data
                0x0000000020000004       0x60 /home/fdsa/opt/gcc-arm-none-eabi-10-2020-q4-major/bin/../lib/gcc/arm-none-eabi/10.2.1/../../../../arm-none-eabi/lib/thumb/v7e-m+fp/hard/libc_nano.a(lib_a-impure.o)
 *(.jcr*)
                0x0000000020000064                . = ALIGN (0x4)

.igot.plt       0x0000000020000064        0x0
 .igot.plt      0x0000000020000064        0x0 /home/fdsa/opt/gcc-arm-none-eabi-10-2020-q4-major/bin/../lib/gcc/arm-none-eabi/10.2.1/thumb/v7e-m+fp/hard/crtbegin.o

.bss            0x0000000020000064       0x7c
                0x0000000020000064                . = ALIGN (0x4)
                0x0000000020000064                __START_BSS = .
                0x0000000020000064                __bss_start__ = .
 *(.bss)
 .bss           0x0000000020000064       0x1c /home/fdsa/opt/gcc-arm-none-eabi-10-2020-q4-major/bin/../lib/gcc/arm-none-eabi/10.2.1/thumb/v7e-m+fp/hard/crtbegin.o
 *(.bss*)
 .bss.s_debugConsole
                0x0000000020000080       0x10 CMakeFiles/i2c_interrupt_sensor_imx7d.dir/home/fdsa/freertos-colibri-imx7/platform/utilities/src/debug_console_imx.c.obj
 .bss.cmdBuffer
                0x0000000020000090        0x5 CMakeFiles/i2c_interrupt_sensor_imx7d.dir/home/fdsa/freertos-colibri-imx7/examples/imx7_colibri_m4/driver_examples/i2c_imx/i2c_interrupt_sensor_imx7d/main.c.obj
 *fill*         0x0000000020000095        0x3 
 .bss.i2cState  0x0000000020000098       0x28 CMakeFiles/i2c_interrupt_sensor_imx7d.dir/home/fdsa/freertos-colibri-imx7/examples/imx7_colibri_m4/driver_examples/i2c_imx/i2c_interrupt_sensor_imx7d/main.c.obj
 .bss.rxBuffer  0x00000000200000c0        0x7 CMakeFiles/i2c_interrupt_sensor_imx7d.dir/home/fdsa/freertos-colibri-imx7/examples/imx7_colibri_m4/driver_examples/i2c_imx/i2c_interrupt_sensor_imx7d/main.c.obj
 *fill*         0x00000000200000c7        0x1 
 .bss.txBuffer  0x00000000200000c8        0x5 CMakeFiles/i2c_interrupt_sensor_imx7d.dir/home/fdsa/freertos-colibri-imx7/examples/imx7_colibri_m4/driver_examples/i2c_imx/i2c_interrupt_sensor_imx7d/main.c.obj
 .bss.__lock___malloc_recursive_mutex
                0x00000000200000cd        0x1 /home/fdsa/opt/gcc-arm-none-eabi-10-2020-q4-major/bin/../lib/gcc/arm-none-eabi/10.2.1/../../../../arm-none-eabi/lib/thumb/v7e-m+fp/hard/libc_nano.a(lib_a-lock.o)
                0x00000000200000cd                __lock___malloc_recursive_mutex
 .bss.__lock___sfp_recursive_mutex
                0x00000000200000ce        0x1 /home/fdsa/opt/gcc-arm-none-eabi-10-2020-q4-major/bin/../lib/gcc/arm-none-eabi/10.2.1/../../../../arm-none-eabi/lib/thumb/v7e-m+fp/hard/libc_nano.a(lib_a-lock.o)
                0x00000000200000ce                __lock___sfp_recursive_mutex
 .bss.__lock___sinit_recursive_mutex
                0x00000000200000cf        0x1 /home/fdsa/opt/gcc-arm-none-eabi-10-2020-q4-major/bin/../lib/gcc/arm-none-eabi/10.2.1/../../../../arm-none-eabi/lib/thumb/v7e-m+fp/hard/libc_nano.a(lib_a-lock.o)
                0x00000000200000cf                __lock___sinit_recursive_mutex
 .bss.__malloc_free_list
                0x00000000200000d0        0x4 /home/fdsa/opt/gcc-arm-none-eabi-10-2020-q4-major/bin/../lib/gcc/arm-none-eabi/10.2.1/../../../../arm-none-eabi/lib/thumb/v7e-m+fp/hard/libc_nano.a(lib_a-nano-mallocr.o)
                0x00000000200000d0                __malloc_free_list
 .bss.__malloc_sbrk_start
                0x00000000200000d4        0x4 /home/fdsa/opt/gcc-arm-none-eabi-10-2020-q4-major/bin/../lib/gcc/arm-none-eabi/10.2.1/../../../../arm-none-eabi/lib/thumb/v7e-m+fp/hard/libc_nano.a(lib_a-nano-mallocr.o)
                0x00000000200000d4                __malloc_sbrk_start
 .bss.errno     0x00000000200000d8        0x4 /home/fdsa/opt/gcc-arm-none-eabi-10-2020-q4-major/bin/../lib/gcc/arm-none-eabi/10.2.1/../../../../arm-none-eabi/lib/thumb/v7e-m+fp/hard/libc_nano.a(lib_a-reent.o)
                0x00000000200000d8                errno
 .bss.heap_end.0
                0x00000000200000dc        0x4 /home/fdsa/opt/gcc-arm-none-eabi-10-2020-q4-major/bin/../lib/gcc/arm-none-eabi/10.2.1/../../../../arm-none-eabi/lib/thumb/v7e-m+fp/hard/libnosys.a(sbrk.o)
 *(COMMON)
                0x00000000200000e0                . = ALIGN (0x4)
                0x00000000200000e0                __bss_end__ = .
                0x00000000200000e0                __END_BSS = .

.heap           0x00000000200000e0      0x200
                0x00000000200000e0                . = ALIGN (0x8)
                0x00000000200000e0                __end__ = .
                0x00000000200000e0                PROVIDE (end = .)
                0x00000000200000e0                __HeapBase = .
                0x00000000200002e0                . = (. + HEAP_SIZE)
 *fill*         0x00000000200000e0      0x200 
                0x00000000200002e0                __HeapLimit = .

.stack          0x00000000200002e0      0x400
                0x00000000200002e0                . = ALIGN (0x8)
                0x00000000200006e0                . = (. + STACK_SIZE)
 *fill*         0x00000000200002e0      0x400 
                0x0000000020008000                __StackTop = (ORIGIN (m_data) + LENGTH (m_data))
                0x0000000020007c00                __StackLimit = (__StackTop - STACK_SIZE)
                0x0000000020008000                PROVIDE (__stack = __StackTop)

.ARM.attributes
                0x0000000000000000       0x30
 *(.ARM.attributes)
 .ARM.attributes
                0x0000000000000000       0x1e /home/fdsa/opt/gcc-arm-none-eabi-10-2020-q4-major/bin/../lib/gcc/arm-none-eabi/10.2.1/thumb/v7e-m+fp/hard/crti.o
 .ARM.attributes
                0x000000000000001e       0x34 /home/fdsa/opt/gcc-arm-none-eabi-10-2020-q4-major/bin/../lib/gcc/arm-none-eabi/10.2.1/thumb/v7e-m+fp/hard/crtbegin.o
 .ARM.attributes
                0x0000000000000052       0x1c /home/fdsa/opt/gcc-arm-none-eabi-10-2020-q4-major/bin/../lib/gcc/arm-none-eabi/10.2.1/../../../../arm-none-eabi/lib/thumb/v7e-m+fp/hard/crt0.o
 .ARM.attributes
                0x000000000000006e       0x1f CMakeFiles/i2c_interrupt_sensor_imx7d.dir/home/fdsa/freertos-colibri-imx7/platform/devices/MCIMX7D/startup/gcc/startup_MCIMX7D_M4.S.obj
 .ARM.attributes
                0x000000000000008d       0x34 CMakeFiles/i2c_interrupt_sensor_imx7d.dir/home/fdsa/freertos-colibri-imx7/platform/devices/MCIMX7D/startup/system_MCIMX7D_M4.c.obj
 .ARM.attributes
                0x00000000000000c1       0x34 CMakeFiles/i2c_interrupt_sensor_imx7d.dir/home/fdsa/freertos-colibri-imx7/platform/drivers/src/ccm_analog_imx7d.c.obj
 .ARM.attributes
                0x00000000000000f5       0x34 CMakeFiles/i2c_interrupt_sensor_imx7d.dir/home/fdsa/freertos-colibri-imx7/platform/drivers/src/ccm_imx7d.c.obj
 .ARM.attributes
                0x0000000000000129       0x34 CMakeFiles/i2c_interrupt_sensor_imx7d.dir/home/fdsa/freertos-colibri-imx7/platform/drivers/src/i2c_imx.c.obj
 .ARM.attributes
                0x000000000000015d       0x34 CMakeFiles/i2c_interrupt_sensor_imx7d.dir/home/fdsa/freertos-colibri-imx7/platform/drivers/src/uart_imx.c.obj
 .ARM.attributes
                0x0000000000000191       0x34 CMakeFiles/i2c_interrupt_sensor_imx7d.dir/home/fdsa/freertos-colibri-imx7/platform/utilities/src/debug_console_imx.c.obj
 .ARM.attributes
                0x00000000000001c5       0x34 CMakeFiles/i2c_interrupt_sensor_imx7d.dir/home/fdsa/freertos-colibri-imx7/platform/utilities/src/print_scan.c.obj
 .ARM.attributes
                0x00000000000001f9       0x34 CMakeFiles/i2c_interrupt_sensor_imx7d.dir/home/fdsa/freertos-colibri-imx7/examples/imx7_colibri_m4/board.c.obj
 .ARM.attributes
                0x000000000000022d       0x34 CMakeFiles/i2c_interrupt_sensor_imx7d.dir/home/fdsa/freertos-colibri-imx7/examples/imx7_colibri_m4/clock_freq.c.obj
 .ARM.attributes
                0x0000000000000261       0x34 CMakeFiles/i2c_interrupt_sensor_imx7d.dir/home/fdsa/freertos-colibri-imx7/examples/imx7_colibri_m4/pin_mux.c.obj
 .ARM.attributes
                0x0000000000000295       0x34 CMakeFiles/i2c_interrupt_sensor_imx7d.dir/home/fdsa/freertos-colibri-imx7/examples/imx7_colibri_m4/driver_examples/i2c_imx/i2c_interrupt_sensor_imx7d/hardware_init.c.obj
 .ARM.attributes
                0x00000000000002c9       0x34 CMakeFiles/i2c_interrupt_sensor_imx7d.dir/home/fdsa/freertos-colibri-imx7/examples/imx7_colibri_m4/driver_examples/i2c_imx/i2c_interrupt_sensor_imx7d/main.c.obj
 .ARM.attributes
                0x00000000000002fd       0x34 /home/fdsa/opt/gcc-arm-none-eabi-10-2020-q4-major/bin/../lib/gcc/arm-none-eabi/10.2.1/../../../../arm-none-eabi/lib/thumb/v7e-m+fp/hard/libc_nano.a(lib_a-assert.o)
 .ARM.attributes
                0x0000000000000331       0x34 /home/fdsa/opt/gcc-arm-none-eabi-10-2020-q4-major/bin/../lib/gcc/arm-none-eabi/10.2.1/../../../../arm-none-eabi/lib/thumb/v7e-m+fp/hard/libc_nano.a(lib_a-exit.o)
 .ARM.attributes
                0x0000000000000365       0x34 /home/fdsa/opt/gcc-arm-none-eabi-10-2020-q4-major/bin/../lib/gcc/arm-none-eabi/10.2.1/../../../../arm-none-eabi/lib/thumb/v7e-m+fp/hard/libc_nano.a(lib_a-fprintf.o)
 .ARM.attributes
                0x0000000000000399       0x32 /home/fdsa/opt/gcc-arm-none-eabi-10-2020-q4-major/bin/../lib/gcc/arm-none-eabi/10.2.1/../../../../arm-none-eabi/lib/thumb/v7e-m+fp/hard/libc_nano.a(lib_a-impure.o)
 .ARM.attributes
                0x00000000000003cb       0x34 /home/fdsa/opt/gcc-arm-none-eabi-10-2020-q4-major/bin/../lib/gcc/arm-none-eabi/10.2.1/../../../../arm-none-eabi/lib/thumb/v7e-m+fp/hard/libc_nano.a(lib_a-init.o)
 .ARM.attributes
                0x00000000000003ff       0x34 /home/fdsa/opt/gcc-arm-none-eabi-10-2020-q4-major/bin/../lib/gcc/arm-none-eabi/10.2.1/../../../../arm-none-eabi/lib/thumb/v7e-m+fp/hard/libc_nano.a(lib_a-memset.o)
 .ARM.attributes
                0x0000000000000433       0x34 /home/fdsa/opt/gcc-arm-none-eabi-10-2020-q4-major/bin/../lib/gcc/arm-none-eabi/10.2.1/../../../../arm-none-eabi/lib/thumb/v7e-m+fp/hard/libc_nano.a(lib_a-nano-vfprintf.o)
 .ARM.attributes
                0x0000000000000467       0x34 /home/fdsa/opt/gcc-arm-none-eabi-10-2020-q4-major/bin/../lib/gcc/arm-none-eabi/10.2.1/../../../../arm-none-eabi/lib/thumb/v7e-m+fp/hard/libc_nano.a(lib_a-nano-vfprintf_i.o)
 .ARM.attributes
                0x000000000000049b       0x17 /home/fdsa/opt/gcc-arm-none-eabi-10-2020-q4-major/bin/../lib/gcc/arm-none-eabi/10.2.1/../../../../arm-none-eabi/lib/thumb/v7e-m+fp/hard/libc_nano.a(lib_a-strlen.o)
 .ARM.attributes
                0x00000000000004b2       0x34 /home/fdsa/opt/gcc-arm-none-eabi-10-2020-q4-major/bin/../lib/gcc/arm-none-eabi/10.2.1/../../../../arm-none-eabi/lib/thumb/v7e-m+fp/hard/libc_nano.a(lib_a-wbuf.o)
 .ARM.attributes
                0x00000000000004e6       0x34 /home/fdsa/opt/gcc-arm-none-eabi-10-2020-q4-major/bin/../lib/gcc/arm-none-eabi/10.2.1/../../../../arm-none-eabi/lib/thumb/v7e-m+fp/hard/libc_nano.a(lib_a-wsetup.o)
 .ARM.attributes
                0x000000000000051a       0x34 /home/fdsa/opt/gcc-arm-none-eabi-10-2020-q4-major/bin/../lib/gcc/arm-none-eabi/10.2.1/../../../../arm-none-eabi/lib/thumb/v7e-m+fp/hard/libc_nano.a(lib_a-abort.o)
 .ARM.attributes
                0x000000000000054e       0x34 /home/fdsa/opt/gcc-arm-none-eabi-10-2020-q4-major/bin/../lib/gcc/arm-none-eabi/10.2.1/../../../../arm-none-eabi/lib/thumb/v7e-m+fp/hard/libc_nano.a(lib_a-fflush.o)
 .ARM.attributes
                0x0000000000000582       0x34 /home/fdsa/opt/gcc-arm-none-eabi-10-2020-q4-major/bin/../lib/gcc/arm-none-eabi/10.2.1/../../../../arm-none-eabi/lib/thumb/v7e-m+fp/hard/libc_nano.a(lib_a-findfp.o)
 .ARM.attributes
                0x00000000000005b6       0x34 /home/fdsa/opt/gcc-arm-none-eabi-10-2020-q4-major/bin/../lib/gcc/arm-none-eabi/10.2.1/../../../../arm-none-eabi/lib/thumb/v7e-m+fp/hard/libc_nano.a(lib_a-fwalk.o)
 .ARM.attributes
                0x00000000000005ea       0x34 /home/fdsa/opt/gcc-arm-none-eabi-10-2020-q4-major/bin/../lib/gcc/arm-none-eabi/10.2.1/../../../../arm-none-eabi/lib/thumb/v7e-m+fp/hard/libc_nano.a(lib_a-lock.o)
 .ARM.attributes
                0x000000000000061e       0x34 /home/fdsa/opt/gcc-arm-none-eabi-10-2020-q4-major/bin/../lib/gcc/arm-none-eabi/10.2.1/../../../../arm-none-eabi/lib/thumb/v7e-m+fp/hard/libc_nano.a(lib_a-makebuf.o)
 .ARM.attributes
                0x0000000000000652       0x1c /home/fdsa/opt/gcc-arm-none-eabi-10-2020-q4-major/bin/../lib/gcc/arm-none-eabi/10.2.1/../../../../arm-none-eabi/lib/thumb/v7e-m+fp/hard/libc_nano.a(lib_a-memchr.o)
 .ARM.attributes
                0x000000000000066e       0x34 /home/fdsa/opt/gcc-arm-none-eabi-10-2020-q4-major/bin/../lib/gcc/arm-none-eabi/10.2.1/../../../../arm-none-eabi/lib/thumb/v7e-m+fp/hard/libc_nano.a(lib_a-nano-freer.o)
 .ARM.attributes
                0x00000000000006a2       0x34 /home/fdsa/opt/gcc-arm-none-eabi-10-2020-q4-major/bin/../lib/gcc/arm-none-eabi/10.2.1/../../../../arm-none-eabi/lib/thumb/v7e-m+fp/hard/libc_nano.a(lib_a-nano-mallocr.o)
 .ARM.attributes
                0x00000000000006d6       0x34 /home/fdsa/opt/gcc-arm-none-eabi-10-2020-q4-major/bin/../lib/gcc/arm-none-eabi/10.2.1/../../../../arm-none-eabi/lib/thumb/v7e-m+fp/hard/libc_nano.a(lib_a-sbrkr.o)
 .ARM.attributes
                0x000000000000070a       0x34 /home/fdsa/opt/gcc-arm-none-eabi-10-2020-q4-major/bin/../lib/gcc/arm-none-eabi/10.2.1/../../../../arm-none-eabi/lib/thumb/v7e-m+fp/hard/libc_nano.a(lib_a-signal.o)
 .ARM.attributes
                0x000000000000073e       0x34 /home/fdsa/opt/gcc-arm-none-eabi-10-2020-q4-major/bin/../lib/gcc/arm-none-eabi/10.2.1/../../../../arm-none-eabi/lib/thumb/v7e-m+fp/hard/libc_nano.a(lib_a-signalr.o)
 .ARM.attributes
                0x0000000000000772       0x34 /home/fdsa/opt/gcc-arm-none-eabi-10-2020-q4-major/bin/../lib/gcc/arm-none-eabi/10.2.1/../../../../arm-none-eabi/lib/thumb/v7e-m+fp/hard/libc_nano.a(lib_a-stdio.o)
 .ARM.attributes
                0x00000000000007a6       0x34 /home/fdsa/opt/gcc-arm-none-eabi-10-2020-q4-major/bin/../lib/gcc/arm-none-eabi/10.2.1/../../../../arm-none-eabi/lib/thumb/v7e-m+fp/hard/libc_nano.a(lib_a-writer.o)
 .ARM.attributes
                0x00000000000007da       0x34 /home/fdsa/opt/gcc-arm-none-eabi-10-2020-q4-major/bin/../lib/gcc/arm-none-eabi/10.2.1/../../../../arm-none-eabi/lib/thumb/v7e-m+fp/hard/libc_nano.a(lib_a-closer.o)
 .ARM.attributes
                0x000000000000080e       0x34 /home/fdsa/opt/gcc-arm-none-eabi-10-2020-q4-major/bin/../lib/gcc/arm-none-eabi/10.2.1/../../../../arm-none-eabi/lib/thumb/v7e-m+fp/hard/libc_nano.a(lib_a-fstatr.o)
 .ARM.attributes
                0x0000000000000842       0x34 /home/fdsa/opt/gcc-arm-none-eabi-10-2020-q4-major/bin/../lib/gcc/arm-none-eabi/10.2.1/../../../../arm-none-eabi/lib/thumb/v7e-m+fp/hard/libc_nano.a(lib_a-isattyr.o)
 .ARM.attributes
                0x0000000000000876       0x34 /home/fdsa/opt/gcc-arm-none-eabi-10-2020-q4-major/bin/../lib/gcc/arm-none-eabi/10.2.1/../../../../arm-none-eabi/lib/thumb/v7e-m+fp/hard/libc_nano.a(lib_a-lseekr.o)
 .ARM.attributes
                0x00000000000008aa       0x34 /home/fdsa/opt/gcc-arm-none-eabi-10-2020-q4-major/bin/../lib/gcc/arm-none-eabi/10.2.1/../../../../arm-none-eabi/lib/thumb/v7e-m+fp/hard/libc_nano.a(lib_a-mlock.o)
 .ARM.attributes
                0x00000000000008de       0x34 /home/fdsa/opt/gcc-arm-none-eabi-10-2020-q4-major/bin/../lib/gcc/arm-none-eabi/10.2.1/../../../../arm-none-eabi/lib/thumb/v7e-m+fp/hard/libc_nano.a(lib_a-readr.o)
 .ARM.attributes
                0x0000000000000912       0x34 /home/fdsa/opt/gcc-arm-none-eabi-10-2020-q4-major/bin/../lib/gcc/arm-none-eabi/10.2.1/../../../../arm-none-eabi/lib/thumb/v7e-m+fp/hard/libc_nano.a(lib_a-reent.o)
 .ARM.attributes
                0x0000000000000946       0x1e /home/fdsa/opt/gcc-arm-none-eabi-10-2020-q4-major/bin/../lib/gcc/arm-none-eabi/10.2.1/thumb/v7e-m+fp/hard/libgcc.a(_arm_muldf3.o)
 .ARM.attributes
                0x0000000000000964       0x1e /home/fdsa/opt/gcc-arm-none-eabi-10-2020-q4-major/bin/../lib/gcc/arm-none-eabi/10.2.1/thumb/v7e-m+fp/hard/libgcc.a(_arm_addsubdf3.o)
 .ARM.attributes
                0x0000000000000982       0x1e /home/fdsa/opt/gcc-arm-none-eabi-10-2020-q4-major/bin/../lib/gcc/arm-none-eabi/10.2.1/thumb/v7e-m+fp/hard/libgcc.a(_arm_truncdfsf2.o)
 .ARM.attributes
                0x00000000000009a0       0x34 /home/fdsa/opt/gcc-arm-none-eabi-10-2020-q4-major/bin/../lib/gcc/arm-none-eabi/10.2.1/../../../../arm-none-eabi/lib/thumb/v7e-m+fp/hard/libnosys.a(close.o)
 .ARM.attributes
                0x00000000000009d4       0x34 /home/fdsa/opt/gcc-arm-none-eabi-10-2020-q4-major/bin/../lib/gcc/arm-none-eabi/10.2.1/../../../../arm-none-eabi/lib/thumb/v7e-m+fp/hard/libnosys.a(fstat.o)
 .ARM.attributes
                0x0000000000000a08       0x34 /home/fdsa/opt/gcc-arm-none-eabi-10-2020-q4-major/bin/../lib/gcc/arm-none-eabi/10.2.1/../../../../arm-none-eabi/lib/thumb/v7e-m+fp/hard/libnosys.a(getpid.o)
 .ARM.attributes
                0x0000000000000a3c       0x34 /home/fdsa/opt/gcc-arm-none-eabi-10-2020-q4-major/bin/../lib/gcc/arm-none-eabi/10.2.1/../../../../arm-none-eabi/lib/thumb/v7e-m+fp/hard/libnosys.a(isatty.o)
 .ARM.attributes
                0x0000000000000a70       0x34 /home/fdsa/opt/gcc-arm-none-eabi-10-2020-q4-major/bin/../lib/gcc/arm-none-eabi/10.2.1/../../../../arm-none-eabi/lib/thumb/v7e-m+fp/hard/libnosys.a(kill.o)
 .ARM.attributes
                0x0000000000000aa4       0x34 /home/fdsa/opt/gcc-arm-none-eabi-10-2020-q4-major/bin/../lib/gcc/arm-none-eabi/10.2.1/../../../../arm-none-eabi/lib/thumb/v7e-m+fp/hard/libnosys.a(lseek.o)
 .ARM.attributes
                0x0000000000000ad8       0x34 /home/fdsa/opt/gcc-arm-none-eabi-10-2020-q4-major/bin/../lib/gcc/arm-none-eabi/10.2.1/../../../../arm-none-eabi/lib/thumb/v7e-m+fp/hard/libnosys.a(sbrk.o)
 .ARM.attributes
                0x0000000000000b0c       0x34 /home/fdsa/opt/gcc-arm-none-eabi-10-2020-q4-major/bin/../lib/gcc/arm-none-eabi/10.2.1/../../../../arm-none-eabi/lib/thumb/v7e-m+fp/hard/libnosys.a(_exit.o)
 .ARM.attributes
                0x0000000000000b40       0x1e /home/fdsa/opt/gcc-arm-none-eabi-10-2020-q4-major/bin/../lib/gcc/arm-none-eabi/10.2.1/thumb/v7e-m+fp/hard/crtn.o
                0x0000000000000001                ASSERT ((__StackLimit >= __HeapLimit), region m_data overflowed with stack and heap)
OUTPUT(i2c_interrupt_sensor_imx7d.elf elf32-littlearm)
LOAD linker stubs

.debug_line     0x0000000000000000     0x557a
 .debug_line    0x0000000000000000       0x9a CMakeFiles/i2c_interrupt_sensor_imx7d.dir/home/fdsa/freertos-colibri-imx7/platform/devices/MCIMX7D/startup/gcc/startup_MCIMX7D_M4.S.obj
 .debug_line    0x000000000000009a      0x782 CMakeFiles/i2c_interrupt_sensor_imx7d.dir/home/fdsa/freertos-colibri-imx7/platform/devices/MCIMX7D/startup/system_MCIMX7D_M4.c.obj
 .debug_line    0x000000000000081c      0x62c CMakeFiles/i2c_interrupt_sensor_imx7d.dir/home/fdsa/freertos-colibri-imx7/platform/drivers/src/ccm_analog_imx7d.c.obj
 .debug_line    0x0000000000000e48      0x300 CMakeFiles/i2c_interrupt_sensor_imx7d.dir/home/fdsa/freertos-colibri-imx7/platform/drivers/src/ccm_imx7d.c.obj
 .debug_line    0x0000000000001148      0x3e6 CMakeFiles/i2c_interrupt_sensor_imx7d.dir/home/fdsa/freertos-colibri-imx7/platform/drivers/src/i2c_imx.c.obj
 .debug_line    0x000000000000152e      0x9a9 CMakeFiles/i2c_interrupt_sensor_imx7d.dir/home/fdsa/freertos-colibri-imx7/platform/drivers/src/uart_imx.c.obj
 .debug_line    0x0000000000001ed7      0x786 CMakeFiles/i2c_interrupt_sensor_imx7d.dir/home/fdsa/freertos-colibri-imx7/platform/utilities/src/debug_console_imx.c.obj
 .debug_line    0x000000000000265d      0xe8e CMakeFiles/i2c_interrupt_sensor_imx7d.dir/home/fdsa/freertos-colibri-imx7/platform/utilities/src/print_scan.c.obj
 .debug_line    0x00000000000034eb      0x575 CMakeFiles/i2c_interrupt_sensor_imx7d.dir/home/fdsa/freertos-colibri-imx7/examples/imx7_colibri_m4/board.c.obj
 .debug_line    0x0000000000003a60      0x5ad CMakeFiles/i2c_interrupt_sensor_imx7d.dir/home/fdsa/freertos-colibri-imx7/examples/imx7_colibri_m4/clock_freq.c.obj
 .debug_line    0x000000000000400d      0x396 CMakeFiles/i2c_interrupt_sensor_imx7d.dir/home/fdsa/freertos-colibri-imx7/examples/imx7_colibri_m4/pin_mux.c.obj
 .debug_line    0x00000000000043a3      0x381 CMakeFiles/i2c_interrupt_sensor_imx7d.dir/home/fdsa/freertos-colibri-imx7/examples/imx7_colibri_m4/driver_examples/i2c_imx/i2c_interrupt_sensor_imx7d/hardware_init.c.obj
 .debug_line    0x0000000000004724      0xe56 CMakeFiles/i2c_interrupt_sensor_imx7d.dir/home/fdsa/freertos-colibri-imx7/examples/imx7_colibri_m4/driver_examples/i2c_imx/i2c_interrupt_sensor_imx7d/main.c.obj

.debug_info     0x0000000000000000     0xb849
 .debug_info    0x0000000000000000       0x26 CMakeFiles/i2c_interrupt_sensor_imx7d.dir/home/fdsa/freertos-colibri-imx7/platform/devices/MCIMX7D/startup/gcc/startup_MCIMX7D_M4.S.obj
 .debug_info    0x0000000000000026      0xaf1 CMakeFiles/i2c_interrupt_sensor_imx7d.dir/home/fdsa/freertos-colibri-imx7/platform/devices/MCIMX7D/startup/system_MCIMX7D_M4.c.obj
 .debug_info    0x0000000000000b17      0x8f5 CMakeFiles/i2c_interrupt_sensor_imx7d.dir/home/fdsa/freertos-colibri-imx7/platform/drivers/src/ccm_analog_imx7d.c.obj
 .debug_info    0x000000000000140c      0x600 CMakeFiles/i2c_interrupt_sensor_imx7d.dir/home/fdsa/freertos-colibri-imx7/platform/drivers/src/ccm_imx7d.c.obj
 .debug_info    0x0000000000001a0c      0x494 CMakeFiles/i2c_interrupt_sensor_imx7d.dir/home/fdsa/freertos-colibri-imx7/platform/drivers/src/i2c_imx.c.obj
 .debug_info    0x0000000000001ea0      0xbbf CMakeFiles/i2c_interrupt_sensor_imx7d.dir/home/fdsa/freertos-colibri-imx7/platform/drivers/src/uart_imx.c.obj
 .debug_info    0x0000000000002a5f      0xb82 CMakeFiles/i2c_interrupt_sensor_imx7d.dir/home/fdsa/freertos-colibri-imx7/platform/utilities/src/debug_console_imx.c.obj
 .debug_info    0x00000000000035e1      0xbe6 CMakeFiles/i2c_interrupt_sensor_imx7d.dir/home/fdsa/freertos-colibri-imx7/platform/utilities/src/print_scan.c.obj
 .debug_info    0x00000000000041c7     0x15c9 CMakeFiles/i2c_interrupt_sensor_imx7d.dir/home/fdsa/freertos-colibri-imx7/examples/imx7_colibri_m4/board.c.obj
 .debug_info    0x0000000000005790     0x16a9 CMakeFiles/i2c_interrupt_sensor_imx7d.dir/home/fdsa/freertos-colibri-imx7/examples/imx7_colibri_m4/clock_freq.c.obj
 .debug_info    0x0000000000006e39     0x20fd CMakeFiles/i2c_interrupt_sensor_imx7d.dir/home/fdsa/freertos-colibri-imx7/examples/imx7_colibri_m4/pin_mux.c.obj
 .debug_info    0x0000000000008f36      0xdea CMakeFiles/i2c_interrupt_sensor_imx7d.dir/home/fdsa/freertos-colibri-imx7/examples/imx7_colibri_m4/driver_examples/i2c_imx/i2c_interrupt_sensor_imx7d/hardware_init.c.obj
 .debug_info    0x0000000000009d20     0x1b29 CMakeFiles/i2c_interrupt_sensor_imx7d.dir/home/fdsa/freertos-colibri-imx7/examples/imx7_colibri_m4/driver_examples/i2c_imx/i2c_interrupt_sensor_imx7d/main.c.obj

.debug_abbrev   0x0000000000000000     0x182b
 .debug_abbrev  0x0000000000000000       0x14 CMakeFiles/i2c_interrupt_sensor_imx7d.dir/home/fdsa/freertos-colibri-imx7/platform/devices/MCIMX7D/startup/gcc/startup_MCIMX7D_M4.S.obj
 .debug_abbrev  0x0000000000000014      0x140 CMakeFiles/i2c_interrupt_sensor_imx7d.dir/home/fdsa/freertos-colibri-imx7/platform/devices/MCIMX7D/startup/system_MCIMX7D_M4.c.obj
 .debug_abbrev  0x0000000000000154      0x1e0 CMakeFiles/i2c_interrupt_sensor_imx7d.dir/home/fdsa/freertos-colibri-imx7/platform/drivers/src/ccm_analog_imx7d.c.obj
 .debug_abbrev  0x0000000000000334      0x153 CMakeFiles/i2c_interrupt_sensor_imx7d.dir/home/fdsa/freertos-colibri-imx7/platform/drivers/src/ccm_imx7d.c.obj
 .debug_abbrev  0x0000000000000487      0x1b9 CMakeFiles/i2c_interrupt_sensor_imx7d.dir/home/fdsa/freertos-colibri-imx7/platform/drivers/src/i2c_imx.c.obj
 .debug_abbrev  0x0000000000000640      0x209 CMakeFiles/i2c_interrupt_sensor_imx7d.dir/home/fdsa/freertos-colibri-imx7/platform/drivers/src/uart_imx.c.obj
 .debug_abbrev  0x0000000000000849      0x34d CMakeFiles/i2c_interrupt_sensor_imx7d.dir/home/fdsa/freertos-colibri-imx7/platform/utilities/src/debug_console_imx.c.obj
 .debug_abbrev  0x0000000000000b96      0x26c CMakeFiles/i2c_interrupt_sensor_imx7d.dir/home/fdsa/freertos-colibri-imx7/platform/utilities/src/print_scan.c.obj
 .debug_abbrev  0x0000000000000e02      0x221 CMakeFiles/i2c_interrupt_sensor_imx7d.dir/home/fdsa/freertos-colibri-imx7/examples/imx7_colibri_m4/board.c.obj
 .debug_abbrev  0x0000000000001023      0x1ed CMakeFiles/i2c_interrupt_sensor_imx7d.dir/home/fdsa/freertos-colibri-imx7/examples/imx7_colibri_m4/clock_freq.c.obj
 .debug_abbrev  0x0000000000001210      0x10c CMakeFiles/i2c_interrupt_sensor_imx7d.dir/home/fdsa/freertos-colibri-imx7/examples/imx7_colibri_m4/pin_mux.c.obj
 .debug_abbrev  0x000000000000131c      0x1fa CMakeFiles/i2c_interrupt_sensor_imx7d.dir/home/fdsa/freertos-colibri-imx7/examples/imx7_colibri_m4/driver_examples/i2c_imx/i2c_interrupt_sensor_imx7d/hardware_init.c.obj
 .debug_abbrev  0x0000000000001516      0x315 CMakeFiles/i2c_interrupt_sensor_imx7d.dir/home/fdsa/freertos-colibri-imx7/examples/imx7_colibri_m4/driver_examples/i2c_imx/i2c_interrupt_sensor_imx7d/main.c.obj

.debug_aranges  0x0000000000000000      0x3c0
 .debug_aranges
                0x0000000000000000       0x20 CMakeFiles/i2c_interrupt_sensor_imx7d.dir/home/fdsa/freertos-colibri-imx7/platform/devices/MCIMX7D/startup/gcc/startup_MCIMX7D_M4.S.obj
 .debug_aranges
                0x0000000000000020       0x28 CMakeFiles/i2c_interrupt_sensor_imx7d.dir/home/fdsa/freertos-colibri-imx7/platform/devices/MCIMX7D/startup/system_MCIMX7D_M4.c.obj
 .debug_aranges
                0x0000000000000048       0x50 CMakeFiles/i2c_interrupt_sensor_imx7d.dir/home/fdsa/freertos-colibri-imx7/platform/drivers/src/ccm_analog_imx7d.c.obj
 .debug_aranges
                0x0000000000000098       0x30 CMakeFiles/i2c_interrupt_sensor_imx7d.dir/home/fdsa/freertos-colibri-imx7/platform/drivers/src/ccm_imx7d.c.obj
 .debug_aranges
                0x00000000000000c8       0x40 CMakeFiles/i2c_interrupt_sensor_imx7d.dir/home/fdsa/freertos-colibri-imx7/platform/drivers/src/i2c_imx.c.obj
 .debug_aranges
                0x0000000000000108       0xe8 CMakeFiles/i2c_interrupt_sensor_imx7d.dir/home/fdsa/freertos-colibri-imx7/platform/drivers/src/uart_imx.c.obj
 .debug_aranges
                0x00000000000001f0       0x70 CMakeFiles/i2c_interrupt_sensor_imx7d.dir/home/fdsa/freertos-colibri-imx7/platform/utilities/src/debug_console_imx.c.obj
 .debug_aranges
                0x0000000000000260       0x48 CMakeFiles/i2c_interrupt_sensor_imx7d.dir/home/fdsa/freertos-colibri-imx7/platform/utilities/src/print_scan.c.obj
 .debug_aranges
                0x00000000000002a8       0x30 CMakeFiles/i2c_interrupt_sensor_imx7d.dir/home/fdsa/freertos-colibri-imx7/examples/imx7_colibri_m4/board.c.obj
 .debug_aranges
                0x00000000000002d8       0x40 CMakeFiles/i2c_interrupt_sensor_imx7d.dir/home/fdsa/freertos-colibri-imx7/examples/imx7_colibri_m4/clock_freq.c.obj
 .debug_aranges
                0x0000000000000318       0x38 CMakeFiles/i2c_interrupt_sensor_imx7d.dir/home/fdsa/freertos-colibri-imx7/examples/imx7_colibri_m4/pin_mux.c.obj
 .debug_aranges
                0x0000000000000350       0x20 CMakeFiles/i2c_interrupt_sensor_imx7d.dir/home/fdsa/freertos-colibri-imx7/examples/imx7_colibri_m4/driver_examples/i2c_imx/i2c_interrupt_sensor_imx7d/hardware_init.c.obj
 .debug_aranges
                0x0000000000000370       0x50 CMakeFiles/i2c_interrupt_sensor_imx7d.dir/home/fdsa/freertos-colibri-imx7/examples/imx7_colibri_m4/driver_examples/i2c_imx/i2c_interrupt_sensor_imx7d/main.c.obj

.debug_str      0x0000000000000000     0x6aa8
 .debug_str     0x0000000000000000       0xe3 CMakeFiles/i2c_interrupt_sensor_imx7d.dir/home/fdsa/freertos-colibri-imx7/platform/devices/MCIMX7D/startup/gcc/startup_MCIMX7D_M4.S.obj
 .debug_str     0x00000000000000e3      0x730 CMakeFiles/i2c_interrupt_sensor_imx7d.dir/home/fdsa/freertos-colibri-imx7/platform/devices/MCIMX7D/startup/system_MCIMX7D_M4.c.obj
                                        0x7f4 (size before relaxing)
 .debug_str     0x0000000000000813      0x237 CMakeFiles/i2c_interrupt_sensor_imx7d.dir/home/fdsa/freertos-colibri-imx7/platform/drivers/src/ccm_analog_imx7d.c.obj
                                        0x6e9 (size before relaxing)
 .debug_str     0x0000000000000a4a       0x84 CMakeFiles/i2c_interrupt_sensor_imx7d.dir/home/fdsa/freertos-colibri-imx7/platform/drivers/src/ccm_imx7d.c.obj
                                        0x444 (size before relaxing)
 .debug_str     0x0000000000000ace      0x12d CMakeFiles/i2c_interrupt_sensor_imx7d.dir/home/fdsa/freertos-colibri-imx7/platform/drivers/src/i2c_imx.c.obj
                                        0x382 (size before relaxing)
 .debug_str     0x0000000000000bfb      0x42b CMakeFiles/i2c_interrupt_sensor_imx7d.dir/home/fdsa/freertos-colibri-imx7/platform/drivers/src/uart_imx.c.obj
                                        0x699 (size before relaxing)
 .debug_str     0x0000000000001026      0x64e CMakeFiles/i2c_interrupt_sensor_imx7d.dir/home/fdsa/freertos-colibri-imx7/platform/utilities/src/debug_console_imx.c.obj
                                        0x9d8 (size before relaxing)
 .debug_str     0x0000000000001674      0x19f CMakeFiles/i2c_interrupt_sensor_imx7d.dir/home/fdsa/freertos-colibri-imx7/platform/utilities/src/print_scan.c.obj
                                        0x421 (size before relaxing)
 .debug_str     0x0000000000001813     0x1251 CMakeFiles/i2c_interrupt_sensor_imx7d.dir/home/fdsa/freertos-colibri-imx7/examples/imx7_colibri_m4/board.c.obj
                                       0x16fe (size before relaxing)
 .debug_str     0x0000000000002a64      0x57f CMakeFiles/i2c_interrupt_sensor_imx7d.dir/home/fdsa/freertos-colibri-imx7/examples/imx7_colibri_m4/clock_freq.c.obj
                                        0xeda (size before relaxing)
 .debug_str     0x0000000000002fe3     0x2f0a CMakeFiles/i2c_interrupt_sensor_imx7d.dir/home/fdsa/freertos-colibri-imx7/examples/imx7_colibri_m4/pin_mux.c.obj
                                       0x32ba (size before relaxing)
 .debug_str     0x0000000000005eed       0x8b CMakeFiles/i2c_interrupt_sensor_imx7d.dir/home/fdsa/freertos-colibri-imx7/examples/imx7_colibri_m4/driver_examples/i2c_imx/i2c_interrupt_sensor_imx7d/hardware_init.c.obj
                                       0x11cc (size before relaxing)
 .debug_str     0x0000000000005f78      0xb30 CMakeFiles/i2c_interrupt_sensor_imx7d.dir/home/fdsa/freertos-colibri-imx7/examples/imx7_colibri_m4/driver_examples/i2c_imx/i2c_interrupt_sensor_imx7d/main.c.obj
                                       0x107a (size before relaxing)

.debug_loc      0x0000000000000000     0x416c
 .debug_loc     0x0000000000000000      0x185 CMakeFiles/i2c_interrupt_sensor_imx7d.dir/home/fdsa/freertos-colibri-imx7/platform/devices/MCIMX7D/startup/system_MCIMX7D_M4.c.obj
 .debug_loc     0x0000000000000185      0x5a3 CMakeFiles/i2c_interrupt_sensor_imx7d.dir/home/fdsa/freertos-colibri-imx7/platform/drivers/src/ccm_analog_imx7d.c.obj
 .debug_loc     0x0000000000000728      0x390 CMakeFiles/i2c_interrupt_sensor_imx7d.dir/home/fdsa/freertos-colibri-imx7/platform/drivers/src/ccm_imx7d.c.obj
 .debug_loc     0x0000000000000ab8      0x23d CMakeFiles/i2c_interrupt_sensor_imx7d.dir/home/fdsa/freertos-colibri-imx7/platform/drivers/src/i2c_imx.c.obj
 .debug_loc     0x0000000000000cf5      0x84f CMakeFiles/i2c_interrupt_sensor_imx7d.dir/home/fdsa/freertos-colibri-imx7/platform/drivers/src/uart_imx.c.obj
 .debug_loc     0x0000000000001544      0x527 CMakeFiles/i2c_interrupt_sensor_imx7d.dir/home/fdsa/freertos-colibri-imx7/platform/utilities/src/debug_console_imx.c.obj
 .debug_loc     0x0000000000001a6b     0x1061 CMakeFiles/i2c_interrupt_sensor_imx7d.dir/home/fdsa/freertos-colibri-imx7/platform/utilities/src/print_scan.c.obj
 .debug_loc     0x0000000000002acc      0x4c3 CMakeFiles/i2c_interrupt_sensor_imx7d.dir/home/fdsa/freertos-colibri-imx7/examples/imx7_colibri_m4/board.c.obj
 .debug_loc     0x0000000000002f8f      0x65a CMakeFiles/i2c_interrupt_sensor_imx7d.dir/home/fdsa/freertos-colibri-imx7/examples/imx7_colibri_m4/clock_freq.c.obj
 .debug_loc     0x00000000000035e9       0x42 CMakeFiles/i2c_interrupt_sensor_imx7d.dir/home/fdsa/freertos-colibri-imx7/examples/imx7_colibri_m4/pin_mux.c.obj
 .debug_loc     0x000000000000362b       0xdd CMakeFiles/i2c_interrupt_sensor_imx7d.dir/home/fdsa/freertos-colibri-imx7/examples/imx7_colibri_m4/driver_examples/i2c_imx/i2c_interrupt_sensor_imx7d/hardware_init.c.obj
 .debug_loc     0x0000000000003708      0xa64 CMakeFiles/i2c_interrupt_sensor_imx7d.dir/home/fdsa/freertos-colibri-imx7/examples/imx7_colibri_m4/driver_examples/i2c_imx/i2c_interrupt_sensor_imx7d/main.c.obj

.debug_ranges   0x0000000000000000      0x310
 .debug_ranges  0x0000000000000000       0x18 CMakeFiles/i2c_interrupt_sensor_imx7d.dir/home/fdsa/freertos-colibri-imx7/platform/devices/MCIMX7D/startup/system_MCIMX7D_M4.c.obj
 .debug_ranges  0x0000000000000018       0x40 CMakeFiles/i2c_interrupt_sensor_imx7d.dir/home/fdsa/freertos-colibri-imx7/platform/drivers/src/ccm_analog_imx7d.c.obj
 .debug_ranges  0x0000000000000058       0x20 CMakeFiles/i2c_interrupt_sensor_imx7d.dir/home/fdsa/freertos-colibri-imx7/platform/drivers/src/ccm_imx7d.c.obj
 .debug_ranges  0x0000000000000078       0x48 CMakeFiles/i2c_interrupt_sensor_imx7d.dir/home/fdsa/freertos-colibri-imx7/platform/drivers/src/i2c_imx.c.obj
 .debug_ranges  0x00000000000000c0       0xf0 CMakeFiles/i2c_interrupt_sensor_imx7d.dir/home/fdsa/freertos-colibri-imx7/platform/drivers/src/uart_imx.c.obj
 .debug_ranges  0x00000000000001b0       0x60 CMakeFiles/i2c_interrupt_sensor_imx7d.dir/home/fdsa/freertos-colibri-imx7/platform/utilities/src/debug_console_imx.c.obj
 .debug_ranges  0x0000000000000210       0x38 CMakeFiles/i2c_interrupt_sensor_imx7d.dir/home/fdsa/freertos-colibri-imx7/platform/utilities/src/print_scan.c.obj
 .debug_ranges  0x0000000000000248       0x20 CMakeFiles/i2c_interrupt_sensor_imx7d.dir/home/fdsa/freertos-colibri-imx7/examples/imx7_colibri_m4/board.c.obj
 .debug_ranges  0x0000000000000268       0x30 CMakeFiles/i2c_interrupt_sensor_imx7d.dir/home/fdsa/freertos-colibri-imx7/examples/imx7_colibri_m4/clock_freq.c.obj
 .debug_ranges  0x0000000000000298       0x28 CMakeFiles/i2c_interrupt_sensor_imx7d.dir/home/fdsa/freertos-colibri-imx7/examples/imx7_colibri_m4/pin_mux.c.obj
 .debug_ranges  0x00000000000002c0       0x10 CMakeFiles/i2c_interrupt_sensor_imx7d.dir/home/fdsa/freertos-colibri-imx7/examples/imx7_colibri_m4/driver_examples/i2c_imx/i2c_interrupt_sensor_imx7d/hardware_init.c.obj
 .debug_ranges  0x00000000000002d0       0x40 CMakeFiles/i2c_interrupt_sensor_imx7d.dir/home/fdsa/freertos-colibri-imx7/examples/imx7_colibri_m4/driver_examples/i2c_imx/i2c_interrupt_sensor_imx7d/main.c.obj

.comment        0x0000000000000000       0x4d
 .comment       0x0000000000000000       0x4d CMakeFiles/i2c_interrupt_sensor_imx7d.dir/home/fdsa/freertos-colibri-imx7/platform/devices/MCIMX7D/startup/system_MCIMX7D_M4.c.obj
                                         0x4e (size before relaxing)
 .comment       0x000000000000004d       0x4e CMakeFiles/i2c_interrupt_sensor_imx7d.dir/home/fdsa/freertos-colibri-imx7/platform/drivers/src/ccm_analog_imx7d.c.obj
 .comment       0x000000000000004d       0x4e CMakeFiles/i2c_interrupt_sensor_imx7d.dir/home/fdsa/freertos-colibri-imx7/platform/drivers/src/ccm_imx7d.c.obj
 .comment       0x000000000000004d       0x4e CMakeFiles/i2c_interrupt_sensor_imx7d.dir/home/fdsa/freertos-colibri-imx7/platform/drivers/src/i2c_imx.c.obj
 .comment       0x000000000000004d       0x4e CMakeFiles/i2c_interrupt_sensor_imx7d.dir/home/fdsa/freertos-colibri-imx7/platform/drivers/src/uart_imx.c.obj
 .comment       0x000000000000004d       0x4e CMakeFiles/i2c_interrupt_sensor_imx7d.dir/home/fdsa/freertos-colibri-imx7/platform/utilities/src/debug_console_imx.c.obj
 .comment       0x000000000000004d       0x4e CMakeFiles/i2c_interrupt_sensor_imx7d.dir/home/fdsa/freertos-colibri-imx7/platform/utilities/src/print_scan.c.obj
 .comment       0x000000000000004d       0x4e CMakeFiles/i2c_interrupt_sensor_imx7d.dir/home/fdsa/freertos-colibri-imx7/examples/imx7_colibri_m4/board.c.obj
 .comment       0x000000000000004d       0x4e CMakeFiles/i2c_interrupt_sensor_imx7d.dir/home/fdsa/freertos-colibri-imx7/examples/imx7_colibri_m4/clock_freq.c.obj
 .comment       0x000000000000004d       0x4e CMakeFiles/i2c_interrupt_sensor_imx7d.dir/home/fdsa/freertos-colibri-imx7/examples/imx7_colibri_m4/pin_mux.c.obj
 .comment       0x000000000000004d       0x4e CMakeFiles/i2c_interrupt_sensor_imx7d.dir/home/fdsa/freertos-colibri-imx7/examples/imx7_colibri_m4/driver_examples/i2c_imx/i2c_interrupt_sensor_imx7d/hardware_init.c.obj
 .comment       0x000000000000004d       0x4e CMakeFiles/i2c_interrupt_sensor_imx7d.dir/home/fdsa/freertos-colibri-imx7/examples/imx7_colibri_m4/driver_examples/i2c_imx/i2c_interrupt_sensor_imx7d/main.c.obj

.debug_frame    0x0000000000000000     0x139c
 .debug_frame   0x0000000000000000       0x3c CMakeFiles/i2c_interrupt_sensor_imx7d.dir/home/fdsa/freertos-colibri-imx7/platform/devices/MCIMX7D/startup/system_MCIMX7D_M4.c.obj
 .debug_frame   0x000000000000003c       0x8c CMakeFiles/i2c_interrupt_sensor_imx7d.dir/home/fdsa/freertos-colibri-imx7/platform/drivers/src/ccm_analog_imx7d.c.obj
 .debug_frame   0x00000000000000c8       0x5c CMakeFiles/i2c_interrupt_sensor_imx7d.dir/home/fdsa/freertos-colibri-imx7/platform/drivers/src/ccm_imx7d.c.obj
 .debug_frame   0x0000000000000124       0x74 CMakeFiles/i2c_interrupt_sensor_imx7d.dir/home/fdsa/freertos-colibri-imx7/platform/drivers/src/i2c_imx.c.obj
 .debug_frame   0x0000000000000198      0x1e8 CMakeFiles/i2c_interrupt_sensor_imx7d.dir/home/fdsa/freertos-colibri-imx7/platform/drivers/src/uart_imx.c.obj
 .debug_frame   0x0000000000000380      0x180 CMakeFiles/i2c_interrupt_sensor_imx7d.dir/home/fdsa/freertos-colibri-imx7/platform/utilities/src/debug_console_imx.c.obj
 .debug_frame   0x0000000000000500       0xc4 CMakeFiles/i2c_interrupt_sensor_imx7d.dir/home/fdsa/freertos-colibri-imx7/platform/utilities/src/print_scan.c.obj
 .debug_frame   0x00000000000005c4       0x60 CMakeFiles/i2c_interrupt_sensor_imx7d.dir/home/fdsa/freertos-colibri-imx7/examples/imx7_colibri_m4/board.c.obj
 .debug_frame   0x0000000000000624       0xb8 CMakeFiles/i2c_interrupt_sensor_imx7d.dir/home/fdsa/freertos-colibri-imx7/examples/imx7_colibri_m4/clock_freq.c.obj
 .debug_frame   0x00000000000006dc       0x50 CMakeFiles/i2c_interrupt_sensor_imx7d.dir/home/fdsa/freertos-colibri-imx7/examples/imx7_colibri_m4/pin_mux.c.obj
 .debug_frame   0x000000000000072c       0x2c CMakeFiles/i2c_interrupt_sensor_imx7d.dir/home/fdsa/freertos-colibri-imx7/examples/imx7_colibri_m4/driver_examples/i2c_imx/i2c_interrupt_sensor_imx7d/hardware_init.c.obj
 .debug_frame   0x0000000000000758       0xd0 CMakeFiles/i2c_interrupt_sensor_imx7d.dir/home/fdsa/freertos-colibri-imx7/examples/imx7_colibri_m4/driver_examples/i2c_imx/i2c_interrupt_sensor_imx7d/main.c.obj
 .debug_frame   0x0000000000000828       0x40 /home/fdsa/opt/gcc-arm-none-eabi-10-2020-q4-major/bin/../lib/gcc/arm-none-eabi/10.2.1/../../../../arm-none-eabi/lib/thumb/v7e-m+fp/hard/libc_nano.a(lib_a-assert.o)
 .debug_frame   0x0000000000000868       0x28 /home/fdsa/opt/gcc-arm-none-eabi-10-2020-q4-major/bin/../lib/gcc/arm-none-eabi/10.2.1/../../../../arm-none-eabi/lib/thumb/v7e-m+fp/hard/libc_nano.a(lib_a-exit.o)
 .debug_frame   0x0000000000000890       0x64 /home/fdsa/opt/gcc-arm-none-eabi-10-2020-q4-major/bin/../lib/gcc/arm-none-eabi/10.2.1/../../../../arm-none-eabi/lib/thumb/v7e-m+fp/hard/libc_nano.a(lib_a-fprintf.o)